<html>
<body>
<pre>
<h1>�Vision Build Log</h1>
<h2>Tool Versions:</h2>
IDE-Version: ��Vision V5.24.2.0
Copyright (C) 2017 ARM Ltd and ARM Germany GmbH. All rights reserved.
License Information: 1 Administrator, 1, LIC=NQQCX-H9ZNR-4SSY4-F2WVY-Z0PQB-1LNEP
 
Tool Versions:
Toolchain:       MDK-ARM Plus  Version: 5.24.1
Toolchain Path:  D:\software\keil5\ARM\ARMCC\Bin
C Compiler:      Armcc.exe V5.06 update 5 (build 528)
Assembler:       Armasm.exe V5.06 update 5 (build 528)
Linker/Locator:  ArmLink.exe V5.06 update 5 (build 528)
Library Manager: ArmAr.exe V5.06 update 5 (build 528)
Hex Converter:   FromElf.exe V5.06 update 5 (build 528)
CPU DLL:         SARMCM3.DLL V5.24.1
Dialog DLL:      DCM.DLL V1.16.0.0
Target DLL:      STLink\ST-LINKIII-KEIL_SWO.dll V3.0.1.0
Dialog DLL:      TCM.DLL V1.32.0.0
 
<h2>Project:</h2>
C:\Users\Administrator\Desktop\1.7�汾��ʱ��\Project\RVMDK��uv5��\Fire_FreeRTOS.uvprojx
Project File Date:  08/15/2019

<h2>Output:</h2>
*** Using Compiler 'V5.06 update 5 (build 528)', folder: 'D:\software\keil5\ARM\ARMCC\Bin'
Rebuild target 'F101_CMSIS_FREE_RTOS'
assembling startup_stm32f10x_hd.s...
compiling main.c...
compiling application.c...
..\..\app_user\application.c(246): warning:  #870-D: invalid multibyte character sequence
          sprintf(((char*)s_printBuffer),"%s %s%d�? \r\n %s & RTK Health=%d\r\n P=%d\r\n PIC1=%d\r\n PIC2=%d\r\n PIC3=%d\r\n PIC4=%d\r\n PIC5=%d\r\n",\
..\..\app_user\application.c(360): warning:  #870-D: invalid multibyte character sequence
  	
SDK_LOG_DEBUG("任务�?%s 发现栈溢出\r\n", pcTaskName);
..\..\app_user\application.c(368): warning:  #177-D: variable "rtkstatstop"  was declared but never referenced
  	  uint8_t j=0,rtkstatstop=0,writebit=0,exitbit=1,i = 0,flag1 = 1 ,flag2 = 0;
..\..\app_user\application.c(370): warning:  #177-D: variable "triggertimeadd"  was declared but never referenced
      uint32_t triggertimeadd=0;
..\..\app_user\application.c: 4 warnings, 0 errors
compiling stm32f10x_it.c...
compiling test_app_func.c...
compiling test_msg_push.c...
..\..\app_psdk_test\test_msg_push.c(42): warning:  #177-D: variable "s_utcSem"  was declared but never referenced
  static osSemaphoreId s_utcSem = NULL;
..\..\app_psdk_test\test_msg_push.c: 1 warning, 0 errors
compiling test_payload_cam_emu.c...
compiling test_payload_gimbal_emu.c...
compiling test_positioning.c...
..\..\app_psdk_test\test_positioning.c(85): warning:  #111-D: statement is unreachable
  			
SDK_LOG_DEBUG("PSDK_STAT_ERR1 %d\r\n");
..\..\app_psdk_test\test_positioning.c(107): warning:  #111-D: statement is unreachable
  				
SDK_LOG_DEBUG("PSDK_STAT_ERR2 %d\r\n");
..\..\app_psdk_test\test_positioning.c(116): warning:  #111-D: statement is unreachable
  				
SDK_LOG_DEBUG("PSDK_STAT_ERR3 %d\r\n");
..\..\app_psdk_test\test_positioning.c(72): warning:  #177-D: variable "i"  was declared but never referenced
  	  uint8_t i=0,a=0;
..\..\app_psdk_test\test_positioning.c(72): warning:  #550-D: variable "a"  was set but never used
  	  uint8_t i=0,a=0;
..\..\app_psdk_test\test_positioning.c(256): warning:  #188-D: enumerated type mixed with another type
  						 return 1;
..\..\app_psdk_test\test_positioning.c(180): warning:  #550-D: variable "currentLocalTime"  was set but never used
      uint32_t currentLocalTime = 0;
..\..\app_psdk_test\test_positioning.c: 7 warnings, 0 errors
compiling test_osdk_func.c...
compiling sys.c...
compiling hotshoe.c...
compiling pps.c...
compiling bsp.c...
compiling key_task.c...
compiling cam_task.c...
compiling oled_task.c...
compiling rgb_task.c...
compiling runinit_task.c...
compiling trigger_task.c...
compiling u2rece_task.c...
compiling u2send_task.c...
compiling fan_task.c...
..\..\my_task\fan_task.c(16): warning:  #177-D: variable "n"  was declared but never referenced
      uint32_t n=0;
..\..\my_task\fan_task.c(18): warning:  #177-D: variable "fanDelayFlag"  was declared but never referenced
      uint8_t fanDelayFlag=0;//0=不够3分钟 1=够了3分钟 连续开机后�?3分钟才会检测风扇会不会�? 但注意usb插入绝对�? 拍照瞬间0.1s绝对不转 (程序逻辑已经处理 有usb插入时候不会拍�?)
..\..\my_task\fan_task.c: 2 warnings, 0 errors
compiling cocoguojia_24c02.c...
compiling cocoguojia_ds18b20.c...
compiling cocoguojia_init.c...
compiling cocoguojia_oled.c...
compiling cocoguojia_rgbled.c...
compiling cocoguojia_usart_ringbuffer.c...
compiling cocoguojia_tim1pwm.c...
compiling cocoguojia_usart.c...
compiling cocoguojia_sdcard.c...
compiling psdk_upper.c...
compiling cocoguojia_sdio.c...
compiling psdk_app_func.c...
compiling psdk_msg_subcribe.c...
compiling psdk_payload_camera.c...
compiling psdk_payload_gimbal.c...
compiling psdk_osdk_func.c...
compiling psdk_positioning.c...
compiling psdk_md5.c...
compiling psdk_crc.c...
compiling psdk_aes.c...
compiling psdk_proto.c...
compiling psdk_debug.c...
compiling psdk_proto_parse.c...
compiling psdk_arch_sys.c...
compiling cmsis_os.c...
compiling croutine.c...
compiling list.c...
compiling event_groups.c...
compiling queue.c...
compiling timers.c...
compiling tasks.c...
compiling heap_4.c...
compiling port.c...
compiling system_stm32f10x.c...
compiling core_cm3.c...
compiling stm32f10x_crc.c...
compiling misc.c...
compiling stm32f10x_dma.c...
compiling stm32f10x_exti.c...
compiling stm32f10x_flash.c...
compiling stm32f10x_fsmc.c...
compiling stm32f10x_gpio.c...
compiling stm32f10x_rcc.c...
compiling stm32f10x_sdio.c...
compiling stm32f10x_usart.c...
compiling stm32f10x_tim.c...
compiling cc936.c...
compiling diskio.c...
compiling ff.c...
linking...
Program Size: Code=75866 RO-data=184894 RW-data=4828 ZI-data=57876  
FromELF: creating hex file...
After Build - User command #1: D:\software\keil5\ARM\ARMCC\bin\fromelf.exe ..\..\Output\SHARE.axf --bin --output .\SHARE.bin
"..\..\Output\SHARE.axf" - 0 Error(s), 14 Warning(s).

<h2>Software Packages used:</h2>

Package Vendor: Keil
                http://www.keil.com/pack/Keil.STM32F1xx_DFP.1.1.0.pack
                Keil.STM32F1xx_DFP.1.1.0
                STMicroelectronics STM32F1 Series Device Support, Drivers and Examples

<h2>Collection of Component include folders:</h2>
  .\RTE\_F101_CMSIS_FREE_RTOS
  D:\software\keil5\ARM\PACK\Keil\STM32F1xx_DFP\1.1.0\Device\Include

<h2>Collection of Component Files used:</h2>
Build Time Elapsed:  00:00:52
</pre>
</body>
</html>
