<html>
<body>
<pre>
<h1>礦ision Build Log</h1>
<h2>Tool Versions:</h2>
IDE-Version: μVision V5.24.2.0
Copyright (C) 2017 ARM Ltd and ARM Germany GmbH. All rights reserved.
License Information: 1 Administrator, 1, LIC=NQQCX-H9ZNR-4SSY4-F2WVY-Z0PQB-1LNEP
 
Tool Versions:
Toolchain:       MDK-ARM Plus  Version: 5.24.1
Toolchain Path:  D:\software\keil5\ARM\ARMCC\Bin
C Compiler:      Armcc.exe V5.06 update 5 (build 528)
Assembler:       Armasm.exe V5.06 update 5 (build 528)
Linker/Locator:  ArmLink.exe V5.06 update 5 (build 528)
Library Manager: ArmAr.exe V5.06 update 5 (build 528)
Hex Converter:   FromElf.exe V5.06 update 5 (build 528)
CPU DLL:         SARMCM3.DLL V5.24.1
Dialog DLL:      DCM.DLL V1.16.0.0
Target DLL:      STLink\ST-LINKIII-KEIL_SWO.dll V3.0.1.0
Dialog DLL:      TCM.DLL V1.32.0.0
 
<h2>Project:</h2>
D:\github\demo\1.7版本加时间相对高度 自动更新RTK状态值\Project\RVMDK（uv5）\Fire_FreeRTOS.uvprojx
Project File Date:  08/29/2019

<h2>Output:</h2>
*** Using Compiler 'V5.06 update 5 (build 528)', folder: 'D:\software\keil5\ARM\ARMCC\Bin'
Build target 'F101_CMSIS_FREE_RTOS'
compiling pps.c...
compiling hotshoe.c...
compiling application.c...
..\..\app_user\application.c(246): warning:  #870-D: invalid multibyte character sequence
          sprintf(((char*)s_printBuffer),"%s %s%d鈩? \r\n %s & RTK Health=%d\r\n P=%d\r\n PIC1=%d\r\n PIC2=%d\r\n PIC3=%d\r\n PIC4=%d\r\n PIC5=%d\r\n",\
..\..\app_user\application.c(360): warning:  #870-D: invalid multibyte character sequence
  	
SDK_LOG_DEBUG("浠诲姟锛?%s 鍙戠幇鏍堟孩鍑篭r\n", pcTaskName);
..\..\app_user\application.c(368): warning:  #177-D: variable "j"  was declared but never referenced
  	  uint8_t j=0,rtkstatstop=0,writebit=0,exitbit=1,i = 0,flag1 = 1 ,flag2 = 0;
..\..\app_user\application.c(368): warning:  #177-D: variable "rtkstatstop"  was declared but never referenced
  	  uint8_t j=0,rtkstatstop=0,writebit=0,exitbit=1,i = 0,flag1 = 1 ,flag2 = 0;
..\..\app_user\application.c(368): warning:  #177-D: variable "writebit"  was declared but never referenced
  	  uint8_t j=0,rtkstatstop=0,writebit=0,exitbit=1,i = 0,flag1 = 1 ,flag2 = 0;
..\..\app_user\application.c(368): warning:  #550-D: variable "exitbit"  was set but never used
  	  uint8_t j=0,rtkstatstop=0,writebit=0,exitbit=1,i = 0,flag1 = 1 ,flag2 = 0;
..\..\app_user\application.c(368): warning:  #177-D: variable "i"  was declared but never referenced
  	  uint8_t j=0,rtkstatstop=0,writebit=0,exitbit=1,i = 0,flag1 = 1 ,flag2 = 0;
..\..\app_user\application.c(369): warning:  #177-D: variable "g_gps001TableTemp"  was declared but never referenced
  	  uint8_t *g_gps001TableTemp;
..\..\app_user\application.c(370): warning:  #177-D: variable "triggertimeadd"  was declared but never referenced
      uint32_t triggertimeadd=0;
..\..\app_user\application.c(371): warning:  #550-D: variable "Relative_hight"  was set but never used
  	  psdk_f64_t Relative_hight = 0;
..\..\app_user\application.c: 10 warnings, 0 errors
compiling key_task.c...
compiling cam_task.c...
linking...
Program Size: Code=63006 RO-data=8250 RW-data=4444 ZI-data=48692  
FromELF: creating hex file...
After Build - User command #1: D:\software\keil5\ARM\ARMCC\bin\fromelf.exe ..\..\Output\SHARE.axf --bin --output .\SHARE.bin
"..\..\Output\SHARE.axf" - 0 Error(s), 10 Warning(s).

<h2>Software Packages used:</h2>

Package Vendor: Keil
                http://www.keil.com/pack/Keil.STM32F1xx_DFP.1.1.0.pack
                Keil.STM32F1xx_DFP.1.1.0
                STMicroelectronics STM32F1 Series Device Support, Drivers and Examples

<h2>Collection of Component include folders:</h2>
  .\RTE\_F101_CMSIS_FREE_RTOS
  D:\software\keil5\ARM\PACK\Keil\STM32F1xx_DFP\1.1.0\Device\Include

<h2>Collection of Component Files used:</h2>
Build Time Elapsed:  00:00:08
</pre>
</body>
</html>
