Component: ARM Compiler 5.06 update 5 (build 528) Tool: armlink [4d35e2]

==============================================================================

Section Cross References

    startup_stm32f10x_hd.o(RESET) refers to startup_stm32f10x_hd.o(STACK) for __initial_sp
    startup_stm32f10x_hd.o(RESET) refers to startup_stm32f10x_hd.o(.text) for Reset_Handler
    startup_stm32f10x_hd.o(RESET) refers to stm32f10x_it.o(.text) for NMI_Handler
    startup_stm32f10x_hd.o(RESET) refers to port.o(.emb_text) for SVC_Handler
    startup_stm32f10x_hd.o(RESET) refers to hotshoe.o(.text) for EXTI1_IRQHandler
    startup_stm32f10x_hd.o(RESET) refers to cocoguojia_usart.o(.text) for USART1_IRQHandler
    startup_stm32f10x_hd.o(RESET) refers to cocoguojia_time5catch.o(.text) for TIM5_IRQHandler
    startup_stm32f10x_hd.o(.text) refers to system_stm32f10x.o(.text) for SystemInit
    startup_stm32f10x_hd.o(.text) refers to entry.o(.ARM.Collect$$$$00000000) for __main
    system_stm32f10x.o(.text) refers to system_stm32f10x.o(.data) for .data
    stm32f10x_adc.o(.text) refers to stm32f10x_rcc.o(.text) for RCC_APB2PeriphResetCmd
    stm32f10x_bkp.o(.text) refers to stm32f10x_rcc.o(.text) for RCC_BackupResetCmd
    stm32f10x_can.o(.text) refers to stm32f10x_rcc.o(.text) for RCC_APB1PeriphResetCmd
    stm32f10x_cec.o(.text) refers to stm32f10x_rcc.o(.text) for RCC_APB1PeriphResetCmd
    stm32f10x_dac.o(.text) refers to stm32f10x_rcc.o(.text) for RCC_APB1PeriphResetCmd
    stm32f10x_gpio.o(.text) refers to stm32f10x_rcc.o(.text) for RCC_APB2PeriphResetCmd
    stm32f10x_i2c.o(.text) refers to stm32f10x_rcc.o(.text) for RCC_APB1PeriphResetCmd
    stm32f10x_pwr.o(.text) refers to stm32f10x_rcc.o(.text) for RCC_APB1PeriphResetCmd
    stm32f10x_rcc.o(.text) refers to stm32f10x_rcc.o(.data) for .data
    stm32f10x_spi.o(.text) refers to stm32f10x_rcc.o(.text) for RCC_APB2PeriphResetCmd
    stm32f10x_tim.o(.text) refers to stm32f10x_rcc.o(.text) for RCC_APB1PeriphResetCmd
    stm32f10x_usart.o(.text) refers to stm32f10x_rcc.o(.text) for RCC_APB2PeriphResetCmd
    stm32f10x_wwdg.o(.text) refers to stm32f10x_rcc.o(.text) for RCC_APB1PeriphResetCmd
    main.o(.text) refers to port.o(.text) for vPortEnterCritical
    main.o(.text) refers to event_groups.o(.text) for xEventGroupCreate
    main.o(.text) refers to queue.o(.text) for xQueueGenericCreate
    main.o(.text) refers to tasks.o(.text) for xTaskCreate
    main.o(.text) refers to printf3.o(i.__0printf$3) for __2printf
    main.o(.text) refers to bsp.o(.text) for BSP_Init
    main.o(.text) refers to main.o(.data) for .data
    main.o(.text) refers to oled_task.o(.data) for OLED_TASK_Handle
    main.o(.text) refers to oled_task.o(.text) for OLED_TASK
    main.o(.text) refers to key_task.o(.data) for KEY_TASK_Handle
    main.o(.text) refers to key_task.o(.text) for KEY_TASK
    main.o(.text) refers to cam_task.o(.data) for CAM_TASK_Handle
    main.o(.text) refers to cam_task.o(.text) for CAM_TASK
    main.o(.text) refers to rgb_task.o(.data) for RGB_TASK_Handle
    main.o(.text) refers to rgb_task.o(.text) for RGB_TASK
    main.o(.text) refers to runinit_task.o(.data) for RUNINIT_TASK_Handle
    main.o(.text) refers to runinit_task.o(.text) for RUNINIT_TASK
    main.o(.text) refers to cam_status_task.o(.data) for Cam_status_update_TASK_Handle
    main.o(.text) refers to cam_status_task.o(.text) for Cam_status_update_TASK
    main.o(.text) refers to trigger_task.o(.data) for TRIGGER_TASK_Handle
    main.o(.text) refers to trigger_task.o(.text) for TRIGGER_TASK
    main.o(.text) refers to temp_task.o(.data) for TEMP_TASK_Handle
    main.o(.text) refers to temp_task.o(.text) for TEMP_TASK
    stm32f10x_it.o(.text) refers to tasks.o(.text) for xTaskGetSchedulerState
    stm32f10x_it.o(.text) refers to port.o(.text) for xPortSysTickHandler
    bsp.o(.text) refers to stm32f10x_rcc.o(.text) for RCC_APB2PeriphClockCmd
    bsp.o(.text) refers to cocoguojia_tim1pwm.o(.text) for cocoguojia_tim1Disable
    bsp.o(.text) refers to stm32f10x_gpio.o(.text) for GPIO_Init
    bsp.o(.text) refers to cocoguojia_init.o(.text) for cocoguojia_libInit
    hotshoe.o(.text) refers to stm32f10x_rcc.o(.text) for RCC_APB2PeriphClockCmd
    hotshoe.o(.text) refers to stm32f10x_gpio.o(.text) for GPIO_Init
    hotshoe.o(.text) refers to stm32f10x_exti.o(.text) for EXTI_Init
    hotshoe.o(.text) refers to misc.o(.text) for NVIC_Init
    hotshoe.o(.text) refers to cam_status_task.o(.data) for g_camHotShotTable
    hotshoe.o(.text) refers to cam_status_task.o(.bss) for g_photoPicNum
    cam_task.o(.text) refers to tasks.o(.text) for vTaskDelay
    cam_task.o(.text) refers to cocoguojia_tim1pwm.o(.text) for cocoguojia_tim1Enable
    cam_task.o(.text) refers to event_groups.o(.text) for xEventGroupWaitBits
    cam_task.o(.text) refers to cam_status_task.o(.data) for g_camTaskCanTakeOverFlag
    cam_task.o(.text) refers to cam_status_task.o(.data) for g_camPowerFlagTable
[...]
    ..\..\Libraries\FWlib\src\stm32f10x_crc.c 0x00000000   Number         0  stm32f10x_crc.o ABSOLUTE
    ..\..\Libraries\FWlib\src\stm32f10x_dac.c 0x00000000   Number         0  stm32f10x_dac.o ABSOLUTE
    ..\..\Libraries\FWlib\src\stm32f10x_dbgmcu.c 0x00000000   Number         0  stm32f10x_dbgmcu.o ABSOLUTE
    ..\..\Libraries\FWlib\src\stm32f10x_dma.c 0x00000000   Number         0  stm32f10x_dma.o ABSOLUTE
    ..\..\Libraries\FWlib\src\stm32f10x_exti.c 0x00000000   Number         0  stm32f10x_exti.o ABSOLUTE
    ..\..\Libraries\FWlib\src\stm32f10x_flash.c 0x00000000   Number         0  stm32f10x_flash.o ABSOLUTE
    ..\..\Libraries\FWlib\src\stm32f10x_fsmc.c 0x00000000   Number         0  stm32f10x_fsmc.o ABSOLUTE
    ..\..\Libraries\FWlib\src\stm32f10x_gpio.c 0x00000000   Number         0  stm32f10x_gpio.o ABSOLUTE
    ..\..\Libraries\FWlib\src\stm32f10x_i2c.c 0x00000000   Number         0  stm32f10x_i2c.o ABSOLUTE
    ..\..\Libraries\FWlib\src\stm32f10x_iwdg.c 0x00000000   Number         0  stm32f10x_iwdg.o ABSOLUTE
    ..\..\Libraries\FWlib\src\stm32f10x_pwr.c 0x00000000   Number         0  stm32f10x_pwr.o ABSOLUTE
    ..\..\Libraries\FWlib\src\stm32f10x_rcc.c 0x00000000   Number         0  stm32f10x_rcc.o ABSOLUTE
    ..\..\Libraries\FWlib\src\stm32f10x_rtc.c 0x00000000   Number         0  stm32f10x_rtc.o ABSOLUTE
    ..\..\Libraries\FWlib\src\stm32f10x_sdio.c 0x00000000   Number         0  stm32f10x_sdio.o ABSOLUTE
    ..\..\Libraries\FWlib\src\stm32f10x_spi.c 0x00000000   Number         0  stm32f10x_spi.o ABSOLUTE
    ..\..\Libraries\FWlib\src\stm32f10x_tim.c 0x00000000   Number         0  stm32f10x_tim.o ABSOLUTE
    ..\..\Libraries\FWlib\src\stm32f10x_usart.c 0x00000000   Number         0  stm32f10x_usart.o ABSOLUTE
    ..\..\Libraries\FWlib\src\stm32f10x_wwdg.c 0x00000000   Number         0  stm32f10x_wwdg.o ABSOLUTE
    ..\..\MYBSP\bsp.c                        0x00000000   Number         0  bsp.o ABSOLUTE
    ..\..\MYBSP\hotshoe.c                    0x00000000   Number         0  hotshoe.o ABSOLUTE
    ..\..\MYTASK\Cam_status_task.c           0x00000000   Number         0  cam_status_task.o ABSOLUTE
    ..\..\MYTASK\cam_task.c                  0x00000000   Number         0  cam_task.o ABSOLUTE
    ..\..\MYTASK\key_task.c                  0x00000000   Number         0  key_task.o ABSOLUTE
    ..\..\MYTASK\oled_task.c                 0x00000000   Number         0  oled_task.o ABSOLUTE
    ..\..\MYTASK\rgb_task.c                  0x00000000   Number         0  rgb_task.o ABSOLUTE
    ..\..\MYTASK\runinit_task.c              0x00000000   Number         0  runinit_task.o ABSOLUTE
    ..\..\MYTASK\temp_task.c                 0x00000000   Number         0  temp_task.o ABSOLUTE
    ..\..\MYTASK\trigger_task.c              0x00000000   Number         0  trigger_task.o ABSOLUTE
    ..\..\User\main.c                        0x00000000   Number         0  main.o ABSOLUTE
    ..\..\User\stm32f10x_it.c                0x00000000   Number         0  stm32f10x_it.o ABSOLUTE
    ..\\..\\FreeRTOS\\port\\RVDS\\ARM_CM3\\port.c 0x00000000   Number         0  port.o ABSOLUTE
    ..\\..\\Libraries\\CMSIS\\core_cm3.c     0x00000000   Number         0  core_cm3.o ABSOLUTE
    cdrcmple.s                               0x00000000   Number         0  cdrcmple.o ABSOLUTE
    dc.s                                     0x00000000   Number         0  dc.o ABSOLUTE
    handlers.s                               0x00000000   Number         0  handlers.o ABSOLUTE
    init.s                                   0x00000000   Number         0  init.o ABSOLUTE
    RESET                                    0x08000000   Section      304  startup_stm32f10x_hd.o(RESET)
    .ARM.Collect$$$$00000000                 0x08000130   Section        0  entry.o(.ARM.Collect$$$$00000000)
    .ARM.Collect$$$$00000001                 0x08000130   Section        4  entry2.o(.ARM.Collect$$$$00000001)
    .ARM.Collect$$$$00000004                 0x08000134   Section        4  entry5.o(.ARM.Collect$$$$00000004)
    .ARM.Collect$$$$00000008                 0x08000138   Section        0  entry7b.o(.ARM.Collect$$$$00000008)
    .ARM.Collect$$$$0000000A                 0x08000138   Section        0  entry8b.o(.ARM.Collect$$$$0000000A)
    .ARM.Collect$$$$0000000B                 0x08000138   Section        8  entry9a.o(.ARM.Collect$$$$0000000B)
    .ARM.Collect$$$$0000000D                 0x08000140   Section        0  entry10a.o(.ARM.Collect$$$$0000000D)
    .ARM.Collect$$$$0000000F                 0x08000140   Section        0  entry11a.o(.ARM.Collect$$$$0000000F)
    .ARM.Collect$$$$00002712                 0x08000140   Section        4  entry2.o(.ARM.Collect$$$$00002712)
    __lit__00000000                          0x08000140   Data           4  entry2.o(.ARM.Collect$$$$00002712)
    .emb_text                                0x08000144   Section      150  port.o(.emb_text)
    .text                                    0x080001dc   Section       36  startup_stm32f10x_hd.o(.text)
    .text                                    0x08000200   Section        0  system_stm32f10x.o(.text)
    SetSysClockTo72                          0x08000201   Thumb Code   160  system_stm32f10x.o(.text)
    .text                                    0x08000358   Section        0  misc.o(.text)
    .text                                    0x08000408   Section        0  stm32f10x_exti.o(.text)
    .text                                    0x080004f0   Section        0  stm32f10x_gpio.o(.text)
    .text                                    0x08000754   Section        0  stm32f10x_rcc.o(.text)
    .text                                    0x08000a0c   Section        0  stm32f10x_tim.o(.text)
    TI2_Config                               0x08000d9f   Thumb Code   166  stm32f10x_tim.o(.text)
    TI1_Config                               0x08000e55   Thumb Code    88  stm32f10x_tim.o(.text)
    .text                                    0x080014fc   Section        0  stm32f10x_usart.o(.text)
    .text                                    0x08001824   Section        0  main.o(.text)
    APP_TASKCREATE                           0x08001825   Thumb Code   284  main.o(.text)
    .text                                    0x08001b20   Section        0  stm32f10x_it.o(.text)
    .text                                    0x08001b40   Section        0  bsp.o(.text)
    .text                                    0x08001c24   Section        0  hotshoe.o(.text)
    .text                                    0x08001d50   Section        0  cam_task.o(.text)
    .text                                    0x08002108   Section        0  key_task.o(.text)
    .text                                    0x080021f8   Section        0  oled_task.o(.text)
    .text                                    0x08002364   Section        0  rgb_task.o(.text)
    .text                                    0x0800250c   Section        0  runinit_task.o(.text)
    ReadEepromAndShowResultAndSetDoWhit      0x0800250d   Thumb Code   724  runinit_task.o(.text)
    PowerUpAndShowLogo                       0x08002839   Thumb Code   146  runinit_task.o(.text)
    .text                                    0x080028fc   Section        0  trigger_task.o(.text)
    .text                                    0x08002b40   Section        0  cam_status_task.o(.text)
    .text                                    0x08002ba8   Section        0  temp_task.o(.text)
    .text                                    0x08002bc8   Section        0  cocoguojia_init.o(.text)
    .text                                    0x08002c44   Section        0  cocoguojia_24c02.o(.text)
    i2c_Delay                                0x08002f3d   Thumb Code    12  cocoguojia_24c02.o(.text)
    .text                                    0x08002f54   Section        0  cocoguojia_oled.o(.text)
    OLED_ShowCharFanBai                      0x08003f01   Thumb Code    98  cocoguojia_oled.o(.text)
    delay_oled                               0x08003f63   Thumb Code     8  cocoguojia_oled.o(.text)
    .text                                    0x08003f80   Section        0  cocoguojia_rgbled.o(.text)
    .text                                    0x08003fc4   Section        0  cocoguojia_tim1pwm.o(.text)
    .text                                    0x0800408c   Section        0  cocoguojia_time5catch.o(.text)
    .text                                    0x08004360   Section        0  cocoguojia_ds18b20.o(.text)
    delay_us1                                0x08004361   Thumb Code   128  cocoguojia_ds18b20.o(.text)
    DS18B20_Check                            0x080043e1   Thumb Code    86  cocoguojia_ds18b20.o(.text)
    delay_us                                 0x08004437   Thumb Code   140  cocoguojia_ds18b20.o(.text)
    DS18B20_Rst                              0x080044c3   Thumb Code    48  cocoguojia_ds18b20.o(.text)
    DS18B20_Write_Byte                       0x08004529   Thumb Code    96  cocoguojia_ds18b20.o(.text)
    delay_us750                              0x08004603   Thumb Code   142  cocoguojia_ds18b20.o(.text)
    DS18B20_Read_Byte                        0x08004691   Thumb Code    30  cocoguojia_ds18b20.o(.text)
    DS18B20_Read_Bit                         0x080046af   Thumb Code    88  cocoguojia_ds18b20.o(.text)
    .text                                    0x08004714   Section        0  cocoguojia_usart.o(.text)
    .text                                    0x08004cdc   Section        0  event_groups.o(.text)
    prvTestWaitCondition                     0x08004fb5   Thumb Code    20  event_groups.o(.text)
    .text                                    0x08005000   Section        0  list.o(.text)
    .text                                    0x08005088   Section        0  queue.o(.text)
    prvCopyDataToQueue                       0x08005151   Thumb Code    90  queue.o(.text)
    prvNotifyQueueSetContainer               0x080051ab   Thumb Code   108  queue.o(.text)
    prvUnlockQueue                           0x08005217   Thumb Code   120  queue.o(.text)
    prvCopyDataFromQueue                     0x08005587   Thumb Code    38  queue.o(.text)
    prvIsQueueEmpty                          0x080059a7   Thumb Code    26  queue.o(.text)
    .text                                    0x080059c8   Section        0  tasks.o(.text)
    prvAddNewTaskToReadyList                 0x080059c9   Thumb Code   190  tasks.o(.text)
    prvAddCurrentTaskToDelayedList           0x08005ce7   Thumb Code   102  tasks.o(.text)
    prvTaskIsTaskSuspended                   0x08006093   Thumb Code    48  tasks.o(.text)
    prvIdleTask                              0x080061b5   Thumb Code     6  tasks.o(.text)
    prvInitialiseNewTask                     0x08006805   Thumb Code   136  tasks.o(.text)
    prvResetNextTaskUnblockTime              0x0800688d   Thumb Code    26  tasks.o(.text)
    prvDeleteTCB                             0x080068a7   Thumb Code    20  tasks.o(.text)
    prvCheckTasksWaitingTermination          0x080068bb   Thumb Code    76  tasks.o(.text)
    .text                                    0x08006940   Section        0  heap_4.o(.text)
    prvInsertBlockIntoFreeList               0x08006941   Thumb Code    72  heap_4.o(.text)
    prvHeapInit                              0x08006ad1   Thumb Code    66  heap_4.o(.text)
    .text                                    0x08006b54   Section        0  port.o(.text)
    prvTaskExitError                         0x08006b55   Thumb Code    34  port.o(.text)
    .text                                    0x08006d48   Section        0  memcpya.o(.text)
    .text                                    0x08006d6c   Section        0  dmul.o(.text)
    .text                                    0x08006e50   Section        0  dfltui.o(.text)
    .text                                    0x08006e6a   Section        0  dfixui.o(.text)
    .text                                    0x08006e9c   Section        0  uidiv.o(.text)
    .text                                    0x08006ec8   Section        0  llushr.o(.text)
    .text                                    0x08006ee8   Section        0  iusefp.o(.text)
    .text                                    0x08006ee8   Section        0  depilogue.o(.text)
    .text                                    0x08006fa4   Section       36  init.o(.text)
    .text                                    0x08006fc8   Section        0  llshl.o(.text)
    .text                                    0x08006fe6   Section        0  __dczerorl2.o(.text)
    i.__0printf$3                            0x0800703c   Section        0  printf3.o(i.__0printf$3)
    i.__scatterload_copy                     0x0800705c   Section       14  handlers.o(i.__scatterload_copy)
    i.__scatterload_null                     0x0800706a   Section        2  handlers.o(i.__scatterload_null)
    i.__scatterload_zeroinit                 0x0800706c   Section       14  handlers.o(i.__scatterload_zeroinit)
    i._printf_core                           0x0800707c   Section        0  printf3.o(i._printf_core)
    _printf_core                             0x0800707d   Thumb Code   436  printf3.o(i._printf_core)
    .constdata                               0x08007234   Section     1520  cocoguojia_oled.o(.constdata)
    .data                                    0x20000000   Section       20  system_stm32f10x.o(.data)
    .data                                    0x20000014   Section       20  stm32f10x_rcc.o(.data)
    ADCPrescTable                            0x20000014   Data           4  stm32f10x_rcc.o(.data)
    APBAHBPrescTable                         0x20000018   Data          16  stm32f10x_rcc.o(.data)
    .data                                    0x20000028   Section       12  main.o(.data)
    APP_TASKCREATE_Handle                    0x20000028   Data           4  main.o(.data)
    .data                                    0x20000034   Section        4  cam_task.o(.data)
    .data                                    0x20000038   Section        4  key_task.o(.data)
    .data                                    0x2000003c   Section        4  oled_task.o(.data)
    .data                                    0x20000040   Section        4  rgb_task.o(.data)
    .data                                    0x20000044   Section        4  runinit_task.o(.data)
    .data                                    0x20000048   Section        4  trigger_task.o(.data)
    .data                                    0x2000004c   Section        4  cam_status_task.o(.data)
    .data                                    0x20000050   Section        1  cam_status_task.o(.data)
    .data                                    0x20000054   Section        4  cam_status_task.o(.data)
    .data                                    0x20000058   Section        2  cam_status_task.o(.data)
    .data                                    0x2000005a   Section        2  cam_status_task.o(.data)
    .data                                    0x2000005c   Section        2  cam_status_task.o(.data)
    .data                                    0x2000005e   Section        1  cam_status_task.o(.data)
    .data                                    0x2000005f   Section        6  cam_status_task.o(.data)
    .data                                    0x20000065   Section        1  cam_status_task.o(.data)
    .data                                    0x20000066   Section        1  cam_status_task.o(.data)
    .data                                    0x20000067   Section        1  cam_status_task.o(.data)
    .data                                    0x20000068   Section        2  cam_status_task.o(.data)
    .data                                    0x2000006a   Section        2  cam_status_task.o(.data)
    .data                                    0x2000006c   Section        1  cam_status_task.o(.data)
    .data                                    0x2000006d   Section        1  cam_status_task.o(.data)
    .data                                    0x20000070   Section        4  cam_status_task.o(.data)
    .data                                    0x20000074   Section        6  cam_status_task.o(.data)
    .data                                    0x2000007a   Section        6  cam_status_task.o(.data)
    .data                                    0x20000080   Section        6  cam_status_task.o(.data)
    .data                                    0x20000086   Section        2  temp_task.o(.data)
    .data                                    0x20000088   Section        4  temp_task.o(.data)
    .data                                    0x2000008c   Section        8  cocoguojia_24c02.o(.data)
    .data                                    0x20000094   Section     2693  cocoguojia_oled.o(.data)
    i                                        0x20000094   Data           1  cocoguojia_oled.o(.data)
    i                                        0x20000095   Data           1  cocoguojia_oled.o(.data)
    i                                        0x20000096   Data           1  cocoguojia_oled.o(.data)
    k                                        0x20000097   Data           1  cocoguojia_oled.o(.data)
    i                                        0x20000098   Data           1  cocoguojia_oled.o(.data)
    .data                                    0x20000b1a   Section        8  cocoguojia_time5catch.o(.data)
    update_num                               0x20000b1a   Data           1  cocoguojia_time5catch.o(.data)
    lastGetNum                               0x20000b1b   Data           1  cocoguojia_time5catch.o(.data)
    orderNumFlag                             0x20000b1c   Data           1  cocoguojia_time5catch.o(.data)
    rising_edge_num                          0x20000b1e   Data           2  cocoguojia_time5catch.o(.data)
    falling_edge_num                         0x20000b20   Data           2  cocoguojia_time5catch.o(.data)
    .data                                    0x20000b24   Section       24  cocoguojia_usart.o(.data)
    .data                                    0x20000b3c   Section       60  tasks.o(.data)
    uxDeletedTasksWaitingCleanUp             0x20000b40   Data           4  tasks.o(.data)
    uxCurrentNumberOfTasks                   0x20000b44   Data           4  tasks.o(.data)
    xTickCount                               0x20000b48   Data           4  tasks.o(.data)
    uxTopReadyPriority                       0x20000b4c   Data           4  tasks.o(.data)
    xSchedulerRunning                        0x20000b50   Data           4  tasks.o(.data)
    uxPendedTicks                            0x20000b54   Data           4  tasks.o(.data)
    xYieldPending                            0x20000b58   Data           4  tasks.o(.data)
    xNumOfOverflows                          0x20000b5c   Data           4  tasks.o(.data)
    uxTaskNumber                             0x20000b60   Data           4  tasks.o(.data)
    xNextTaskUnblockTime                     0x20000b64   Data           4  tasks.o(.data)
    xIdleTaskHandle                          0x20000b68   Data           4  tasks.o(.data)
    uxSchedulerSuspended                     0x20000b6c   Data           4  tasks.o(.data)
    pxDelayedTaskList                        0x20000b70   Data           4  tasks.o(.data)
    pxOverflowDelayedTaskList                0x20000b74   Data           4  tasks.o(.data)
    .data                                    0x20000b78   Section       24  heap_4.o(.data)
    pxEnd                                    0x20000b78   Data           4  heap_4.o(.data)
    xFreeBytesRemaining                      0x20000b7c   Data           4  heap_4.o(.data)
    xMinimumEverFreeBytesRemaining           0x20000b80   Data           4  heap_4.o(.data)
    xBlockAllocatedBit                       0x20000b84   Data           4  heap_4.o(.data)
    xStart                                   0x20000b88   Data           8  heap_4.o(.data)
    .data                                    0x20000b90   Section       12  port.o(.data)
    ucMaxSysCallPriority                     0x20000b90   Data           1  port.o(.data)
    uxCriticalNesting                        0x20000b94   Data           4  port.o(.data)
    ulMaxPRIGROUPValue                       0x20000b98   Data           4  port.o(.data)
    .data                                    0x20000b9c   Section        4  stdout.o(.data)
    .bss                                     0x20000ba0   Section       12  cam_status_task.o(.bss)
    .bss                                     0x20000bac   Section      456  cocoguojia_usart.o(.bss)
    .bss                                     0x20000d74   Section       80  queue.o(.bss)
    .bss                                     0x20000dc4   Section      420  tasks.o(.bss)
    pxReadyTasksLists                        0x20000dc4   Data         320  tasks.o(.bss)
    xDelayedTaskList1                        0x20000f04   Data          20  tasks.o(.bss)
    xDelayedTaskList2                        0x20000f18   Data          20  tasks.o(.bss)
    xPendingReadyList                        0x20000f2c   Data          20  tasks.o(.bss)
    xTasksWaitingTermination                 0x20000f40   Data          20  tasks.o(.bss)
    xSuspendedTaskList                       0x20000f54   Data          20  tasks.o(.bss)
    .bss                                     0x20000f68   Section    36864  heap_4.o(.bss)
    ucHeap                                   0x20000f68   Data       36864  heap_4.o(.bss)
    STACK                                    0x20009f68   Section     1024  startup_stm32f10x_hd.o(STACK)

    Global Symbols

    Symbol Name                              Value     Ov Type        Size  Object(Section)

    BuildAttributes$$THM_ISAv4$P$D$K$B$S$PE$A:L22UL41UL21$X:L11$S22US41US21$IEEE1$IW$USESV6$~STKCKD$USESV7$~SHL$OSPACE$ROPI$EBA8$MICROLIB$REQ8$PRES8$EABIv2 0x00000000   Number         0  anon$$obj.o ABSOLUTE
    __ARM_use_no_argv                        0x00000000   Number         0  main.o ABSOLUTE
    _printf_a                                0x00000000   Number         0  stubs.o ABSOLUTE
    _printf_c                                0x00000000   Number         0  stubs.o ABSOLUTE
    _printf_charcount                        0x00000000   Number         0  stubs.o ABSOLUTE
    _printf_d                                0x00000000   Number         0  stubs.o ABSOLUTE
    _printf_e                                0x00000000   Number         0  stubs.o ABSOLUTE
    _printf_f                                0x00000000   Number         0  stubs.o ABSOLUTE
    _printf_flags                            0x00000000   Number         0  stubs.o ABSOLUTE
    _printf_fp_dec                           0x00000000   Number         0  stubs.o ABSOLUTE
    _printf_fp_hex                           0x00000000   Number         0  stubs.o ABSOLUTE
    _printf_g                                0x00000000   Number         0  stubs.o ABSOLUTE
    _printf_i                                0x00000000   Number         0  stubs.o ABSOLUTE
    _printf_int_dec                          0x00000000   Number         0  stubs.o ABSOLUTE
    _printf_l                                0x00000000   Number         0  stubs.o ABSOLUTE
    _printf_lc                               0x00000000   Number         0  stubs.o ABSOLUTE
    _printf_ll                               0x00000000   Number         0  stubs.o ABSOLUTE
    _printf_lld                              0x00000000   Number         0  stubs.o ABSOLUTE
    _printf_lli                              0x00000000   Number         0  stubs.o ABSOLUTE
    _printf_llo                              0x00000000   Number         0  stubs.o ABSOLUTE
    _printf_llu                              0x00000000   Number         0  stubs.o ABSOLUTE
    _printf_llx                              0x00000000   Number         0  stubs.o ABSOLUTE
    _printf_longlong_dec                     0x00000000   Number         0  stubs.o ABSOLUTE
    _printf_longlong_hex                     0x00000000   Number         0  stubs.o ABSOLUTE
    _printf_longlong_oct                     0x00000000   Number         0  stubs.o ABSOLUTE
    _printf_ls                               0x00000000   Number         0  stubs.o ABSOLUTE
    _printf_mbtowc                           0x00000000   Number         0  stubs.o ABSOLUTE
    _printf_n                                0x00000000   Number         0  stubs.o ABSOLUTE
    _printf_o                                0x00000000   Number         0  stubs.o ABSOLUTE
    _printf_p                                0x00000000   Number         0  stubs.o ABSOLUTE
    _printf_percent                          0x00000000   Number         0  stubs.o ABSOLUTE
    _printf_pre_padding                      0x00000000   Number         0  stubs.o ABSOLUTE
    _printf_return_value                     0x00000000   Number         0  stubs.o ABSOLUTE
    _printf_s                                0x00000000   Number         0  stubs.o ABSOLUTE
    _printf_sizespec                         0x00000000   Number         0  stubs.o ABSOLUTE
    _printf_str                              0x00000000   Number         0  stubs.o ABSOLUTE
    _printf_truncate_signed                  0x00000000   Number         0  stubs.o ABSOLUTE
    _printf_truncate_unsigned                0x00000000   Number         0  stubs.o ABSOLUTE
    _printf_u                                0x00000000   Number         0  stubs.o ABSOLUTE
    _printf_wc                               0x00000000   Number         0  stubs.o ABSOLUTE
    _printf_wctomb                           0x00000000   Number         0  stubs.o ABSOLUTE
    _printf_widthprec                        0x00000000   Number         0  stubs.o ABSOLUTE
    _printf_x                                0x00000000   Number         0  stubs.o ABSOLUTE
    __cpp_initialize__aeabi_                  - Undefined Weak Reference
    __cxa_finalize                            - Undefined Weak Reference
    _clock_init                               - Undefined Weak Reference
    _microlib_exit                            - Undefined Weak Reference
    __Vectors_Size                           0x00000130   Number         0  startup_stm32f10x_hd.o ABSOLUTE
    __Vectors                                0x08000000   Data           4  startup_stm32f10x_hd.o(RESET)
    __Vectors_End                            0x08000130   Data           0  startup_stm32f10x_hd.o(RESET)
    __main                                   0x08000131   Thumb Code     0  entry.o(.ARM.Collect$$$$00000000)
    _main_stk                                0x08000131   Thumb Code     0  entry2.o(.ARM.Collect$$$$00000001)
    _main_scatterload                        0x08000135   Thumb Code     0  entry5.o(.ARM.Collect$$$$00000004)
    __main_after_scatterload                 0x08000139   Thumb Code     0  entry5.o(.ARM.Collect$$$$00000004)
    _main_clock                              0x08000139   Thumb Code     0  entry7b.o(.ARM.Collect$$$$00000008)
    _main_cpp_init                           0x08000139   Thumb Code     0  entry8b.o(.ARM.Collect$$$$0000000A)
    _main_init                               0x08000139   Thumb Code     0  entry9a.o(.ARM.Collect$$$$0000000B)
    __rt_final_cpp                           0x08000141   Thumb Code     0  entry10a.o(.ARM.Collect$$$$0000000D)
    __rt_final_exit                          0x08000141   Thumb Code     0  entry11a.o(.ARM.Collect$$$$0000000F)
    SVC_Handler                              0x08000145   Thumb Code    32  port.o(.emb_text)
    __asm___6_port_c_39a90d8d__prvStartFirstTask 0x08000169   Thumb Code    28  port.o(.emb_text)
    PendSV_Handler                           0x08000189   Thumb Code    72  port.o(.emb_text)
    vPortGetIPSR                             0x080001d5   Thumb Code     6  port.o(.emb_text)
    Reset_Handler                            0x080001dd   Thumb Code     8  startup_stm32f10x_hd.o(.text)
    ADC1_2_IRQHandler                        0x080001f7   Thumb Code     0  startup_stm32f10x_hd.o(.text)
    ADC3_IRQHandler                          0x080001f7   Thumb Code     0  startup_stm32f10x_hd.o(.text)
    CAN1_RX1_IRQHandler                      0x080001f7   Thumb Code     0  startup_stm32f10x_hd.o(.text)
    CAN1_SCE_IRQHandler                      0x080001f7   Thumb Code     0  startup_stm32f10x_hd.o(.text)
    DMA1_Channel1_IRQHandler                 0x080001f7   Thumb Code     0  startup_stm32f10x_hd.o(.text)
    DMA1_Channel2_IRQHandler                 0x080001f7   Thumb Code     0  startup_stm32f10x_hd.o(.text)
    DMA1_Channel3_IRQHandler                 0x080001f7   Thumb Code     0  startup_stm32f10x_hd.o(.text)
    DMA1_Channel4_IRQHandler                 0x080001f7   Thumb Code     0  startup_stm32f10x_hd.o(.text)
    DMA1_Channel5_IRQHandler                 0x080001f7   Thumb Code     0  startup_stm32f10x_hd.o(.text)
    DMA1_Channel6_IRQHandler                 0x080001f7   Thumb Code     0  startup_stm32f10x_hd.o(.text)
    DMA1_Channel7_IRQHandler                 0x080001f7   Thumb Code     0  startup_stm32f10x_hd.o(.text)
    DMA2_Channel1_IRQHandler                 0x080001f7   Thumb Code     0  startup_stm32f10x_hd.o(.text)
    DMA2_Channel2_IRQHandler                 0x080001f7   Thumb Code     0  startup_stm32f10x_hd.o(.text)
    DMA2_Channel3_IRQHandler                 0x080001f7   Thumb Code     0  startup_stm32f10x_hd.o(.text)
    DMA2_Channel4_5_IRQHandler               0x080001f7   Thumb Code     0  startup_stm32f10x_hd.o(.text)
    EXTI0_IRQHandler                         0x080001f7   Thumb Code     0  startup_stm32f10x_hd.o(.text)
    EXTI15_10_IRQHandler                     0x080001f7   Thumb Code     0  startup_stm32f10x_hd.o(.text)
    EXTI3_IRQHandler                         0x080001f7   Thumb Code     0  startup_stm32f10x_hd.o(.text)
    EXTI9_5_IRQHandler                       0x080001f7   Thumb Code     0  startup_stm32f10x_hd.o(.text)
    FLASH_IRQHandler                         0x080001f7   Thumb Code     0  startup_stm32f10x_hd.o(.text)
    FSMC_IRQHandler                          0x080001f7   Thumb Code     0  startup_stm32f10x_hd.o(.text)
    I2C1_ER_IRQHandler                       0x080001f7   Thumb Code     0  startup_stm32f10x_hd.o(.text)
    I2C1_EV_IRQHandler                       0x080001f7   Thumb Code     0  startup_stm32f10x_hd.o(.text)
    I2C2_ER_IRQHandler                       0x080001f7   Thumb Code     0  startup_stm32f10x_hd.o(.text)
    I2C2_EV_IRQHandler                       0x080001f7   Thumb Code     0  startup_stm32f10x_hd.o(.text)
    PVD_IRQHandler                           0x080001f7   Thumb Code     0  startup_stm32f10x_hd.o(.text)
    RCC_IRQHandler                           0x080001f7   Thumb Code     0  startup_stm32f10x_hd.o(.text)
    RTCAlarm_IRQHandler                      0x080001f7   Thumb Code     0  startup_stm32f10x_hd.o(.text)
    RTC_IRQHandler                           0x080001f7   Thumb Code     0  startup_stm32f10x_hd.o(.text)
    SDIO_IRQHandler                          0x080001f7   Thumb Code     0  startup_stm32f10x_hd.o(.text)
    SPI1_IRQHandler                          0x080001f7   Thumb Code     0  startup_stm32f10x_hd.o(.text)
    SPI2_IRQHandler                          0x080001f7   Thumb Code     0  startup_stm32f10x_hd.o(.text)
    SPI3_IRQHandler                          0x080001f7   Thumb Code     0  startup_stm32f10x_hd.o(.text)
    TAMPER_IRQHandler                        0x080001f7   Thumb Code     0  startup_stm32f10x_hd.o(.text)
    TIM1_BRK_IRQHandler                      0x080001f7   Thumb Code     0  startup_stm32f10x_hd.o(.text)
    TIM1_CC_IRQHandler                       0x080001f7   Thumb Code     0  startup_stm32f10x_hd.o(.text)
    TIM1_TRG_COM_IRQHandler                  0x080001f7   Thumb Code     0  startup_stm32f10x_hd.o(.text)
    TIM1_UP_IRQHandler                       0x080001f7   Thumb Code     0  startup_stm32f10x_hd.o(.text)
    TIM2_IRQHandler                          0x080001f7   Thumb Code     0  startup_stm32f10x_hd.o(.text)
    TIM3_IRQHandler                          0x080001f7   Thumb Code     0  startup_stm32f10x_hd.o(.text)
    TIM4_IRQHandler                          0x080001f7   Thumb Code     0  startup_stm32f10x_hd.o(.text)
    TIM6_IRQHandler                          0x080001f7   Thumb Code     0  startup_stm32f10x_hd.o(.text)
    TIM7_IRQHandler                          0x080001f7   Thumb Code     0  startup_stm32f10x_hd.o(.text)
    TIM8_BRK_IRQHandler                      0x080001f7   Thumb Code     0  startup_stm32f10x_hd.o(.text)
    TIM8_CC_IRQHandler                       0x080001f7   Thumb Code     0  startup_stm32f10x_hd.o(.text)
    TIM8_TRG_COM_IRQHandler                  0x080001f7   Thumb Code     0  startup_stm32f10x_hd.o(.text)
    TIM8_UP_IRQHandler                       0x080001f7   Thumb Code     0  startup_stm32f10x_hd.o(.text)
    UART4_IRQHandler                         0x080001f7   Thumb Code     0  startup_stm32f10x_hd.o(.text)
    UART5_IRQHandler                         0x080001f7   Thumb Code     0  startup_stm32f10x_hd.o(.text)
    USART3_IRQHandler                        0x080001f7   Thumb Code     0  startup_stm32f10x_hd.o(.text)
    USBWakeUp_IRQHandler                     0x080001f7   Thumb Code     0  startup_stm32f10x_hd.o(.text)
    USB_HP_CAN1_TX_IRQHandler                0x080001f7   Thumb Code     0  startup_stm32f10x_hd.o(.text)
    USB_LP_CAN1_RX0_IRQHandler               0x080001f7   Thumb Code     0  startup_stm32f10x_hd.o(.text)
    WWDG_IRQHandler                          0x080001f7   Thumb Code     0  startup_stm32f10x_hd.o(.text)
    SystemInit                               0x080002a1   Thumb Code    64  system_stm32f10x.o(.text)
    SystemCoreClockUpdate                    0x080002e1   Thumb Code    86  system_stm32f10x.o(.text)
    NVIC_PriorityGroupConfig                 0x08000359   Thumb Code    10  misc.o(.text)
    NVIC_Init                                0x08000363   Thumb Code    94  misc.o(.text)
    NVIC_SetVectorTable                      0x080003c1   Thumb Code    14  misc.o(.text)
    NVIC_SystemLPConfig                      0x080003cf   Thumb Code    20  misc.o(.text)
    SysTick_CLKSourceConfig                  0x080003e3   Thumb Code    24  misc.o(.text)
    EXTI_DeInit                              0x08000409   Thumb Code    28  stm32f10x_exti.o(.text)
    EXTI_Init                                0x08000425   Thumb Code   108  stm32f10x_exti.o(.text)
    EXTI_StructInit                          0x08000491   Thumb Code    14  stm32f10x_exti.o(.text)
    EXTI_GenerateSWInterrupt                 0x0800049f   Thumb Code    12  stm32f10x_exti.o(.text)
    EXTI_GetFlagStatus                       0x080004ab   Thumb Code    18  stm32f10x_exti.o(.text)
    EXTI_ClearFlag                           0x080004bd   Thumb Code     8  stm32f10x_exti.o(.text)
    EXTI_GetITStatus                         0x080004c5   Thumb Code    28  stm32f10x_exti.o(.text)
    EXTI_ClearITPendingBit                   0x080004e1   Thumb Code     8  stm32f10x_exti.o(.text)
    GPIO_DeInit                              0x080004f1   Thumb Code   152  stm32f10x_gpio.o(.text)
    GPIO_AFIODeInit                          0x08000589   Thumb Code    22  stm32f10x_gpio.o(.text)
    GPIO_Init                                0x0800059f   Thumb Code   156  stm32f10x_gpio.o(.text)
    GPIO_StructInit                          0x0800063b   Thumb Code    16  stm32f10x_gpio.o(.text)
    GPIO_ReadInputDataBit                    0x0800064b   Thumb Code    14  stm32f10x_gpio.o(.text)
    GPIO_ReadInputData                       0x08000659   Thumb Code     6  stm32f10x_gpio.o(.text)
    GPIO_ReadOutputDataBit                   0x0800065f   Thumb Code    14  stm32f10x_gpio.o(.text)
    GPIO_ReadOutputData                      0x0800066d   Thumb Code     6  stm32f10x_gpio.o(.text)
    GPIO_SetBits                             0x08000673   Thumb Code     4  stm32f10x_gpio.o(.text)
    GPIO_ResetBits                           0x08000677   Thumb Code     4  stm32f10x_gpio.o(.text)
    GPIO_WriteBit                            0x0800067b   Thumb Code    10  stm32f10x_gpio.o(.text)
    GPIO_Write                               0x08000685   Thumb Code     4  stm32f10x_gpio.o(.text)
    GPIO_PinLockConfig                       0x08000689   Thumb Code    16  stm32f10x_gpio.o(.text)
    GPIO_EventOutputConfig                   0x08000699   Thumb Code    22  stm32f10x_gpio.o(.text)
    GPIO_EventOutputCmd                      0x080006af   Thumb Code     6  stm32f10x_gpio.o(.text)
    GPIO_PinRemapConfig                      0x080006b5   Thumb Code    82  stm32f10x_gpio.o(.text)
    GPIO_EXTILineConfig                      0x08000707   Thumb Code    34  stm32f10x_gpio.o(.text)
    GPIO_ETH_MediaInterfaceConfig            0x08000729   Thumb Code     8  stm32f10x_gpio.o(.text)
    RCC_DeInit                               0x08000755   Thumb Code    50  stm32f10x_rcc.o(.text)
    RCC_HSEConfig                            0x08000787   Thumb Code    48  stm32f10x_rcc.o(.text)
    RCC_GetFlagStatus                        0x080007b7   Thumb Code    42  stm32f10x_rcc.o(.text)
    RCC_WaitForHSEStartUp                    0x080007e1   Thumb Code    44  stm32f10x_rcc.o(.text)
    RCC_AdjustHSICalibrationValue            0x0800080d   Thumb Code    16  stm32f10x_rcc.o(.text)
    RCC_HSICmd                               0x0800081d   Thumb Code     6  stm32f10x_rcc.o(.text)
    RCC_PLLConfig                            0x08000823   Thumb Code    16  stm32f10x_rcc.o(.text)
    RCC_PLLCmd                               0x08000833   Thumb Code     6  stm32f10x_rcc.o(.text)
    RCC_SYSCLKConfig                         0x08000839   Thumb Code    14  stm32f10x_rcc.o(.text)
    RCC_GetSYSCLKSource                      0x08000847   Thumb Code    10  stm32f10x_rcc.o(.text)
    RCC_HCLKConfig                           0x08000851   Thumb Code    14  stm32f10x_rcc.o(.text)
    RCC_PCLK1Config                          0x0800085f   Thumb Code    14  stm32f10x_rcc.o(.text)
    RCC_PCLK2Config                          0x0800086d   Thumb Code    16  stm32f10x_rcc.o(.text)
    RCC_ITConfig                             0x0800087d   Thumb Code    18  stm32f10x_rcc.o(.text)
    RCC_USBCLKConfig                         0x0800088f   Thumb Code     8  stm32f10x_rcc.o(.text)
    RCC_ADCCLKConfig                         0x08000897   Thumb Code    14  stm32f10x_rcc.o(.text)
    RCC_LSEConfig                            0x080008a5   Thumb Code    28  stm32f10x_rcc.o(.text)
    RCC_LSICmd                               0x080008c1   Thumb Code     6  stm32f10x_rcc.o(.text)
    RCC_RTCCLKConfig                         0x080008c7   Thumb Code    10  stm32f10x_rcc.o(.text)
    RCC_RTCCLKCmd                            0x080008d1   Thumb Code     8  stm32f10x_rcc.o(.text)
    RCC_GetClocksFreq                        0x080008d9   Thumb Code   132  stm32f10x_rcc.o(.text)
    RCC_AHBPeriphClockCmd                    0x0800095d   Thumb Code    18  stm32f10x_rcc.o(.text)
    RCC_APB2PeriphClockCmd                   0x0800096f   Thumb Code    18  stm32f10x_rcc.o(.text)
    RCC_APB1PeriphClockCmd                   0x08000981   Thumb Code    18  stm32f10x_rcc.o(.text)
    RCC_APB2PeriphResetCmd                   0x08000993   Thumb Code    18  stm32f10x_rcc.o(.text)
    RCC_APB1PeriphResetCmd                   0x080009a5   Thumb Code    18  stm32f10x_rcc.o(.text)
    RCC_BackupResetCmd                       0x080009b7   Thumb Code     8  stm32f10x_rcc.o(.text)
    RCC_ClockSecuritySystemCmd               0x080009bf   Thumb Code     6  stm32f10x_rcc.o(.text)
    RCC_MCOConfig                            0x080009c5   Thumb Code     6  stm32f10x_rcc.o(.text)
    RCC_ClearFlag                            0x080009cb   Thumb Code    12  stm32f10x_rcc.o(.text)
    RCC_GetITStatus                          0x080009d7   Thumb Code    16  stm32f10x_rcc.o(.text)
    RCC_ClearITPendingBit                    0x080009e7   Thumb Code     6  stm32f10x_rcc.o(.text)
    TIM_DeInit                               0x08000a0d   Thumb Code   304  stm32f10x_tim.o(.text)
    TIM_TimeBaseInit                         0x08000b3d   Thumb Code   114  stm32f10x_tim.o(.text)
    TIM_OC1Init                              0x08000baf   Thumb Code   106  stm32f10x_tim.o(.text)
    TIM_OC2Init                              0x08000c19   Thumb Code   120  stm32f10x_tim.o(.text)
    TIM_OC3Init                              0x08000c91   Thumb Code   116  stm32f10x_tim.o(.text)
    TIM_OC4Init                              0x08000d05   Thumb Code    90  stm32f10x_tim.o(.text)
    TIM_SetIC4Prescaler                      0x08000d5f   Thumb Code    24  stm32f10x_tim.o(.text)
    TIM_SetIC3Prescaler                      0x08000d77   Thumb Code    16  stm32f10x_tim.o(.text)
    TIM_SetIC2Prescaler                      0x08000d87   Thumb Code    24  stm32f10x_tim.o(.text)
    TIM_SetIC1Prescaler                      0x08000e45   Thumb Code    16  stm32f10x_tim.o(.text)
    TIM_ICInit                               0x08000ead   Thumb Code   270  stm32f10x_tim.o(.text)
    TIM_PWMIConfig                           0x08000fbb   Thumb Code   104  stm32f10x_tim.o(.text)
    TIM_BDTRConfig                           0x08001023   Thumb Code    34  stm32f10x_tim.o(.text)
    TIM_TimeBaseStructInit                   0x08001045   Thumb Code    18  stm32f10x_tim.o(.text)
    TIM_OCStructInit                         0x08001057   Thumb Code    20  stm32f10x_tim.o(.text)
    TIM_ICStructInit                         0x0800106b   Thumb Code    16  stm32f10x_tim.o(.text)
    TIM_BDTRStructInit                       0x0800107b   Thumb Code    18  stm32f10x_tim.o(.text)
    TIM_Cmd                                  0x0800108d   Thumb Code    20  stm32f10x_tim.o(.text)
    TIM_CtrlPWMOutputs                       0x080010a1   Thumb Code    22  stm32f10x_tim.o(.text)
    TIM_ITConfig                             0x080010b7   Thumb Code    16  stm32f10x_tim.o(.text)
    TIM_GenerateEvent                        0x080010c7   Thumb Code     4  stm32f10x_tim.o(.text)
    TIM_DMAConfig                            0x080010cb   Thumb Code     8  stm32f10x_tim.o(.text)
    TIM_DMACmd                               0x080010d3   Thumb Code    16  stm32f10x_tim.o(.text)
    TIM_InternalClockConfig                  0x080010e3   Thumb Code    10  stm32f10x_tim.o(.text)
    TIM_SelectInputTrigger                   0x080010ed   Thumb Code    12  stm32f10x_tim.o(.text)
    TIM_ITRxExternalClockConfig              0x080010f9   Thumb Code    18  stm32f10x_tim.o(.text)
    TIM_TIxExternalClockConfig               0x0800110b   Thumb Code    46  stm32f10x_tim.o(.text)
    TIM_ETRConfig                            0x08001139   Thumb Code    24  stm32f10x_tim.o(.text)
    TIM_ETRClockMode1Config                  0x08001151   Thumb Code    18  stm32f10x_tim.o(.text)
    TIM_ETRClockMode2Config                  0x08001163   Thumb Code    18  stm32f10x_tim.o(.text)
    TIM_PrescalerConfig                      0x08001175   Thumb Code     6  stm32f10x_tim.o(.text)
    TIM_CounterModeConfig                    0x0800117b   Thumb Code    12  stm32f10x_tim.o(.text)
    TIM_EncoderInterfaceConfig               0x08001187   Thumb Code    50  stm32f10x_tim.o(.text)
    TIM_ForcedOC1Config                      0x080011b9   Thumb Code    12  stm32f10x_tim.o(.text)
    TIM_ForcedOC2Config                      0x080011c5   Thumb Code    20  stm32f10x_tim.o(.text)
    TIM_ForcedOC3Config                      0x080011d9   Thumb Code    12  stm32f10x_tim.o(.text)
    TIM_ForcedOC4Config                      0x080011e5   Thumb Code    20  stm32f10x_tim.o(.text)
    TIM_ARRPreloadConfig                     0x080011f9   Thumb Code    20  stm32f10x_tim.o(.text)
    TIM_SelectCOM                            0x0800120d   Thumb Code    20  stm32f10x_tim.o(.text)
    TIM_SelectCCDMA                          0x08001221   Thumb Code    20  stm32f10x_tim.o(.text)
    TIM_CCPreloadControl                     0x08001235   Thumb Code    20  stm32f10x_tim.o(.text)
    TIM_OC1PreloadConfig                     0x08001249   Thumb Code    32  stm32f10x_tim.o(.text)
    TIM_OC2PreloadConfig                     0x08001269   Thumb Code    20  stm32f10x_tim.o(.text)
    TIM_OC3PreloadConfig                     0x0800127d   Thumb Code    12  stm32f10x_tim.o(.text)
    TIM_OC4PreloadConfig                     0x08001289   Thumb Code    20  stm32f10x_tim.o(.text)
    TIM_OC1FastConfig                        0x0800129d   Thumb Code    12  stm32f10x_tim.o(.text)
    TIM_OC2FastConfig                        0x080012a9   Thumb Code    20  stm32f10x_tim.o(.text)
    TIM_OC3FastConfig                        0x080012bd   Thumb Code    12  stm32f10x_tim.o(.text)
    TIM_OC4FastConfig                        0x080012c9   Thumb Code    20  stm32f10x_tim.o(.text)
    TIM_ClearOC1Ref                          0x080012dd   Thumb Code    12  stm32f10x_tim.o(.text)
    TIM_ClearOC2Ref                          0x080012e9   Thumb Code    20  stm32f10x_tim.o(.text)
    TIM_ClearOC3Ref                          0x080012fd   Thumb Code    12  stm32f10x_tim.o(.text)
    TIM_ClearOC4Ref                          0x08001309   Thumb Code    20  stm32f10x_tim.o(.text)
    TIM_OC1PolarityConfig                    0x0800131d   Thumb Code    12  stm32f10x_tim.o(.text)
    TIM_OC1NPolarityConfig                   0x08001329   Thumb Code    12  stm32f10x_tim.o(.text)
    TIM_OC2PolarityConfig                    0x08001335   Thumb Code    20  stm32f10x_tim.o(.text)
    TIM_OC2NPolarityConfig                   0x08001349   Thumb Code    20  stm32f10x_tim.o(.text)
    TIM_OC3PolarityConfig                    0x0800135d   Thumb Code    20  stm32f10x_tim.o(.text)
    TIM_OC3NPolarityConfig                   0x08001371   Thumb Code    20  stm32f10x_tim.o(.text)
    TIM_OC4PolarityConfig                    0x08001385   Thumb Code    20  stm32f10x_tim.o(.text)
    TIM_CCxCmd                               0x08001399   Thumb Code    22  stm32f10x_tim.o(.text)
    TIM_CCxNCmd                              0x080013af   Thumb Code    22  stm32f10x_tim.o(.text)
    TIM_SelectOCxM                           0x080013c5   Thumb Code    70  stm32f10x_tim.o(.text)
    TIM_UpdateDisableConfig                  0x0800140b   Thumb Code    20  stm32f10x_tim.o(.text)
    TIM_UpdateRequestConfig                  0x0800141f   Thumb Code    20  stm32f10x_tim.o(.text)
    TIM_SelectHallSensor                     0x08001433   Thumb Code    20  stm32f10x_tim.o(.text)
    TIM_SelectOnePulseMode                   0x08001447   Thumb Code    16  stm32f10x_tim.o(.text)
    TIM_SelectOutputTrigger                  0x08001457   Thumb Code    16  stm32f10x_tim.o(.text)
    TIM_SelectSlaveMode                      0x08001467   Thumb Code    16  stm32f10x_tim.o(.text)
    TIM_SelectMasterSlaveMode                0x08001477   Thumb Code    16  stm32f10x_tim.o(.text)
    TIM_SetCounter                           0x08001487   Thumb Code     4  stm32f10x_tim.o(.text)
    TIM_SetAutoreload                        0x0800148b   Thumb Code     4  stm32f10x_tim.o(.text)
    TIM_SetCompare1                          0x0800148f   Thumb Code     4  stm32f10x_tim.o(.text)
    TIM_SetCompare2                          0x08001493   Thumb Code     4  stm32f10x_tim.o(.text)
    TIM_SetCompare3                          0x08001497   Thumb Code     4  stm32f10x_tim.o(.text)
    TIM_SetCompare4                          0x0800149b   Thumb Code     6  stm32f10x_tim.o(.text)
    TIM_SetClockDivision                     0x080014a1   Thumb Code    16  stm32f10x_tim.o(.text)
    TIM_GetCapture1                          0x080014b1   Thumb Code     4  stm32f10x_tim.o(.text)
    TIM_GetCapture2                          0x080014b5   Thumb Code     4  stm32f10x_tim.o(.text)
    TIM_GetCapture3                          0x080014b9   Thumb Code     4  stm32f10x_tim.o(.text)
    TIM_GetCapture4                          0x080014bd   Thumb Code     6  stm32f10x_tim.o(.text)
    TIM_GetCounter                           0x080014c3   Thumb Code     4  stm32f10x_tim.o(.text)
    TIM_GetPrescaler                         0x080014c7   Thumb Code     4  stm32f10x_tim.o(.text)
    TIM_GetFlagStatus                        0x080014cb   Thumb Code    14  stm32f10x_tim.o(.text)
    TIM_ClearFlag                            0x080014d9   Thumb Code     6  stm32f10x_tim.o(.text)
    TIM_GetITStatus                          0x080014df   Thumb Code    24  stm32f10x_tim.o(.text)
    TIM_ClearITPendingBit                    0x080014f7   Thumb Code     6  stm32f10x_tim.o(.text)
    USART_DeInit                             0x080014fd   Thumb Code    96  stm32f10x_usart.o(.text)
    USART_Init                               0x0800155d   Thumb Code   166  stm32f10x_usart.o(.text)
    USART_StructInit                         0x08001603   Thumb Code    22  stm32f10x_usart.o(.text)
    USART_ClockInit                          0x08001619   Thumb Code    30  stm32f10x_usart.o(.text)
    USART_ClockStructInit                    0x08001637   Thumb Code    12  stm32f10x_usart.o(.text)
    USART_Cmd                                0x08001643   Thumb Code    20  stm32f10x_usart.o(.text)
    USART_ITConfig                           0x08001657   Thumb Code    48  stm32f10x_usart.o(.text)
    USART_DMACmd                             0x08001687   Thumb Code    16  stm32f10x_usart.o(.text)
    USART_SetAddress                         0x08001697   Thumb Code    16  stm32f10x_usart.o(.text)
    USART_WakeUpConfig                       0x080016a7   Thumb Code    16  stm32f10x_usart.o(.text)
    USART_ReceiverWakeUpCmd                  0x080016b7   Thumb Code    20  stm32f10x_usart.o(.text)
    USART_LINBreakDetectLengthConfig         0x080016cb   Thumb Code    16  stm32f10x_usart.o(.text)
    USART_LINCmd                             0x080016db   Thumb Code    20  stm32f10x_usart.o(.text)
    USART_SendData                           0x080016ef   Thumb Code     8  stm32f10x_usart.o(.text)
    USART_ReceiveData                        0x080016f7   Thumb Code     8  stm32f10x_usart.o(.text)
    USART_SendBreak                          0x080016ff   Thumb Code    10  stm32f10x_usart.o(.text)
    USART_SetGuardTime                       0x08001709   Thumb Code    16  stm32f10x_usart.o(.text)
    USART_SetPrescaler                       0x08001719   Thumb Code    16  stm32f10x_usart.o(.text)
    USART_SmartCardCmd                       0x08001729   Thumb Code    20  stm32f10x_usart.o(.text)
    USART_SmartCardNACKCmd                   0x0800173d   Thumb Code    20  stm32f10x_usart.o(.text)
    USART_HalfDuplexCmd                      0x08001751   Thumb Code    20  stm32f10x_usart.o(.text)
    USART_OverSampling8Cmd                   0x08001765   Thumb Code    20  stm32f10x_usart.o(.text)
    USART_OneBitMethodCmd                    0x08001779   Thumb Code    20  stm32f10x_usart.o(.text)
    USART_IrDAConfig                         0x0800178d   Thumb Code    16  stm32f10x_usart.o(.text)
    USART_IrDACmd                            0x0800179d   Thumb Code    20  stm32f10x_usart.o(.text)
    USART_GetFlagStatus                      0x080017b1   Thumb Code    14  stm32f10x_usart.o(.text)
    USART_ClearFlag                          0x080017bf   Thumb Code     6  stm32f10x_usart.o(.text)
    USART_GetITStatus                        0x080017c5   Thumb Code    62  stm32f10x_usart.o(.text)
    USART_ClearITPendingBit                  0x08001803   Thumb Code    12  stm32f10x_usart.o(.text)
    main                                     0x08001941   Thumb Code    42  main.o(.text)
    NMI_Handler                              0x08001b21   Thumb Code     2  stm32f10x_it.o(.text)
    HardFault_Handler                        0x08001b23   Thumb Code     2  stm32f10x_it.o(.text)
    MemManage_Handler                        0x08001b25   Thumb Code     2  stm32f10x_it.o(.text)
    BusFault_Handler                         0x08001b27   Thumb Code     2  stm32f10x_it.o(.text)
    UsageFault_Handler                       0x08001b29   Thumb Code     2  stm32f10x_it.o(.text)
    DebugMon_Handler                         0x08001b2b   Thumb Code     2  stm32f10x_it.o(.text)
    SysTick_Handler                          0x08001b2d   Thumb Code    20  stm32f10x_it.o(.text)
    BSP_Init                                 0x08001b41   Thumb Code   212  bsp.o(.text)
    HotShoe_Init                             0x08001c25   Thumb Code    96  hotshoe.o(.text)
    EXTI1_IRQHandler                         0x08001c85   Thumb Code    38  hotshoe.o(.text)
    EXTI2_IRQHandler                         0x08001cab   Thumb Code    38  hotshoe.o(.text)
    EXTI6_IRQHandler                         0x08001cd1   Thumb Code    38  hotshoe.o(.text)
    EXTI4_IRQHandler                         0x08001cf7   Thumb Code    38  hotshoe.o(.text)
    EXTI5_IRQHandler                         0x08001d1d   Thumb Code    38  hotshoe.o(.text)
    CAM_TASK                                 0x08001d51   Thumb Code   928  cam_task.o(.text)
    KEY_TASK                                 0x08002109   Thumb Code   226  key_task.o(.text)
    OLED_TASK                                0x080021f9   Thumb Code   356  oled_task.o(.text)
    RGB_TASK                                 0x08002365   Thumb Code   400  rgb_task.o(.text)
    RUNINIT_TASK                             0x080027e1   Thumb Code    88  runinit_task.o(.text)
    TRIGGER_TASK                             0x080028fd   Thumb Code   526  trigger_task.o(.text)
    Cam_status_update_TASK                   0x08002b41   Thumb Code    96  cam_status_task.o(.text)
    TEMP_TASK                                0x08002ba9   Thumb Code    28  temp_task.o(.text)
    cocoguojia_libInit                       0x08002bc9   Thumb Code    98  cocoguojia_init.o(.text)
    cocoguojia_systemSoftReset               0x08002c2b   Thumb Code     8  cocoguojia_init.o(.text)
    i2c_Start                                0x08002c45   Thumb Code    36  cocoguojia_24c02.o(.text)
    i2c_Stop                                 0x08002c69   Thumb Code    24  cocoguojia_24c02.o(.text)
    i2c_SendByte                             0x08002c81   Thumb Code    80  cocoguojia_24c02.o(.text)
    i2c_ReadByte                             0x08002cd1   Thumb Code    66  cocoguojia_24c02.o(.text)
    i2c_WaitAck                              0x08002d13   Thumb Code    50  cocoguojia_24c02.o(.text)
    i2c_Ack                                  0x08002d45   Thumb Code    38  cocoguojia_24c02.o(.text)
    i2c_NAck                                 0x08002d6b   Thumb Code    32  cocoguojia_24c02.o(.text)
    i2c_CheckDevice                          0x08002d8b   Thumb Code    68  cocoguojia_24c02.o(.text)
    cocoguojia_eeCheckOk                     0x08002dcf   Thumb Code    22  cocoguojia_24c02.o(.text)
    cocoguojia_eeReadBytes                   0x08002de5   Thumb Code   104  cocoguojia_24c02.o(.text)
    cocoguojia_eeWriteBytes                  0x08002e4d   Thumb Code   112  cocoguojia_24c02.o(.text)
    cocoguojia_eeErase                       0x08002ebd   Thumb Code    36  cocoguojia_24c02.o(.text)
    cocoguojia_readSetParameter              0x08002ee1   Thumb Code    58  cocoguojia_24c02.o(.text)
    cocoguojia_writeSetParameter             0x08002f1b   Thumb Code    34  cocoguojia_24c02.o(.text)
    OLED_WR_Byte                             0x08002f55   Thumb Code   120  cocoguojia_oled.o(.text)
    OLED_Set_Pos                             0x08002fcd   Thumb Code    42  cocoguojia_oled.o(.text)
    OLED_Display_On                          0x08002ff7   Thumb Code    28  cocoguojia_oled.o(.text)
    OLED_Display_Off                         0x08003013   Thumb Code    28  cocoguojia_oled.o(.text)
    OLED_Clear                               0x0800302f   Thumb Code    60  cocoguojia_oled.o(.text)
    OLED_ShowChar                            0x0800306b   Thumb Code    92  cocoguojia_oled.o(.text)
    oled_pow                                 0x080030c7   Thumb Code    16  cocoguojia_oled.o(.text)
    OLED_ShowNum                             0x080030d7   Thumb Code    98  cocoguojia_oled.o(.text)
    OLED_ShowString                          0x08003139   Thumb Code    48  cocoguojia_oled.o(.text)
    OLED_ShowStringFanBai                    0x08003169   Thumb Code    48  cocoguojia_oled.o(.text)
    OLED_ShowCHinese                         0x08003199   Thumb Code    72  cocoguojia_oled.o(.text)
    OLED_ShowCHinese2                        0x080031e1   Thumb Code    72  cocoguojia_oled.o(.text)
    OLED_ShowCHinese2FanBai                  0x08003229   Thumb Code    80  cocoguojia_oled.o(.text)
    OLED_DrawBMP                             0x08003279   Thumb Code    62  cocoguojia_oled.o(.text)
    cocoguojia_oledInit                      0x080032b7   Thumb Code   446  cocoguojia_oled.o(.text)
    cocoguojia_oledShowShareuavLogoAndID     0x08003475   Thumb Code   110  cocoguojia_oled.o(.text)
    cocoguojia_oledShowSystemInit            0x080034e3   Thumb Code   106  cocoguojia_oled.o(.text)
    cocoguojia_oledShowShuting               0x0800354d   Thumb Code   140  cocoguojia_oled.o(.text)
    cocoguojia_oledShowOpening               0x080035d9   Thumb Code   140  cocoguojia_oled.o(.text)
    cocoguojia_oledRunShowFor1               0x08003665   Thumb Code   406  cocoguojia_oled.o(.text)
    cocoguojia_oledRunShowFor2               0x080037fb   Thumb Code   458  cocoguojia_oled.o(.text)
    cocoguojia_oledShowShutWrong             0x080039c5   Thumb Code   112  cocoguojia_oled.o(.text)
    cocoguojia_oledShowOpenWrong             0x08003a35   Thumb Code   112  cocoguojia_oled.o(.text)
    cocoguojia_oledShowLoseWrong             0x08003aa5   Thumb Code   122  cocoguojia_oled.o(.text)
    cocoguojia_oledShowSetModel1             0x08003b1f   Thumb Code   216  cocoguojia_oled.o(.text)
    cocoguojia_oledShowSetModel3             0x08003bf7   Thumb Code   112  cocoguojia_oled.o(.text)
    cocoguojia_oledShowRepairModel           0x08003c67   Thumb Code   666  cocoguojia_oled.o(.text)
    cocoguojia_rgbledInit                    0x08003f81   Thumb Code    58  cocoguojia_rgbled.o(.text)
    cocoguojia_tim1Init                      0x08003fc5   Thumb Code   144  cocoguojia_tim1pwm.o(.text)
    cocoguojia_tim1Enable                    0x08004055   Thumb Code    24  cocoguojia_tim1pwm.o(.text)
    cocoguojia_tim1Disable                   0x0800406d   Thumb Code    24  cocoguojia_tim1pwm.o(.text)
    cocoguojia_tim5CatchEnable               0x0800408d   Thumb Code    70  cocoguojia_time5catch.o(.text)
    cocoguojia_tim5CatchInit                 0x080040d3   Thumb Code   204  cocoguojia_time5catch.o(.text)
    cocoguojia_tim5CatchDisable              0x0800419f   Thumb Code    70  cocoguojia_time5catch.o(.text)
    cocoguojia_tim5CatchDisableInterrupt     0x080041e5   Thumb Code    70  cocoguojia_time5catch.o(.text)
    TIM5_IRQHandler                          0x0800422b   Thumb Code   250  cocoguojia_time5catch.o(.text)
    cocoguojia_ttlTestInit                   0x08004325   Thumb Code    32  cocoguojia_time5catch.o(.text)
    cocoguojia_ds18b20Init                   0x080044f3   Thumb Code    54  cocoguojia_ds18b20.o(.text)
    cocoguojia_ds18b20GetTemp                0x08004589   Thumb Code   122  cocoguojia_ds18b20.o(.text)
    cocoguojia_usartNConfigurationInit       0x08004715   Thumb Code   696  cocoguojia_usart.o(.text)
    cocoguojia_usartNPutChar                 0x080049cd   Thumb Code    90  cocoguojia_usart.o(.text)
    cocoguojia_usartNPutStr                  0x08004a27   Thumb Code   132  cocoguojia_usart.o(.text)
    cocoguojia_usartNPutTableForNum          0x08004aab   Thumb Code   134  cocoguojia_usart.o(.text)
    fputc                                    0x08004b31   Thumb Code    30  cocoguojia_usart.o(.text)
    fgetc                                    0x08004b4f   Thumb Code    26  cocoguojia_usart.o(.text)
    USART1_IRQHandler                        0x08004b69   Thumb Code   172  cocoguojia_usart.o(.text)
    USART2_IRQHandler                        0x08004c15   Thumb Code   186  cocoguojia_usart.o(.text)
    xEventGroupCreate                        0x08004cdd   Thumb Code    26  event_groups.o(.text)
    xEventGroupSetBits                       0x08004cf7   Thumb Code   132  event_groups.o(.text)
    xEventGroupSync                          0x08004d7b   Thumb Code   174  event_groups.o(.text)
    xEventGroupWaitBits                      0x08004e29   Thumb Code   240  event_groups.o(.text)
    xEventGroupClearBits                     0x08004f19   Thumb Code    56  event_groups.o(.text)
    xEventGroupGetBitsFromISR                0x08004f51   Thumb Code    26  event_groups.o(.text)
    vEventGroupDelete                        0x08004f6b   Thumb Code    70  event_groups.o(.text)
    vEventGroupSetBitsCallback               0x08004fb1   Thumb Code     2  event_groups.o(.text)
    vEventGroupClearBitsCallback             0x08004fb3   Thumb Code     2  event_groups.o(.text)
    vListInitialise                          0x08005001   Thumb Code    22  list.o(.text)
    vListInitialiseItem                      0x08005017   Thumb Code     6  list.o(.text)
    vListInsertEnd                           0x0800501d   Thumb Code    24  list.o(.text)
    vListInsert                              0x08005035   Thumb Code    48  list.o(.text)
    uxListRemove                             0x08005065   Thumb Code    36  list.o(.text)
    xQueueGenericReset                       0x08005089   Thumb Code   128  queue.o(.text)
    xQueueGenericCreate                      0x08005109   Thumb Code    72  queue.o(.text)
    xQueueGenericSend                        0x0800528f   Thumb Code   350  queue.o(.text)
    xQueueGenericSendFromISR                 0x080053ed   Thumb Code   238  queue.o(.text)
    xQueueGiveFromISR                        0x080054db   Thumb Code   172  queue.o(.text)
    xQueueGenericReceive                     0x080055ad   Thumb Code   328  queue.o(.text)
    xQueueReceiveFromISR                     0x080056f5   Thumb Code   150  queue.o(.text)
    xQueuePeekFromISR                        0x0800578b   Thumb Code   114  queue.o(.text)
    uxQueueMessagesWaiting                   0x080057fd   Thumb Code    36  queue.o(.text)
    uxQueueSpacesAvailable                   0x08005821   Thumb Code    40  queue.o(.text)
    uxQueueMessagesWaitingFromISR            0x08005849   Thumb Code    26  queue.o(.text)
    vQueueUnregisterQueue                    0x08005863   Thumb Code    36  queue.o(.text)
    vQueueDelete                             0x08005887   Thumb Code    38  queue.o(.text)
    xQueueIsQueueEmptyFromISR                0x080058ad   Thumb Code    34  queue.o(.text)
    xQueueIsQueueFullFromISR                 0x080058cf   Thumb Code    38  queue.o(.text)
    vQueueAddToRegistry                      0x080058f5   Thumb Code    32  queue.o(.text)
    pcQueueGetName                           0x08005915   Thumb Code    34  queue.o(.text)
    xQueueCreateSet                          0x08005937   Thumb Code     8  queue.o(.text)
    xQueueAddToSet                           0x0800593f   Thumb Code    34  queue.o(.text)
    xQueueRemoveFromSet                      0x08005961   Thumb Code    34  queue.o(.text)
    xQueueSelectFromSet                      0x08005983   Thumb Code    18  queue.o(.text)
    xQueueSelectFromSetFromISR               0x08005995   Thumb Code    18  queue.o(.text)
    xTaskCreate                              0x08005a87   Thumb Code    86  tasks.o(.text)
    vTaskDelete                              0x08005add   Thumb Code   154  tasks.o(.text)
    xTaskIncrementTick                       0x08005b77   Thumb Code   186  tasks.o(.text)
    xTaskResumeAll                           0x08005c31   Thumb Code   182  tasks.o(.text)
    vTaskSuspendAll                          0x08005d4d   Thumb Code    10  tasks.o(.text)
    vTaskDelayUntil                          0x08005d57   Thumb Code   188  tasks.o(.text)
    vTaskDelay                               0x08005e13   Thumb Code    66  tasks.o(.text)
    eTaskGetState                            0x08005e55   Thumb Code    94  tasks.o(.text)
    uxTaskPriorityGet                        0x08005eb3   Thumb Code    24  tasks.o(.text)
    uxTaskPriorityGetFromISR                 0x08005ecb   Thumb Code    40  tasks.o(.text)
    vTaskPrioritySet                         0x08005ef3   Thumb Code   176  tasks.o(.text)
    vTaskSwitchContext                       0x08005fa3   Thumb Code    84  tasks.o(.text)
    vTaskSuspend                             0x08005ff7   Thumb Code   156  tasks.o(.text)
    vTaskResume                              0x080060c3   Thumb Code   116  tasks.o(.text)
    xTaskResumeFromISR                       0x08006137   Thumb Code   126  tasks.o(.text)
    vTaskStartScheduler                      0x080061bb   Thumb Code   124  tasks.o(.text)
    vTaskEndScheduler                        0x08006237   Thumb Code    24  tasks.o(.text)
    xTaskGetTickCount                        0x0800624f   Thumb Code     6  tasks.o(.text)
    xTaskGetTickCountFromISR                 0x08006255   Thumb Code    12  tasks.o(.text)
    uxTaskGetNumberOfTasks                   0x08006261   Thumb Code     6  tasks.o(.text)
    pcTaskGetName                            0x08006267   Thumb Code    38  tasks.o(.text)
    vTaskPlaceOnEventList                    0x0800628d   Thumb Code    46  tasks.o(.text)
    vTaskPlaceOnUnorderedEventList           0x080062bb   Thumb Code    78  tasks.o(.text)
    xTaskRemoveFromEventList                 0x08006309   Thumb Code   104  tasks.o(.text)
    xTaskRemoveFromUnorderedEventList        0x08006371   Thumb Code   116  tasks.o(.text)
    vTaskSetTimeOutState                     0x080063e5   Thumb Code    34  tasks.o(.text)
    xTaskCheckForTimeOut                     0x08006407   Thumb Code   102  tasks.o(.text)
    vTaskMissedYield                         0x0800646d   Thumb Code     8  tasks.o(.text)
    xTaskGetSchedulerState                   0x08006475   Thumb Code    22  tasks.o(.text)
    uxTaskResetEventItemValue                0x0800648b   Thumb Code    20  tasks.o(.text)
    ulTaskNotifyTake                         0x0800649f   Thumb Code    96  tasks.o(.text)
    xTaskNotifyWait                          0x080064ff   Thumb Code   128  tasks.o(.text)
    xTaskGenericNotify                       0x0800657f   Thumb Code   206  tasks.o(.text)
    xTaskGenericNotifyFromISR                0x0800664d   Thumb Code   228  tasks.o(.text)
    vTaskNotifyGiveFromISR                   0x08006731   Thumb Code   168  tasks.o(.text)
    xTaskNotifyStateClear                    0x080067d9   Thumb Code    44  tasks.o(.text)
    pvPortMalloc                             0x08006989   Thumb Code   214  heap_4.o(.text)
    vPortFree                                0x08006a5f   Thumb Code    96  heap_4.o(.text)
    xPortGetFreeHeapSize                     0x08006abf   Thumb Code     8  heap_4.o(.text)
    xPortGetMinimumEverFreeHeapSize          0x08006ac7   Thumb Code     8  heap_4.o(.text)
    vPortInitialiseBlocks                    0x08006acf   Thumb Code     2  heap_4.o(.text)
    pxPortInitialiseStack                    0x08006b77   Thumb Code    32  port.o(.text)
    vPortSetupTimerInterrupt                 0x08006b97   Thumb Code    26  port.o(.text)
    xPortStartScheduler                      0x08006bb1   Thumb Code   108  port.o(.text)
    vPortEndScheduler                        0x08006c1d   Thumb Code    24  port.o(.text)
    vPortEnterCritical                       0x08006c35   Thumb Code    52  port.o(.text)
    vPortExitCritical                        0x08006c69   Thumb Code    34  port.o(.text)
    xPortSysTickHandler                      0x08006c8b   Thumb Code    40  port.o(.text)
    vPortValidateInterruptPriority           0x08006cb3   Thumb Code    72  port.o(.text)
    __aeabi_memcpy                           0x08006d49   Thumb Code    36  memcpya.o(.text)
    __aeabi_memcpy4                          0x08006d49   Thumb Code     0  memcpya.o(.text)
    __aeabi_memcpy8                          0x08006d49   Thumb Code     0  memcpya.o(.text)
    __aeabi_dmul                             0x08006d6d   Thumb Code   228  dmul.o(.text)
    __aeabi_ui2d                             0x08006e51   Thumb Code    26  dfltui.o(.text)
    __aeabi_d2uiz                            0x08006e6b   Thumb Code    50  dfixui.o(.text)
    __aeabi_uidiv                            0x08006e9d   Thumb Code     0  uidiv.o(.text)
    __aeabi_uidivmod                         0x08006e9d   Thumb Code    44  uidiv.o(.text)
    __aeabi_llsr                             0x08006ec9   Thumb Code    32  llushr.o(.text)
    _ll_ushift_r                             0x08006ec9   Thumb Code     0  llushr.o(.text)
    __I$use$fp                               0x08006ee9   Thumb Code     0  iusefp.o(.text)
    _double_round                            0x08006ee9   Thumb Code    30  depilogue.o(.text)
    _double_epilogue                         0x08006f07   Thumb Code   156  depilogue.o(.text)
    __scatterload                            0x08006fa5   Thumb Code    28  init.o(.text)
    __scatterload_rt2                        0x08006fa5   Thumb Code     0  init.o(.text)
    __aeabi_llsl                             0x08006fc9   Thumb Code    30  llshl.o(.text)
    _ll_shift_l                              0x08006fc9   Thumb Code     0  llshl.o(.text)
    __decompress                             0x08006fe7   Thumb Code     0  __dczerorl2.o(.text)
    __decompress1                            0x08006fe7   Thumb Code    86  __dczerorl2.o(.text)
    __0printf$3                              0x0800703d   Thumb Code    22  printf3.o(i.__0printf$3)
    __1printf$3                              0x0800703d   Thumb Code     0  printf3.o(i.__0printf$3)
    __2printf                                0x0800703d   Thumb Code     0  printf3.o(i.__0printf$3)
    __scatterload_copy                       0x0800705d   Thumb Code    14  handlers.o(i.__scatterload_copy)
    __scatterload_null                       0x0800706b   Thumb Code     2  handlers.o(i.__scatterload_null)
    __scatterload_zeroinit                   0x0800706d   Thumb Code    14  handlers.o(i.__scatterload_zeroinit)
    F8X16                                    0x08007234   Data        1520  cocoguojia_oled.o(.constdata)
    Region$$Table$$Base                      0x08007824   Number         0  anon$$obj.o(Region$$Table)
    Region$$Table$$Limit                     0x08007844   Number         0  anon$$obj.o(Region$$Table)
    SystemCoreClock                          0x20000000   Data           4  system_stm32f10x.o(.data)
    AHBPrescTable                            0x20000004   Data          16  system_stm32f10x.o(.data)
    Key_EventGroup                           0x2000002c   Data           4  main.o(.data)
    usart2Send_Queue                         0x20000030   Data           4  main.o(.data)
    CAM_TASK_Handle                          0x20000034   Data           4  cam_task.o(.data)
    KEY_TASK_Handle                          0x20000038   Data           4  key_task.o(.data)
    OLED_TASK_Handle                         0x2000003c   Data           4  oled_task.o(.data)
    RGB_TASK_Handle                          0x20000040   Data           4  rgb_task.o(.data)
    RUNINIT_TASK_Handle                      0x20000044   Data           4  runinit_task.o(.data)
    TRIGGER_TASK_Handle                      0x20000048   Data           4  trigger_task.o(.data)
    Cam_status_update_TASK_Handle            0x2000004c   Data           4  cam_status_task.o(.data)
    g_triggerFlag                            0x20000050   Data           1  cam_status_task.o(.data)
    g_oledStateFlag                          0x20000054   Data           4  cam_status_task.o(.data)
    g_tim5PlauseUs                           0x20000058   Data           2  cam_status_task.o(.data)
    g_tim5TriggerPlauseUs                    0x2000005a   Data           2  cam_status_task.o(.data)
    g_tim5CatchNum                           0x2000005c   Data           2  cam_status_task.o(.data)
    g_capture_FinishAndStartPhotoFlag        0x2000005e   Data           1  cam_status_task.o(.data)
    g_camPowerFlagTable                      0x2000005f   Data           6  cam_status_task.o(.data)
    g_readingFlag                            0x20000065   Data           1  cam_status_task.o(.data)
    g_setModelFlag                           0x20000066   Data           1  cam_status_task.o(.data)
    g_pwmOrTtlModelFlag                      0x20000067   Data           1  cam_status_task.o(.data)
    g_ttlCurrentNum                          0x20000068   Data           2  cam_status_task.o(.data)
    g_ttlTriggerNum                          0x2000006a   Data           2  cam_status_task.o(.data)
    g_currentRowNum                          0x2000006c   Data           1  cam_status_task.o(.data)
    g_camTaskCanTakeOverFlag                 0x2000006d   Data           1  cam_status_task.o(.data)
    g_offOrOnTureStateFlag                   0x20000070   Data           4  cam_status_task.o(.data)
    g_camLoseFlagTable                       0x20000074   Data           6  cam_status_task.o(.data)
    g_theTurelostNumTable                    0x2000007a   Data           6  cam_status_task.o(.data)
    g_camHotShotTable                        0x20000080   Data           6  cam_status_task.o(.data)
    g_ds18b20Temp                            0x20000086   Data           2  temp_task.o(.data)
    TEMP_TASK_Handle                         0x20000088   Data           4  temp_task.o(.data)
    readbuf                                  0x2000008c   Data           8  cocoguojia_24c02.o(.data)
    Hzk                                      0x20000099   Data         448  cocoguojia_oled.o(.data)
    BMP3                                     0x20000259   Data         128  cocoguojia_oled.o(.data)
    Hzk2                                     0x200002d9   Data        2112  cocoguojia_oled.o(.data)
    g_usart2forSendRunFlag                   0x20000b24   Data           1  cocoguojia_usart.o(.data)
    cocoguojia_usart1ReceiveWritePoint       0x20000b26   Data           2  cocoguojia_usart.o(.data)
    cocoguojia_usart1ReceiveReadPoint        0x20000b28   Data           2  cocoguojia_usart.o(.data)
    usart2TSendLong                          0x20000b2a   Data           2  cocoguojia_usart.o(.data)
    cocoguojia_usart2ReceiveWritePoint       0x20000b2c   Data           2  cocoguojia_usart.o(.data)
    cocoguojia_usart2ReceiveReadPoint        0x20000b2e   Data           2  cocoguojia_usart.o(.data)
    usart2TPSendData                         0x20000b30   Data           4  cocoguojia_usart.o(.data)
    cocoguojia_usart1ReceiveTable            0x20000b34   Data           8  cocoguojia_usart.o(.data)
    pxCurrentTCB                             0x20000b3c   Data           4  tasks.o(.data)
    __stdout                                 0x20000b9c   Data           4  stdout.o(.data)
    g_photoPicNum                            0x20000ba0   Data          12  cam_status_task.o(.bss)
    cocoguojia_usart2ReceiveTable            0x20000bac   Data         200  cocoguojia_usart.o(.bss)
    coco_tempStr2                            0x20000c74   Data         128  cocoguojia_usart.o(.bss)
    coco_tempTable2                          0x20000cf4   Data         128  cocoguojia_usart.o(.bss)
    xQueueRegistry                           0x20000d74   Data          80  queue.o(.bss)
    __initial_sp                             0x2000a368   Data           0  startup_stm32f10x_hd.o(STACK)



==============================================================================

Memory Map of the image

  Image Entry point : 0x08000131

  Load Region LR_IROM1 (Base: 0x08000000, Size: 0x000083e4, Max: 0x00050000, ABSOLUTE, COMPRESSED[0x00007cec])

    Execution Region ER_IROM1 (Exec base: 0x08000000, Load base: 0x08000000, Size: 0x00007844, Max: 0x00050000, ABSOLUTE)

    Exec Addr    Load Addr    Size         Type   Attr      Idx    E Section Name        Object

    0x08000000   0x08000000   0x00000130   Data   RO            3    RESET               startup_stm32f10x_hd.o
    0x08000130   0x08000130   0x00000000   Code   RO         1092  * .ARM.Collect$$$$00000000  mc_w.l(entry.o)
    0x08000130   0x08000130   0x00000004   Code   RO         1366    .ARM.Collect$$$$00000001  mc_w.l(entry2.o)
    0x08000134   0x08000134   0x00000004   Code   RO         1369    .ARM.Collect$$$$00000004  mc_w.l(entry5.o)
    0x08000138   0x08000138   0x00000000   Code   RO         1371    .ARM.Collect$$$$00000008  mc_w.l(entry7b.o)
    0x08000138   0x08000138   0x00000000   Code   RO         1373    .ARM.Collect$$$$0000000A  mc_w.l(entry8b.o)
    0x08000138   0x08000138   0x00000008   Code   RO         1374    .ARM.Collect$$$$0000000B  mc_w.l(entry9a.o)
    0x08000140   0x08000140   0x00000000   Code   RO         1376    .ARM.Collect$$$$0000000D  mc_w.l(entry10a.o)
    0x08000140   0x08000140   0x00000000   Code   RO         1378    .ARM.Collect$$$$0000000F  mc_w.l(entry11a.o)
    0x08000140   0x08000140   0x00000004   Code   RO         1367    .ARM.Collect$$$$00002712  mc_w.l(entry2.o)
    0x08000144   0x08000144   0x00000096   Code   RO         1061    .emb_text           port.o
    0x080001da   0x080001da   0x00000002   PAD
    0x080001dc   0x080001dc   0x00000024   Code   RO            4    .text               startup_stm32f10x_hd.o
    0x08000200   0x08000200   0x00000158   Code   RO           24    .text               system_stm32f10x.o
    0x08000358   0x08000358   0x000000b0   Code   RO          121    .text               misc.o
    0x08000408   0x08000408   0x000000e8   Code   RO          233    .text               stm32f10x_exti.o
    0x080004f0   0x080004f0   0x00000264   Code   RO          270    .text               stm32f10x_gpio.o
    0x08000754   0x08000754   0x000002b8   Code   RO          318    .text               stm32f10x_rcc.o
    0x08000a0c   0x08000a0c   0x00000af0   Code   RO          369    .text               stm32f10x_tim.o
    0x080014fc   0x080014fc   0x00000328   Code   RO          382    .text               stm32f10x_usart.o
    0x08001824   0x08001824   0x000002fc   Code   RO          406    .text               main.o
    0x08001b20   0x08001b20   0x00000020   Code   RO          545    .text               stm32f10x_it.o
    0x08001b40   0x08001b40   0x000000e4   Code   RO          570    .text               bsp.o
    0x08001c24   0x08001c24   0x0000012c   Code   RO          586    .text               hotshoe.o
    0x08001d50   0x08001d50   0x000003b8   Code   RO          598    .text               cam_task.o
    0x08002108   0x08002108   0x000000f0   Code   RO          616    .text               key_task.o
    0x080021f8   0x080021f8   0x0000016c   Code   RO          634    .text               oled_task.o
    0x08002364   0x08002364   0x000001a8   Code   RO          652    .text               rgb_task.o
    0x0800250c   0x0800250c   0x000003f0   Code   RO          671    .text               runinit_task.o
    0x080028fc   0x080028fc   0x00000244   Code   RO          690    .text               trigger_task.o
    0x08002b40   0x08002b40   0x00000068   Code   RO          708    .text               cam_status_task.o
    0x08002ba8   0x08002ba8   0x00000020   Code   RO          751    .text               temp_task.o
    0x08002bc8   0x08002bc8   0x0000007c   Code   RO          774    .text               cocoguojia_init.o
    0x08002c44   0x08002c44   0x00000310   Code   RO          786    .text               cocoguojia_24c02.o
    0x08002f54   0x08002f54   0x0000102c   Code   RO          802    .text               cocoguojia_oled.o
    0x08003f80   0x08003f80   0x00000044   Code   RO          823    .text               cocoguojia_rgbled.o
    0x08003fc4   0x08003fc4   0x000000c8   Code   RO          835    .text               cocoguojia_tim1pwm.o
    0x0800408c   0x0800408c   0x000002d4   Code   RO          847    .text               cocoguojia_time5catch.o
    0x08004360   0x08004360   0x000003b4   Code   RO          912    .text               cocoguojia_ds18b20.o
    0x08004714   0x08004714   0x000005c8   Code   RO          924    .text               cocoguojia_usart.o
    0x08004cdc   0x08004cdc   0x00000324   Code   RO          952    .text               event_groups.o
    0x08005000   0x08005000   0x00000088   Code   RO          977    .text               list.o
    0x08005088   0x08005088   0x00000940   Code   RO          989    .text               queue.o
    0x080059c8   0x080059c8   0x00000f78   Code   RO         1008    .text               tasks.o
    0x08006940   0x08006940   0x00000214   Code   RO         1046    .text               heap_4.o
    0x08006b54   0x08006b54   0x000001f4   Code   RO         1062    .text               port.o
    0x08006d48   0x08006d48   0x00000024   Code   RO         1095    .text               mc_w.l(memcpya.o)
    0x08006d6c   0x08006d6c   0x000000e4   Code   RO         1360    .text               mf_w.l(dmul.o)
    0x08006e50   0x08006e50   0x0000001a   Code   RO         1362    .text               mf_w.l(dfltui.o)
    0x08006e6a   0x08006e6a   0x00000032   Code   RO         1364    .text               mf_w.l(dfixui.o)
    0x08006e9c   0x08006e9c   0x0000002c   Code   RO         1381    .text               mc_w.l(uidiv.o)
    0x08006ec8   0x08006ec8   0x00000020   Code   RO         1385    .text               mc_w.l(llushr.o)
    0x08006ee8   0x08006ee8   0x00000000   Code   RO         1387    .text               mc_w.l(iusefp.o)
    0x08006ee8   0x08006ee8   0x000000ba   Code   RO         1388    .text               mf_w.l(depilogue.o)
    0x08006fa2   0x08006fa2   0x00000002   PAD
    0x08006fa4   0x08006fa4   0x00000024   Code   RO         1398    .text               mc_w.l(init.o)
    0x08006fc8   0x08006fc8   0x0000001e   Code   RO         1400    .text               mc_w.l(llshl.o)
    0x08006fe6   0x08006fe6   0x00000056   Code   RO         1412    .text               mc_w.l(__dczerorl2.o)
    0x0800703c   0x0800703c   0x00000020   Code   RO         1188    i.__0printf$3       mc_w.l(printf3.o)
    0x0800705c   0x0800705c   0x0000000e   Code   RO         1406    i.__scatterload_copy  mc_w.l(handlers.o)
    0x0800706a   0x0800706a   0x00000002   Code   RO         1407    i.__scatterload_null  mc_w.l(handlers.o)
    0x0800706c   0x0800706c   0x0000000e   Code   RO         1408    i.__scatterload_zeroinit  mc_w.l(handlers.o)
    0x0800707a   0x0800707a   0x00000002   PAD
    0x0800707c   0x0800707c   0x000001b8   Code   RO         1195    i._printf_core      mc_w.l(printf3.o)
    0x08007234   0x08007234   0x000005f0   Data   RO          804    .constdata          cocoguojia_oled.o
    0x08007824   0x08007824   0x00000020   Data   RO         1404    Region$$Table       anon$$obj.o


    Execution Region RW_IRAM1 (Exec base: 0x20000000, Load base: 0x08007844, Size: 0x0000a368, Max: 0x0000c000, ABSOLUTE, COMPRESSED[0x000004a8])

    Exec Addr    Load Addr    Size         Type   Attr      Idx    E Section Name        Object

    0x20000000   COMPRESSED   0x00000014   Data   RW           25    .data               system_stm32f10x.o
    0x20000014   COMPRESSED   0x00000014   Data   RW          319    .data               stm32f10x_rcc.o
    0x20000028   COMPRESSED   0x0000000c   Data   RW          407    .data               main.o
    0x20000034   COMPRESSED   0x00000004   Data   RW          599    .data               cam_task.o
    0x20000038   COMPRESSED   0x00000004   Data   RW          617    .data               key_task.o
    0x2000003c   COMPRESSED   0x00000004   Data   RW          635    .data               oled_task.o
    0x20000040   COMPRESSED   0x00000004   Data   RW          653    .data               rgb_task.o
    0x20000044   COMPRESSED   0x00000004   Data   RW          672    .data               runinit_task.o
    0x20000048   COMPRESSED   0x00000004   Data   RW          691    .data               trigger_task.o
    0x2000004c   COMPRESSED   0x00000004   Data   RW          710    .data               cam_status_task.o
    0x20000050   COMPRESSED   0x00000001   Data   RW          711    .data               cam_status_task.o
    0x20000051   COMPRESSED   0x00000003   PAD
    0x20000054   COMPRESSED   0x00000004   Data   RW          712    .data               cam_status_task.o
    0x20000058   COMPRESSED   0x00000002   Data   RW          713    .data               cam_status_task.o
    0x2000005a   COMPRESSED   0x00000002   Data   RW          714    .data               cam_status_task.o
    0x2000005c   COMPRESSED   0x00000002   Data   RW          715    .data               cam_status_task.o
    0x2000005e   COMPRESSED   0x00000001   Data   RW          716    .data               cam_status_task.o
    0x2000005f   COMPRESSED   0x00000006   Data   RW          717    .data               cam_status_task.o
    0x20000065   COMPRESSED   0x00000001   Data   RW          718    .data               cam_status_task.o
    0x20000066   COMPRESSED   0x00000001   Data   RW          720    .data               cam_status_task.o
    0x20000067   COMPRESSED   0x00000001   Data   RW          721    .data               cam_status_task.o
    0x20000068   COMPRESSED   0x00000002   Data   RW          722    .data               cam_status_task.o
    0x2000006a   COMPRESSED   0x00000002   Data   RW          723    .data               cam_status_task.o
    0x2000006c   COMPRESSED   0x00000001   Data   RW          724    .data               cam_status_task.o
    0x2000006d   COMPRESSED   0x00000001   Data   RW          725    .data               cam_status_task.o
    0x2000006e   COMPRESSED   0x00000002   PAD
    0x20000070   COMPRESSED   0x00000004   Data   RW          726    .data               cam_status_task.o
    0x20000074   COMPRESSED   0x00000006   Data   RW          727    .data               cam_status_task.o
    0x2000007a   COMPRESSED   0x00000006   Data   RW          728    .data               cam_status_task.o
    0x20000080   COMPRESSED   0x00000006   Data   RW          729    .data               cam_status_task.o
    0x20000086   COMPRESSED   0x00000002   Data   RW          752    .data               temp_task.o
    0x20000088   COMPRESSED   0x00000004   Data   RW          753    .data               temp_task.o
    0x2000008c   COMPRESSED   0x00000008   Data   RW          787    .data               cocoguojia_24c02.o
    0x20000094   COMPRESSED   0x00000a85   Data   RW          805    .data               cocoguojia_oled.o
    0x20000b19   COMPRESSED   0x00000001   PAD
    0x20000b1a   COMPRESSED   0x00000008   Data   RW          848    .data               cocoguojia_time5catch.o
    0x20000b22   COMPRESSED   0x00000002   PAD
    0x20000b24   COMPRESSED   0x00000018   Data   RW          926    .data               cocoguojia_usart.o
    0x20000b3c   COMPRESSED   0x0000003c   Data   RW         1010    .data               tasks.o
    0x20000b78   COMPRESSED   0x00000018   Data   RW         1048    .data               heap_4.o
    0x20000b90   COMPRESSED   0x0000000c   Data   RW         1063    .data               port.o
    0x20000b9c   COMPRESSED   0x00000004   Data   RW         1380    .data               mc_w.l(stdout.o)
    0x20000ba0        -       0x0000000c   Zero   RW          709    .bss                cam_status_task.o
    0x20000bac        -       0x000001c8   Zero   RW          925    .bss                cocoguojia_usart.o
    0x20000d74        -       0x00000050   Zero   RW          990    .bss                queue.o
    0x20000dc4        -       0x000001a4   Zero   RW         1009    .bss                tasks.o
    0x20000f68        -       0x00009000   Zero   RW         1047    .bss                heap_4.o
    0x20009f68        -       0x00000400   Zero   RW            1    STACK               startup_stm32f10x_hd.o


==============================================================================

Image component sizes


      Code (inc. data)   RO Data    RW Data    ZI Data      Debug   Object Name

       228         16          0          0          0        755   bsp.o
       104          8          0         53         12       2653   cam_status_task.o
       952         24          0          4          0       2025   cam_task.o
       784         12          0          8          0       5104   cocoguojia_24c02.o
       948         14          0          0          0       3787   cocoguojia_ds18b20.o
       124         18          0          0          0       1396   cocoguojia_init.o
      4140        404       1520       2693          0      11842   cocoguojia_oled.o
        68         10          0          0          0        668   cocoguojia_rgbled.o
       200          8          0          0          0       1131   cocoguojia_tim1pwm.o
       724         28          0          8          0      11934   cocoguojia_time5catch.o
      1480         64          0         24        456       5740   cocoguojia_usart.o
         0          0          0          0          0       4532   core_cm3.o
       804         56          0          0          0       7500   event_groups.o
       532         66          0         24      36864       3784   heap_4.o
       300         14          0          0          0       1576   hotshoe.o
       240         14          0          4          0       1217   key_task.o
       136          0          0          0          0       2086   list.o
       764        438          0         12          0      16629   main.o
       176         14          0          0          0       2153   misc.o
       364          8          0          4          0       1435   oled_task.o
       650         90          0         12          0       8257   port.o
      2368         58          0          0         80      14836   queue.o
       424         24          0          4          0       1605   rgb_task.o
      1008         50          0          4          0       2948   runinit_task.o
        36          8        304          0       1024        952   startup_stm32f10x_hd.o
       232          8          0          0          0       2659   stm32f10x_exti.o
       612         36          0          0          0       6277   stm32f10x_gpio.o
        32          0          0          0          0       1247   stm32f10x_it.o
       696         32          0         20          0       9376   stm32f10x_rcc.o
      2800         84          0          0          0      24218   stm32f10x_tim.o
       808         22          0          0          0       9144   stm32f10x_usart.o
       344         34          0         20          0     253687   system_stm32f10x.o
      3960        176          0         60        420      29438   tasks.o
        32          4          0          6          0       1009   temp_task.o
       580         54          0          4          0       1681   trigger_task.o

    ----------------------------------------------------------------------
     27652       1896       1856       2972      38856     455281   Object Totals
         0          0         32          0          0          0   (incl. Generated)
         2          0          0          8          0          0   (incl. Padding)

    ----------------------------------------------------------------------

      Code (inc. data)   RO Data    RW Data    ZI Data      Debug   Library Member Name

        86          0          0          0          0          0   __dczerorl2.o
         0          0          0          0          0          0   entry.o
         0          0          0          0          0          0   entry10a.o
         0          0          0          0          0          0   entry11a.o
         8          4          0          0          0          0   entry2.o
         4          0          0          0          0          0   entry5.o
         0          0          0          0          0          0   entry7b.o
         0          0          0          0          0          0   entry8b.o
         8          4          0          0          0          0   entry9a.o
        30          0          0          0          0          0   handlers.o
        36          8          0          0          0         68   init.o
         0          0          0          0          0          0   iusefp.o
        30          0          0          0          0         68   llshl.o
        32          0          0          0          0         68   llushr.o
        36          0          0          0          0         68   memcpya.o
       472         14          0          0          0        184   printf3.o
         0          0          0          4          0          0   stdout.o
        44          0          0          0          0         80   uidiv.o
       186          0          0          0          0        176   depilogue.o
        50          0          0          0          0         76   dfixui.o
        26          0          0          0          0         76   dfltui.o
       228          0          0          0          0         96   dmul.o

    ----------------------------------------------------------------------
      1280         30          0          4          0        960   Library Totals
         4          0          0          0          0          0   (incl. Padding)

    ----------------------------------------------------------------------

      Code (inc. data)   RO Data    RW Data    ZI Data      Debug   Library Name

       786         30          0          4          0        536   mc_w.l
       490          0          0          0          0        424   mf_w.l

    ----------------------------------------------------------------------
      1280         30          0          4          0        960   Library Totals

    ----------------------------------------------------------------------

==============================================================================


      Code (inc. data)   RO Data    RW Data    ZI Data      Debug   

     28932       1926       1856       2976      38856     452677   Grand Totals
     28932       1926       1856       1192      38856     452677   ELF Image Totals (compressed)
     28932       1926       1856       1192          0          0   ROM Totals

==============================================================================

    Total RO  Size (Code + RO Data)                30788 (  30.07kB)
    Total RW  Size (RW Data + ZI Data)             41832 (  40.85kB)
    Total ROM Size (Code + RO Data + RW Data)      31980 (  31.23kB)

==============================================================================

