Component: ARM Compiler 5.06 update 5 (build 528) Tool: armlink [4d35e2]

==============================================================================

Section Cross References

    startup_stm32f10x_hd.o(RESET) refers to startup_stm32f10x_hd.o(STACK) for __initial_sp
    startup_stm32f10x_hd.o(RESET) refers to startup_stm32f10x_hd.o(.text) for Reset_Handler
    startup_stm32f10x_hd.o(RESET) refers to stm32f10x_it.o(.text) for NMI_Handler
    startup_stm32f10x_hd.o(RESET) refers to port.o(.emb_text) for SVC_Handler
    startup_stm32f10x_hd.o(RESET) refers to hotshoe.o(.text) for EXTI1_IRQHandler
    startup_stm32f10x_hd.o(RESET) refers to pps.o(.text) for EXTI3_IRQHandler
    startup_stm32f10x_hd.o(RESET) refers to cocoguojia_usart.o(.text) for USART1_IRQHandler
    startup_stm32f10x_hd.o(RESET) refers to cocoguojia_sdio.o(.text) for SDIO_IRQHandler
    startup_stm32f10x_hd.o(.text) refers to system_stm32f10x.o(.text) for SystemInit
    startup_stm32f10x_hd.o(.text) refers to entry.o(.ARM.Collect$$$$00000000) for __main
    application.o(.text) refers to memseta.o(.text) for __aeabi_memclr
    application.o(.text) refers to strcpy.o(.text) for strcpy
    application.o(.text) refers to strcmp.o(.text) for strcmp
    application.o(.text) refers to cocoguojia_usart.o(.text) for UART_Printf
    application.o(.text) refers to printfa.o(i.__0sprintf) for __2sprintf
    application.o(.text) refers to psdk_app_func.o(.text) for PsdkAppFunc_PushMsgToFloatingWindow
    application.o(.text) refers to strlen.o(.text) for strlen
    application.o(.text) refers to psdk_osdk_func.o(.text) for PsdkOsdkFunc_TransferToOsdk
    application.o(.text) refers to cmsis_os.o(.text) for osDelay
    application.o(.text) refers to psdk_upper.o(.text) for PsdkUpper_ProcessReceiveData
    application.o(.text) refers to pps.o(.text) for PPS_Init
    application.o(.text) refers to hotshoe.o(.text) for HotShoe_Init
    application.o(.text) refers to psdk_msg_subcribe.o(.text) for PsdkMsgSub_Init
    application.o(.text) refers to psdk_payload_camera.o(.text) for PsdkCamera_Init
    application.o(.text) refers to psdk_payload_gimbal.o(.text) for PsdkGimbal_Init
    application.o(.text) refers to test_positioning.o(.text) for Test_RequestPosition
    application.o(.text) refers to cdcmple.o(.text) for __aeabi_cdcmpeq
    application.o(.text) refers to application.o(.constdata) for .constdata
    application.o(.text) refers to application.o(.conststring) for .conststring
    application.o(.text) refers to application.o(.bss) for .bss
    application.o(.text) refers to cam_status_task.o(.bss) for photoPicNum
    application.o(.text) refers to cam_status_task.o(.data) for signalOrAutoModelFlag
    application.o(.text) refers to trigger_task.o(.data) for canPhotoStateFlag
    application.o(.text) refers to application.o(.data) for .data
    application.o(.text) refers to cam_status_task.o(.data) for tim5CatchNum
    application.o(.text) refers to cam_status_task.o(.data) for ppsRtkHealthNum
    application.o(.text) refers to test_app_func.o(.text) for Test_ReceiveFromMobileSDKFunc
    application.o(.text) refers to test_app_func.o(.constdata) for g_TestWidgetCount
    application.o(.text) refers to test_app_func.o(.data) for g_TestWidgetList
    application.o(.text) refers to test_msg_push.o(.constdata) for g_PushDataMsgCallbackList
    application.o(.text) refers to test_payload_cam_emu.o(.constdata) for g_testCameraHandler
    application.o(.text) refers to test_payload_gimbal_emu.o(.constdata) for g_testGimbalHandler
    application.o(.text) refers to test_osdk_func.o(.constdata) for g_testOsdkFuncHandler
    application.o(.text) refers to cocoguojia_sdcard.o(.data) for g_gpsTableFlag
    application.o(.text) refers to pps.o(.data) for ppssignal
    application.o(.text) refers to test_positioning.o(.bss) for writesdpos
    application.o(.text) refers to dadd.o(.text) for __aeabi_dsub
    application.o(.text) refers to cocoguojia_sdcard.o(.text) for cocoguojia_sdWrireGpsRtk
    application.o(.text) refers to test_positioning.o(.data) for timesigner
    application.o(.text) refers to cocoguojia_sdcard.o(.bss) for g_gps002Table
    application.o(.text) refers to trigger_task.o(.data) for phototime
    main.o(.text) refers to sys.o(.text) for Sys_Init
    main.o(.text) refers to bsp.o(.text) for BSP_Init
    main.o(.text) refers to application.o(.text) for application_init
    main.o(.text) refers to cmsis_os.o(.text) for osThreadCreate
    main.o(.text) refers to port.o(.text) for vPortEnterCritical
    main.o(.text) refers to event_groups.o(.text) for xEventGroupCreate
    main.o(.text) refers to cocoguojia_usart.o(.text) for UART_Printf
    main.o(.text) refers to main.o(.constdata) for .constdata
    main.o(.text) refers to main.o(.data) for .data
    main.o(.constdata) refers to main.o(.conststring) for .conststring
    main.o(.constdata) refers to main.o(.text) for APP_TASKCREATE
[...]
    PsdkSys_SemaphoreTimedWait               0x0803ea09   Thumb Code    32  psdk_arch_sys.o(.text)
    PsdkSys_SemaphorePost                    0x0803ea29   Thumb Code    28  psdk_arch_sys.o(.text)
    osKernelStart                            0x0803ea69   Thumb Code    10  cmsis_os.o(.text)
    osKernelRunning                          0x0803ea73   Thumb Code    18  cmsis_os.o(.text)
    osKernelSysTick                          0x0803ea85   Thumb Code    24  cmsis_os.o(.text)
    osThreadCreate                           0x0803ea9d   Thumb Code    46  cmsis_os.o(.text)
    osThreadGetId                            0x0803eacb   Thumb Code     4  cmsis_os.o(.text)
    osThreadTerminate                        0x0803eacf   Thumb Code    10  cmsis_os.o(.text)
    osThreadYield                            0x0803ead9   Thumb Code    20  cmsis_os.o(.text)
    osThreadSetPriority                      0x0803eaed   Thumb Code    22  cmsis_os.o(.text)
    osThreadGetPriority                      0x0803eb03   Thumb Code    32  cmsis_os.o(.text)
    osDelay                                  0x0803eb23   Thumb Code    14  cmsis_os.o(.text)
    osTimerCreate                            0x0803eb31   Thumb Code     4  cmsis_os.o(.text)
    osTimerStart                             0x0803eb35   Thumb Code     4  cmsis_os.o(.text)
    osTimerStop                              0x0803eb39   Thumb Code     4  cmsis_os.o(.text)
    osTimerDelete                            0x0803eb3d   Thumb Code     4  cmsis_os.o(.text)
    osSignalSet                              0x0803eb41   Thumb Code    86  cmsis_os.o(.text)
    osSignalWait                             0x0803eb97   Thumb Code    86  cmsis_os.o(.text)
    osMutexCreate                            0x0803ebed   Thumb Code     6  cmsis_os.o(.text)
    osMutexWait                              0x0803ebf3   Thumb Code   100  cmsis_os.o(.text)
    osMutexRelease                           0x0803ec57   Thumb Code    74  cmsis_os.o(.text)
    osMutexDelete                            0x0803eca1   Thumb Code    24  cmsis_os.o(.text)
    osSemaphoreCreate                        0x0803ecb9   Thumb Code    44  cmsis_os.o(.text)
    osSemaphoreWait                          0x0803ece5   Thumb Code   100  cmsis_os.o(.text)
    osSemaphoreRelease                       0x0803ed49   Thumb Code    74  cmsis_os.o(.text)
    osSemaphoreDelete                        0x0803ed93   Thumb Code    24  cmsis_os.o(.text)
    osPoolCreate                             0x0803edab   Thumb Code    94  cmsis_os.o(.text)
    osPoolAlloc                              0x0803ee09   Thumb Code   104  cmsis_os.o(.text)
    osPoolCAlloc                             0x0803ee71   Thumb Code    16  cmsis_os.o(.text)
    osPoolFree                               0x0803ee81   Thumb Code    48  cmsis_os.o(.text)
    osMessageCreate                          0x0803eeb1   Thumb Code    12  cmsis_os.o(.text)
    osMessagePut                             0x0803eebd   Thumb Code    88  cmsis_os.o(.text)
    osMessageGet                             0x0803ef15   Thumb Code   146  cmsis_os.o(.text)
    osMailCreate                             0x0803efa7   Thumb Code    90  cmsis_os.o(.text)
    osMailAlloc                              0x0803f001   Thumb Code    10  cmsis_os.o(.text)
    osMailCAlloc                             0x0803f00b   Thumb Code    32  cmsis_os.o(.text)
    osMailPut                                0x0803f02b   Thumb Code    88  cmsis_os.o(.text)
    osMailGet                                0x0803f083   Thumb Code   140  cmsis_os.o(.text)
    osMailFree                               0x0803f10f   Thumb Code    10  cmsis_os.o(.text)
    osSystickHandler                         0x0803f119   Thumb Code    20  cmsis_os.o(.text)
    osThreadSuspend                          0x0803f12d   Thumb Code    10  cmsis_os.o(.text)
    osThreadResume                           0x0803f137   Thumb Code    46  cmsis_os.o(.text)
    osThreadSuspendAll                       0x0803f165   Thumb Code    10  cmsis_os.o(.text)
    osThreadResumeAll                        0x0803f16f   Thumb Code    18  cmsis_os.o(.text)
    osDelayUntil                             0x0803f181   Thumb Code    14  cmsis_os.o(.text)
    osAbortDelay                             0x0803f18f   Thumb Code     4  cmsis_os.o(.text)
    osThreadList                             0x0803f193   Thumb Code    10  cmsis_os.o(.text)
    osMessagePeek                            0x0803f19d   Thumb Code    76  cmsis_os.o(.text)
    osMessageWaiting                         0x0803f1e9   Thumb Code    30  cmsis_os.o(.text)
    osMessageAvailableSpace                  0x0803f207   Thumb Code     4  cmsis_os.o(.text)
    osMessageDelete                          0x0803f20b   Thumb Code    24  cmsis_os.o(.text)
    osRecursiveMutexCreate                   0x0803f223   Thumb Code     6  cmsis_os.o(.text)
    osRecursiveMutexRelease                  0x0803f229   Thumb Code    18  cmsis_os.o(.text)
    osRecursiveMutexWait                     0x0803f23b   Thumb Code    42  cmsis_os.o(.text)
    osSemaphoreGetCount                      0x0803f265   Thumb Code     4  cmsis_os.o(.text)
    xEventGroupCreate                        0x0803f295   Thumb Code    26  event_groups.o(.text)
    xEventGroupSetBits                       0x0803f2af   Thumb Code   140  event_groups.o(.text)
    xEventGroupSync                          0x0803f33b   Thumb Code   194  event_groups.o(.text)
    xEventGroupWaitBits                      0x0803f3fd   Thumb Code   258  event_groups.o(.text)
    xEventGroupClearBits                     0x0803f4ff   Thumb Code    64  event_groups.o(.text)
    xEventGroupGetBitsFromISR                0x0803f53f   Thumb Code    26  event_groups.o(.text)
    vEventGroupDelete                        0x0803f559   Thumb Code    70  event_groups.o(.text)
    vEventGroupSetBitsCallback               0x0803f59f   Thumb Code     2  event_groups.o(.text)
    vEventGroupClearBitsCallback             0x0803f5a1   Thumb Code     2  event_groups.o(.text)
    uxEventGroupGetNumber                    0x0803f5a3   Thumb Code     8  event_groups.o(.text)
    vListInitialise                          0x0803f5c5   Thumb Code    22  list.o(.text)
    vListInitialiseItem                      0x0803f5db   Thumb Code     6  list.o(.text)
    vListInsertEnd                           0x0803f5e1   Thumb Code    24  list.o(.text)
    vListInsert                              0x0803f5f9   Thumb Code    48  list.o(.text)
    uxListRemove                             0x0803f629   Thumb Code    36  list.o(.text)
    xQueueGenericReset                       0x0803f64d   Thumb Code   132  queue.o(.text)
    xQueueGenericCreate                      0x0803f6d1   Thumb Code    82  queue.o(.text)
    xQueueGenericSend                        0x0803f7f7   Thumb Code   350  queue.o(.text)
    xQueueCreateMutex                        0x0803f955   Thumb Code    36  queue.o(.text)
    xQueueGiveMutexRecursive                 0x0803f979   Thumb Code    62  queue.o(.text)
    xQueueGenericReceive                     0x0803f9dd   Thumb Code   364  queue.o(.text)
    xQueueTakeMutexRecursive                 0x0803fb49   Thumb Code    68  queue.o(.text)
    xQueueCreateCountingSemaphore            0x0803fb8d   Thumb Code    58  queue.o(.text)
    xQueueGenericSendFromISR                 0x0803fbc7   Thumb Code   188  queue.o(.text)
    xQueueGiveFromISR                        0x0803fc83   Thumb Code   156  queue.o(.text)
    xQueueReceiveFromISR                     0x0803fd1f   Thumb Code   152  queue.o(.text)
    xQueuePeekFromISR                        0x0803fdb7   Thumb Code   114  queue.o(.text)
    uxQueueMessagesWaiting                   0x0803fe29   Thumb Code    36  queue.o(.text)
    uxQueueSpacesAvailable                   0x0803fe4d   Thumb Code    40  queue.o(.text)
    uxQueueMessagesWaitingFromISR            0x0803fe75   Thumb Code    22  queue.o(.text)
    vQueueUnregisterQueue                    0x0803fe8b   Thumb Code    36  queue.o(.text)
    vQueueDelete                             0x0803feaf   Thumb Code    36  queue.o(.text)
    uxQueueGetQueueNumber                    0x0803fed3   Thumb Code     4  queue.o(.text)
    vQueueSetQueueNumber                     0x0803fed7   Thumb Code     4  queue.o(.text)
    ucQueueGetQueueType                      0x0803fedb   Thumb Code     6  queue.o(.text)
    xQueueIsQueueEmptyFromISR                0x0803fee1   Thumb Code    30  queue.o(.text)
    xQueueIsQueueFullFromISR                 0x0803feff   Thumb Code    34  queue.o(.text)
    vQueueAddToRegistry                      0x0803ff21   Thumb Code    32  queue.o(.text)
    pcQueueGetName                           0x0803ff41   Thumb Code    34  queue.o(.text)
    xTaskCreate                              0x08040045   Thumb Code    86  tasks.o(.text)
    vTaskDelete                              0x0804009b   Thumb Code   158  tasks.o(.text)
    xTaskIncrementTick                       0x08040139   Thumb Code   200  tasks.o(.text)
    xTaskResumeAll                           0x08040201   Thumb Code   184  tasks.o(.text)
    vTaskSuspendAll                          0x0804031f   Thumb Code    10  tasks.o(.text)
    vTaskDelayUntil                          0x08040329   Thumb Code   148  tasks.o(.text)
    vTaskDelay                               0x080403bd   Thumb Code    66  tasks.o(.text)
    eTaskGetState                            0x080403ff   Thumb Code    94  tasks.o(.text)
    uxTaskPriorityGet                        0x0804045d   Thumb Code    24  tasks.o(.text)
    uxTaskPriorityGetFromISR                 0x08040475   Thumb Code    40  tasks.o(.text)
    vTaskPrioritySet                         0x0804049d   Thumb Code   184  tasks.o(.text)
    vTaskSwitchContext                       0x08040555   Thumb Code   108  tasks.o(.text)
    vTaskSuspend                             0x080405c1   Thumb Code   158  tasks.o(.text)
    vTaskResume                              0x0804068f   Thumb Code   114  tasks.o(.text)
    xTaskResumeFromISR                       0x08040701   Thumb Code   128  tasks.o(.text)
    vTaskStartScheduler                      0x080407ad   Thumb Code    86  tasks.o(.text)
    vTaskEndScheduler                        0x08040803   Thumb Code    26  tasks.o(.text)
    xTaskGetTickCount                        0x0804081d   Thumb Code     8  tasks.o(.text)
    xTaskGetTickCountFromISR                 0x08040825   Thumb Code    14  tasks.o(.text)
    uxTaskGetNumberOfTasks                   0x08040833   Thumb Code     8  tasks.o(.text)
    pcTaskGetName                            0x0804083b   Thumb Code    30  tasks.o(.text)
    vTaskGetInfo                             0x08040859   Thumb Code   116  tasks.o(.text)
    uxTaskGetSystemState                     0x08040921   Thumb Code   162  tasks.o(.text)
    vTaskPlaceOnEventList                    0x080409c3   Thumb Code    44  tasks.o(.text)
    vTaskPlaceOnUnorderedEventList           0x080409ef   Thumb Code    72  tasks.o(.text)
    xTaskRemoveFromEventList                 0x08040a37   Thumb Code   108  tasks.o(.text)
    xTaskRemoveFromUnorderedEventList        0x08040aa3   Thumb Code   112  tasks.o(.text)
    vTaskSetTimeOutState                     0x08040b13   Thumb Code    32  tasks.o(.text)
    xTaskCheckForTimeOut                     0x08040b33   Thumb Code   124  tasks.o(.text)
    vTaskMissedYield                         0x08040baf   Thumb Code     8  tasks.o(.text)
    uxTaskGetTaskNumber                      0x08040bb7   Thumb Code     8  tasks.o(.text)
    vTaskSetTaskNumber                       0x08040bbf   Thumb Code     8  tasks.o(.text)
    uxTaskGetStackHighWaterMark              0x08040bc7   Thumb Code    12  tasks.o(.text)
    xTaskGetCurrentTaskHandle                0x08040bd3   Thumb Code     6  tasks.o(.text)
    xTaskGetSchedulerState                   0x08040bd9   Thumb Code    22  tasks.o(.text)
    vTaskPriorityInherit                     0x08040bef   Thumb Code   124  tasks.o(.text)
    xTaskPriorityDisinherit                  0x08040c6b   Thumb Code   144  tasks.o(.text)
    vTaskList                                0x08040cfb   Thumb Code   188  tasks.o(.text)
    uxTaskResetEventItemValue                0x08040db7   Thumb Code    20  tasks.o(.text)
    pvTaskIncrementMutexHeldCount            0x08040dcb   Thumb Code    18  tasks.o(.text)
    ulTaskNotifyTake                         0x08040ddd   Thumb Code    96  tasks.o(.text)
    xTaskNotifyWait                          0x08040e3d   Thumb Code   128  tasks.o(.text)
    xTaskGenericNotify                       0x08040ebd   Thumb Code   188  tasks.o(.text)
    xTaskGenericNotifyFromISR                0x08040f79   Thumb Code   258  tasks.o(.text)
    vTaskNotifyGiveFromISR                   0x0804107b   Thumb Code   172  tasks.o(.text)
    xTaskNotifyStateClear                    0x08041127   Thumb Code    44  tasks.o(.text)
    pvPortMalloc                             0x080412cd   Thumb Code   210  heap_4.o(.text)
    vPortFree                                0x0804139f   Thumb Code    90  heap_4.o(.text)
    xPortGetFreeHeapSize                     0x080413f9   Thumb Code     8  heap_4.o(.text)
    xPortGetMinimumEverFreeHeapSize          0x08041401   Thumb Code     8  heap_4.o(.text)
    vPortInitialiseBlocks                    0x08041409   Thumb Code     2  heap_4.o(.text)
    pxPortInitialiseStack                    0x08041479   Thumb Code    32  port.o(.text)
    vPortSetupTimerInterrupt                 0x08041499   Thumb Code    26  port.o(.text)
    xPortStartScheduler                      0x080414b3   Thumb Code   108  port.o(.text)
    vPortEndScheduler                        0x0804151f   Thumb Code    28  port.o(.text)
    vPortEnterCritical                       0x0804153b   Thumb Code    56  port.o(.text)
    vPortExitCritical                        0x08041573   Thumb Code    34  port.o(.text)
    xPortSysTickHandler                      0x08041595   Thumb Code    40  port.o(.text)
    vPortValidateInterruptPriority           0x080415bd   Thumb Code    76  port.o(.text)
    SystemInit                               0x080416bd   Thumb Code    64  system_stm32f10x.o(.text)
    SystemCoreClockUpdate                    0x080416fd   Thumb Code    86  system_stm32f10x.o(.text)
    NVIC_PriorityGroupConfig                 0x08041775   Thumb Code    10  misc.o(.text)
    NVIC_Init                                0x0804177f   Thumb Code    94  misc.o(.text)
    NVIC_SetVectorTable                      0x080417dd   Thumb Code    14  misc.o(.text)
    NVIC_SystemLPConfig                      0x080417eb   Thumb Code    20  misc.o(.text)
    SysTick_CLKSourceConfig                  0x080417ff   Thumb Code    24  misc.o(.text)
    DMA_DeInit                               0x08041825   Thumb Code   218  stm32f10x_dma.o(.text)
    DMA_Init                                 0x080418ff   Thumb Code    58  stm32f10x_dma.o(.text)
    DMA_StructInit                           0x08041939   Thumb Code    26  stm32f10x_dma.o(.text)
    DMA_Cmd                                  0x08041953   Thumb Code    22  stm32f10x_dma.o(.text)
    DMA_ITConfig                             0x08041969   Thumb Code    16  stm32f10x_dma.o(.text)
    DMA_SetCurrDataCounter                   0x08041979   Thumb Code     4  stm32f10x_dma.o(.text)
    DMA_GetCurrDataCounter                   0x0804197d   Thumb Code     6  stm32f10x_dma.o(.text)
    DMA_GetFlagStatus                        0x08041983   Thumb Code    28  stm32f10x_dma.o(.text)
    DMA_ClearFlag                            0x0804199f   Thumb Code    20  stm32f10x_dma.o(.text)
    DMA_GetITStatus                          0x080419b3   Thumb Code    28  stm32f10x_dma.o(.text)
    DMA_ClearITPendingBit                    0x080419cf   Thumb Code    20  stm32f10x_dma.o(.text)
    EXTI_DeInit                              0x080419ed   Thumb Code    28  stm32f10x_exti.o(.text)
    EXTI_Init                                0x08041a09   Thumb Code   108  stm32f10x_exti.o(.text)
    EXTI_StructInit                          0x08041a75   Thumb Code    14  stm32f10x_exti.o(.text)
    EXTI_GenerateSWInterrupt                 0x08041a83   Thumb Code    12  stm32f10x_exti.o(.text)
    EXTI_GetFlagStatus                       0x08041a8f   Thumb Code    18  stm32f10x_exti.o(.text)
    EXTI_ClearFlag                           0x08041aa1   Thumb Code     8  stm32f10x_exti.o(.text)
    EXTI_GetITStatus                         0x08041aa9   Thumb Code    28  stm32f10x_exti.o(.text)
    EXTI_ClearITPendingBit                   0x08041ac5   Thumb Code     8  stm32f10x_exti.o(.text)
    GPIO_DeInit                              0x08041ad5   Thumb Code   152  stm32f10x_gpio.o(.text)
    GPIO_AFIODeInit                          0x08041b6d   Thumb Code    22  stm32f10x_gpio.o(.text)
    GPIO_Init                                0x08041b83   Thumb Code   156  stm32f10x_gpio.o(.text)
    GPIO_StructInit                          0x08041c1f   Thumb Code    16  stm32f10x_gpio.o(.text)
    GPIO_ReadInputDataBit                    0x08041c2f   Thumb Code    14  stm32f10x_gpio.o(.text)
    GPIO_ReadInputData                       0x08041c3d   Thumb Code     6  stm32f10x_gpio.o(.text)
    GPIO_ReadOutputDataBit                   0x08041c43   Thumb Code    14  stm32f10x_gpio.o(.text)
    GPIO_ReadOutputData                      0x08041c51   Thumb Code     6  stm32f10x_gpio.o(.text)
    GPIO_SetBits                             0x08041c57   Thumb Code     4  stm32f10x_gpio.o(.text)
    GPIO_ResetBits                           0x08041c5b   Thumb Code     4  stm32f10x_gpio.o(.text)
    GPIO_WriteBit                            0x08041c5f   Thumb Code    10  stm32f10x_gpio.o(.text)
    GPIO_Write                               0x08041c69   Thumb Code     4  stm32f10x_gpio.o(.text)
    GPIO_PinLockConfig                       0x08041c6d   Thumb Code    16  stm32f10x_gpio.o(.text)
    GPIO_EventOutputConfig                   0x08041c7d   Thumb Code    22  stm32f10x_gpio.o(.text)
    GPIO_EventOutputCmd                      0x08041c93   Thumb Code     6  stm32f10x_gpio.o(.text)
    GPIO_PinRemapConfig                      0x08041c99   Thumb Code    82  stm32f10x_gpio.o(.text)
    GPIO_EXTILineConfig                      0x08041ceb   Thumb Code    34  stm32f10x_gpio.o(.text)
    GPIO_ETH_MediaInterfaceConfig            0x08041d0d   Thumb Code     8  stm32f10x_gpio.o(.text)
    RCC_DeInit                               0x08041d39   Thumb Code    50  stm32f10x_rcc.o(.text)
    RCC_HSEConfig                            0x08041d6b   Thumb Code    48  stm32f10x_rcc.o(.text)
    RCC_GetFlagStatus                        0x08041d9b   Thumb Code    42  stm32f10x_rcc.o(.text)
    RCC_WaitForHSEStartUp                    0x08041dc5   Thumb Code    44  stm32f10x_rcc.o(.text)
    RCC_AdjustHSICalibrationValue            0x08041df1   Thumb Code    16  stm32f10x_rcc.o(.text)
    RCC_HSICmd                               0x08041e01   Thumb Code     6  stm32f10x_rcc.o(.text)
    RCC_PLLConfig                            0x08041e07   Thumb Code    16  stm32f10x_rcc.o(.text)
    RCC_PLLCmd                               0x08041e17   Thumb Code     6  stm32f10x_rcc.o(.text)
    RCC_SYSCLKConfig                         0x08041e1d   Thumb Code    14  stm32f10x_rcc.o(.text)
    RCC_GetSYSCLKSource                      0x08041e2b   Thumb Code    10  stm32f10x_rcc.o(.text)
    RCC_HCLKConfig                           0x08041e35   Thumb Code    14  stm32f10x_rcc.o(.text)
    RCC_PCLK1Config                          0x08041e43   Thumb Code    14  stm32f10x_rcc.o(.text)
    RCC_PCLK2Config                          0x08041e51   Thumb Code    16  stm32f10x_rcc.o(.text)
    RCC_ITConfig                             0x08041e61   Thumb Code    18  stm32f10x_rcc.o(.text)
    RCC_USBCLKConfig                         0x08041e73   Thumb Code     8  stm32f10x_rcc.o(.text)
    RCC_ADCCLKConfig                         0x08041e7b   Thumb Code    14  stm32f10x_rcc.o(.text)
    RCC_LSEConfig                            0x08041e89   Thumb Code    28  stm32f10x_rcc.o(.text)
    RCC_LSICmd                               0x08041ea5   Thumb Code     6  stm32f10x_rcc.o(.text)
    RCC_RTCCLKConfig                         0x08041eab   Thumb Code    10  stm32f10x_rcc.o(.text)
    RCC_RTCCLKCmd                            0x08041eb5   Thumb Code     8  stm32f10x_rcc.o(.text)
    RCC_GetClocksFreq                        0x08041ebd   Thumb Code   132  stm32f10x_rcc.o(.text)
    RCC_AHBPeriphClockCmd                    0x08041f41   Thumb Code    18  stm32f10x_rcc.o(.text)
    RCC_APB2PeriphClockCmd                   0x08041f53   Thumb Code    18  stm32f10x_rcc.o(.text)
    RCC_APB1PeriphClockCmd                   0x08041f65   Thumb Code    18  stm32f10x_rcc.o(.text)
    RCC_APB2PeriphResetCmd                   0x08041f77   Thumb Code    18  stm32f10x_rcc.o(.text)
    RCC_APB1PeriphResetCmd                   0x08041f89   Thumb Code    18  stm32f10x_rcc.o(.text)
    RCC_BackupResetCmd                       0x08041f9b   Thumb Code     8  stm32f10x_rcc.o(.text)
    RCC_ClockSecuritySystemCmd               0x08041fa3   Thumb Code     6  stm32f10x_rcc.o(.text)
    RCC_MCOConfig                            0x08041fa9   Thumb Code     6  stm32f10x_rcc.o(.text)
    RCC_ClearFlag                            0x08041faf   Thumb Code    12  stm32f10x_rcc.o(.text)
    RCC_GetITStatus                          0x08041fbb   Thumb Code    16  stm32f10x_rcc.o(.text)
    RCC_ClearITPendingBit                    0x08041fcb   Thumb Code     6  stm32f10x_rcc.o(.text)
    SDIO_DeInit                              0x08041ff1   Thumb Code    26  stm32f10x_sdio.o(.text)
    SDIO_Init                                0x0804200b   Thumb Code    40  stm32f10x_sdio.o(.text)
    SDIO_StructInit                          0x08042033   Thumb Code    16  stm32f10x_sdio.o(.text)
    SDIO_ClockCmd                            0x08042043   Thumb Code     8  stm32f10x_sdio.o(.text)
    SDIO_SetPowerState                       0x0804204b   Thumb Code    18  stm32f10x_sdio.o(.text)
    SDIO_GetPowerState                       0x0804205d   Thumb Code    10  stm32f10x_sdio.o(.text)
    SDIO_ITConfig                            0x08042067   Thumb Code    18  stm32f10x_sdio.o(.text)
    SDIO_DMACmd                              0x08042079   Thumb Code     6  stm32f10x_sdio.o(.text)
    SDIO_SendCommand                         0x0804207f   Thumb Code    34  stm32f10x_sdio.o(.text)
    SDIO_CmdStructInit                       0x080420a1   Thumb Code    14  stm32f10x_sdio.o(.text)
    SDIO_GetCommandResponse                  0x080420af   Thumb Code     8  stm32f10x_sdio.o(.text)
    SDIO_GetResponse                         0x080420b7   Thumb Code    14  stm32f10x_sdio.o(.text)
    SDIO_DataConfig                          0x080420c5   Thumb Code    38  stm32f10x_sdio.o(.text)
    SDIO_DataStructInit                      0x080420eb   Thumb Code    20  stm32f10x_sdio.o(.text)
    SDIO_GetDataCounter                      0x080420ff   Thumb Code     6  stm32f10x_sdio.o(.text)
    SDIO_ReadData                            0x08042105   Thumb Code     8  stm32f10x_sdio.o(.text)
    SDIO_WriteData                           0x0804210d   Thumb Code     8  stm32f10x_sdio.o(.text)
    SDIO_GetFIFOCount                        0x08042115   Thumb Code     6  stm32f10x_sdio.o(.text)
    SDIO_StartSDIOReadWait                   0x0804211b   Thumb Code     8  stm32f10x_sdio.o(.text)
    SDIO_StopSDIOReadWait                    0x08042123   Thumb Code     8  stm32f10x_sdio.o(.text)
    SDIO_SetSDIOReadWaitMode                 0x0804212b   Thumb Code     8  stm32f10x_sdio.o(.text)
    SDIO_SetSDIOOperation                    0x08042133   Thumb Code     8  stm32f10x_sdio.o(.text)
    SDIO_SendSDIOSuspendCmd                  0x0804213b   Thumb Code     8  stm32f10x_sdio.o(.text)
    SDIO_CommandCompletionCmd                0x08042143   Thumb Code     8  stm32f10x_sdio.o(.text)
    SDIO_CEATAITCmd                          0x0804214b   Thumb Code    12  stm32f10x_sdio.o(.text)
    SDIO_SendCEATACmd                        0x08042157   Thumb Code     8  stm32f10x_sdio.o(.text)
    SDIO_GetFlagStatus                       0x0804215f   Thumb Code    16  stm32f10x_sdio.o(.text)
    SDIO_ClearFlag                           0x0804216f   Thumb Code     6  stm32f10x_sdio.o(.text)
    SDIO_GetITStatus                         0x08042175   Thumb Code    16  stm32f10x_sdio.o(.text)
    SDIO_ClearITPendingBit                   0x08042185   Thumb Code     6  stm32f10x_sdio.o(.text)
    TIM_DeInit                               0x0804219d   Thumb Code   304  stm32f10x_tim.o(.text)
    TIM_TimeBaseInit                         0x080422cd   Thumb Code   114  stm32f10x_tim.o(.text)
    TIM_OC1Init                              0x0804233f   Thumb Code   106  stm32f10x_tim.o(.text)
    TIM_OC2Init                              0x080423a9   Thumb Code   120  stm32f10x_tim.o(.text)
    TIM_OC3Init                              0x08042421   Thumb Code   116  stm32f10x_tim.o(.text)
    TIM_OC4Init                              0x08042495   Thumb Code    90  stm32f10x_tim.o(.text)
    TIM_SetIC4Prescaler                      0x080424ef   Thumb Code    24  stm32f10x_tim.o(.text)
    TIM_SetIC3Prescaler                      0x08042507   Thumb Code    16  stm32f10x_tim.o(.text)
    TIM_SetIC2Prescaler                      0x08042517   Thumb Code    24  stm32f10x_tim.o(.text)
    TIM_SetIC1Prescaler                      0x080425d5   Thumb Code    16  stm32f10x_tim.o(.text)
    TIM_ICInit                               0x0804263d   Thumb Code   270  stm32f10x_tim.o(.text)
    TIM_PWMIConfig                           0x0804274b   Thumb Code   104  stm32f10x_tim.o(.text)
    TIM_BDTRConfig                           0x080427b3   Thumb Code    34  stm32f10x_tim.o(.text)
    TIM_TimeBaseStructInit                   0x080427d5   Thumb Code    18  stm32f10x_tim.o(.text)
    TIM_OCStructInit                         0x080427e7   Thumb Code    20  stm32f10x_tim.o(.text)
    TIM_ICStructInit                         0x080427fb   Thumb Code    16  stm32f10x_tim.o(.text)
    TIM_BDTRStructInit                       0x0804280b   Thumb Code    18  stm32f10x_tim.o(.text)
    TIM_Cmd                                  0x0804281d   Thumb Code    20  stm32f10x_tim.o(.text)
    TIM_CtrlPWMOutputs                       0x08042831   Thumb Code    22  stm32f10x_tim.o(.text)
    TIM_ITConfig                             0x08042847   Thumb Code    16  stm32f10x_tim.o(.text)
    TIM_GenerateEvent                        0x08042857   Thumb Code     4  stm32f10x_tim.o(.text)
    TIM_DMAConfig                            0x0804285b   Thumb Code     8  stm32f10x_tim.o(.text)
    TIM_DMACmd                               0x08042863   Thumb Code    16  stm32f10x_tim.o(.text)
    TIM_InternalClockConfig                  0x08042873   Thumb Code    10  stm32f10x_tim.o(.text)
    TIM_SelectInputTrigger                   0x0804287d   Thumb Code    12  stm32f10x_tim.o(.text)
    TIM_ITRxExternalClockConfig              0x08042889   Thumb Code    18  stm32f10x_tim.o(.text)
    TIM_TIxExternalClockConfig               0x0804289b   Thumb Code    46  stm32f10x_tim.o(.text)
    TIM_ETRConfig                            0x080428c9   Thumb Code    24  stm32f10x_tim.o(.text)
    TIM_ETRClockMode1Config                  0x080428e1   Thumb Code    18  stm32f10x_tim.o(.text)
    TIM_ETRClockMode2Config                  0x080428f3   Thumb Code    18  stm32f10x_tim.o(.text)
    TIM_PrescalerConfig                      0x08042905   Thumb Code     6  stm32f10x_tim.o(.text)
    TIM_CounterModeConfig                    0x0804290b   Thumb Code    12  stm32f10x_tim.o(.text)
    TIM_EncoderInterfaceConfig               0x08042917   Thumb Code    50  stm32f10x_tim.o(.text)
    TIM_ForcedOC1Config                      0x08042949   Thumb Code    12  stm32f10x_tim.o(.text)
    TIM_ForcedOC2Config                      0x08042955   Thumb Code    20  stm32f10x_tim.o(.text)
    TIM_ForcedOC3Config                      0x08042969   Thumb Code    12  stm32f10x_tim.o(.text)
    TIM_ForcedOC4Config                      0x08042975   Thumb Code    20  stm32f10x_tim.o(.text)
    TIM_ARRPreloadConfig                     0x08042989   Thumb Code    20  stm32f10x_tim.o(.text)
    TIM_SelectCOM                            0x0804299d   Thumb Code    20  stm32f10x_tim.o(.text)
    TIM_SelectCCDMA                          0x080429b1   Thumb Code    20  stm32f10x_tim.o(.text)
    TIM_CCPreloadControl                     0x080429c5   Thumb Code    20  stm32f10x_tim.o(.text)
    TIM_OC1PreloadConfig                     0x080429d9   Thumb Code    32  stm32f10x_tim.o(.text)
    TIM_OC2PreloadConfig                     0x080429f9   Thumb Code    20  stm32f10x_tim.o(.text)
    TIM_OC3PreloadConfig                     0x08042a0d   Thumb Code    12  stm32f10x_tim.o(.text)
    TIM_OC4PreloadConfig                     0x08042a19   Thumb Code    20  stm32f10x_tim.o(.text)
    TIM_OC1FastConfig                        0x08042a2d   Thumb Code    12  stm32f10x_tim.o(.text)
    TIM_OC2FastConfig                        0x08042a39   Thumb Code    20  stm32f10x_tim.o(.text)
    TIM_OC3FastConfig                        0x08042a4d   Thumb Code    12  stm32f10x_tim.o(.text)
    TIM_OC4FastConfig                        0x08042a59   Thumb Code    20  stm32f10x_tim.o(.text)
    TIM_ClearOC1Ref                          0x08042a6d   Thumb Code    12  stm32f10x_tim.o(.text)
    TIM_ClearOC2Ref                          0x08042a79   Thumb Code    20  stm32f10x_tim.o(.text)
    TIM_ClearOC3Ref                          0x08042a8d   Thumb Code    12  stm32f10x_tim.o(.text)
    TIM_ClearOC4Ref                          0x08042a99   Thumb Code    20  stm32f10x_tim.o(.text)
    TIM_OC1PolarityConfig                    0x08042aad   Thumb Code    12  stm32f10x_tim.o(.text)
    TIM_OC1NPolarityConfig                   0x08042ab9   Thumb Code    12  stm32f10x_tim.o(.text)
    TIM_OC2PolarityConfig                    0x08042ac5   Thumb Code    20  stm32f10x_tim.o(.text)
    TIM_OC2NPolarityConfig                   0x08042ad9   Thumb Code    20  stm32f10x_tim.o(.text)
    TIM_OC3PolarityConfig                    0x08042aed   Thumb Code    20  stm32f10x_tim.o(.text)
    TIM_OC3NPolarityConfig                   0x08042b01   Thumb Code    20  stm32f10x_tim.o(.text)
    TIM_OC4PolarityConfig                    0x08042b15   Thumb Code    20  stm32f10x_tim.o(.text)
    TIM_CCxCmd                               0x08042b29   Thumb Code    22  stm32f10x_tim.o(.text)
    TIM_CCxNCmd                              0x08042b3f   Thumb Code    22  stm32f10x_tim.o(.text)
    TIM_SelectOCxM                           0x08042b55   Thumb Code    70  stm32f10x_tim.o(.text)
    TIM_UpdateDisableConfig                  0x08042b9b   Thumb Code    20  stm32f10x_tim.o(.text)
    TIM_UpdateRequestConfig                  0x08042baf   Thumb Code    20  stm32f10x_tim.o(.text)
    TIM_SelectHallSensor                     0x08042bc3   Thumb Code    20  stm32f10x_tim.o(.text)
    TIM_SelectOnePulseMode                   0x08042bd7   Thumb Code    16  stm32f10x_tim.o(.text)
    TIM_SelectOutputTrigger                  0x08042be7   Thumb Code    16  stm32f10x_tim.o(.text)
    TIM_SelectSlaveMode                      0x08042bf7   Thumb Code    16  stm32f10x_tim.o(.text)
    TIM_SelectMasterSlaveMode                0x08042c07   Thumb Code    16  stm32f10x_tim.o(.text)
    TIM_SetCounter                           0x08042c17   Thumb Code     4  stm32f10x_tim.o(.text)
    TIM_SetAutoreload                        0x08042c1b   Thumb Code     4  stm32f10x_tim.o(.text)
    TIM_SetCompare1                          0x08042c1f   Thumb Code     4  stm32f10x_tim.o(.text)
    TIM_SetCompare2                          0x08042c23   Thumb Code     4  stm32f10x_tim.o(.text)
    TIM_SetCompare3                          0x08042c27   Thumb Code     4  stm32f10x_tim.o(.text)
    TIM_SetCompare4                          0x08042c2b   Thumb Code     6  stm32f10x_tim.o(.text)
    TIM_SetClockDivision                     0x08042c31   Thumb Code    16  stm32f10x_tim.o(.text)
    TIM_GetCapture1                          0x08042c41   Thumb Code     4  stm32f10x_tim.o(.text)
    TIM_GetCapture2                          0x08042c45   Thumb Code     4  stm32f10x_tim.o(.text)
    TIM_GetCapture3                          0x08042c49   Thumb Code     4  stm32f10x_tim.o(.text)
    TIM_GetCapture4                          0x08042c4d   Thumb Code     6  stm32f10x_tim.o(.text)
    TIM_GetCounter                           0x08042c53   Thumb Code     4  stm32f10x_tim.o(.text)
    TIM_GetPrescaler                         0x08042c57   Thumb Code     4  stm32f10x_tim.o(.text)
    TIM_GetFlagStatus                        0x08042c5b   Thumb Code    14  stm32f10x_tim.o(.text)
    TIM_ClearFlag                            0x08042c69   Thumb Code     6  stm32f10x_tim.o(.text)
    TIM_GetITStatus                          0x08042c6f   Thumb Code    24  stm32f10x_tim.o(.text)
    TIM_ClearITPendingBit                    0x08042c87   Thumb Code     6  stm32f10x_tim.o(.text)
    USART_DeInit                             0x08042c8d   Thumb Code    96  stm32f10x_usart.o(.text)
    USART_Init                               0x08042ced   Thumb Code   166  stm32f10x_usart.o(.text)
    USART_StructInit                         0x08042d93   Thumb Code    22  stm32f10x_usart.o(.text)
    USART_ClockInit                          0x08042da9   Thumb Code    30  stm32f10x_usart.o(.text)
    USART_ClockStructInit                    0x08042dc7   Thumb Code    12  stm32f10x_usart.o(.text)
    USART_Cmd                                0x08042dd3   Thumb Code    20  stm32f10x_usart.o(.text)
    USART_ITConfig                           0x08042de7   Thumb Code    48  stm32f10x_usart.o(.text)
    USART_DMACmd                             0x08042e17   Thumb Code    16  stm32f10x_usart.o(.text)
    USART_SetAddress                         0x08042e27   Thumb Code    16  stm32f10x_usart.o(.text)
    USART_WakeUpConfig                       0x08042e37   Thumb Code    16  stm32f10x_usart.o(.text)
    USART_ReceiverWakeUpCmd                  0x08042e47   Thumb Code    20  stm32f10x_usart.o(.text)
    USART_LINBreakDetectLengthConfig         0x08042e5b   Thumb Code    16  stm32f10x_usart.o(.text)
    USART_LINCmd                             0x08042e6b   Thumb Code    20  stm32f10x_usart.o(.text)
    USART_SendData                           0x08042e7f   Thumb Code     8  stm32f10x_usart.o(.text)
    USART_ReceiveData                        0x08042e87   Thumb Code     8  stm32f10x_usart.o(.text)
    USART_SendBreak                          0x08042e8f   Thumb Code    10  stm32f10x_usart.o(.text)
    USART_SetGuardTime                       0x08042e99   Thumb Code    16  stm32f10x_usart.o(.text)
    USART_SetPrescaler                       0x08042ea9   Thumb Code    16  stm32f10x_usart.o(.text)
    USART_SmartCardCmd                       0x08042eb9   Thumb Code    20  stm32f10x_usart.o(.text)
    USART_SmartCardNACKCmd                   0x08042ecd   Thumb Code    20  stm32f10x_usart.o(.text)
    USART_HalfDuplexCmd                      0x08042ee1   Thumb Code    20  stm32f10x_usart.o(.text)
    USART_OverSampling8Cmd                   0x08042ef5   Thumb Code    20  stm32f10x_usart.o(.text)
    USART_OneBitMethodCmd                    0x08042f09   Thumb Code    20  stm32f10x_usart.o(.text)
    USART_IrDAConfig                         0x08042f1d   Thumb Code    16  stm32f10x_usart.o(.text)
    USART_IrDACmd                            0x08042f2d   Thumb Code    20  stm32f10x_usart.o(.text)
    USART_GetFlagStatus                      0x08042f41   Thumb Code    14  stm32f10x_usart.o(.text)
    USART_ClearFlag                          0x08042f4f   Thumb Code     6  stm32f10x_usart.o(.text)
    USART_GetITStatus                        0x08042f55   Thumb Code    62  stm32f10x_usart.o(.text)
    USART_ClearITPendingBit                  0x08042f93   Thumb Code    12  stm32f10x_usart.o(.text)
    disk_status                              0x08042fb5   Thumb Code    12  diskio.o(.text)
    disk_initialize                          0x08042fc1   Thumb Code    18  diskio.o(.text)
    disk_read                                0x08042fd3   Thumb Code   122  diskio.o(.text)
    disk_write                               0x0804304d   Thumb Code   118  diskio.o(.text)
    disk_ioctl                               0x080430c3   Thumb Code    54  diskio.o(.text)
    get_fattime                              0x080430f9   Thumb Code     4  diskio.o(.text)
    clust2sect                               0x08043239   Thumb Code    24  ff.o(.text)
    get_fat                                  0x08043251   Thumb Code   230  ff.o(.text)
    put_fat                                  0x08043337   Thumb Code   288  ff.o(.text)
    f_mount                                  0x080440e1   Thumb Code    74  ff.o(.text)
    f_open                                   0x0804412b   Thumb Code   328  ff.o(.text)
    f_read                                   0x08044273   Thumb Code   350  ff.o(.text)
    f_write                                  0x080443d1   Thumb Code   416  ff.o(.text)
    f_sync                                   0x08044571   Thumb Code   152  ff.o(.text)
    f_close                                  0x08044609   Thumb Code    28  ff.o(.text)
    f_lseek                                  0x08044625   Thumb Code   324  ff.o(.text)
    f_opendir                                0x08044769   Thumb Code   104  ff.o(.text)
    f_closedir                               0x080447d1   Thumb Code    18  ff.o(.text)
    f_readdir                                0x080447e3   Thumb Code    90  ff.o(.text)
    f_stat                                   0x0804483d   Thumb Code    68  ff.o(.text)
    f_getfree                                0x08044881   Thumb Code   190  ff.o(.text)
    f_truncate                               0x0804493f   Thumb Code   176  ff.o(.text)
    f_unlink                                 0x080449ef   Thumb Code   156  ff.o(.text)
    f_mkdir                                  0x08044a8b   Thumb Code   362  ff.o(.text)
    f_chmod                                  0x08044bf5   Thumb Code    84  ff.o(.text)
    f_rename                                 0x08044c49   Thumb Code   248  ff.o(.text)
    f_utime                                  0x08044d41   Thumb Code    88  ff.o(.text)
    f_mkfs                                   0x08044d99   Thumb Code  1382  ff.o(.text)
    f_gets                                   0x080452ff   Thumb Code    68  ff.o(.text)
    f_putc                                   0x0804537d   Thumb Code    60  ff.o(.text)
    f_puts                                   0x080453b9   Thumb Code    70  ff.o(.text)
    f_printf                                 0x080453ff   Thumb Code   490  ff.o(.text)
    ff_convert                               0x08045759   Thumb Code    68  cc936.o(.text)
    ff_wtoupper                              0x0804579d   Thumb Code    70  cc936.o(.text)
    __aeabi_uldivmod                         0x080457f5   Thumb Code    98  uldiv.o(.text)
    _localtime                               0x08045859   Thumb Code     0  localtime_r.o(.text)
    localtime_r                              0x08045859   Thumb Code   134  localtime_r.o(.text)
    mktime                                   0x080458e5   Thumb Code   150  mktime.o(.text)
    __aeabi_memcpy                           0x0804598d   Thumb Code    36  memcpya.o(.text)
    __aeabi_memcpy4                          0x0804598d   Thumb Code     0  memcpya.o(.text)
    __aeabi_memcpy8                          0x0804598d   Thumb Code     0  memcpya.o(.text)
    __aeabi_memset                           0x080459b1   Thumb Code    14  memseta.o(.text)
    __aeabi_memset4                          0x080459b1   Thumb Code     0  memseta.o(.text)
    __aeabi_memset8                          0x080459b1   Thumb Code     0  memseta.o(.text)
    __aeabi_memclr                           0x080459bf   Thumb Code     4  memseta.o(.text)
    __aeabi_memclr4                          0x080459bf   Thumb Code     0  memseta.o(.text)
    __aeabi_memclr8                          0x080459bf   Thumb Code     0  memseta.o(.text)
    _memset$wrapper                          0x080459c3   Thumb Code    18  memseta.o(.text)
    strncpy                                  0x080459d5   Thumb Code    24  strncpy.o(.text)
    strlen                                   0x080459ed   Thumb Code    14  strlen.o(.text)
    strcmp                                   0x080459fb   Thumb Code    28  strcmp.o(.text)
    strcpy                                   0x08045a17   Thumb Code    18  strcpy.o(.text)
    atoi                                     0x08045a29   Thumb Code    26  atoi.o(.text)
    __aeabi_fmul                             0x08045a43   Thumb Code   100  fmul.o(.text)
    __aeabi_dadd                             0x08045aa7   Thumb Code   322  dadd.o(.text)
    __aeabi_dsub                             0x08045be9   Thumb Code     6  dadd.o(.text)
    __aeabi_drsub                            0x08045bef   Thumb Code     6  dadd.o(.text)
    __aeabi_dmul                             0x08045bf5   Thumb Code   228  dmul.o(.text)
    __aeabi_ddiv                             0x08045cd9   Thumb Code   222  ddiv.o(.text)
    __aeabi_i2d                              0x08045db7   Thumb Code    34  dflti.o(.text)
    __aeabi_ui2d                             0x08045dd9   Thumb Code    26  dfltui.o(.text)
    __aeabi_f2iz                             0x08045df3   Thumb Code    50  ffixi.o(.text)
    __aeabi_d2iz                             0x08045e25   Thumb Code    62  dfixi.o(.text)
    __aeabi_d2uiz                            0x08045e63   Thumb Code    50  dfixui.o(.text)
    __aeabi_cdcmpeq                          0x08045e95   Thumb Code     0  cdcmple.o(.text)
    __aeabi_cdcmple                          0x08045e95   Thumb Code    48  cdcmple.o(.text)
    __aeabi_d2f                              0x08045ec5   Thumb Code    56  d2f.o(.text)
    __aeabi_uidiv                            0x08045efd   Thumb Code     0  uidiv.o(.text)
    __aeabi_uidivmod                         0x08045efd   Thumb Code    44  uidiv.o(.text)
    __aeabi_llsl                             0x08045f29   Thumb Code    30  llshl.o(.text)
    _ll_shift_l                              0x08045f29   Thumb Code     0  llshl.o(.text)
    __aeabi_llsr                             0x08045f47   Thumb Code    32  llushr.o(.text)
    _ll_ushift_r                             0x08045f47   Thumb Code     0  llushr.o(.text)
    __aeabi_lasr                             0x08045f67   Thumb Code    36  llsshr.o(.text)
    _ll_sshift_r                             0x08045f67   Thumb Code     0  llsshr.o(.text)
    strtol                                   0x08045f8b   Thumb Code   112  strtol.o(.text)
    __I$use$fp                               0x08045ffb   Thumb Code     0  iusefp.o(.text)
    _float_round                             0x08045ffb   Thumb Code    18  fepilogue.o(.text)
    _float_epilogue                          0x0804600d   Thumb Code    92  fepilogue.o(.text)
    _double_round                            0x08046069   Thumb Code    30  depilogue.o(.text)
    _double_epilogue                         0x08046087   Thumb Code   156  depilogue.o(.text)
    __aeabi_d2ulz                            0x08046123   Thumb Code    48  dfixul.o(.text)
    __aeabi_cdrcmple                         0x08046155   Thumb Code    48  cdrcmple.o(.text)
    __scatterload                            0x08046185   Thumb Code    28  init.o(.text)
    __scatterload_rt2                        0x08046185   Thumb Code     0  init.o(.text)
    __rt_ctype_table                         0x080461a9   Thumb Code     4  ctype_o.o(.text)
    _strtoul                                 0x080461b1   Thumb Code   158  _strtoul.o(.text)
    _chval                                   0x0804624f   Thumb Code    28  _chval.o(.text)
    __decompress                             0x0804626b   Thumb Code     0  __dczerorl2.o(.text)
    __decompress1                            0x0804626b   Thumb Code    86  __dczerorl2.o(.text)
    __0sprintf                               0x080462c1   Thumb Code    34  printfa.o(i.__0sprintf)
    __1sprintf                               0x080462c1   Thumb Code     0  printfa.o(i.__0sprintf)
    __2sprintf                               0x080462c1   Thumb Code     0  printfa.o(i.__0sprintf)
    __c89sprintf                             0x080462c1   Thumb Code     0  printfa.o(i.__0sprintf)
    sprintf                                  0x080462c1   Thumb Code     0  printfa.o(i.__0sprintf)
    __0vsnprintf                             0x080462e9   Thumb Code    40  printfa.o(i.__0vsnprintf)
    __1vsnprintf                             0x080462e9   Thumb Code     0  printfa.o(i.__0vsnprintf)
    __2vsnprintf                             0x080462e9   Thumb Code     0  printfa.o(i.__0vsnprintf)
    __c89vsnprintf                           0x080462e9   Thumb Code     0  printfa.o(i.__0vsnprintf)
    vsnprintf                                0x080462e9   Thumb Code     0  printfa.o(i.__0vsnprintf)
    __aeabi_errno_addr                       0x08046315   Thumb Code     4  errno.o(i.__aeabi_errno_addr)
    __rt_errno_addr                          0x08046315   Thumb Code     0  errno.o(i.__aeabi_errno_addr)
    __scatterload_copy                       0x0804631d   Thumb Code    14  handlers.o(i.__scatterload_copy)
    __scatterload_null                       0x0804632b   Thumb Code     2  handlers.o(i.__scatterload_null)
    __scatterload_zeroinit                   0x0804632d   Thumb Code    14  handlers.o(i.__scatterload_zeroinit)
    os_messageQ_def_SendMessageQ             0x08046c3c   Data           8  main.o(.constdata)
    os_messageQ_def_oledShowMessageQ         0x08046c44   Data           8  main.o(.constdata)
    os_thread_def_APP_TASKCREATE1            0x08046c4c   Data          20  main.o(.constdata)
    os_thread_def_OLED_TASK1                 0x08046c60   Data          20  main.o(.constdata)
    os_thread_def_KEY_TASK1                  0x08046c74   Data          20  main.o(.constdata)
    os_thread_def_CAM_TASK1                  0x08046c88   Data          20  main.o(.constdata)
    os_thread_def_RGB_TASK1                  0x08046c9c   Data          20  main.o(.constdata)
    os_thread_def_RUNINIT_TASK1              0x08046cb0   Data          20  main.o(.constdata)
    os_thread_def_Cam_status_update_TASK1    0x08046cc4   Data          20  main.o(.constdata)
    os_thread_def_TRIGGER_TASK1              0x08046cd8   Data          20  main.o(.constdata)
    os_thread_def_FAN_TASK1                  0x08046cec   Data          20  main.o(.constdata)
    os_thread_def_TEMP_TASK1                 0x08046d00   Data          20  main.o(.constdata)
    os_thread_def_SJ_TASK1                   0x08046d14   Data          20  main.o(.constdata)
    os_thread_def_n_psdkRecTask              0x08046d28   Data          20  main.o(.constdata)
    os_thread_def_n_psdkTestTask             0x08046d3c   Data          20  main.o(.constdata)
    os_thread_def_PPS_TASK1                  0x08046d50   Data          20  main.o(.constdata)
    g_TestWidgetCount                        0x08046fd4   Data           1  test_app_func.o(.constdata)
    g_PushDataMsgCallbackList                0x0804700c   Data          48  test_msg_push.o(.constdata)
    g_testCameraHandler                      0x08047054   Data         144  test_payload_cam_emu.o(.constdata)
    g_testGimbalHandler                      0x08047260   Data          32  test_payload_gimbal_emu.o(.constdata)
    g_testOsdkFuncHandler                    0x08047334   Data           4  test_osdk_func.o(.constdata)
    F8X16                                    0x080473a2   Data        1520  cocoguojia_oled.o(.constdata)
    Hzk                                      0x08047992   Data         448  cocoguojia_oled.o(.constdata)
    Hzk2                                     0x08047bd2   Data        2176  cocoguojia_oled.o(.constdata)
    __ctype_table                            0x08074374   Data         129  ctype_o.o(.constdata)
    Region$$Table$$Base                      0x080747dc   Number         0  anon$$obj.o(Region$$Table)
    Region$$Table$$Limit                     0x080747fc   Number         0  anon$$obj.o(Region$$Table)
    g_ds18b20ToShow                          0x20000000   Data           2  application.o(.data)
    triggertime                              0x20000008   Data           4  application.o(.data)
    Relative_hight                           0x20000010   Data           8  application.o(.data)
    bukepaizhaoTable                         0x20000018   Data          19  application.o(.data)
    APP_TASKCREATE_Handle                    0x2000002c   Data           4  main.o(.data)
    OLED_TASK_Handle                         0x20000030   Data           4  main.o(.data)
    KEY_TASK_Handle                          0x20000034   Data           4  main.o(.data)
    CAM_TASK_Handle                          0x20000038   Data           4  main.o(.data)
    RGB_TASK_Handle                          0x2000003c   Data           4  main.o(.data)
    RUNINIT_TASK_Handle                      0x20000040   Data           4  main.o(.data)
    Cam_status_update_TASK_Handle            0x20000044   Data           4  main.o(.data)
    TRIGGER_TASK_Handle                      0x20000048   Data           4  main.o(.data)
    FAN_TASK_Handle                          0x2000004c   Data           4  main.o(.data)
    TEMP_TASK_Handle                         0x20000050   Data           4  main.o(.data)
    SJ_TASK_Handle                           0x20000054   Data           4  main.o(.data)
    processRecDataTaskHandle                 0x20000058   Data           4  main.o(.data)
    psdkTestTaskHandle                       0x2000005c   Data           4  main.o(.data)
    PPS_TASK_Handle                          0x20000060   Data           4  main.o(.data)
    Key_EventGroup                           0x20000064   Data           4  main.o(.data)
    SendMessageQHandle                       0x20000068   Data           4  main.o(.data)
    oledShowMessageQHandle                   0x2000006c   Data           4  main.o(.data)
    g_TestWidgetList                         0x20000098   Data           4  test_app_func.o(.data)
    timesigner                               0x20000142   Data           1  test_positioning.o(.data)
    ppssignal                                0x2000014c   Data           4  pps.o(.data)
    ppsNewestTriggerTimeMs                   0x20000150   Data           4  pps.o(.data)
    ppsNewTimeMs                             0x20000154   Data           4  pps.o(.data)
    shutPhotoFlag                            0x2000015c   Data           1  rgb_task.o(.data)
    triggeStartDelayN                        0x2000015e   Data           2  rgb_task.o(.data)
    sys_save_finish                          0x20000160   Data           1  runinit_task.o(.data)
    system_folder                            0x20000161   Data          10  runinit_task.o(.data)
    system_txt                               0x2000016b   Data          10  runinit_task.o(.data)
    openCamStateFlag                         0x20000175   Data           1  trigger_task.o(.data)
    canPhotoStateFlag                        0x20000176   Data           1  trigger_task.o(.data)
    phototime                                0x20000178   Data           4  trigger_task.o(.data)
    g_fanDs18b20Flag                         0x2000017c   Data           1  fan_task.o(.data)
    g_ds18b20Temp                            0x2000017e   Data           2  temp_task.o(.data)
    oledStateFlag                            0x20000180   Data           1  cam_status_task.o(.data)
    tim5CatchNum                             0x20000182   Data           2  cam_status_task.o(.data)
    capture_FinishAndStartPhotoFlag          0x20000184   Data           1  cam_status_task.o(.data)
    camPowerFlagTable                        0x20000185   Data           6  cam_status_task.o(.data)
    camHotShotTable                          0x2000018b   Data           6  cam_status_task.o(.data)
    readingFlag                              0x20000191   Data           1  cam_status_task.o(.data)
    setModelFlag                             0x20000192   Data           1  cam_status_task.o(.data)
    signalOrAutoModelFlag                    0x20000193   Data           1  cam_status_task.o(.data)
    currentRowNum                            0x20000194   Data           1  cam_status_task.o(.data)
    camTaskCanTakeOverFlag                   0x20000195   Data           1  cam_status_task.o(.data)
    offOrOnTureStateFlag                     0x20000196   Data           1  cam_status_task.o(.data)
    camLoseFlagTable                         0x20000197   Data           6  cam_status_task.o(.data)
    ppsRtkHealthNum                          0x2000019d   Data           1  cam_status_task.o(.data)
    readbuf                                  0x2000019e   Data           8  cocoguojia_24c02.o(.data)
    SYS_VER_NUB                              0x200001ab   Data           5  cocoguojia_oled.o(.data)
    g_nameFlag                               0x200001c0   Data           1  cocoguojia_sdcard.o(.data)
    g_registeredWorkspaceN                   0x200001c1   Data           1  cocoguojia_sdcard.o(.data)
    g_gpsTableFlag                           0x200001c2   Data           1  cocoguojia_sdcard.o(.data)
    len                                      0x200001c3   Data           1  cocoguojia_sdcard.o(.data)
    myResetFlash                             0x200001c5   Data           1  cocoguojia_sdcard.o(.data)
    g_sdWriteForGpsRtkNum                    0x200001c6   Data           2  cocoguojia_sdcard.o(.data)
    now_jc                                   0x200001c8   Data           4  cocoguojia_sdcard.o(.data)
    MAX_JC                                   0x200001cc   Data           4  cocoguojia_sdcard.o(.data)
    myFileNum                                0x200001d0   Data           4  cocoguojia_sdcard.o(.data)
    g_cocoguojia_sdcard_txtname20            0x200001d4   Data          20  cocoguojia_sdcard.o(.data)
    g_cocoguojia_sdcard_myWriteBuffer200     0x200001e8   Data         200  cocoguojia_sdcard.o(.data)
    sdcard_myWriteBuffer120                  0x200002b0   Data         120  cocoguojia_sdcard.o(.data)
    g_cocoguojia_sdcard_bin                  0x20000328   Data          20  cocoguojia_sdcard.o(.data)
    TransferError                            0x2000033c   Data           1  cocoguojia_sdio.o(.data)
    g_sdioFac_ms                             0x2000033e   Data           2  cocoguojia_sdio.o(.data)
    StopCondition                            0x20000348   Data           4  cocoguojia_sdio.o(.data)
    TransferEnd                              0x2000034c   Data           4  cocoguojia_sdio.o(.data)
    pxCurrentTCB                             0x20000774   Data           4  tasks.o(.data)
    SystemCoreClock                          0x200007d4   Data           4  system_stm32f10x.o(.data)
    AHBPrescTable                            0x200007d8   Data          16  system_stm32f10x.o(.data)
    xinhaoTable                              0x20000ca0   Data          10  application.o(.bss)
    bj_timer                                 0x20000eaa   Data          39  application.o(.bss)
    g_gps003Table                            0x20000ed1   Data         200  application.o(.bss)
    writesdpos                               0x20001980   Data         285  test_positioning.o(.bss)
    utc_time                                 0x20001ab0   Data          39  test_positioning.o(.bss)
    photoPicNum                              0x20001ad8   Data          12  cam_status_task.o(.bss)
    txt_name                                 0x2000272c   Data          20  cocoguojia_sdcard.o(.bss)
    gpsRtkTempTableTemp                      0x20002740   Data         200  cocoguojia_sdcard.o(.bss)
    g_gps001Table                            0x20002808   Data         200  cocoguojia_sdcard.o(.bss)
    g_gps002Table                            0x200028d0   Data         200  cocoguojia_sdcard.o(.bss)
    myFatFs                                  0x20002998   Data        4152  cocoguojia_sdcard.o(.bss)
    myFile                                   0x200039d0   Data        4136  cocoguojia_sdcard.o(.bss)
    dirs                                     0x200049f8   Data          40  cocoguojia_sdcard.o(.bss)
    finfo                                    0x20004a20   Data          36  cocoguojia_sdcard.o(.bss)
    SDCardInfo                               0x20004a78   Data          88  cocoguojia_sdio.o(.bss)
    SDIO_InitStructure                       0x20004ad0   Data          24  cocoguojia_sdio.o(.bss)
    SDIO_CmdInitStructure                    0x20004ae8   Data          20  cocoguojia_sdio.o(.bss)
    SDIO_DataInitStructure                   0x20004afc   Data          24  cocoguojia_sdio.o(.bss)
    xQueueRegistry                           0x20004cac   Data          64  queue.o(.bss)
    __initial_sp                             0x2000f1e0   Data           0  startup_stm32f10x_hd.o(STACK)



==============================================================================

Memory Map of the image

  Image Entry point : 0x08035131

  Load Region LR_IROM1 (Base: 0x08035000, Size: 0x00040008, Max: 0x00045000, ABSOLUTE, COMPRESSED[0x0003fd30])

    Execution Region ER_IROM1 (Exec base: 0x08035000, Load base: 0x08035000, Size: 0x0003f7fc, Max: 0x00045000, ABSOLUTE)

    Exec Addr    Load Addr    Size         Type   Attr      Idx    E Section Name        Object

    0x08035000   0x08035000   0x00000130   Data   RO            3    RESET               startup_stm32f10x_hd.o
    0x08035130   0x08035130   0x00000000   Code   RO         1597  * .ARM.Collect$$$$00000000  mc_w.l(entry.o)
    0x08035130   0x08035130   0x00000004   Code   RO         1910    .ARM.Collect$$$$00000001  mc_w.l(entry2.o)
    0x08035134   0x08035134   0x00000004   Code   RO         1913    .ARM.Collect$$$$00000004  mc_w.l(entry5.o)
    0x08035138   0x08035138   0x00000000   Code   RO         1915    .ARM.Collect$$$$00000008  mc_w.l(entry7b.o)
    0x08035138   0x08035138   0x00000000   Code   RO         1917    .ARM.Collect$$$$0000000A  mc_w.l(entry8b.o)
    0x08035138   0x08035138   0x00000008   Code   RO         1918    .ARM.Collect$$$$0000000B  mc_w.l(entry9a.o)
    0x08035140   0x08035140   0x00000000   Code   RO         1920    .ARM.Collect$$$$0000000D  mc_w.l(entry10a.o)
    0x08035140   0x08035140   0x00000000   Code   RO         1922    .ARM.Collect$$$$0000000F  mc_w.l(entry11a.o)
    0x08035140   0x08035140   0x00000004   Code   RO         1911    .ARM.Collect$$$$00002712  mc_w.l(entry2.o)
    0x08035144   0x08035144   0x00000096   Code   RO         1343    .emb_text           port.o
    0x080351da   0x080351da   0x00000002   PAD
    0x080351dc   0x080351dc   0x00000024   Code   RO            4    .text               startup_stm32f10x_hd.o
    0x08035200   0x08035200   0x000006d0   Code   RO           10    .text               application.o
    0x080358d0   0x080358d0   0x000002dc   Code   RO          378    .text               main.o
    0x08035bac   0x08035bac   0x00000020   Code   RO          408    .text               stm32f10x_it.o
    0x08035bcc   0x08035bcc   0x000004a8   Code   RO          433    .text               test_app_func.o
    0x08036074   0x08036074   0x00000184   Code   RO          467    .text               test_msg_push.o
    0x080361f8   0x080361f8   0x000007c0   Code   RO          482    .text               test_payload_cam_emu.o
    0x080369b8   0x080369b8   0x00000360   Code   RO          502    .text               test_payload_gimbal_emu.o
    0x08036d18   0x08036d18   0x0000005c   Code   RO          522    .text               test_osdk_func.o
    0x08036d74   0x08036d74   0x00000584   Code   RO          540    .text               test_positioning.o
    0x080372f8   0x080372f8   0x00000002   Code   RO          565    .text               sys.o
    0x080372fa   0x080372fa   0x00000002   PAD
    0x080372fc   0x080372fc   0x000000f0   Code   RO          577    .text               pps.o
    0x080373ec   0x080373ec   0x000000cc   Code   RO          595    .text               hotshoe.o
    0x080374b8   0x080374b8   0x000000e4   Code   RO          609    .text               bsp.o
    0x0803759c   0x0803759c   0x000003b4   Code   RO          621    .text               cam_task.o
    0x08037950   0x08037950   0x000000e0   Code   RO          633    .text               key_task.o
    0x08037a30   0x08037a30   0x0000011c   Code   RO          645    .text               oled_task.o
    0x08037b4c   0x08037b4c   0x00000118   Code   RO          657    .text               rgb_task.o
    0x08037c64   0x08037c64   0x000003fc   Code   RO          675    .text               runinit_task.o
    0x08038060   0x08038060   0x000002b0   Code   RO          697    .text               trigger_task.o
    0x08038310   0x08038310   0x000000a8   Code   RO          717    .text               fan_task.o
    0x080383b8   0x080383b8   0x00000050   Code   RO          737    .text               app_updata_task.o
    0x08038408   0x08038408   0x00000020   Code   RO          749    .text               temp_task.o
    0x08038428   0x08038428   0x00000068   Code   RO          768    .text               cam_status_task.o
    0x08038490   0x08038490   0x00000310   Code   RO          805    .text               cocoguojia_24c02.o
    0x080387a0   0x080387a0   0x000003b8   Code   RO          821    .text               cocoguojia_ds18b20.o
    0x08038b58   0x08038b58   0x00000044   Code   RO          833    .text               cocoguojia_init.o
    0x08038b9c   0x08038b9c   0x00001018   Code   RO          845    .text               cocoguojia_oled.o
    0x08039bb4   0x08039bb4   0x00000048   Code   RO          869    .text               cocoguojia_rgbled.o
    0x08039bfc   0x08039bfc   0x000000c8   Code   RO          881    .text               cocoguojia_tim1pwm.o
    0x08039cc4   0x08039cc4   0x00000548   Code   RO          893    .text               cocoguojia_usart.o
    0x0803a20c   0x0803a20c   0x000000c4   Code   RO          918    .text               cocoguojia_usart_ringbuffer.o
    0x0803a2d0   0x0803a2d0   0x000003b8   Code   RO          930    .text               cocoguojia_sdcard.o
    0x0803a688   0x0803a688   0x00001298   Code   RO          954    .text               cocoguojia_sdio.o
    0x0803b920   0x0803b920   0x000002ec   Code   RO          974    .text               psdk_upper.o
    0x0803bc0c   0x0803bc0c   0x0000042c   Code   RO          990    .text               psdk_app_func.o
    0x0803c038   0x0803c038   0x00000110   Code   RO         1006    .text               psdk_msg_subcribe.o
    0x0803c148   0x0803c148   0x00000590   Code   RO         1021    .text               psdk_payload_camera.o
    0x0803c6d8   0x0803c6d8   0x0000019c   Code   RO         1037    .text               psdk_payload_gimbal.o
    0x0803c874   0x0803c874   0x000000cc   Code   RO         1053    .text               psdk_osdk_func.o
    0x0803c940   0x0803c940   0x00000064   Code   RO         1068    .text               psdk_positioning.o
    0x0803c9a4   0x0803c9a4   0x00000ddc   Code   RO         1080    .text               psdk_aes.o
    0x0803d780   0x0803d780   0x000000d4   Code   RO         1094    .text               psdk_crc.o
    0x0803d854   0x0803d854   0x00000950   Code   RO         1109    .text               psdk_md5.o
    0x0803e1a4   0x0803e1a4   0x000006b4   Code   RO         1133    .text               psdk_proto.o
    0x0803e858   0x0803e858   0x00000054   Code   RO         1147    .text               psdk_debug.o
    0x0803e8ac   0x0803e8ac   0x000000b4   Code   RO         1160    .text               psdk_proto_parse.o
    0x0803e960   0x0803e960   0x00000108   Code   RO         1172    .text               psdk_arch_sys.o
    0x0803ea68   0x0803ea68   0x0000082c   Code   RO         1184    .text               cmsis_os.o
    0x0803f294   0x0803f294   0x00000330   Code   RO         1228    .text               event_groups.o
    0x0803f5c4   0x0803f5c4   0x00000088   Code   RO         1262    .text               list.o
    0x0803f64c   0x0803f64c   0x00000934   Code   RO         1274    .text               queue.o
    0x0803ff80   0x0803ff80   0x00001304   Code   RO         1290    .text               tasks.o
    0x08041284   0x08041284   0x000001d0   Code   RO         1316    .text               heap_4.o
    0x08041454   0x08041454   0x000001c8   Code   RO         1344    .text               port.o
    0x0804161c   0x0804161c   0x00000158   Code   RO         1374    .text               system_stm32f10x.o
    0x08041774   0x08041774   0x000000b0   Code   RO         1402    .text               misc.o
    0x08041824   0x08041824   0x000001c8   Code   RO         1426    .text               stm32f10x_dma.o
    0x080419ec   0x080419ec   0x000000e8   Code   RO         1438    .text               stm32f10x_exti.o
    0x08041ad4   0x08041ad4   0x00000264   Code   RO         1481    .text               stm32f10x_gpio.o
    0x08041d38   0x08041d38   0x000002b8   Code   RO         1493    .text               stm32f10x_rcc.o
    0x08041ff0   0x08041ff0   0x000001ac   Code   RO         1507    .text               stm32f10x_sdio.o
    0x0804219c   0x0804219c   0x00000af0   Code   RO         1519    .text               stm32f10x_tim.o
    0x08042c8c   0x08042c8c   0x00000328   Code   RO         1532    .text               stm32f10x_usart.o
    0x08042fb4   0x08042fb4   0x00000150   Code   RO         1544    .text               diskio.o
    0x08043104   0x08043104   0x00002654   Code   RO         1564    .text               ff.o
    0x08045758   0x08045758   0x0000009c   Code   RO         1583    .text               cc936.o
    0x080457f4   0x080457f4   0x00000062   Code   RO         1600    .text               mc_w.l(uldiv.o)
    0x08045856   0x08045856   0x00000002   PAD
    0x08045858   0x08045858   0x0000008c   Code   RO         1605    .text               mc_w.l(localtime_r.o)
    0x080458e4   0x080458e4   0x000000a8   Code   RO         1608    .text               mc_w.l(mktime.o)
    0x0804598c   0x0804598c   0x00000024   Code   RO         1611    .text               mc_w.l(memcpya.o)
    0x080459b0   0x080459b0   0x00000024   Code   RO         1613    .text               mc_w.l(memseta.o)
    0x080459d4   0x080459d4   0x00000018   Code   RO         1615    .text               mc_w.l(strncpy.o)
    0x080459ec   0x080459ec   0x0000000e   Code   RO         1617    .text               mc_w.l(strlen.o)
    0x080459fa   0x080459fa   0x0000001c   Code   RO         1619    .text               mc_w.l(strcmp.o)
    0x08045a16   0x08045a16   0x00000012   Code   RO         1621    .text               mc_w.l(strcpy.o)
    0x08045a28   0x08045a28   0x0000001a   Code   RO         1886    .text               mc_w.l(atoi.o)
    0x08045a42   0x08045a42   0x00000064   Code   RO         1888    .text               mf_w.l(fmul.o)
    0x08045aa6   0x08045aa6   0x0000014e   Code   RO         1890    .text               mf_w.l(dadd.o)
    0x08045bf4   0x08045bf4   0x000000e4   Code   RO         1892    .text               mf_w.l(dmul.o)
    0x08045cd8   0x08045cd8   0x000000de   Code   RO         1894    .text               mf_w.l(ddiv.o)
    0x08045db6   0x08045db6   0x00000022   Code   RO         1896    .text               mf_w.l(dflti.o)
    0x08045dd8   0x08045dd8   0x0000001a   Code   RO         1898    .text               mf_w.l(dfltui.o)
    0x08045df2   0x08045df2   0x00000032   Code   RO         1900    .text               mf_w.l(ffixi.o)
    0x08045e24   0x08045e24   0x0000003e   Code   RO         1902    .text               mf_w.l(dfixi.o)
    0x08045e62   0x08045e62   0x00000032   Code   RO         1904    .text               mf_w.l(dfixui.o)
    0x08045e94   0x08045e94   0x00000030   Code   RO         1906    .text               mf_w.l(cdcmple.o)
    0x08045ec4   0x08045ec4   0x00000038   Code   RO         1908    .text               mf_w.l(d2f.o)
    0x08045efc   0x08045efc   0x0000002c   Code   RO         1927    .text               mc_w.l(uidiv.o)
    0x08045f28   0x08045f28   0x0000001e   Code   RO         1929    .text               mc_w.l(llshl.o)
    0x08045f46   0x08045f46   0x00000020   Code   RO         1931    .text               mc_w.l(llushr.o)
    0x08045f66   0x08045f66   0x00000024   Code   RO         1933    .text               mc_w.l(llsshr.o)
    0x08045f8a   0x08045f8a   0x00000070   Code   RO         1945    .text               mc_w.l(strtol.o)
    0x08045ffa   0x08045ffa   0x00000000   Code   RO         1947    .text               mc_w.l(iusefp.o)
    0x08045ffa   0x08045ffa   0x0000006e   Code   RO         1948    .text               mf_w.l(fepilogue.o)
    0x08046068   0x08046068   0x000000ba   Code   RO         1950    .text               mf_w.l(depilogue.o)
    0x08046122   0x08046122   0x00000030   Code   RO         1952    .text               mf_w.l(dfixul.o)
    0x08046152   0x08046152   0x00000002   PAD
    0x08046154   0x08046154   0x00000030   Code   RO         1954    .text               mf_w.l(cdrcmple.o)
    0x08046184   0x08046184   0x00000024   Code   RO         1956    .text               mc_w.l(init.o)
    0x080461a8   0x080461a8   0x00000008   Code   RO         1959    .text               mc_w.l(ctype_o.o)
    0x080461b0   0x080461b0   0x0000009e   Code   RO         1987    .text               mc_w.l(_strtoul.o)
    0x0804624e   0x0804624e   0x0000001c   Code   RO         1990    .text               mc_w.l(_chval.o)
    0x0804626a   0x0804626a   0x00000056   Code   RO         2000    .text               mc_w.l(__dczerorl2.o)
    0x080462c0   0x080462c0   0x00000028   Code   RO         1860    i.__0sprintf        mc_w.l(printfa.o)
    0x080462e8   0x080462e8   0x0000002c   Code   RO         1863    i.__0vsnprintf      mc_w.l(printfa.o)
    0x08046314   0x08046314   0x00000008   Code   RO         1938    i.__aeabi_errno_addr  mc_w.l(errno.o)
    0x0804631c   0x0804631c   0x0000000e   Code   RO         1994    i.__scatterload_copy  mc_w.l(handlers.o)
    0x0804632a   0x0804632a   0x00000002   Code   RO         1995    i.__scatterload_null  mc_w.l(handlers.o)
    0x0804632c   0x0804632c   0x0000000e   Code   RO         1996    i.__scatterload_zeroinit  mc_w.l(handlers.o)
    0x0804633a   0x0804633a   0x00000002   PAD
    0x0804633c   0x0804633c   0x00000184   Code   RO         1865    i._fp_digits        mc_w.l(printfa.o)
    0x080464c0   0x080464c0   0x000006dc   Code   RO         1866    i._printf_core      mc_w.l(printfa.o)
    0x08046b9c   0x08046b9c   0x00000024   Code   RO         1867    i._printf_post_padding  mc_w.l(printfa.o)
    0x08046bc0   0x08046bc0   0x0000002e   Code   RO         1868    i._printf_pre_padding  mc_w.l(printfa.o)
    0x08046bee   0x08046bee   0x00000016   Code   RO         1869    i._snputc           mc_w.l(printfa.o)
    0x08046c04   0x08046c04   0x0000000a   Code   RO         1870    i._sputc            mc_w.l(printfa.o)
    0x08046c0e   0x08046c0e   0x0000002d   Data   RO           12    .constdata          application.o
    0x08046c3b   0x08046c3b   0x00000001   PAD
    0x08046c3c   0x08046c3c   0x00000128   Data   RO          379    .constdata          main.o
    0x08046d64   0x08046d64   0x00000270   Data   RO          435    .constdata          test_app_func.o
    0x08046fd4   0x08046fd4   0x00000001   Data   RO          436    .constdata          test_app_func.o
    0x08046fd5   0x08046fd5   0x00000036   Data   RO          437    .constdata          test_app_func.o
    0x0804700b   0x0804700b   0x00000001   PAD
    0x0804700c   0x0804700c   0x00000030   Data   RO          468    .constdata          test_msg_push.o
    0x0804703c   0x0804703c   0x00000018   Data   RO          469    .constdata          test_msg_push.o
    0x08047054   0x08047054   0x00000090   Data   RO          483    .constdata          test_payload_cam_emu.o
    0x080470e4   0x080470e4   0x0000017a   Data   RO          484    .constdata          test_payload_cam_emu.o
    0x0804725e   0x0804725e   0x00000002   PAD
    0x08047260   0x08047260   0x00000020   Data   RO          503    .constdata          test_payload_gimbal_emu.o
    0x08047280   0x08047280   0x000000b3   Data   RO          504    .constdata          test_payload_gimbal_emu.o
    0x08047333   0x08047333   0x00000001   PAD
    0x08047334   0x08047334   0x00000004   Data   RO          523    .constdata          test_osdk_func.o
    0x08047338   0x08047338   0x0000001f   Data   RO          524    .constdata          test_osdk_func.o
    0x08047357   0x08047357   0x00000035   Data   RO          542    .constdata          test_positioning.o
    0x0804738c   0x0804738c   0x0000000d   Data   RO          698    .constdata          trigger_task.o
    0x08047399   0x08047399   0x00000009   Data   RO          718    .constdata          fan_task.o
    0x080473a2   0x080473a2   0x000010b0   Data   RO          847    .constdata          cocoguojia_oled.o
    0x08048452   0x08048452   0x00000002   PAD
    0x08048454   0x08048454   0x00000030   Data   RO          976    .constdata          psdk_upper.o
    0x08048484   0x08048484   0x00000071   Data   RO          991    .constdata          psdk_app_func.o
    0x080484f5   0x080484f5   0x00000003   PAD
    0x080484f8   0x080484f8   0x00000060   Data   RO         1008    .constdata          psdk_msg_subcribe.o
    0x08048558   0x08048558   0x00000108   Data   RO         1023    .constdata          psdk_payload_camera.o
    0x08048660   0x08048660   0x00000048   Data   RO         1039    .constdata          psdk_payload_gimbal.o
    0x080486a8   0x080486a8   0x00000008   Data   RO         1054    .constdata          psdk_osdk_func.o
    0x080486b0   0x080486b0   0x0000083c   Data   RO         1081    .constdata          psdk_aes.o
    0x08048eec   0x08048eec   0x00000300   Data   RO         1095    .constdata          psdk_crc.o
    0x080491ec   0x080491ec   0x0000002f   Data   RO         1134    .constdata          psdk_proto.o
    0x0804921b   0x0804921b   0x00000017   Data   RO         1148    .constdata          psdk_debug.o
    0x08049232   0x08049232   0x00000002   PAD
    0x08049234   0x08049234   0x00000068   Data   RO         1565    .constdata          ff.o
    0x0804929c   0x0804929c   0x0002b0c0   Data   RO         1584    .constdata          cc936.o
    0x0807435c   0x0807435c   0x0000000c   Data   RO         1606    .constdata          mc_w.l(localtime_r.o)
    0x08074368   0x08074368   0x0000000c   Data   RO         1609    .constdata          mc_w.l(mktime.o)
    0x08074374   0x08074374   0x00000081   Data   RO         1960    .constdata          mc_w.l(ctype_o.o)
    0x080743f5   0x080743f5   0x00000003   PAD
    0x080743f8   0x080743f8   0x00000004   Data   RO         1961    .constdata          mc_w.l(ctype_o.o)
    0x080743fc   0x080743fc   0x000000f2   Data   RO           13    .conststring        application.o
    0x080744ee   0x080744ee   0x00000002   PAD
    0x080744f0   0x080744f0   0x000000c7   Data   RO          380    .conststring        main.o
    0x080745b7   0x080745b7   0x00000001   PAD
    0x080745b8   0x080745b8   0x000000da   Data   RO          438    .conststring        test_app_func.o
    0x08074692   0x08074692   0x00000002   PAD
    0x08074694   0x08074694   0x00000053   Data   RO          543    .conststring        test_positioning.o
    0x080746e7   0x080746e7   0x00000001   PAD
    0x080746e8   0x080746e8   0x000000a0   Data   RO          992    .conststring        psdk_app_func.o
    0x08074788   0x08074788   0x00000052   Data   RO         1135    .conststring        psdk_proto.o
    0x080747da   0x080747da   0x00000002   PAD
    0x080747dc   0x080747dc   0x00000020   Data   RO         1992    Region$$Table       anon$$obj.o


    Execution Region RW_IRAM1 (Exec base: 0x20000000, Load base: 0x080747fc, Size: 0x0000f1e0, Max: 0x00010000, ABSOLUTE, COMPRESSED[0x00000534])

    Exec Addr    Load Addr    Size         Type   Attr      Idx    E Section Name        Object

    0x20000000   COMPRESSED   0x0000002b   Data   RW           14    .data               application.o
    0x2000002b   COMPRESSED   0x00000001   PAD
    0x2000002c   COMPRESSED   0x00000044   Data   RW          381    .data               main.o
    0x20000070   COMPRESSED   0x0000006c   Data   RW          439    .data               test_app_func.o
    0x200000dc   COMPRESSED   0x00000050   Data   RW          485    .data               test_payload_cam_emu.o
    0x2000012c   COMPRESSED   0x00000016   Data   RW          505    .data               test_payload_gimbal_emu.o
    0x20000142   COMPRESSED   0x00000001   Data   RW          544    .data               test_positioning.o
    0x20000143   COMPRESSED   0x00000001   PAD
    0x20000144   COMPRESSED   0x00000008   Data   RW          545    .data               test_positioning.o
    0x2000014c   COMPRESSED   0x0000000c   Data   RW          578    .data               pps.o
    0x20000158   COMPRESSED   0x00000004   Data   RW          596    .data               hotshoe.o
    0x2000015c   COMPRESSED   0x00000004   Data   RW          658    .data               rgb_task.o
    0x20000160   COMPRESSED   0x00000015   Data   RW          676    .data               runinit_task.o
    0x20000175   COMPRESSED   0x00000002   Data   RW          699    .data               trigger_task.o
    0x20000177   COMPRESSED   0x00000001   PAD
    0x20000178   COMPRESSED   0x00000004   Data   RW          700    .data               trigger_task.o
    0x2000017c   COMPRESSED   0x00000001   Data   RW          719    .data               fan_task.o
    0x2000017d   COMPRESSED   0x00000001   PAD
    0x2000017e   COMPRESSED   0x00000002   Data   RW          750    .data               temp_task.o
    0x20000180   COMPRESSED   0x00000001   Data   RW          771    .data               cam_status_task.o
    0x20000181   COMPRESSED   0x00000001   PAD
    0x20000182   COMPRESSED   0x00000002   Data   RW          772    .data               cam_status_task.o
    0x20000184   COMPRESSED   0x00000001   Data   RW          773    .data               cam_status_task.o
    0x20000185   COMPRESSED   0x00000006   Data   RW          774    .data               cam_status_task.o
    0x2000018b   COMPRESSED   0x00000006   Data   RW          775    .data               cam_status_task.o
    0x20000191   COMPRESSED   0x00000001   Data   RW          776    .data               cam_status_task.o
    0x20000192   COMPRESSED   0x00000001   Data   RW          777    .data               cam_status_task.o
    0x20000193   COMPRESSED   0x00000001   Data   RW          778    .data               cam_status_task.o
    0x20000194   COMPRESSED   0x00000001   Data   RW          779    .data               cam_status_task.o
    0x20000195   COMPRESSED   0x00000001   Data   RW          780    .data               cam_status_task.o
    0x20000196   COMPRESSED   0x00000001   Data   RW          781    .data               cam_status_task.o
    0x20000197   COMPRESSED   0x00000006   Data   RW          782    .data               cam_status_task.o
    0x2000019d   COMPRESSED   0x00000001   Data   RW          784    .data               cam_status_task.o
    0x2000019e   COMPRESSED   0x00000008   Data   RW          806    .data               cocoguojia_24c02.o
    0x200001a6   COMPRESSED   0x0000000a   Data   RW          848    .data               cocoguojia_oled.o
    0x200001b0   COMPRESSED   0x00000010   Data   RW          895    .data               cocoguojia_usart.o
    0x200001c0   COMPRESSED   0x0000017c   Data   RW          933    .data               cocoguojia_sdcard.o
    0x2000033c   COMPRESSED   0x00000014   Data   RW          956    .data               cocoguojia_sdio.o
    0x20000350   COMPRESSED   0x00000004   Data   RW          977    .data               psdk_upper.o
    0x20000354   COMPRESSED   0x00000018   Data   RW          993    .data               psdk_app_func.o
    0x2000036c   COMPRESSED   0x00000001   Data   RW         1024    .data               psdk_payload_camera.o
    0x2000036d   COMPRESSED   0x00000001   Data   RW         1040    .data               psdk_payload_gimbal.o
    0x2000036e   COMPRESSED   0x00000002   PAD
    0x20000370   COMPRESSED   0x00000004   Data   RW         1055    .data               psdk_osdk_func.o
    0x20000374   COMPRESSED   0x00000400   Data   RW         1096    .data               psdk_crc.o
    0x20000774   COMPRESSED   0x0000003c   Data   RW         1292    .data               tasks.o
    0x200007b0   COMPRESSED   0x00000018   Data   RW         1318    .data               heap_4.o
    0x200007c8   COMPRESSED   0x0000000c   Data   RW         1345    .data               port.o
    0x200007d4   COMPRESSED   0x00000014   Data   RW         1375    .data               system_stm32f10x.o
    0x200007e8   COMPRESSED   0x00000014   Data   RW         1494    .data               stm32f10x_rcc.o
    0x200007fc   COMPRESSED   0x0000000c   Data   RW         1566    .data               ff.o
    0x20000808   COMPRESSED   0x00000004   Data   RW         1941    .data               mc_w.l(errno.o)
    0x2000080c        -       0x00000d74   Zero   RW           11    .bss                application.o
    0x20001580        -       0x00000400   Zero   RW          434    .bss                test_app_func.o
    0x20001980        -       0x00000157   Zero   RW          541    .bss                test_positioning.o
    0x20001ad7   COMPRESSED   0x00000001   PAD
    0x20001ad8        -       0x0000000c   Zero   RW          769    .bss                cam_status_task.o
    0x20001ae4        -       0x00000c48   Zero   RW          894    .bss                cocoguojia_usart.o
    0x2000272c        -       0x00002318   Zero   RW          931    .bss                cocoguojia_sdcard.o
    0x20004a44   COMPRESSED   0x00000004   PAD
    0x20004a48        -       0x000000cc   Zero   RW          955    .bss                cocoguojia_sdio.o
    0x20004b14        -       0x000000b5   Zero   RW          975    .bss                psdk_upper.o
    0x20004bc9   COMPRESSED   0x00000003   PAD
    0x20004bcc        -       0x00000030   Zero   RW         1007    .bss                psdk_msg_subcribe.o
    0x20004bfc        -       0x00000090   Zero   RW         1022    .bss                psdk_payload_camera.o
    0x20004c8c        -       0x00000020   Zero   RW         1038    .bss                psdk_payload_gimbal.o
    0x20004cac        -       0x00000040   Zero   RW         1275    .bss                queue.o
    0x20004cec        -       0x000000f0   Zero   RW         1291    .bss                tasks.o
    0x20004ddc        -       0x00009c00   Zero   RW         1317    .bss                heap_4.o
    0x2000e9dc   COMPRESSED   0x00000004   PAD
    0x2000e9e0        -       0x00000800   Zero   RW            1    STACK               startup_stm32f10x_hd.o


==============================================================================

Image component sizes


      Code (inc. data)   RO Data    RW Data    ZI Data      Debug   Object Name

        80         24          0          0          0        538   app_updata_task.o
      1744        358        287         43       3444     345437   application.o
       228         20          0          0          0        623   bsp.o
       104          8          0         29         12       2010   cam_status_task.o
       948         24          0          0          0       1631   cam_task.o
       156         18     176320          0          0       1889   cc936.o
      2092         10          0          0          0      25578   cmsis_os.o
       784         14          0          8          0       4764   cocoguojia_24c02.o
       952         12          0          0          0       3563   cocoguojia_ds18b20.o
        68         10          0          0          0        724   cocoguojia_init.o
      4120        490       4272         10          0      11089   cocoguojia_oled.o
        72         10          0          0          0        548   cocoguojia_rgbled.o
       952         54          0        380       8984       7296   cocoguojia_sdcard.o
      4760        104          0         20        204      24051   cocoguojia_sdio.o
       200          8          0          0          0       1015   cocoguojia_tim1pwm.o
      1352         66          0         16       3144       9124   cocoguojia_usart.o
       196          0          0          0          0       2165   cocoguojia_usart_ringbuffer.o
       336          8          0          0          0       3907   diskio.o
       816          6          0          0          0      15102   event_groups.o
       168         70          9          1          0        862   fan_task.o
      9812        118        104         12          0      36250   ff.o
       464          8          0         24      39936       6228   heap_4.o
       204         16          0          4          0       2004   hotshoe.o
       224         12          0          0          0        739   key_task.o
       136          0          0          0          0       1842   list.o
       732        394        495         68          0       9190   main.o
       176         14          0          0          0       1909   misc.o
       284         10          0          0          0        900   oled_task.o
       606         32          0         12          0       8009   port.o
       240         14          0         12          0       1800   pps.o
      3548         56       2108          0          0       6515   psdk_aes.o
      1068         22        273         24          0       7521   psdk_app_func.o
       264         36          0          0          0       2685   psdk_arch_sys.o
       212         50        768       1024          0       2107   psdk_crc.o
        84         66         23          0          0        997   psdk_debug.o
      2384        262          0          0          0       5194   psdk_md5.o
       272         10         96          0         48       5064   psdk_msg_subcribe.o
       204         10          8          4          0       2340   psdk_osdk_func.o
      1424         18        264          1        144      12142   psdk_payload_camera.o
       412         12         72          1         32       4598   psdk_payload_gimbal.o
       100          0          0          0          0       1173   psdk_positioning.o
      1716        290        129          0          0       7336   psdk_proto.o
       180          0          0          0          0       1907   psdk_proto_parse.o
       748         14         48          4        181       6163   psdk_upper.o
      2356         10          0          0         64      16671   queue.o
       280         40          0          4          0       1081   rgb_task.o
      1020         58          0         21          0       2638   runinit_task.o
        36          8        304          0       2048        856   startup_stm32f10x_hd.o
       456         10          0          0          0       4666   stm32f10x_dma.o
       232          8          0          0          0       2419   stm32f10x_exti.o
       612         36          0          0          0       6037   stm32f10x_gpio.o
        32          0          0          0          0       1131   stm32f10x_it.o
       696         32          0         20          0       9016   stm32f10x_rcc.o
       428         18          0          0          0       7224   stm32f10x_sdio.o
      2800         84          0          0          0      23974   stm32f10x_tim.o
       808         22          0          0          0       8904   stm32f10x_usart.o
         2          0          0          0          0        395   sys.o
       344         34          0         20          0       1923   system_stm32f10x.o
      4868         94          0         60        240      27294   tasks.o
        32          4          0          2          0        716   temp_task.o
      1192        608        897        108       1024       3651   test_app_func.o
       388        226         72          0          0       3124   test_msg_push.o
        92         50         35          0          0       1332   test_osdk_func.o
      1984        646        522         80          0      11187   test_payload_cam_emu.o
       864        326        211         22          0       4104   test_payload_gimbal_emu.o
      1412        578        136          9        343       4914   test_positioning.o
       688        108         13          6          0       1642   trigger_task.o

    ----------------------------------------------------------------------
     67248       5778     187518       2056      59860     741428   Object Totals
         0          0         32          0          0          0   (incl. Generated)
         4          0         20          7         12          0   (incl. Padding)

    ----------------------------------------------------------------------

      Code (inc. data)   RO Data    RW Data    ZI Data      Debug   Library Member Name

        86          0          0          0          0          0   __dczerorl2.o
        28          0          0          0          0         68   _chval.o
       158          0          0          0          0         92   _strtoul.o
        26          0          0          0          0         80   atoi.o
         8          4        133          0          0         68   ctype_o.o
         0          0          0          0          0          0   entry.o
         0          0          0          0          0          0   entry10a.o
         0          0          0          0          0          0   entry11a.o
         8          4          0          0          0          0   entry2.o
         4          0          0          0          0          0   entry5.o
         0          0          0          0          0          0   entry7b.o
         0          0          0          0          0          0   entry8b.o
         8          4          0          0          0          0   entry9a.o
         8          4          0          4          0         68   errno.o
        30          0          0          0          0          0   handlers.o
        36          8          0          0          0         68   init.o
         0          0          0          0          0          0   iusefp.o
        30          0          0          0          0         68   llshl.o
        36          0          0          0          0         68   llsshr.o
        32          0          0          0          0         68   llushr.o
       140          6         12          0          0         76   localtime_r.o
        36          0          0          0          0         68   memcpya.o
        36          0          0          0          0        108   memseta.o
       168         18         12          0          0         80   mktime.o
      2342         90          0          0          0        668   printfa.o
        28          0          0          0          0         76   strcmp.o
        18          0          0          0          0         68   strcpy.o
        14          0          0          0          0         68   strlen.o
        24          0          0          0          0         76   strncpy.o
       112          0          0          0          0         88   strtol.o
        44          0          0          0          0         80   uidiv.o
        98          0          0          0          0         92   uldiv.o
        48          0          0          0          0         68   cdcmple.o
        48          0          0          0          0         68   cdrcmple.o
        56          0          0          0          0         88   d2f.o
       334          0          0          0          0        148   dadd.o
       222          0          0          0          0        100   ddiv.o
       186          0          0          0          0        176   depilogue.o
        62          0          0          0          0         80   dfixi.o
        50          0          0          0          0         76   dfixui.o
        48          0          0          0          0         68   dfixul.o
        34          0          0          0          0         76   dflti.o
        26          0          0          0          0         76   dfltui.o
       228          0          0          0          0         96   dmul.o
       110          0          0          0          0        168   fepilogue.o
        50          0          0          0          0         68   ffixi.o
       100          0          0          0          0         76   fmul.o

    ----------------------------------------------------------------------
      5166        138        160          4          0       3628   Library Totals
         6          0          3          0          0          0   (incl. Padding)

    ----------------------------------------------------------------------

      Code (inc. data)   RO Data    RW Data    ZI Data      Debug   Library Name

      3558        138        157          4          0       2196   mc_w.l
      1602          0          0          0          0       1432   mf_w.l

    ----------------------------------------------------------------------
      5166        138        160          4          0       3628   Library Totals

    ----------------------------------------------------------------------

==============================================================================


      Code (inc. data)   RO Data    RW Data    ZI Data      Debug   

     72414       5916     187678       2060      59860     736136   Grand Totals
     72414       5916     187678       1332      59860     736136   ELF Image Totals (compressed)
     72414       5916     187678       1332          0          0   ROM Totals

==============================================================================

    Total RO  Size (Code + RO Data)               260092 ( 254.00kB)
    Total RW  Size (RW Data + ZI Data)             61920 (  60.47kB)
    Total ROM Size (Code + RO Data + RW Data)     261424 ( 255.30kB)

==============================================================================

