<!doctype html public "-//w3c//dtd html 4.0 transitional//en">
<html><head>
<title>Static Call Graph - [..\..\Output\SHARE.axf]</title></head>
<body><HR>
<H1>Static Call Graph for image ..\..\Output\SHARE.axf</H1><HR>
<BR><P>#&#060CALLGRAPH&#062# ARM Linker, 5060528: Last Updated: Mon Aug 26 12:18:41 2019
<BR><P>
<H3>Maximum Stack Usage =       1628 bytes + Unknown(Cycles, Untraceable Function Pointers)</H3><H3>
Call chain for Maximum Stack Depth:</H3>
PPS_TASK &rArr; cocoguojia_sdWrireGpsRtk &rArr; cocoguojia_WriteFileSystem &rArr; f_mkdir &rArr; dir_register &rArr; dir_find &rArr; dir_next &rArr; create_chain &rArr; put_fat &rArr; move_window &rArr; sync_window &rArr; disk_write &rArr;  disk_write (Cycle)
<P>
<H3>
Mutually Recursive functions
</H3> <LI><a href="#[1c]">ADC1_2_IRQHandler</a>&nbsp;&nbsp;&nbsp;&rArr;&nbsp;&nbsp;&nbsp;<a href="#[1c]">ADC1_2_IRQHandler</a><BR>
 <LI><a href="#[29d]">disk_write</a>&nbsp;&nbsp;&nbsp;&rArr;&nbsp;&nbsp;&nbsp;<a href="#[29d]">disk_write</a><BR>
 <LI><a href="#[29c]">disk_read</a>&nbsp;&nbsp;&nbsp;&rArr;&nbsp;&nbsp;&nbsp;<a href="#[29c]">disk_read</a><BR>
 <LI><a href="#[2]">HardFault_Handler</a>&nbsp;&nbsp;&nbsp;&rArr;&nbsp;&nbsp;&nbsp;<a href="#[2]">HardFault_Handler</a><BR>
 <LI><a href="#[3]">MemManage_Handler</a>&nbsp;&nbsp;&nbsp;&rArr;&nbsp;&nbsp;&nbsp;<a href="#[3]">MemManage_Handler</a><BR>
 <LI><a href="#[4]">BusFault_Handler</a>&nbsp;&nbsp;&nbsp;&rArr;&nbsp;&nbsp;&nbsp;<a href="#[4]">BusFault_Handler</a><BR>
 <LI><a href="#[5]">UsageFault_Handler</a>&nbsp;&nbsp;&nbsp;&rArr;&nbsp;&nbsp;&nbsp;<a href="#[5]">UsageFault_Handler</a><BR>
</UL>
<P>
<H3>
Function Pointers
</H3><UL>
 <LI><a href="#[1c]">ADC1_2_IRQHandler</a> from startup_stm32f10x_hd.o(.text) referenced from startup_stm32f10x_hd.o(RESET)
 <LI><a href="#[39]">ADC3_IRQHandler</a> from startup_stm32f10x_hd.o(.text) referenced from startup_stm32f10x_hd.o(RESET)
 <LI><a href="#[50]">APP_TASKCREATE</a> from main.o(.text) referenced from main.o(.constdata)
 <LI><a href="#[9c]">AppFuncCmd_GetTextInputBoxParam</a> from psdk_app_func.o(.text) referenced from psdk_app_func.o(.constdata)
 <LI><a href="#[99]">AppFuncCmd_GetWidgetGroupCount</a> from psdk_app_func.o(.text) referenced from psdk_app_func.o(.constdata)
 <LI><a href="#[9a]">AppFuncCmd_GetWidgetGroupValue</a> from psdk_app_func.o(.text) referenced from psdk_app_func.o(.constdata)
 <LI><a href="#[97]">AppFuncCmd_GetWidgetListLength</a> from psdk_app_func.o(.text) referenced from psdk_app_func.o(.constdata)
 <LI><a href="#[98]">AppFuncCmd_GetWidgetListValue</a> from psdk_app_func.o(.text) referenced from psdk_app_func.o(.constdata)
 <LI><a href="#[9b]">AppFuncCmd_SetWidgetValue</a> from psdk_app_func.o(.text) referenced from psdk_app_func.o(.constdata)
 <LI><a href="#[96]">AppFuncCmd_TT_AppToLoad</a> from psdk_app_func.o(.text) referenced from psdk_app_func.o(.constdata)
 <LI><a href="#[4]">BusFault_Handler</a> from stm32f10x_it.o(.text) referenced from startup_stm32f10x_hd.o(RESET)
 <LI><a href="#[53]">CAM_TASK</a> from cam_task.o(.text) referenced from main.o(.constdata)
 <LI><a href="#[1f]">CAN1_RX1_IRQHandler</a> from startup_stm32f10x_hd.o(.text) referenced from startup_stm32f10x_hd.o(RESET)
 <LI><a href="#[20]">CAN1_SCE_IRQHandler</a> from startup_stm32f10x_hd.o(.text) referenced from startup_stm32f10x_hd.o(RESET)
 <LI><a href="#[73]">CamEmu_FormatSdcard</a> from test_payload_cam_emu.o(.text) referenced from test_payload_cam_emu.o(.constdata)
 <LI><a href="#[6b]">CamEmu_GetCameraMode</a> from test_payload_cam_emu.o(.text) referenced from test_payload_cam_emu.o(.constdata)
 <LI><a href="#[7d]">CamEmu_GetFocusAssistantSettings</a> from test_payload_cam_emu.o(.text) referenced from test_payload_cam_emu.o(.constdata)
 <LI><a href="#[79]">CamEmu_GetFocusMode</a> from test_payload_cam_emu.o(.text) referenced from test_payload_cam_emu.o(.constdata)
 <LI><a href="#[80]">CamEmu_GetFocusRingValue</a> from test_payload_cam_emu.o(.text) referenced from test_payload_cam_emu.o(.constdata)
 <LI><a href="#[7e]">CamEmu_GetFocusRingValueUpperBound</a> from test_payload_cam_emu.o(.text) referenced from test_payload_cam_emu.o(.constdata)
 <LI><a href="#[7b]">CamEmu_GetFocusZone</a> from test_payload_cam_emu.o(.text) referenced from test_payload_cam_emu.o(.constdata)
 <LI><a href="#[75]">CamEmu_GetMeteringMode</a> from test_payload_cam_emu.o(.text) referenced from test_payload_cam_emu.o(.constdata)
 <LI><a href="#[84]">CamEmu_GetOpticalZoomFactor</a> from test_payload_cam_emu.o(.text) referenced from test_payload_cam_emu.o(.constdata)
 <LI><a href="#[83]">CamEmu_GetOpticalZoomFocalLength</a> from test_payload_cam_emu.o(.text) referenced from test_payload_cam_emu.o(.constdata)
 <LI><a href="#[81]">CamEmu_GetOpticalZoomSpec</a> from test_payload_cam_emu.o(.text) referenced from test_payload_cam_emu.o(.constdata)
 <LI><a href="#[6f]">CamEmu_GetPhotographyMode</a> from test_payload_cam_emu.o(.text) referenced from test_payload_cam_emu.o(.constdata)
 <LI><a href="#[6d]">CamEmu_GetPhotographyState</a> from test_payload_cam_emu.o(.text) referenced from test_payload_cam_emu.o(.constdata)
 <LI><a href="#[71]">CamEmu_GetRecordingState</a> from test_payload_cam_emu.o(.text) referenced from test_payload_cam_emu.o(.constdata)
 <LI><a href="#[72]">CamEmu_GetSdcardParam</a> from test_payload_cam_emu.o(.text) referenced from test_payload_cam_emu.o(.constdata)
 <LI><a href="#[77]">CamEmu_GetSpotMetering</a> from test_payload_cam_emu.o(.text) referenced from test_payload_cam_emu.o(.constdata)
 <LI><a href="#[6c]">CamEmu_Photography</a> from test_payload_cam_emu.o(.text) referenced from test_payload_cam_emu.o(.constdata)
 <LI><a href="#[6a]">CamEmu_SetCameraMode</a> from test_payload_cam_emu.o(.text) referenced from test_payload_cam_emu.o(.constdata)
 <LI><a href="#[7c]">CamEmu_SetFocusAssistantSettings</a> from test_payload_cam_emu.o(.text) referenced from test_payload_cam_emu.o(.constdata)
 <LI><a href="#[78]">CamEmu_SetFocusMode</a> from test_payload_cam_emu.o(.text) referenced from test_payload_cam_emu.o(.constdata)
 <LI><a href="#[7f]">CamEmu_SetFocusRingValue</a> from test_payload_cam_emu.o(.text) referenced from test_payload_cam_emu.o(.constdata)
 <LI><a href="#[7a]">CamEmu_SetFocusZone</a> from test_payload_cam_emu.o(.text) referenced from test_payload_cam_emu.o(.constdata)
 <LI><a href="#[74]">CamEmu_SetMeteringMode</a> from test_payload_cam_emu.o(.text) referenced from test_payload_cam_emu.o(.constdata)
 <LI><a href="#[82]">CamEmu_SetOpticalZoomFocalLength</a> from test_payload_cam_emu.o(.text) referenced from test_payload_cam_emu.o(.constdata)
 <LI><a href="#[6e]">CamEmu_SetPhotographyMode</a> from test_payload_cam_emu.o(.text) referenced from test_payload_cam_emu.o(.constdata)
 <LI><a href="#[70]">CamEmu_SetRecording</a> from test_payload_cam_emu.o(.text) referenced from test_payload_cam_emu.o(.constdata)
 <LI><a href="#[76]">CamEmu_SetSpotMetering</a> from test_payload_cam_emu.o(.text) referenced from test_payload_cam_emu.o(.constdata)
 <LI><a href="#[85]">CamEmu_StartContinuousOpticalZoom</a> from test_payload_cam_emu.o(.text) referenced from test_payload_cam_emu.o(.constdata)
 <LI><a href="#[86]">CamEmu_StopContinuousOpticalZoom</a> from test_payload_cam_emu.o(.text) referenced from test_payload_cam_emu.o(.constdata)
 <LI><a href="#[56]">Cam_status_update_TASK</a> from cam_status_task.o(.text) referenced from main.o(.constdata)
 <LI><a href="#[b3]">CameraCmd_FormatSDCard</a> from psdk_payload_camera.o(.text) referenced from psdk_payload_camera.o(.constdata)
 <LI><a href="#[c3]">CameraCmd_GetDigitalZoomFactor</a> from psdk_payload_camera.o(.text) referenced from psdk_payload_camera.o(.constdata)
 <LI><a href="#[c1]">CameraCmd_GetDigitalZoomSpec</a> from psdk_payload_camera.o(.text) referenced from psdk_payload_camera.o(.constdata)
 <LI><a href="#[bd]">CameraCmd_GetFocusAssistantSettings</a> from psdk_payload_camera.o(.text) referenced from psdk_payload_camera.o(.constdata)
 <LI><a href="#[b9]">CameraCmd_GetFocusMode</a> from psdk_payload_camera.o(.text) referenced from psdk_payload_camera.o(.constdata)
 <LI><a href="#[c0]">CameraCmd_GetFocusRingValue</a> from psdk_payload_camera.o(.text) referenced from psdk_payload_camera.o(.constdata)
 <LI><a href="#[be]">CameraCmd_GetFocusRingValueUpperBound</a> from psdk_payload_camera.o(.text) referenced from psdk_payload_camera.o(.constdata)
 <LI><a href="#[bb]">CameraCmd_GetFocusZone</a> from psdk_payload_camera.o(.text) referenced from psdk_payload_camera.o(.constdata)
 <LI><a href="#[b5]">CameraCmd_GetMeteringMode</a> from psdk_payload_camera.o(.text) referenced from psdk_payload_camera.o(.constdata)
 <LI><a href="#[ab]">CameraCmd_GetMode</a> from psdk_payload_camera.o(.text) referenced from psdk_payload_camera.o(.constdata)
 <LI><a href="#[c7]">CameraCmd_GetOpticalZoomFactor</a> from psdk_payload_camera.o(.text) referenced from psdk_payload_camera.o(.constdata)
 <LI><a href="#[c6]">CameraCmd_GetOpticalZoomFocalLength</a> from psdk_payload_camera.o(.text) referenced from psdk_payload_camera.o(.constdata)
 <LI><a href="#[c4]">CameraCmd_GetOpticalZoomSpec</a> from psdk_payload_camera.o(.text) referenced from psdk_payload_camera.o(.constdata)
 <LI><a href="#[b1]">CameraCmd_GetRecordVideoState</a> from psdk_payload_camera.o(.text) referenced from psdk_payload_camera.o(.constdata)
 <LI><a href="#[b2]">CameraCmd_GetSDCardState</a> from psdk_payload_camera.o(.text) referenced from psdk_payload_camera.o(.constdata)
 <LI><a href="#[af]">CameraCmd_GetShootPhotoMode</a> from psdk_payload_camera.o(.text) referenced from psdk_payload_camera.o(.constdata)
 <LI><a href="#[ad]">CameraCmd_GetShootPhotoState</a> from psdk_payload_camera.o(.text) referenced from psdk_payload_camera.o(.constdata)
 <LI><a href="#[b7]">CameraCmd_GetSpotMetering</a> from psdk_payload_camera.o(.text) referenced from psdk_payload_camera.o(.constdata)
 <LI><a href="#[b0]">CameraCmd_RecordVideo</a> from psdk_payload_camera.o(.text) referenced from psdk_payload_camera.o(.constdata)
 <LI><a href="#[c2]">CameraCmd_SetDigitalZoomFactor</a> from psdk_payload_camera.o(.text) referenced from psdk_payload_camera.o(.constdata)
 <LI><a href="#[bc]">CameraCmd_SetFocusAssistantSettings</a> from psdk_payload_camera.o(.text) referenced from psdk_payload_camera.o(.constdata)
 <LI><a href="#[b8]">CameraCmd_SetFocusMode</a> from psdk_payload_camera.o(.text) referenced from psdk_payload_camera.o(.constdata)
 <LI><a href="#[bf]">CameraCmd_SetFocusRingValue</a> from psdk_payload_camera.o(.text) referenced from psdk_payload_camera.o(.constdata)
 <LI><a href="#[ba]">CameraCmd_SetFocusZone</a> from psdk_payload_camera.o(.text) referenced from psdk_payload_camera.o(.constdata)
 <LI><a href="#[b4]">CameraCmd_SetMeteringMode</a> from psdk_payload_camera.o(.text) referenced from psdk_payload_camera.o(.constdata)
 <LI><a href="#[aa]">CameraCmd_SetMode</a> from psdk_payload_camera.o(.text) referenced from psdk_payload_camera.o(.constdata)
 <LI><a href="#[c5]">CameraCmd_SetOpticalZoomFocalLength</a> from psdk_payload_camera.o(.text) referenced from psdk_payload_camera.o(.constdata)
 <LI><a href="#[ae]">CameraCmd_SetShootPhotoMode</a> from psdk_payload_camera.o(.text) referenced from psdk_payload_camera.o(.constdata)
 <LI><a href="#[b6]">CameraCmd_SetSpotMetering</a> from psdk_payload_camera.o(.text) referenced from psdk_payload_camera.o(.constdata)
 <LI><a href="#[ac]">CameraCmd_ShootPhoto</a> from psdk_payload_camera.o(.text) referenced from psdk_payload_camera.o(.constdata)
 <LI><a href="#[c8]">CameraCmd_StartContinuousOpticalZoom</a> from psdk_payload_camera.o(.text) referenced from psdk_payload_camera.o(.constdata)
 <LI><a href="#[c9]">CameraCmd_StopContinuousOpticalZoom</a> from psdk_payload_camera.o(.text) referenced from psdk_payload_camera.o(.constdata)
 <LI><a href="#[a9]">CameraCmd_SupportState</a> from psdk_payload_camera.o(.text) referenced from psdk_payload_camera.o(.constdata)
 <LI><a href="#[15]">DMA1_Channel1_IRQHandler</a> from startup_stm32f10x_hd.o(.text) referenced from startup_stm32f10x_hd.o(RESET)
 <LI><a href="#[16]">DMA1_Channel2_IRQHandler</a> from startup_stm32f10x_hd.o(.text) referenced from startup_stm32f10x_hd.o(RESET)
 <LI><a href="#[17]">DMA1_Channel3_IRQHandler</a> from startup_stm32f10x_hd.o(.text) referenced from startup_stm32f10x_hd.o(RESET)
 <LI><a href="#[18]">DMA1_Channel4_IRQHandler</a> from startup_stm32f10x_hd.o(.text) referenced from startup_stm32f10x_hd.o(RESET)
 <LI><a href="#[19]">DMA1_Channel5_IRQHandler</a> from startup_stm32f10x_hd.o(.text) referenced from startup_stm32f10x_hd.o(RESET)
 <LI><a href="#[1a]">DMA1_Channel6_IRQHandler</a> from startup_stm32f10x_hd.o(.text) referenced from startup_stm32f10x_hd.o(RESET)
 <LI><a href="#[1b]">DMA1_Channel7_IRQHandler</a> from startup_stm32f10x_hd.o(.text) referenced from startup_stm32f10x_hd.o(RESET)
 <LI><a href="#[42]">DMA2_Channel1_IRQHandler</a> from startup_stm32f10x_hd.o(.text) referenced from startup_stm32f10x_hd.o(RESET)
 <LI><a href="#[43]">DMA2_Channel2_IRQHandler</a> from startup_stm32f10x_hd.o(.text) referenced from startup_stm32f10x_hd.o(RESET)
 <LI><a href="#[44]">DMA2_Channel3_IRQHandler</a> from startup_stm32f10x_hd.o(.text) referenced from startup_stm32f10x_hd.o(RESET)
 <LI><a href="#[45]">DMA2_Channel4_5_IRQHandler</a> from startup_stm32f10x_hd.o(.text) referenced from startup_stm32f10x_hd.o(RESET)
 <LI><a href="#[7]">DebugMon_Handler</a> from stm32f10x_it.o(.text) referenced from startup_stm32f10x_hd.o(RESET)
 <LI><a href="#[10]">EXTI0_IRQHandler</a> from startup_stm32f10x_hd.o(.text) referenced from startup_stm32f10x_hd.o(RESET)
 <LI><a href="#[32]">EXTI15_10_IRQHandler</a> from startup_stm32f10x_hd.o(.text) referenced from startup_stm32f10x_hd.o(RESET)
 <LI><a href="#[11]">EXTI1_IRQHandler</a> from hotshoe.o(.text) referenced from startup_stm32f10x_hd.o(RESET)
 <LI><a href="#[12]">EXTI2_IRQHandler</a> from startup_stm32f10x_hd.o(.text) referenced from startup_stm32f10x_hd.o(RESET)
 <LI><a href="#[13]">EXTI3_IRQHandler</a> from pps.o(.text) referenced from startup_stm32f10x_hd.o(RESET)
 <LI><a href="#[14]">EXTI4_IRQHandler</a> from startup_stm32f10x_hd.o(.text) referenced from startup_stm32f10x_hd.o(RESET)
 <LI><a href="#[21]">EXTI9_5_IRQHandler</a> from startup_stm32f10x_hd.o(.text) referenced from startup_stm32f10x_hd.o(RESET)
 <LI><a href="#[58]">FAN_TASK</a> from fan_task.o(.text) referenced from main.o(.constdata)
 <LI><a href="#[e]">FLASH_IRQHandler</a> from startup_stm32f10x_hd.o(.text) referenced from startup_stm32f10x_hd.o(RESET)
 <LI><a href="#[3a]">FSMC_IRQHandler</a> from startup_stm32f10x_hd.o(.text) referenced from startup_stm32f10x_hd.o(RESET)
 <LI><a href="#[ce]">GimbalCmd_ControlAngle</a> from psdk_payload_gimbal.o(.text) referenced from psdk_payload_gimbal.o(.constdata)
 <LI><a href="#[cf]">GimbalCmd_ControlJointAngle</a> from psdk_payload_gimbal.o(.text) referenced from psdk_payload_gimbal.o(.constdata)
 <LI><a href="#[cd]">GimbalCmd_ControlSpeed</a> from psdk_payload_gimbal.o(.text) referenced from psdk_payload_gimbal.o(.constdata)
 <LI><a href="#[d1]">GimbalCmd_GetCaliProgress</a> from psdk_payload_gimbal.o(.text) referenced from psdk_payload_gimbal.o(.constdata)
 <LI><a href="#[ca]">GimbalCmd_GetGimbalState</a> from psdk_payload_gimbal.o(.text) referenced from psdk_payload_gimbal.o(.constdata)
 <LI><a href="#[cc]">GimbalCmd_ReturnHead</a> from psdk_payload_gimbal.o(.text) referenced from psdk_payload_gimbal.o(.constdata)
 <LI><a href="#[cb]">GimbalCmd_SetGimbalMode</a> from psdk_payload_gimbal.o(.text) referenced from psdk_payload_gimbal.o(.constdata)
 <LI><a href="#[d0]">GimbalCmd_StartCalibration</a> from psdk_payload_gimbal.o(.text) referenced from psdk_payload_gimbal.o(.constdata)
 <LI><a href="#[d2]">GimbalCmd_SupportState</a> from psdk_payload_gimbal.o(.text) referenced from psdk_payload_gimbal.o(.constdata)
 <LI><a href="#[8b]">GimbalEmu_ControlAngle</a> from test_payload_gimbal_emu.o(.text) referenced from test_payload_gimbal_emu.o(.constdata)
 <LI><a href="#[8c]">GimbalEmu_ControlJointAngle</a> from test_payload_gimbal_emu.o(.text) referenced from test_payload_gimbal_emu.o(.constdata)
 <LI><a href="#[8a]">GimbalEmu_ControlSpeed</a> from test_payload_gimbal_emu.o(.text) referenced from test_payload_gimbal_emu.o(.constdata)
 <LI><a href="#[8e]">GimbalEmu_GetCalibrationProgress</a> from test_payload_gimbal_emu.o(.text) referenced from test_payload_gimbal_emu.o(.constdata)
 <LI><a href="#[87]">GimbalEmu_GetGimbalParam</a> from test_payload_gimbal_emu.o(.text) referenced from test_payload_gimbal_emu.o(.constdata)
 <LI><a href="#[89]">GimbalEmu_ReturnHead</a> from test_payload_gimbal_emu.o(.text) referenced from test_payload_gimbal_emu.o(.constdata)
 <LI><a href="#[88]">GimbalEmu_SetGimbalMode</a> from test_payload_gimbal_emu.o(.text) referenced from test_payload_gimbal_emu.o(.constdata)
 <LI><a href="#[8d]">GimbalEmu_StartCalibration</a> from test_payload_gimbal_emu.o(.text) referenced from test_payload_gimbal_emu.o(.constdata)
 <LI><a href="#[2]">HardFault_Handler</a> from stm32f10x_it.o(.text) referenced from startup_stm32f10x_hd.o(RESET)
 <LI><a href="#[2a]">I2C1_ER_IRQHandler</a> from startup_stm32f10x_hd.o(.text) referenced from startup_stm32f10x_hd.o(RESET)
 <LI><a href="#[29]">I2C1_EV_IRQHandler</a> from startup_stm32f10x_hd.o(.text) referenced from startup_stm32f10x_hd.o(RESET)
 <LI><a href="#[2c]">I2C2_ER_IRQHandler</a> from startup_stm32f10x_hd.o(.text) referenced from startup_stm32f10x_hd.o(RESET)
 <LI><a href="#[2b]">I2C2_EV_IRQHandler</a> from startup_stm32f10x_hd.o(.text) referenced from startup_stm32f10x_hd.o(RESET)
 <LI><a href="#[52]">KEY_TASK</a> from key_task.o(.text) referenced from main.o(.constdata)
 <LI><a href="#[3]">MemManage_Handler</a> from stm32f10x_it.o(.text) referenced from startup_stm32f10x_hd.o(RESET)
 <LI><a href="#[a4]">MsgPushCmd_GpsRawData</a> from psdk_msg_subcribe.o(.text) referenced from psdk_msg_subcribe.o(.constdata)
 <LI><a href="#[a8]">MsgPushCmd_OtherPayloadFocalLength</a> from psdk_msg_subcribe.o(.text) referenced from psdk_msg_subcribe.o(.constdata)
 <LI><a href="#[a7]">MsgPushCmd_OtherPayloadType</a> from psdk_msg_subcribe.o(.text) referenced from psdk_msg_subcribe.o(.constdata)
 <LI><a href="#[a2]">MsgPushCmd_PushAppDateTime</a> from psdk_msg_subcribe.o(.text) referenced from psdk_msg_subcribe.o(.constdata)
 <LI><a href="#[9e]">MsgPushCmd_PushAttitude</a> from psdk_msg_subcribe.o(.text) referenced from psdk_msg_subcribe.o(.constdata)
 <LI><a href="#[9d]">MsgPushCmd_PushBandWidth</a> from psdk_msg_subcribe.o(.text) referenced from psdk_msg_subcribe.o(.constdata)
 <LI><a href="#[a3]">MsgPushCmd_PushBaroHeight</a> from psdk_msg_subcribe.o(.text) referenced from psdk_msg_subcribe.o(.constdata)
 <LI><a href="#[9f]">MsgPushCmd_PushBatteryInfo</a> from psdk_msg_subcribe.o(.text) referenced from psdk_msg_subcribe.o(.constdata)
 <LI><a href="#[a0]">MsgPushCmd_PushGpsInfo</a> from psdk_msg_subcribe.o(.text) referenced from psdk_msg_subcribe.o(.constdata)
 <LI><a href="#[a1]">MsgPushCmd_PushUavState</a> from psdk_msg_subcribe.o(.text) referenced from psdk_msg_subcribe.o(.constdata)
 <LI><a href="#[a5]">MsgPushCmd_RtkRawData</a> from psdk_msg_subcribe.o(.text) referenced from psdk_msg_subcribe.o(.constdata)
 <LI><a href="#[a6]">MsgPushCmd_UtcTimestamp</a> from psdk_msg_subcribe.o(.text) referenced from psdk_msg_subcribe.o(.constdata)
 <LI><a href="#[1]">NMI_Handler</a> from stm32f10x_it.o(.text) referenced from startup_stm32f10x_hd.o(RESET)
 <LI><a href="#[51]">OLED_TASK</a> from oled_task.o(.text) referenced from main.o(.constdata)
 <LI><a href="#[d3]">OsdkFuncCmd_TT_OsdkToLoad</a> from psdk_osdk_func.o(.text) referenced from psdk_osdk_func.o(.constdata)
 <LI><a href="#[5d]">PPS_TASK</a> from application.o(.text) referenced from main.o(.constdata)
 <LI><a href="#[b]">PVD_IRQHandler</a> from startup_stm32f10x_hd.o(.text) referenced from startup_stm32f10x_hd.o(RESET)
 <LI><a href="#[8]">PendSV_Handler</a> from port.o(.emb_text) referenced from startup_stm32f10x_hd.o(RESET)
 <LI><a href="#[5b]">ProcessPsdkRecTask</a> from application.o(.text) referenced from main.o(.constdata)
 <LI><a href="#[95]">PsdkPayloadStateCmd_GetPayloadProductAlias</a> from psdk_upper.o(.text) referenced from psdk_upper.o(.constdata)
 <LI><a href="#[93]">PsdkPayloadStateCmd_GetPayloadProductInfo</a> from psdk_upper.o(.text) referenced from psdk_upper.o(.constdata)
 <LI><a href="#[94]">PsdkPayloadStateCmd_GetSkyportVersionInfo</a> from psdk_upper.o(.text) referenced from psdk_upper.o(.constdata)
 <LI><a href="#[91]">PsdkPayloadStateCmd_GetVersion</a> from psdk_upper.o(.text) referenced from psdk_upper.o(.constdata)
 <LI><a href="#[90]">PsdkPayloadStateCmd_IdentityVerify</a> from psdk_upper.o(.text) referenced from psdk_upper.o(.constdata)
 <LI><a href="#[92]">PsdkPayloadStateCmd_LinkHandShake</a> from psdk_upper.o(.text) referenced from psdk_upper.o(.constdata)
 <LI><a href="#[5c]">PsdkTestTask</a> from application.o(.text) referenced from main.o(.constdata)
 <LI><a href="#[dc]">Psdk_Write</a> from application.o(.text) referenced from application.o(.text)
 <LI><a href="#[f]">RCC_IRQHandler</a> from startup_stm32f10x_hd.o(.text) referenced from startup_stm32f10x_hd.o(RESET)
 <LI><a href="#[54]">RGB_TASK</a> from rgb_task.o(.text) referenced from main.o(.constdata)
 <LI><a href="#[33]">RTCAlarm_IRQHandler</a> from startup_stm32f10x_hd.o(.text) referenced from startup_stm32f10x_hd.o(RESET)
 <LI><a href="#[d]">RTC_IRQHandler</a> from startup_stm32f10x_hd.o(.text) referenced from startup_stm32f10x_hd.o(RESET)
 <LI><a href="#[55]">RUNINIT_TASK</a> from runinit_task.o(.text) referenced from main.o(.constdata)
 <LI><a href="#[0]">Reset_Handler</a> from startup_stm32f10x_hd.o(.text) referenced from startup_stm32f10x_hd.o(RESET)
 <LI><a href="#[3b]">SDIO_IRQHandler</a> from cocoguojia_sdio.o(.text) referenced from startup_stm32f10x_hd.o(RESET)
 <LI><a href="#[5a]">SJ_TASK</a> from app_updata_task.o(.text) referenced from main.o(.constdata)
 <LI><a href="#[2d]">SPI1_IRQHandler</a> from startup_stm32f10x_hd.o(.text) referenced from startup_stm32f10x_hd.o(RESET)
 <LI><a href="#[2e]">SPI2_IRQHandler</a> from startup_stm32f10x_hd.o(.text) referenced from startup_stm32f10x_hd.o(RESET)
 <LI><a href="#[3d]">SPI3_IRQHandler</a> from startup_stm32f10x_hd.o(.text) referenced from startup_stm32f10x_hd.o(RESET)
 <LI><a href="#[6]">SVC_Handler</a> from port.o(.emb_text) referenced from startup_stm32f10x_hd.o(RESET)
 <LI><a href="#[9]">SysTick_Handler</a> from stm32f10x_it.o(.text) referenced from startup_stm32f10x_hd.o(RESET)
 <LI><a href="#[47]">SystemInit</a> from system_stm32f10x.o(.text) referenced from startup_stm32f10x_hd.o(.text)
 <LI><a href="#[c]">TAMPER_IRQHandler</a> from startup_stm32f10x_hd.o(.text) referenced from startup_stm32f10x_hd.o(RESET)
 <LI><a href="#[59]">TEMP_TASK</a> from temp_task.o(.text) referenced from main.o(.constdata)
 <LI><a href="#[22]">TIM1_BRK_IRQHandler</a> from startup_stm32f10x_hd.o(.text) referenced from startup_stm32f10x_hd.o(RESET)
 <LI><a href="#[25]">TIM1_CC_IRQHandler</a> from startup_stm32f10x_hd.o(.text) referenced from startup_stm32f10x_hd.o(RESET)
 <LI><a href="#[24]">TIM1_TRG_COM_IRQHandler</a> from startup_stm32f10x_hd.o(.text) referenced from startup_stm32f10x_hd.o(RESET)
 <LI><a href="#[23]">TIM1_UP_IRQHandler</a> from startup_stm32f10x_hd.o(.text) referenced from startup_stm32f10x_hd.o(RESET)
 <LI><a href="#[26]">TIM2_IRQHandler</a> from startup_stm32f10x_hd.o(.text) referenced from startup_stm32f10x_hd.o(RESET)
 <LI><a href="#[27]">TIM3_IRQHandler</a> from startup_stm32f10x_hd.o(.text) referenced from startup_stm32f10x_hd.o(RESET)
 <LI><a href="#[28]">TIM4_IRQHandler</a> from startup_stm32f10x_hd.o(.text) referenced from startup_stm32f10x_hd.o(RESET)
 <LI><a href="#[3c]">TIM5_IRQHandler</a> from startup_stm32f10x_hd.o(.text) referenced from startup_stm32f10x_hd.o(RESET)
 <LI><a href="#[40]">TIM6_IRQHandler</a> from startup_stm32f10x_hd.o(.text) referenced from startup_stm32f10x_hd.o(RESET)
 <LI><a href="#[41]">TIM7_IRQHandler</a> from startup_stm32f10x_hd.o(.text) referenced from startup_stm32f10x_hd.o(RESET)
 <LI><a href="#[35]">TIM8_BRK_IRQHandler</a> from startup_stm32f10x_hd.o(.text) referenced from startup_stm32f10x_hd.o(RESET)
 <LI><a href="#[38]">TIM8_CC_IRQHandler</a> from startup_stm32f10x_hd.o(.text) referenced from startup_stm32f10x_hd.o(RESET)
 <LI><a href="#[37]">TIM8_TRG_COM_IRQHandler</a> from startup_stm32f10x_hd.o(.text) referenced from startup_stm32f10x_hd.o(RESET)
 <LI><a href="#[36]">TIM8_UP_IRQHandler</a> from startup_stm32f10x_hd.o(.text) referenced from startup_stm32f10x_hd.o(RESET)
 <LI><a href="#[57]">TRIGGER_TASK</a> from trigger_task.o(.text) referenced from main.o(.constdata)
 <LI><a href="#[4a]">Test_GetWidgetValueFunc</a> from test_app_func.o(.text) referenced from application.o(.text)
 <LI><a href="#[49]">Test_ReceiveFromMobileSDKFunc</a> from test_app_func.o(.text) referenced from application.o(.text)
 <LI><a href="#[8f]">Test_ReceiveFromOnboardSDKFunc</a> from test_osdk_func.o(.text) referenced from test_osdk_func.o(.constdata)
 <LI><a href="#[4b]">Test_SetWidgetValueFunc</a> from test_app_func.o(.text) referenced from application.o(.text)
 <LI><a href="#[3e]">UART4_IRQHandler</a> from startup_stm32f10x_hd.o(.text) referenced from startup_stm32f10x_hd.o(RESET)
 <LI><a href="#[3f]">UART5_IRQHandler</a> from startup_stm32f10x_hd.o(.text) referenced from startup_stm32f10x_hd.o(RESET)
 <LI><a href="#[2f]">USART1_IRQHandler</a> from cocoguojia_usart.o(.text) referenced from startup_stm32f10x_hd.o(RESET)
 <LI><a href="#[30]">USART2_IRQHandler</a> from cocoguojia_usart.o(.text) referenced from startup_stm32f10x_hd.o(RESET)
 <LI><a href="#[31]">USART3_IRQHandler</a> from cocoguojia_usart.o(.text) referenced from startup_stm32f10x_hd.o(RESET)
 <LI><a href="#[34]">USBWakeUp_IRQHandler</a> from startup_stm32f10x_hd.o(.text) referenced from startup_stm32f10x_hd.o(RESET)
 <LI><a href="#[1d]">USB_HP_CAN1_TX_IRQHandler</a> from startup_stm32f10x_hd.o(.text) referenced from startup_stm32f10x_hd.o(RESET)
 <LI><a href="#[1e]">USB_LP_CAN1_RX0_IRQHandler</a> from startup_stm32f10x_hd.o(.text) referenced from startup_stm32f10x_hd.o(RESET)
 <LI><a href="#[5]">UsageFault_Handler</a> from stm32f10x_it.o(.text) referenced from startup_stm32f10x_hd.o(RESET)
 <LI><a href="#[a]">WWDG_IRQHandler</a> from startup_stm32f10x_hd.o(.text) referenced from startup_stm32f10x_hd.o(RESET)
 <LI><a href="#[48]">__main</a> from entry.o(.ARM.Collect$$$$00000000) referenced from startup_stm32f10x_hd.o(.text)
 <LI><a href="#[4f]">_snputc</a> from printfa.o(i._snputc) referenced from printfa.o(i.__0vsnprintf)
 <LI><a href="#[4e]">_sputc</a> from printfa.o(i._sputc) referenced from printfa.o(i.__0sprintf)
 <LI><a href="#[63]">appDateTimeMsgCallback</a> from test_msg_push.o(.text) referenced from test_msg_push.o(.constdata)
 <LI><a href="#[5e]">bandWidthMsgCallback</a> from test_msg_push.o(.text) referenced from test_msg_push.o(.constdata)
 <LI><a href="#[64]">baroHeightDataMsgCallback</a> from test_msg_push.o(.text) referenced from test_msg_push.o(.constdata)
 <LI><a href="#[60]">batteryInfoMsgCallback</a> from test_msg_push.o(.text) referenced from test_msg_push.o(.constdata)
 <LI><a href="#[61]">gpsInfoMsgCallback</a> from test_msg_push.o(.text) referenced from test_msg_push.o(.constdata)
 <LI><a href="#[65]">gpsRawDataMsgCallback</a> from test_msg_push.o(.text) referenced from test_msg_push.o(.constdata)
 <LI><a href="#[46]">main</a> from main.o(.text) referenced from entry9a.o(.ARM.Collect$$$$0000000B)
 <LI><a href="#[69]">otherPayloadFocalLengthMsgCallback</a> from test_msg_push.o(.text) referenced from test_msg_push.o(.constdata)
 <LI><a href="#[68]">otherPayloadTypeMsgCallback</a> from test_msg_push.o(.text) referenced from test_msg_push.o(.constdata)
 <LI><a href="#[4c]">prvIdleTask</a> from tasks.o(.text) referenced from tasks.o(.text)
 <LI><a href="#[4d]">prvTaskExitError</a> from port.o(.text) referenced from port.o(.text)
 <LI><a href="#[66]">rtkRawDataMsgCallback</a> from test_msg_push.o(.text) referenced from test_msg_push.o(.constdata)
 <LI><a href="#[5f]">uavAttitudeMsgCallback</a> from test_msg_push.o(.text) referenced from test_msg_push.o(.constdata)
 <LI><a href="#[62]">uavStateMsgCallback</a> from test_msg_push.o(.text) referenced from test_msg_push.o(.constdata)
 <LI><a href="#[67]">utcTimestampMsgCallback</a> from test_msg_push.o(.text) referenced from test_msg_push.o(.constdata)
</UL>
<P>
<H3>
Global Symbols
</H3>
<P><STRONG><a name="[48]"></a>__main</STRONG> (Thumb, 0 bytes, Stack size unknown bytes, entry.o(.ARM.Collect$$$$00000000))
<BR>[Address Reference Count : 1]<UL><LI> startup_stm32f10x_hd.o(.text)
</UL>
<P><STRONG><a name="[2e7]"></a>_main_stk</STRONG> (Thumb, 0 bytes, Stack size unknown bytes, entry2.o(.ARM.Collect$$$$00000001))

<P><STRONG><a name="[d4]"></a>_main_scatterload</STRONG> (Thumb, 0 bytes, Stack size unknown bytes, entry5.o(.ARM.Collect$$$$00000004))
<BR><BR>[Calls]<UL><LI><a href="#[d5]">&gt;&gt;</a>&nbsp;&nbsp;&nbsp;__scatterload
</UL>

<P><STRONG><a name="[2dd]"></a>__main_after_scatterload</STRONG> (Thumb, 0 bytes, Stack size unknown bytes, entry5.o(.ARM.Collect$$$$00000004))
<BR><BR>[Called By]<UL><LI><a href="#[d5]">&gt;&gt;</a>&nbsp;&nbsp;&nbsp;__scatterload
</UL>

<P><STRONG><a name="[2e8]"></a>_main_clock</STRONG> (Thumb, 0 bytes, Stack size unknown bytes, entry7b.o(.ARM.Collect$$$$00000008))

<P><STRONG><a name="[2e9]"></a>_main_cpp_init</STRONG> (Thumb, 0 bytes, Stack size unknown bytes, entry8b.o(.ARM.Collect$$$$0000000A))

<P><STRONG><a name="[2ea]"></a>_main_init</STRONG> (Thumb, 0 bytes, Stack size unknown bytes, entry9a.o(.ARM.Collect$$$$0000000B))

<P><STRONG><a name="[2eb]"></a>__rt_final_cpp</STRONG> (Thumb, 0 bytes, Stack size unknown bytes, entry10a.o(.ARM.Collect$$$$0000000D))

<P><STRONG><a name="[2ec]"></a>__rt_final_exit</STRONG> (Thumb, 0 bytes, Stack size unknown bytes, entry11a.o(.ARM.Collect$$$$0000000F))

<P><STRONG><a name="[6]"></a>SVC_Handler</STRONG> (Thumb, 32 bytes, Stack size 0 bytes, port.o(.emb_text))
<BR>[Address Reference Count : 1]<UL><LI> startup_stm32f10x_hd.o(RESET)
</UL>
<P><STRONG><a name="[281]"></a>__asm___6_port_c_39a90d8d__prvStartFirstTask</STRONG> (Thumb, 28 bytes, Stack size 0 bytes, port.o(.emb_text))
<BR><BR>[Called By]<UL><LI><a href="#[270]">&gt;&gt;</a>&nbsp;&nbsp;&nbsp;xPortStartScheduler
</UL>

<P><STRONG><a name="[8]"></a>PendSV_Handler</STRONG> (Thumb, 72 bytes, Stack size 0 bytes, port.o(.emb_text))
<BR><BR>[Stack]<UL><LI>Max Depth = 448<LI>Call Chain = PendSV_Handler &rArr; vTaskSwitchContext &rArr; vApplicationStackOverflowHook &rArr; UART_Printf &rArr; UART_Write &rArr; osMutexWait &rArr; xQueueGenericReceive &rArr; xTaskResumeAll &rArr; xTaskIncrementTick
</UL>
<BR>[Calls]<UL><LI><a href="#[d6]">&gt;&gt;</a>&nbsp;&nbsp;&nbsp;vTaskSwitchContext
</UL>
<BR>[Address Reference Count : 1]<UL><LI> startup_stm32f10x_hd.o(RESET)
</UL>
<P><STRONG><a name="[282]"></a>vPortGetIPSR</STRONG> (Thumb, 6 bytes, Stack size 0 bytes, port.o(.emb_text))
<BR><BR>[Called By]<UL><LI><a href="#[260]">&gt;&gt;</a>&nbsp;&nbsp;&nbsp;vPortValidateInterruptPriority
</UL>

<P><STRONG><a name="[0]"></a>Reset_Handler</STRONG> (Thumb, 8 bytes, Stack size 0 bytes, startup_stm32f10x_hd.o(.text))
<BR>[Address Reference Count : 1]<UL><LI> startup_stm32f10x_hd.o(RESET)
</UL>
<P><STRONG><a name="[1c]"></a>ADC1_2_IRQHandler</STRONG> (Thumb, 0 bytes, Stack size 0 bytes, startup_stm32f10x_hd.o(.text))
<BR><BR>[Calls]<UL><LI><a href="#[1c]">&gt;&gt;</a>&nbsp;&nbsp;&nbsp;ADC1_2_IRQHandler
</UL>
<BR>[Called By]<UL><LI><a href="#[1c]">&gt;&gt;</a>&nbsp;&nbsp;&nbsp;ADC1_2_IRQHandler
</UL>
<BR>[Address Reference Count : 1]<UL><LI> startup_stm32f10x_hd.o(RESET)
</UL>
<P><STRONG><a name="[39]"></a>ADC3_IRQHandler</STRONG> (Thumb, 0 bytes, Stack size 0 bytes, startup_stm32f10x_hd.o(.text))
<BR>[Address Reference Count : 1]<UL><LI> startup_stm32f10x_hd.o(RESET)
</UL>
<P><STRONG><a name="[1f]"></a>CAN1_RX1_IRQHandler</STRONG> (Thumb, 0 bytes, Stack size 0 bytes, startup_stm32f10x_hd.o(.text))
<BR>[Address Reference Count : 1]<UL><LI> startup_stm32f10x_hd.o(RESET)
</UL>
<P><STRONG><a name="[20]"></a>CAN1_SCE_IRQHandler</STRONG> (Thumb, 0 bytes, Stack size 0 bytes, startup_stm32f10x_hd.o(.text))
<BR>[Address Reference Count : 1]<UL><LI> startup_stm32f10x_hd.o(RESET)
</UL>
<P><STRONG><a name="[15]"></a>DMA1_Channel1_IRQHandler</STRONG> (Thumb, 0 bytes, Stack size 0 bytes, startup_stm32f10x_hd.o(.text))
<BR>[Address Reference Count : 1]<UL><LI> startup_stm32f10x_hd.o(RESET)
</UL>
<P><STRONG><a name="[16]"></a>DMA1_Channel2_IRQHandler</STRONG> (Thumb, 0 bytes, Stack size 0 bytes, startup_stm32f10x_hd.o(.text))
<BR>[Address Reference Count : 1]<UL><LI> startup_stm32f10x_hd.o(RESET)
</UL>
<P><STRONG><a name="[17]"></a>DMA1_Channel3_IRQHandler</STRONG> (Thumb, 0 bytes, Stack size 0 bytes, startup_stm32f10x_hd.o(.text))
<BR>[Address Reference Count : 1]<UL><LI> startup_stm32f10x_hd.o(RESET)
</UL>
<P><STRONG><a name="[18]"></a>DMA1_Channel4_IRQHandler</STRONG> (Thumb, 0 bytes, Stack size 0 bytes, startup_stm32f10x_hd.o(.text))
<BR>[Address Reference Count : 1]<UL><LI> startup_stm32f10x_hd.o(RESET)
</UL>
<P><STRONG><a name="[19]"></a>DMA1_Channel5_IRQHandler</STRONG> (Thumb, 0 bytes, Stack size 0 bytes, startup_stm32f10x_hd.o(.text))
<BR>[Address Reference Count : 1]<UL><LI> startup_stm32f10x_hd.o(RESET)
</UL>
<P><STRONG><a name="[1a]"></a>DMA1_Channel6_IRQHandler</STRONG> (Thumb, 0 bytes, Stack size 0 bytes, startup_stm32f10x_hd.o(.text))
<BR>[Address Reference Count : 1]<UL><LI> startup_stm32f10x_hd.o(RESET)
</UL>
<P><STRONG><a name="[1b]"></a>DMA1_Channel7_IRQHandler</STRONG> (Thumb, 0 bytes, Stack size 0 bytes, startup_stm32f10x_hd.o(.text))
<BR>[Address Reference Count : 1]<UL><LI> startup_stm32f10x_hd.o(RESET)
</UL>
<P><STRONG><a name="[42]"></a>DMA2_Channel1_IRQHandler</STRONG> (Thumb, 0 bytes, Stack size 0 bytes, startup_stm32f10x_hd.o(.text))
<BR>[Address Reference Count : 1]<UL><LI> startup_stm32f10x_hd.o(RESET)
</UL>
<P><STRONG><a name="[43]"></a>DMA2_Channel2_IRQHandler</STRONG> (Thumb, 0 bytes, Stack size 0 bytes, startup_stm32f10x_hd.o(.text))
<BR>[Address Reference Count : 1]<UL><LI> startup_stm32f10x_hd.o(RESET)
</UL>
<P><STRONG><a name="[44]"></a>DMA2_Channel3_IRQHandler</STRONG> (Thumb, 0 bytes, Stack size 0 bytes, startup_stm32f10x_hd.o(.text))
<BR>[Address Reference Count : 1]<UL><LI> startup_stm32f10x_hd.o(RESET)
</UL>
<P><STRONG><a name="[45]"></a>DMA2_Channel4_5_IRQHandler</STRONG> (Thumb, 0 bytes, Stack size 0 bytes, startup_stm32f10x_hd.o(.text))
<BR>[Address Reference Count : 1]<UL><LI> startup_stm32f10x_hd.o(RESET)
</UL>
<P><STRONG><a name="[10]"></a>EXTI0_IRQHandler</STRONG> (Thumb, 0 bytes, Stack size 0 bytes, startup_stm32f10x_hd.o(.text))
<BR>[Address Reference Count : 1]<UL><LI> startup_stm32f10x_hd.o(RESET)
</UL>
<P><STRONG><a name="[32]"></a>EXTI15_10_IRQHandler</STRONG> (Thumb, 0 bytes, Stack size 0 bytes, startup_stm32f10x_hd.o(.text))
<BR>[Address Reference Count : 1]<UL><LI> startup_stm32f10x_hd.o(RESET)
</UL>
<P><STRONG><a name="[12]"></a>EXTI2_IRQHandler</STRONG> (Thumb, 0 bytes, Stack size 0 bytes, startup_stm32f10x_hd.o(.text))
<BR>[Address Reference Count : 1]<UL><LI> startup_stm32f10x_hd.o(RESET)
</UL>
<P><STRONG><a name="[14]"></a>EXTI4_IRQHandler</STRONG> (Thumb, 0 bytes, Stack size 0 bytes, startup_stm32f10x_hd.o(.text))
<BR>[Address Reference Count : 1]<UL><LI> startup_stm32f10x_hd.o(RESET)
</UL>
<P><STRONG><a name="[21]"></a>EXTI9_5_IRQHandler</STRONG> (Thumb, 0 bytes, Stack size 0 bytes, startup_stm32f10x_hd.o(.text))
<BR>[Address Reference Count : 1]<UL><LI> startup_stm32f10x_hd.o(RESET)
</UL>
<P><STRONG><a name="[e]"></a>FLASH_IRQHandler</STRONG> (Thumb, 0 bytes, Stack size 0 bytes, startup_stm32f10x_hd.o(.text))
<BR>[Address Reference Count : 1]<UL><LI> startup_stm32f10x_hd.o(RESET)
</UL>
<P><STRONG><a name="[3a]"></a>FSMC_IRQHandler</STRONG> (Thumb, 0 bytes, Stack size 0 bytes, startup_stm32f10x_hd.o(.text))
<BR>[Address Reference Count : 1]<UL><LI> startup_stm32f10x_hd.o(RESET)
</UL>
<P><STRONG><a name="[2a]"></a>I2C1_ER_IRQHandler</STRONG> (Thumb, 0 bytes, Stack size 0 bytes, startup_stm32f10x_hd.o(.text))
<BR>[Address Reference Count : 1]<UL><LI> startup_stm32f10x_hd.o(RESET)
</UL>
<P><STRONG><a name="[29]"></a>I2C1_EV_IRQHandler</STRONG> (Thumb, 0 bytes, Stack size 0 bytes, startup_stm32f10x_hd.o(.text))
<BR>[Address Reference Count : 1]<UL><LI> startup_stm32f10x_hd.o(RESET)
</UL>
<P><STRONG><a name="[2c]"></a>I2C2_ER_IRQHandler</STRONG> (Thumb, 0 bytes, Stack size 0 bytes, startup_stm32f10x_hd.o(.text))
<BR>[Address Reference Count : 1]<UL><LI> startup_stm32f10x_hd.o(RESET)
</UL>
<P><STRONG><a name="[2b]"></a>I2C2_EV_IRQHandler</STRONG> (Thumb, 0 bytes, Stack size 0 bytes, startup_stm32f10x_hd.o(.text))
<BR>[Address Reference Count : 1]<UL><LI> startup_stm32f10x_hd.o(RESET)
</UL>
<P><STRONG><a name="[b]"></a>PVD_IRQHandler</STRONG> (Thumb, 0 bytes, Stack size 0 bytes, startup_stm32f10x_hd.o(.text))
<BR>[Address Reference Count : 1]<UL><LI> startup_stm32f10x_hd.o(RESET)
</UL>
<P><STRONG><a name="[f]"></a>RCC_IRQHandler</STRONG> (Thumb, 0 bytes, Stack size 0 bytes, startup_stm32f10x_hd.o(.text))
<BR>[Address Reference Count : 1]<UL><LI> startup_stm32f10x_hd.o(RESET)
</UL>
<P><STRONG><a name="[33]"></a>RTCAlarm_IRQHandler</STRONG> (Thumb, 0 bytes, Stack size 0 bytes, startup_stm32f10x_hd.o(.text))
<BR>[Address Reference Count : 1]<UL><LI> startup_stm32f10x_hd.o(RESET)
</UL>
<P><STRONG><a name="[d]"></a>RTC_IRQHandler</STRONG> (Thumb, 0 bytes, Stack size 0 bytes, startup_stm32f10x_hd.o(.text))
<BR>[Address Reference Count : 1]<UL><LI> startup_stm32f10x_hd.o(RESET)
</UL>
<P><STRONG><a name="[2d]"></a>SPI1_IRQHandler</STRONG> (Thumb, 0 bytes, Stack size 0 bytes, startup_stm32f10x_hd.o(.text))
<BR>[Address Reference Count : 1]<UL><LI> startup_stm32f10x_hd.o(RESET)
</UL>
<P><STRONG><a name="[2e]"></a>SPI2_IRQHandler</STRONG> (Thumb, 0 bytes, Stack size 0 bytes, startup_stm32f10x_hd.o(.text))
<BR>[Address Reference Count : 1]<UL><LI> startup_stm32f10x_hd.o(RESET)
</UL>
<P><STRONG><a name="[3d]"></a>SPI3_IRQHandler</STRONG> (Thumb, 0 bytes, Stack size 0 bytes, startup_stm32f10x_hd.o(.text))
<BR>[Address Reference Count : 1]<UL><LI> startup_stm32f10x_hd.o(RESET)
</UL>
<P><STRONG><a name="[c]"></a>TAMPER_IRQHandler</STRONG> (Thumb, 0 bytes, Stack size 0 bytes, startup_stm32f10x_hd.o(.text))
<BR>[Address Reference Count : 1]<UL><LI> startup_stm32f10x_hd.o(RESET)
</UL>
<P><STRONG><a name="[22]"></a>TIM1_BRK_IRQHandler</STRONG> (Thumb, 0 bytes, Stack size 0 bytes, startup_stm32f10x_hd.o(.text))
<BR>[Address Reference Count : 1]<UL><LI> startup_stm32f10x_hd.o(RESET)
</UL>
<P><STRONG><a name="[25]"></a>TIM1_CC_IRQHandler</STRONG> (Thumb, 0 bytes, Stack size 0 bytes, startup_stm32f10x_hd.o(.text))
<BR>[Address Reference Count : 1]<UL><LI> startup_stm32f10x_hd.o(RESET)
</UL>
<P><STRONG><a name="[24]"></a>TIM1_TRG_COM_IRQHandler</STRONG> (Thumb, 0 bytes, Stack size 0 bytes, startup_stm32f10x_hd.o(.text))
<BR>[Address Reference Count : 1]<UL><LI> startup_stm32f10x_hd.o(RESET)
</UL>
<P><STRONG><a name="[23]"></a>TIM1_UP_IRQHandler</STRONG> (Thumb, 0 bytes, Stack size 0 bytes, startup_stm32f10x_hd.o(.text))
<BR>[Address Reference Count : 1]<UL><LI> startup_stm32f10x_hd.o(RESET)
</UL>
<P><STRONG><a name="[26]"></a>TIM2_IRQHandler</STRONG> (Thumb, 0 bytes, Stack size 0 bytes, startup_stm32f10x_hd.o(.text))
<BR>[Address Reference Count : 1]<UL><LI> startup_stm32f10x_hd.o(RESET)
</UL>
<P><STRONG><a name="[27]"></a>TIM3_IRQHandler</STRONG> (Thumb, 0 bytes, Stack size 0 bytes, startup_stm32f10x_hd.o(.text))
<BR>[Address Reference Count : 1]<UL><LI> startup_stm32f10x_hd.o(RESET)
</UL>
<P><STRONG><a name="[28]"></a>TIM4_IRQHandler</STRONG> (Thumb, 0 bytes, Stack size 0 bytes, startup_stm32f10x_hd.o(.text))
<BR>[Address Reference Count : 1]<UL><LI> startup_stm32f10x_hd.o(RESET)
</UL>
<P><STRONG><a name="[3c]"></a>TIM5_IRQHandler</STRONG> (Thumb, 0 bytes, Stack size 0 bytes, startup_stm32f10x_hd.o(.text))
<BR>[Address Reference Count : 1]<UL><LI> startup_stm32f10x_hd.o(RESET)
</UL>
<P><STRONG><a name="[40]"></a>TIM6_IRQHandler</STRONG> (Thumb, 0 bytes, Stack size 0 bytes, startup_stm32f10x_hd.o(.text))
<BR>[Address Reference Count : 1]<UL><LI> startup_stm32f10x_hd.o(RESET)
</UL>
<P><STRONG><a name="[41]"></a>TIM7_IRQHandler</STRONG> (Thumb, 0 bytes, Stack size 0 bytes, startup_stm32f10x_hd.o(.text))
<BR>[Address Reference Count : 1]<UL><LI> startup_stm32f10x_hd.o(RESET)
</UL>
<P><STRONG><a name="[35]"></a>TIM8_BRK_IRQHandler</STRONG> (Thumb, 0 bytes, Stack size 0 bytes, startup_stm32f10x_hd.o(.text))
<BR>[Address Reference Count : 1]<UL><LI> startup_stm32f10x_hd.o(RESET)
</UL>
<P><STRONG><a name="[38]"></a>TIM8_CC_IRQHandler</STRONG> (Thumb, 0 bytes, Stack size 0 bytes, startup_stm32f10x_hd.o(.text))
<BR>[Address Reference Count : 1]<UL><LI> startup_stm32f10x_hd.o(RESET)
</UL>
<P><STRONG><a name="[37]"></a>TIM8_TRG_COM_IRQHandler</STRONG> (Thumb, 0 bytes, Stack size 0 bytes, startup_stm32f10x_hd.o(.text))
<BR>[Address Reference Count : 1]<UL><LI> startup_stm32f10x_hd.o(RESET)
</UL>
<P><STRONG><a name="[36]"></a>TIM8_UP_IRQHandler</STRONG> (Thumb, 0 bytes, Stack size 0 bytes, startup_stm32f10x_hd.o(.text))
<BR>[Address Reference Count : 1]<UL><LI> startup_stm32f10x_hd.o(RESET)
</UL>
<P><STRONG><a name="[3e]"></a>UART4_IRQHandler</STRONG> (Thumb, 0 bytes, Stack size 0 bytes, startup_stm32f10x_hd.o(.text))
<BR>[Address Reference Count : 1]<UL><LI> startup_stm32f10x_hd.o(RESET)
</UL>
<P><STRONG><a name="[3f]"></a>UART5_IRQHandler</STRONG> (Thumb, 0 bytes, Stack size 0 bytes, startup_stm32f10x_hd.o(.text))
<BR>[Address Reference Count : 1]<UL><LI> startup_stm32f10x_hd.o(RESET)
</UL>
<P><STRONG><a name="[34]"></a>USBWakeUp_IRQHandler</STRONG> (Thumb, 0 bytes, Stack size 0 bytes, startup_stm32f10x_hd.o(.text))
<BR>[Address Reference Count : 1]<UL><LI> startup_stm32f10x_hd.o(RESET)
</UL>
<P><STRONG><a name="[1d]"></a>USB_HP_CAN1_TX_IRQHandler</STRONG> (Thumb, 0 bytes, Stack size 0 bytes, startup_stm32f10x_hd.o(.text))
<BR>[Address Reference Count : 1]<UL><LI> startup_stm32f10x_hd.o(RESET)
</UL>
<P><STRONG><a name="[1e]"></a>USB_LP_CAN1_RX0_IRQHandler</STRONG> (Thumb, 0 bytes, Stack size 0 bytes, startup_stm32f10x_hd.o(.text))
<BR>[Address Reference Count : 1]<UL><LI> startup_stm32f10x_hd.o(RESET)
</UL>
<P><STRONG><a name="[a]"></a>WWDG_IRQHandler</STRONG> (Thumb, 0 bytes, Stack size 0 bytes, startup_stm32f10x_hd.o(.text))
<BR>[Address Reference Count : 1]<UL><LI> startup_stm32f10x_hd.o(RESET)
</UL>
<P><STRONG><a name="[dc]"></a>Psdk_Write</STRONG> (Thumb, 16 bytes, Stack size 8 bytes, application.o(.text))
<BR><BR>[Stack]<UL><LI>Max Depth = 168<LI>Call Chain = Psdk_Write &rArr; UART_Write &rArr; osMutexWait &rArr; xQueueGenericReceive &rArr; xTaskResumeAll &rArr; xTaskIncrementTick
</UL>
<BR>[Calls]<UL><LI><a href="#[dd]">&gt;&gt;</a>&nbsp;&nbsp;&nbsp;UART_Write
</UL>
<BR>[Address Reference Count : 1]<UL><LI> application.o(.text)
</UL>
<P><STRONG><a name="[de]"></a>Psdk_Read</STRONG> (Thumb, 10 bytes, Stack size 0 bytes, application.o(.text))
<BR><BR>[Stack]<UL><LI>Max Depth = 152<LI>Call Chain = Psdk_Read &rArr; UART_Read &rArr; osMutexWait &rArr; xQueueGenericReceive &rArr; xTaskResumeAll &rArr; xTaskIncrementTick
</UL>
<BR>[Calls]<UL><LI><a href="#[df]">&gt;&gt;</a>&nbsp;&nbsp;&nbsp;UART_Read
</UL>
<BR>[Called By]<UL><LI><a href="#[5b]">&gt;&gt;</a>&nbsp;&nbsp;&nbsp;ProcessPsdkRecTask
</UL>

<P><STRONG><a name="[5c]"></a>PsdkTestTask</STRONG> (Thumb, 272 bytes, Stack size 48 bytes, application.o(.text))
<BR><BR>[Stack]<UL><LI>Max Depth = 872<LI>Call Chain = PsdkTestTask &rArr; PsdkOsdkFunc_TransferToOsdk &rArr; PsdkProto_Send &rArr; PsdkProto_InfoDataToFrame &rArr; PsdkAes_Encrypt &rArr; PsdkDebug_AssertFailed &rArr; UART_Printf &rArr; UART_Write &rArr; osMutexWait &rArr; xQueueGenericReceive &rArr; xTaskResumeAll &rArr; xTaskIncrementTick
</UL>
<BR>[Calls]<UL><LI><a href="#[e5]">&gt;&gt;</a>&nbsp;&nbsp;&nbsp;osDelay
<LI><a href="#[e4]">&gt;&gt;</a>&nbsp;&nbsp;&nbsp;PsdkOsdkFunc_TransferToOsdk
<LI><a href="#[e3]">&gt;&gt;</a>&nbsp;&nbsp;&nbsp;PsdkAppFunc_TransferToApp
<LI><a href="#[e1]">&gt;&gt;</a>&nbsp;&nbsp;&nbsp;PsdkAppFunc_PushMsgToFloatingWindow
<LI><a href="#[e0]">&gt;&gt;</a>&nbsp;&nbsp;&nbsp;__2sprintf
<LI><a href="#[e2]">&gt;&gt;</a>&nbsp;&nbsp;&nbsp;strlen
</UL>
<BR>[Address Reference Count : 1]<UL><LI> main.o(.constdata)
</UL>
<P><STRONG><a name="[5b]"></a>ProcessPsdkRecTask</STRONG> (Thumb, 36 bytes, Stack size 0 bytes, application.o(.text))
<BR><BR>[Stack]<UL><LI>Max Depth = 888<LI>Call Chain = ProcessPsdkRecTask &rArr; PsdkUpper_ProcessReceiveData &rArr; PsdkProto_ProcessReceiveData &rArr; PsdkProto_DealFrame &rArr; PsdkProto_DealCmd &rArr; PsdkProto_SendAckData &rArr; PsdkProto_Send &rArr; PsdkProto_InfoDataToFrame &rArr; PsdkAes_Encrypt &rArr; PsdkDebug_AssertFailed &rArr; UART_Printf &rArr; UART_Write &rArr; osMutexWait &rArr; xQueueGenericReceive &rArr; xTaskResumeAll &rArr; xTaskIncrementTick
</UL>
<BR>[Calls]<UL><LI><a href="#[e5]">&gt;&gt;</a>&nbsp;&nbsp;&nbsp;osDelay
<LI><a href="#[e6]">&gt;&gt;</a>&nbsp;&nbsp;&nbsp;PsdkUpper_ProcessReceiveData
<LI><a href="#[de]">&gt;&gt;</a>&nbsp;&nbsp;&nbsp;Psdk_Read
</UL>
<BR>[Address Reference Count : 1]<UL><LI> main.o(.constdata)
</UL>
<P><STRONG><a name="[e7]"></a>application_init</STRONG> (Thumb, 172 bytes, Stack size 8 bytes, application.o(.text))
<BR><BR>[Stack]<UL><LI>Max Depth = 552<LI>Call Chain = application_init &rArr; PsdkUpper_Init &rArr; PsdkProto_Init &rArr; PsdkSys_SemaphoreTimedWait &rArr; PsdkDebug_AssertFailed &rArr; UART_Printf &rArr; UART_Write &rArr; osMutexWait &rArr; xQueueGenericReceive &rArr; xTaskResumeAll &rArr; xTaskIncrementTick
</UL>
<BR>[Calls]<UL><LI><a href="#[e9]">&gt;&gt;</a>&nbsp;&nbsp;&nbsp;UART_Init
<LI><a href="#[f8]">&gt;&gt;</a>&nbsp;&nbsp;&nbsp;PsdkUpper_SetFixVersion
<LI><a href="#[ed]">&gt;&gt;</a>&nbsp;&nbsp;&nbsp;PsdkUpper_RegSendFunction
<LI><a href="#[ec]">&gt;&gt;</a>&nbsp;&nbsp;&nbsp;PsdkUpper_Init
<LI><a href="#[f7]">&gt;&gt;</a>&nbsp;&nbsp;&nbsp;PsdkOsdkFunc_Init
<LI><a href="#[f4]">&gt;&gt;</a>&nbsp;&nbsp;&nbsp;PsdkMsgSub_RegMsgCallbackList
<LI><a href="#[f3]">&gt;&gt;</a>&nbsp;&nbsp;&nbsp;PsdkMsgSub_Init
<LI><a href="#[f6]">&gt;&gt;</a>&nbsp;&nbsp;&nbsp;PsdkGimbal_Init
<LI><a href="#[f5]">&gt;&gt;</a>&nbsp;&nbsp;&nbsp;PsdkCamera_Init
<LI><a href="#[f0]">&gt;&gt;</a>&nbsp;&nbsp;&nbsp;PsdkAppFunc_SetWidgetList
<LI><a href="#[ef]">&gt;&gt;</a>&nbsp;&nbsp;&nbsp;PsdkAppFunc_SetReceiveFromAppCallback
<LI><a href="#[f2]">&gt;&gt;</a>&nbsp;&nbsp;&nbsp;PsdkAppFunc_RegSetWidgetValueCallback
<LI><a href="#[f1]">&gt;&gt;</a>&nbsp;&nbsp;&nbsp;PsdkAppFunc_RegGetWidgetValueCallback
<LI><a href="#[ee]">&gt;&gt;</a>&nbsp;&nbsp;&nbsp;PsdkAppFunc_Init
<LI><a href="#[ea]">&gt;&gt;</a>&nbsp;&nbsp;&nbsp;PPS_Init
<LI><a href="#[e8]">&gt;&gt;</a>&nbsp;&nbsp;&nbsp;LOG_Init
<LI><a href="#[eb]">&gt;&gt;</a>&nbsp;&nbsp;&nbsp;HotShoe_Init
<LI><a href="#[d7]">&gt;&gt;</a>&nbsp;&nbsp;&nbsp;FillInUserInfo
</UL>
<BR>[Called By]<UL><LI><a href="#[46]">&gt;&gt;</a>&nbsp;&nbsp;&nbsp;main
</UL>

<P><STRONG><a name="[fd]"></a>UTC_to_BJtime</STRONG> (Thumb, 230 bytes, Stack size 20 bytes, application.o(.text))
<BR><BR>[Stack]<UL><LI>Max Depth = 20<LI>Call Chain = UTC_to_BJtime
</UL>
<BR>[Called By]<UL><LI><a href="#[5d]">&gt;&gt;</a>&nbsp;&nbsp;&nbsp;PPS_TASK
</UL>

<P><STRONG><a name="[5d]"></a>PPS_TASK</STRONG> (Thumb, 724 bytes, Stack size 72 bytes, application.o(.text))
<BR><BR>[Stack]<UL><LI>Max Depth = 1628<LI>Call Chain = PPS_TASK &rArr; cocoguojia_sdWrireGpsRtk &rArr; cocoguojia_WriteFileSystem &rArr; f_mkdir &rArr; dir_register &rArr; dir_find &rArr; dir_next &rArr; create_chain &rArr; put_fat &rArr; move_window &rArr; sync_window &rArr; disk_write &rArr;  disk_write (Cycle)
</UL>
<BR>[Calls]<UL><LI><a href="#[f9]">&gt;&gt;</a>&nbsp;&nbsp;&nbsp;osKernelSysTick
<LI><a href="#[e5]">&gt;&gt;</a>&nbsp;&nbsp;&nbsp;osDelay
<LI><a href="#[ff]">&gt;&gt;</a>&nbsp;&nbsp;&nbsp;cocoguojia_sdWrireGpsRtk
<LI><a href="#[fe]">&gt;&gt;</a>&nbsp;&nbsp;&nbsp;__aeabi_dsub
<LI><a href="#[fb]">&gt;&gt;</a>&nbsp;&nbsp;&nbsp;__aeabi_cdcmpeq
<LI><a href="#[fa]">&gt;&gt;</a>&nbsp;&nbsp;&nbsp;Test_RequestPosition
<LI><a href="#[fc]">&gt;&gt;</a>&nbsp;&nbsp;&nbsp;HotShoe_isTriggered
<LI><a href="#[fd]">&gt;&gt;</a>&nbsp;&nbsp;&nbsp;UTC_to_BJtime
<LI><a href="#[e0]">&gt;&gt;</a>&nbsp;&nbsp;&nbsp;__2sprintf
<LI><a href="#[d9]">&gt;&gt;</a>&nbsp;&nbsp;&nbsp;strcpy
</UL>
<BR>[Address Reference Count : 1]<UL><LI> main.o(.constdata)
</UL>
<P><STRONG><a name="[26a]"></a>vApplicationTickHook</STRONG> (Thumb, 10 bytes, Stack size 0 bytes, application.o(.text))
<BR><BR>[Called By]<UL><LI><a href="#[269]">&gt;&gt;</a>&nbsp;&nbsp;&nbsp;xTaskIncrementTick
</UL>

<P><STRONG><a name="[100]"></a>vApplicationStackOverflowHook</STRONG> (Thumb, 12 bytes, Stack size 0 bytes, application.o(.text))
<BR><BR>[Stack]<UL><LI>Max Depth = 440<LI>Call Chain = vApplicationStackOverflowHook &rArr; UART_Printf &rArr; UART_Write &rArr; osMutexWait &rArr; xQueueGenericReceive &rArr; xTaskResumeAll &rArr; xTaskIncrementTick
</UL>
<BR>[Calls]<UL><LI><a href="#[db]">&gt;&gt;</a>&nbsp;&nbsp;&nbsp;UART_Printf
</UL>
<BR>[Called By]<UL><LI><a href="#[d6]">&gt;&gt;</a>&nbsp;&nbsp;&nbsp;vTaskSwitchContext
</UL>

<P><STRONG><a name="[46]"></a>main</STRONG> (Thumb, 36 bytes, Stack size 0 bytes, main.o(.text))
<BR><BR>[Stack]<UL><LI>Max Depth = 552<LI>Call Chain = main &rArr; application_init &rArr; PsdkUpper_Init &rArr; PsdkProto_Init &rArr; PsdkSys_SemaphoreTimedWait &rArr; PsdkDebug_AssertFailed &rArr; UART_Printf &rArr; UART_Write &rArr; osMutexWait &rArr; xQueueGenericReceive &rArr; xTaskResumeAll &rArr; xTaskIncrementTick
</UL>
<BR>[Calls]<UL><LI><a href="#[103]">&gt;&gt;</a>&nbsp;&nbsp;&nbsp;osThreadCreate
<LI><a href="#[104]">&gt;&gt;</a>&nbsp;&nbsp;&nbsp;osKernelStart
<LI><a href="#[101]">&gt;&gt;</a>&nbsp;&nbsp;&nbsp;Sys_Init
<LI><a href="#[102]">&gt;&gt;</a>&nbsp;&nbsp;&nbsp;BSP_Init
<LI><a href="#[e7]">&gt;&gt;</a>&nbsp;&nbsp;&nbsp;application_init
</UL>
<BR>[Address Reference Count : 1]<UL><LI> entry9a.o(.ARM.Collect$$$$0000000B)
</UL>
<P><STRONG><a name="[50]"></a>APP_TASKCREATE</STRONG> (Thumb, 302 bytes, Stack size 8 bytes, main.o(.text))
<BR><BR>[Stack]<UL><LI>Max Depth = 448<LI>Call Chain = APP_TASKCREATE &rArr; UART_Printf &rArr; UART_Write &rArr; osMutexWait &rArr; xQueueGenericReceive &rArr; xTaskResumeAll &rArr; xTaskIncrementTick
</UL>
<BR>[Calls]<UL><LI><a href="#[106]">&gt;&gt;</a>&nbsp;&nbsp;&nbsp;xEventGroupCreate
<LI><a href="#[109]">&gt;&gt;</a>&nbsp;&nbsp;&nbsp;vPortExitCritical
<LI><a href="#[105]">&gt;&gt;</a>&nbsp;&nbsp;&nbsp;vPortEnterCritical
<LI><a href="#[108]">&gt;&gt;</a>&nbsp;&nbsp;&nbsp;osThreadTerminate
<LI><a href="#[103]">&gt;&gt;</a>&nbsp;&nbsp;&nbsp;osThreadCreate
<LI><a href="#[107]">&gt;&gt;</a>&nbsp;&nbsp;&nbsp;osMessageCreate
<LI><a href="#[db]">&gt;&gt;</a>&nbsp;&nbsp;&nbsp;UART_Printf
</UL>
<BR>[Address Reference Count : 1]<UL><LI> main.o(.constdata)
</UL>
<P><STRONG><a name="[1]"></a>NMI_Handler</STRONG> (Thumb, 2 bytes, Stack size 0 bytes, stm32f10x_it.o(.text))
<BR>[Address Reference Count : 1]<UL><LI> startup_stm32f10x_hd.o(RESET)
</UL>
<P><STRONG><a name="[2]"></a>HardFault_Handler</STRONG> (Thumb, 2 bytes, Stack size 0 bytes, stm32f10x_it.o(.text))
<BR><BR>[Calls]<UL><LI><a href="#[2]">&gt;&gt;</a>&nbsp;&nbsp;&nbsp;HardFault_Handler
</UL>
<BR>[Called By]<UL><LI><a href="#[2]">&gt;&gt;</a>&nbsp;&nbsp;&nbsp;HardFault_Handler
</UL>
<BR>[Address Reference Count : 1]<UL><LI> startup_stm32f10x_hd.o(RESET)
</UL>
<P><STRONG><a name="[3]"></a>MemManage_Handler</STRONG> (Thumb, 2 bytes, Stack size 0 bytes, stm32f10x_it.o(.text))
<BR><BR>[Calls]<UL><LI><a href="#[3]">&gt;&gt;</a>&nbsp;&nbsp;&nbsp;MemManage_Handler
</UL>
<BR>[Called By]<UL><LI><a href="#[3]">&gt;&gt;</a>&nbsp;&nbsp;&nbsp;MemManage_Handler
</UL>
<BR>[Address Reference Count : 1]<UL><LI> startup_stm32f10x_hd.o(RESET)
</UL>
<P><STRONG><a name="[4]"></a>BusFault_Handler</STRONG> (Thumb, 2 bytes, Stack size 0 bytes, stm32f10x_it.o(.text))
<BR><BR>[Calls]<UL><LI><a href="#[4]">&gt;&gt;</a>&nbsp;&nbsp;&nbsp;BusFault_Handler
</UL>
<BR>[Called By]<UL><LI><a href="#[4]">&gt;&gt;</a>&nbsp;&nbsp;&nbsp;BusFault_Handler
</UL>
<BR>[Address Reference Count : 1]<UL><LI> startup_stm32f10x_hd.o(RESET)
</UL>
<P><STRONG><a name="[5]"></a>UsageFault_Handler</STRONG> (Thumb, 2 bytes, Stack size 0 bytes, stm32f10x_it.o(.text))
<BR><BR>[Calls]<UL><LI><a href="#[5]">&gt;&gt;</a>&nbsp;&nbsp;&nbsp;UsageFault_Handler
</UL>
<BR>[Called By]<UL><LI><a href="#[5]">&gt;&gt;</a>&nbsp;&nbsp;&nbsp;UsageFault_Handler
</UL>
<BR>[Address Reference Count : 1]<UL><LI> startup_stm32f10x_hd.o(RESET)
</UL>
<P><STRONG><a name="[7]"></a>DebugMon_Handler</STRONG> (Thumb, 2 bytes, Stack size 0 bytes, stm32f10x_it.o(.text))
<BR>[Address Reference Count : 1]<UL><LI> startup_stm32f10x_hd.o(RESET)
</UL>
<P><STRONG><a name="[9]"></a>SysTick_Handler</STRONG> (Thumb, 20 bytes, Stack size 8 bytes, stm32f10x_it.o(.text))
<BR><BR>[Stack]<UL><LI>Max Depth = 40<LI>Call Chain = SysTick_Handler &rArr; xPortSysTickHandler &rArr; xTaskIncrementTick
</UL>
<BR>[Calls]<UL><LI><a href="#[10a]">&gt;&gt;</a>&nbsp;&nbsp;&nbsp;xTaskGetSchedulerState
<LI><a href="#[10b]">&gt;&gt;</a>&nbsp;&nbsp;&nbsp;xPortSysTickHandler
</UL>
<BR>[Address Reference Count : 1]<UL><LI> startup_stm32f10x_hd.o(RESET)
</UL>
<P><STRONG><a name="[49]"></a>Test_ReceiveFromMobileSDKFunc</STRONG> (Thumb, 36 bytes, Stack size 8 bytes, test_app_func.o(.text))
<BR><BR>[Stack]<UL><LI>Max Depth = 448<LI>Call Chain = Test_ReceiveFromMobileSDKFunc &rArr; UART_Printf &rArr; UART_Write &rArr; osMutexWait &rArr; xQueueGenericReceive &rArr; xTaskResumeAll &rArr; xTaskIncrementTick
</UL>
<BR>[Calls]<UL><LI><a href="#[db]">&gt;&gt;</a>&nbsp;&nbsp;&nbsp;UART_Printf
<LI><a href="#[10c]">&gt;&gt;</a>&nbsp;&nbsp;&nbsp;__aeabi_memcpy
</UL>
<BR>[Address Reference Count : 1]<UL><LI> application.o(.text)
</UL>
<P><STRONG><a name="[4a]"></a>Test_GetWidgetValueFunc</STRONG> (Thumb, 80 bytes, Stack size 0 bytes, test_app_func.o(.text))
<BR>[Address Reference Count : 1]<UL><LI> application.o(.text)
</UL>
<P><STRONG><a name="[4b]"></a>Test_SetWidgetValueFunc</STRONG> (Thumb, 452 bytes, Stack size 16 bytes, test_app_func.o(.text))
<BR><BR>[Stack]<UL><LI>Max Depth = 456<LI>Call Chain = Test_SetWidgetValueFunc &rArr; UART_Printf &rArr; UART_Write &rArr; osMutexWait &rArr; xQueueGenericReceive &rArr; xTaskResumeAll &rArr; xTaskIncrementTick
</UL>
<BR>[Calls]<UL><LI><a href="#[db]">&gt;&gt;</a>&nbsp;&nbsp;&nbsp;UART_Printf
</UL>
<BR>[Address Reference Count : 1]<UL><LI> application.o(.text)
</UL>
<P><STRONG><a name="[10d]"></a>Test_GetTextInputBoxParamFunc</STRONG> (Thumb, 40 bytes, Stack size 16 bytes, test_app_func.o(.text), UNUSED)
<BR><BR>[Calls]<UL><LI><a href="#[10e]">&gt;&gt;</a>&nbsp;&nbsp;&nbsp;strncpy
</UL>

<P><STRONG><a name="[6a]"></a>CamEmu_SetCameraMode</STRONG> (Thumb, 46 bytes, Stack size 16 bytes, test_payload_cam_emu.o(.text))
<BR><BR>[Stack]<UL><LI>Max Depth = 456<LI>Call Chain = CamEmu_SetCameraMode &rArr; UART_Printf &rArr; UART_Write &rArr; osMutexWait &rArr; xQueueGenericReceive &rArr; xTaskResumeAll &rArr; xTaskIncrementTick
</UL>
<BR>[Calls]<UL><LI><a href="#[db]">&gt;&gt;</a>&nbsp;&nbsp;&nbsp;UART_Printf
</UL>
<BR>[Address Reference Count : 1]<UL><LI> test_payload_cam_emu.o(.constdata)
</UL>
<P><STRONG><a name="[6b]"></a>CamEmu_GetCameraMode</STRONG> (Thumb, 12 bytes, Stack size 0 bytes, test_payload_cam_emu.o(.text))
<BR>[Address Reference Count : 1]<UL><LI> test_payload_cam_emu.o(.constdata)
</UL>
<P><STRONG><a name="[6c]"></a>CamEmu_Photography</STRONG> (Thumb, 100 bytes, Stack size 16 bytes, test_payload_cam_emu.o(.text))
<BR><BR>[Stack]<UL><LI>Max Depth = 456<LI>Call Chain = CamEmu_Photography &rArr; UART_Printf &rArr; UART_Write &rArr; osMutexWait &rArr; xQueueGenericReceive &rArr; xTaskResumeAll &rArr; xTaskIncrementTick
</UL>
<BR>[Calls]<UL><LI><a href="#[f9]">&gt;&gt;</a>&nbsp;&nbsp;&nbsp;osKernelSysTick
<LI><a href="#[db]">&gt;&gt;</a>&nbsp;&nbsp;&nbsp;UART_Printf
</UL>
<BR>[Address Reference Count : 1]<UL><LI> test_payload_cam_emu.o(.constdata)
</UL>
<P><STRONG><a name="[6d]"></a>CamEmu_GetPhotographyState</STRONG> (Thumb, 240 bytes, Stack size 32 bytes, test_payload_cam_emu.o(.text))
<BR><BR>[Stack]<UL><LI>Max Depth = 56<LI>Call Chain = CamEmu_GetPhotographyState &rArr; osKernelSysTick &rArr; xTaskGetTickCountFromISR &rArr; vPortValidateInterruptPriority
</UL>
<BR>[Calls]<UL><LI><a href="#[f9]">&gt;&gt;</a>&nbsp;&nbsp;&nbsp;osKernelSysTick
</UL>
<BR>[Address Reference Count : 1]<UL><LI> test_payload_cam_emu.o(.constdata)
</UL>
<P><STRONG><a name="[6e]"></a>CamEmu_SetPhotographyMode</STRONG> (Thumb, 44 bytes, Stack size 16 bytes, test_payload_cam_emu.o(.text))
<BR><BR>[Stack]<UL><LI>Max Depth = 456<LI>Call Chain = CamEmu_SetPhotographyMode &rArr; UART_Printf &rArr; UART_Write &rArr; osMutexWait &rArr; xQueueGenericReceive &rArr; xTaskResumeAll &rArr; xTaskIncrementTick
</UL>
<BR>[Calls]<UL><LI><a href="#[db]">&gt;&gt;</a>&nbsp;&nbsp;&nbsp;UART_Printf
</UL>
<BR>[Address Reference Count : 1]<UL><LI> test_payload_cam_emu.o(.constdata)
</UL>
<P><STRONG><a name="[6f]"></a>CamEmu_GetPhotographyMode</STRONG> (Thumb, 24 bytes, Stack size 0 bytes, test_payload_cam_emu.o(.text))
<BR>[Address Reference Count : 1]<UL><LI> test_payload_cam_emu.o(.constdata)
</UL>
<P><STRONG><a name="[70]"></a>CamEmu_SetRecording</STRONG> (Thumb, 64 bytes, Stack size 16 bytes, test_payload_cam_emu.o(.text))
<BR><BR>[Stack]<UL><LI>Max Depth = 456<LI>Call Chain = CamEmu_SetRecording &rArr; UART_Printf &rArr; UART_Write &rArr; osMutexWait &rArr; xQueueGenericReceive &rArr; xTaskResumeAll &rArr; xTaskIncrementTick
</UL>
<BR>[Calls]<UL><LI><a href="#[f9]">&gt;&gt;</a>&nbsp;&nbsp;&nbsp;osKernelSysTick
<LI><a href="#[db]">&gt;&gt;</a>&nbsp;&nbsp;&nbsp;UART_Printf
</UL>
<BR>[Address Reference Count : 1]<UL><LI> test_payload_cam_emu.o(.constdata)
</UL>
<P><STRONG><a name="[71]"></a>CamEmu_GetRecordingState</STRONG> (Thumb, 48 bytes, Stack size 16 bytes, test_payload_cam_emu.o(.text))
<BR><BR>[Stack]<UL><LI>Max Depth = 40<LI>Call Chain = CamEmu_GetRecordingState &rArr; osKernelSysTick &rArr; xTaskGetTickCountFromISR &rArr; vPortValidateInterruptPriority
</UL>
<BR>[Calls]<UL><LI><a href="#[f9]">&gt;&gt;</a>&nbsp;&nbsp;&nbsp;osKernelSysTick
</UL>
<BR>[Address Reference Count : 1]<UL><LI> test_payload_cam_emu.o(.constdata)
</UL>
<P><STRONG><a name="[72]"></a>CamEmu_GetSdcardParam</STRONG> (Thumb, 102 bytes, Stack size 16 bytes, test_payload_cam_emu.o(.text))
<BR><BR>[Stack]<UL><LI>Max Depth = 40<LI>Call Chain = CamEmu_GetSdcardParam &rArr; osKernelSysTick &rArr; xTaskGetTickCountFromISR &rArr; vPortValidateInterruptPriority
</UL>
<BR>[Calls]<UL><LI><a href="#[f9]">&gt;&gt;</a>&nbsp;&nbsp;&nbsp;osKernelSysTick
</UL>
<BR>[Address Reference Count : 1]<UL><LI> test_payload_cam_emu.o(.constdata)
</UL>
<P><STRONG><a name="[73]"></a>CamEmu_FormatSdcard</STRONG> (Thumb, 44 bytes, Stack size 8 bytes, test_payload_cam_emu.o(.text))
<BR><BR>[Stack]<UL><LI>Max Depth = 448<LI>Call Chain = CamEmu_FormatSdcard &rArr; UART_Printf &rArr; UART_Write &rArr; osMutexWait &rArr; xQueueGenericReceive &rArr; xTaskResumeAll &rArr; xTaskIncrementTick
</UL>
<BR>[Calls]<UL><LI><a href="#[f9]">&gt;&gt;</a>&nbsp;&nbsp;&nbsp;osKernelSysTick
<LI><a href="#[db]">&gt;&gt;</a>&nbsp;&nbsp;&nbsp;UART_Printf
</UL>
<BR>[Address Reference Count : 1]<UL><LI> test_payload_cam_emu.o(.constdata)
</UL>
<P><STRONG><a name="[74]"></a>CamEmu_SetMeteringMode</STRONG> (Thumb, 30 bytes, Stack size 16 bytes, test_payload_cam_emu.o(.text))
<BR><BR>[Stack]<UL><LI>Max Depth = 456<LI>Call Chain = CamEmu_SetMeteringMode &rArr; UART_Printf &rArr; UART_Write &rArr; osMutexWait &rArr; xQueueGenericReceive &rArr; xTaskResumeAll &rArr; xTaskIncrementTick
</UL>
<BR>[Calls]<UL><LI><a href="#[db]">&gt;&gt;</a>&nbsp;&nbsp;&nbsp;UART_Printf
</UL>
<BR>[Address Reference Count : 1]<UL><LI> test_payload_cam_emu.o(.constdata)
</UL>
<P><STRONG><a name="[75]"></a>CamEmu_GetMeteringMode</STRONG> (Thumb, 12 bytes, Stack size 0 bytes, test_payload_cam_emu.o(.text))
<BR>[Address Reference Count : 1]<UL><LI> test_payload_cam_emu.o(.constdata)
</UL>
<P><STRONG><a name="[76]"></a>CamEmu_SetSpotMetering</STRONG> (Thumb, 38 bytes, Stack size 16 bytes, test_payload_cam_emu.o(.text))
<BR><BR>[Stack]<UL><LI>Max Depth = 456<LI>Call Chain = CamEmu_SetSpotMetering &rArr; UART_Printf &rArr; UART_Write &rArr; osMutexWait &rArr; xQueueGenericReceive &rArr; xTaskResumeAll &rArr; xTaskIncrementTick
</UL>
<BR>[Calls]<UL><LI><a href="#[db]">&gt;&gt;</a>&nbsp;&nbsp;&nbsp;UART_Printf
</UL>
<BR>[Address Reference Count : 1]<UL><LI> test_payload_cam_emu.o(.constdata)
</UL>
<P><STRONG><a name="[77]"></a>CamEmu_GetSpotMetering</STRONG> (Thumb, 24 bytes, Stack size 0 bytes, test_payload_cam_emu.o(.text))
<BR>[Address Reference Count : 1]<UL><LI> test_payload_cam_emu.o(.constdata)
</UL>
<P><STRONG><a name="[78]"></a>CamEmu_SetFocusMode</STRONG> (Thumb, 30 bytes, Stack size 16 bytes, test_payload_cam_emu.o(.text))
<BR><BR>[Stack]<UL><LI>Max Depth = 456<LI>Call Chain = CamEmu_SetFocusMode &rArr; UART_Printf &rArr; UART_Write &rArr; osMutexWait &rArr; xQueueGenericReceive &rArr; xTaskResumeAll &rArr; xTaskIncrementTick
</UL>
<BR>[Calls]<UL><LI><a href="#[db]">&gt;&gt;</a>&nbsp;&nbsp;&nbsp;UART_Printf
</UL>
<BR>[Address Reference Count : 1]<UL><LI> test_payload_cam_emu.o(.constdata)
</UL>
<P><STRONG><a name="[79]"></a>CamEmu_GetFocusMode</STRONG> (Thumb, 12 bytes, Stack size 0 bytes, test_payload_cam_emu.o(.text))
<BR>[Address Reference Count : 1]<UL><LI> test_payload_cam_emu.o(.constdata)
</UL>
<P><STRONG><a name="[7a]"></a>CamEmu_SetFocusZone</STRONG> (Thumb, 34 bytes, Stack size 16 bytes, test_payload_cam_emu.o(.text))
<BR><BR>[Stack]<UL><LI>Max Depth = 456<LI>Call Chain = CamEmu_SetFocusZone &rArr; UART_Printf &rArr; UART_Write &rArr; osMutexWait &rArr; xQueueGenericReceive &rArr; xTaskResumeAll &rArr; xTaskIncrementTick
</UL>
<BR>[Calls]<UL><LI><a href="#[db]">&gt;&gt;</a>&nbsp;&nbsp;&nbsp;UART_Printf
</UL>
<BR>[Address Reference Count : 1]<UL><LI> test_payload_cam_emu.o(.constdata)
</UL>
<P><STRONG><a name="[7b]"></a>CamEmu_GetFocusZone</STRONG> (Thumb, 20 bytes, Stack size 0 bytes, test_payload_cam_emu.o(.text))
<BR>[Address Reference Count : 1]<UL><LI> test_payload_cam_emu.o(.constdata)
</UL>
<P><STRONG><a name="[7c]"></a>CamEmu_SetFocusAssistantSettings</STRONG> (Thumb, 440 bytes, Stack size 16 bytes, test_payload_cam_emu.o(.text))
<BR><BR>[Stack]<UL><LI>Max Depth = 456<LI>Call Chain = CamEmu_SetFocusAssistantSettings &rArr; UART_Printf &rArr; UART_Write &rArr; osMutexWait &rArr; xQueueGenericReceive &rArr; xTaskResumeAll &rArr; xTaskIncrementTick
</UL>
<BR>[Calls]<UL><LI><a href="#[db]">&gt;&gt;</a>&nbsp;&nbsp;&nbsp;UART_Printf
</UL>
<BR>[Address Reference Count : 1]<UL><LI> test_payload_cam_emu.o(.constdata)
</UL>
<P><STRONG><a name="[7d]"></a>CamEmu_GetFocusAssistantSettings</STRONG> (Thumb, 24 bytes, Stack size 0 bytes, test_payload_cam_emu.o(.text))
<BR>[Address Reference Count : 1]<UL><LI> test_payload_cam_emu.o(.constdata)
</UL>
<P><STRONG><a name="[7e]"></a>CamEmu_GetFocusRingValueUpperBound</STRONG> (Thumb, 14 bytes, Stack size 0 bytes, test_payload_cam_emu.o(.text))
<BR>[Address Reference Count : 1]<UL><LI> test_payload_cam_emu.o(.constdata)
</UL>
<P><STRONG><a name="[7f]"></a>CamEmu_SetFocusRingValue</STRONG> (Thumb, 28 bytes, Stack size 16 bytes, test_payload_cam_emu.o(.text))
<BR><BR>[Stack]<UL><LI>Max Depth = 456<LI>Call Chain = CamEmu_SetFocusRingValue &rArr; UART_Printf &rArr; UART_Write &rArr; osMutexWait &rArr; xQueueGenericReceive &rArr; xTaskResumeAll &rArr; xTaskIncrementTick
</UL>
<BR>[Calls]<UL><LI><a href="#[db]">&gt;&gt;</a>&nbsp;&nbsp;&nbsp;UART_Printf
</UL>
<BR>[Address Reference Count : 1]<UL><LI> test_payload_cam_emu.o(.constdata)
</UL>
<P><STRONG><a name="[80]"></a>CamEmu_GetFocusRingValue</STRONG> (Thumb, 14 bytes, Stack size 0 bytes, test_payload_cam_emu.o(.text))
<BR>[Address Reference Count : 1]<UL><LI> test_payload_cam_emu.o(.constdata)
</UL>
<P><STRONG><a name="[2ed]"></a>CamEmu_GetDigitalZoomSpec</STRONG> (Thumb, 12 bytes, Stack size 0 bytes, test_payload_cam_emu.o(.text), UNUSED)

<P><STRONG><a name="[112]"></a>CamEmu_SetDigitalZoomFactor</STRONG> (Thumb, 30 bytes, Stack size 16 bytes, test_payload_cam_emu.o(.text), UNUSED)
<BR><BR>[Calls]<UL><LI><a href="#[db]">&gt;&gt;</a>&nbsp;&nbsp;&nbsp;UART_Printf
</UL>

<P><STRONG><a name="[2ee]"></a>CamEmu_GetDigitalZoomFactor</STRONG> (Thumb, 14 bytes, Stack size 0 bytes, test_payload_cam_emu.o(.text), UNUSED)

<P><STRONG><a name="[81]"></a>CamEmu_GetOpticalZoomSpec</STRONG> (Thumb, 24 bytes, Stack size 0 bytes, test_payload_cam_emu.o(.text))
<BR>[Address Reference Count : 1]<UL><LI> test_payload_cam_emu.o(.constdata)
</UL>
<P><STRONG><a name="[82]"></a>CamEmu_SetOpticalZoomFocalLength</STRONG> (Thumb, 30 bytes, Stack size 16 bytes, test_payload_cam_emu.o(.text))
<BR><BR>[Stack]<UL><LI>Max Depth = 456<LI>Call Chain = CamEmu_SetOpticalZoomFocalLength &rArr; UART_Printf &rArr; UART_Write &rArr; osMutexWait &rArr; xQueueGenericReceive &rArr; xTaskResumeAll &rArr; xTaskIncrementTick
</UL>
<BR>[Calls]<UL><LI><a href="#[db]">&gt;&gt;</a>&nbsp;&nbsp;&nbsp;UART_Printf
</UL>
<BR>[Address Reference Count : 1]<UL><LI> test_payload_cam_emu.o(.constdata)
</UL>
<P><STRONG><a name="[83]"></a>CamEmu_GetOpticalZoomFocalLength</STRONG> (Thumb, 72 bytes, Stack size 8 bytes, test_payload_cam_emu.o(.text))
<BR><BR>[Stack]<UL><LI>Max Depth = 8<LI>Call Chain = CamEmu_GetOpticalZoomFocalLength
</UL>
<BR>[Address Reference Count : 1]<UL><LI> test_payload_cam_emu.o(.constdata)
</UL>
<P><STRONG><a name="[84]"></a>CamEmu_GetOpticalZoomFactor</STRONG> (Thumb, 48 bytes, Stack size 16 bytes, test_payload_cam_emu.o(.text))
<BR><BR>[Stack]<UL><LI>Max Depth = 104<LI>Call Chain = CamEmu_GetOpticalZoomFactor &rArr; __aeabi_dadd &rArr; _double_epilogue &rArr; _double_round
</UL>
<BR>[Calls]<UL><LI><a href="#[113]">&gt;&gt;</a>&nbsp;&nbsp;&nbsp;__aeabi_i2d
<LI><a href="#[114]">&gt;&gt;</a>&nbsp;&nbsp;&nbsp;__aeabi_ddiv
<LI><a href="#[115]">&gt;&gt;</a>&nbsp;&nbsp;&nbsp;__aeabi_dadd
<LI><a href="#[116]">&gt;&gt;</a>&nbsp;&nbsp;&nbsp;__aeabi_d2f
</UL>
<BR>[Address Reference Count : 1]<UL><LI> test_payload_cam_emu.o(.constdata)
</UL>
<P><STRONG><a name="[85]"></a>CamEmu_StartContinuousOpticalZoom</STRONG> (Thumb, 38 bytes, Stack size 16 bytes, test_payload_cam_emu.o(.text))
<BR><BR>[Stack]<UL><LI>Max Depth = 456<LI>Call Chain = CamEmu_StartContinuousOpticalZoom &rArr; UART_Printf &rArr; UART_Write &rArr; osMutexWait &rArr; xQueueGenericReceive &rArr; xTaskResumeAll &rArr; xTaskIncrementTick
</UL>
<BR>[Calls]<UL><LI><a href="#[db]">&gt;&gt;</a>&nbsp;&nbsp;&nbsp;UART_Printf
</UL>
<BR>[Address Reference Count : 1]<UL><LI> test_payload_cam_emu.o(.constdata)
</UL>
<P><STRONG><a name="[86]"></a>CamEmu_StopContinuousOpticalZoom</STRONG> (Thumb, 26 bytes, Stack size 8 bytes, test_payload_cam_emu.o(.text))
<BR><BR>[Stack]<UL><LI>Max Depth = 448<LI>Call Chain = CamEmu_StopContinuousOpticalZoom &rArr; UART_Printf &rArr; UART_Write &rArr; osMutexWait &rArr; xQueueGenericReceive &rArr; xTaskResumeAll &rArr; xTaskIncrementTick
</UL>
<BR>[Calls]<UL><LI><a href="#[db]">&gt;&gt;</a>&nbsp;&nbsp;&nbsp;UART_Printf
</UL>
<BR>[Address Reference Count : 1]<UL><LI> test_payload_cam_emu.o(.constdata)
</UL>
<P><STRONG><a name="[87]"></a>GimbalEmu_GetGimbalParam</STRONG> (Thumb, 280 bytes, Stack size 32 bytes, test_payload_gimbal_emu.o(.text))
<BR><BR>[Stack]<UL><LI>Max Depth = 120<LI>Call Chain = GimbalEmu_GetGimbalParam &rArr; __aeabi_dmul &rArr; _double_epilogue &rArr; _double_round
</UL>
<BR>[Calls]<UL><LI><a href="#[113]">&gt;&gt;</a>&nbsp;&nbsp;&nbsp;__aeabi_i2d
<LI><a href="#[117]">&gt;&gt;</a>&nbsp;&nbsp;&nbsp;__aeabi_dmul
<LI><a href="#[118]">&gt;&gt;</a>&nbsp;&nbsp;&nbsp;__aeabi_d2iz
</UL>
<BR>[Address Reference Count : 1]<UL><LI> test_payload_gimbal_emu.o(.constdata)
</UL>
<P><STRONG><a name="[88]"></a>GimbalEmu_SetGimbalMode</STRONG> (Thumb, 28 bytes, Stack size 16 bytes, test_payload_gimbal_emu.o(.text))
<BR><BR>[Stack]<UL><LI>Max Depth = 456<LI>Call Chain = GimbalEmu_SetGimbalMode &rArr; UART_Printf &rArr; UART_Write &rArr; osMutexWait &rArr; xQueueGenericReceive &rArr; xTaskResumeAll &rArr; xTaskIncrementTick
</UL>
<BR>[Calls]<UL><LI><a href="#[db]">&gt;&gt;</a>&nbsp;&nbsp;&nbsp;UART_Printf
</UL>
<BR>[Address Reference Count : 1]<UL><LI> test_payload_gimbal_emu.o(.constdata)
</UL>
<P><STRONG><a name="[89]"></a>GimbalEmu_ReturnHead</STRONG> (Thumb, 30 bytes, Stack size 8 bytes, test_payload_gimbal_emu.o(.text))
<BR><BR>[Stack]<UL><LI>Max Depth = 448<LI>Call Chain = GimbalEmu_ReturnHead &rArr; UART_Printf &rArr; UART_Write &rArr; osMutexWait &rArr; xQueueGenericReceive &rArr; xTaskResumeAll &rArr; xTaskIncrementTick
</UL>
<BR>[Calls]<UL><LI><a href="#[db]">&gt;&gt;</a>&nbsp;&nbsp;&nbsp;UART_Printf
</UL>
<BR>[Address Reference Count : 1]<UL><LI> test_payload_gimbal_emu.o(.constdata)
</UL>
<P><STRONG><a name="[8a]"></a>GimbalEmu_ControlSpeed</STRONG> (Thumb, 38 bytes, Stack size 16 bytes, test_payload_gimbal_emu.o(.text))
<BR><BR>[Stack]<UL><LI>Max Depth = 456<LI>Call Chain = GimbalEmu_ControlSpeed &rArr; UART_Printf &rArr; UART_Write &rArr; osMutexWait &rArr; xQueueGenericReceive &rArr; xTaskResumeAll &rArr; xTaskIncrementTick
</UL>
<BR>[Calls]<UL><LI><a href="#[db]">&gt;&gt;</a>&nbsp;&nbsp;&nbsp;UART_Printf
</UL>
<BR>[Address Reference Count : 1]<UL><LI> test_payload_gimbal_emu.o(.constdata)
</UL>
<P><STRONG><a name="[8b]"></a>GimbalEmu_ControlAngle</STRONG> (Thumb, 74 bytes, Stack size 24 bytes, test_payload_gimbal_emu.o(.text))
<BR><BR>[Stack]<UL><LI>Max Depth = 464<LI>Call Chain = GimbalEmu_ControlAngle &rArr; UART_Printf &rArr; UART_Write &rArr; osMutexWait &rArr; xQueueGenericReceive &rArr; xTaskResumeAll &rArr; xTaskIncrementTick
</UL>
<BR>[Calls]<UL><LI><a href="#[db]">&gt;&gt;</a>&nbsp;&nbsp;&nbsp;UART_Printf
<LI><a href="#[119]">&gt;&gt;</a>&nbsp;&nbsp;&nbsp;__aeabi_fmul
<LI><a href="#[11a]">&gt;&gt;</a>&nbsp;&nbsp;&nbsp;__aeabi_f2iz
</UL>
<BR>[Address Reference Count : 1]<UL><LI> test_payload_gimbal_emu.o(.constdata)
</UL>
<P><STRONG><a name="[8c]"></a>GimbalEmu_ControlJointAngle</STRONG> (Thumb, 38 bytes, Stack size 16 bytes, test_payload_gimbal_emu.o(.text))
<BR><BR>[Stack]<UL><LI>Max Depth = 456<LI>Call Chain = GimbalEmu_ControlJointAngle &rArr; UART_Printf &rArr; UART_Write &rArr; osMutexWait &rArr; xQueueGenericReceive &rArr; xTaskResumeAll &rArr; xTaskIncrementTick
</UL>
<BR>[Calls]<UL><LI><a href="#[db]">&gt;&gt;</a>&nbsp;&nbsp;&nbsp;UART_Printf
</UL>
<BR>[Address Reference Count : 1]<UL><LI> test_payload_gimbal_emu.o(.constdata)
</UL>
<P><STRONG><a name="[8d]"></a>GimbalEmu_StartCalibration</STRONG> (Thumb, 22 bytes, Stack size 8 bytes, test_payload_gimbal_emu.o(.text))
<BR><BR>[Stack]<UL><LI>Max Depth = 448<LI>Call Chain = GimbalEmu_StartCalibration &rArr; UART_Printf &rArr; UART_Write &rArr; osMutexWait &rArr; xQueueGenericReceive &rArr; xTaskResumeAll &rArr; xTaskIncrementTick
</UL>
<BR>[Calls]<UL><LI><a href="#[db]">&gt;&gt;</a>&nbsp;&nbsp;&nbsp;UART_Printf
</UL>
<BR>[Address Reference Count : 1]<UL><LI> test_payload_gimbal_emu.o(.constdata)
</UL>
<P><STRONG><a name="[8e]"></a>GimbalEmu_GetCalibrationProgress</STRONG> (Thumb, 28 bytes, Stack size 8 bytes, test_payload_gimbal_emu.o(.text))
<BR><BR>[Stack]<UL><LI>Max Depth = 448<LI>Call Chain = GimbalEmu_GetCalibrationProgress &rArr; UART_Printf &rArr; UART_Write &rArr; osMutexWait &rArr; xQueueGenericReceive &rArr; xTaskResumeAll &rArr; xTaskIncrementTick
</UL>
<BR>[Calls]<UL><LI><a href="#[db]">&gt;&gt;</a>&nbsp;&nbsp;&nbsp;UART_Printf
</UL>
<BR>[Address Reference Count : 1]<UL><LI> test_payload_gimbal_emu.o(.constdata)
</UL>
<P><STRONG><a name="[110]"></a>Test_VerifyUtcTimestamp</STRONG> (Thumb, 30 bytes, Stack size 0 bytes, test_positioning.o(.text))
<BR><BR>[Called By]<UL><LI><a href="#[67]">&gt;&gt;</a>&nbsp;&nbsp;&nbsp;utcTimestampMsgCallback
</UL>

<P><STRONG><a name="[111]"></a>Test_SyncTime</STRONG> (Thumb, 30 bytes, Stack size 24 bytes, test_positioning.o(.text))
<BR><BR>[Stack]<UL><LI>Max Depth = 24<LI>Call Chain = Test_SyncTime
</UL>
<BR>[Calls]<UL><LI><a href="#[11f]">&gt;&gt;</a>&nbsp;&nbsp;&nbsp;__aeabi_memcpy4
</UL>
<BR>[Called By]<UL><LI><a href="#[67]">&gt;&gt;</a>&nbsp;&nbsp;&nbsp;utcTimestampMsgCallback
</UL>

<P><STRONG><a name="[fa]"></a>Test_RequestPosition</STRONG> (Thumb, 536 bytes, Stack size 392 bytes, test_positioning.o(.text))
<BR><BR>[Stack]<UL><LI>Max Depth = 1256<LI>Call Chain = Test_RequestPosition &rArr; PsdkPositioning_GetPos &rArr; PsdkProto_SendGetAck &rArr; PsdkProto_Send &rArr; PsdkProto_InfoDataToFrame &rArr; PsdkAes_Encrypt &rArr; PsdkDebug_AssertFailed &rArr; UART_Printf &rArr; UART_Write &rArr; osMutexWait &rArr; xQueueGenericReceive &rArr; xTaskResumeAll &rArr; xTaskIncrementTick
</UL>
<BR>[Calls]<UL><LI><a href="#[db]">&gt;&gt;</a>&nbsp;&nbsp;&nbsp;UART_Printf
<LI><a href="#[120]">&gt;&gt;</a>&nbsp;&nbsp;&nbsp;PsdkPositioning_GetPos
<LI><a href="#[11b]">&gt;&gt;</a>&nbsp;&nbsp;&nbsp;Test_TransferTimeFromLocalToUtc
<LI><a href="#[11c]">&gt;&gt;</a>&nbsp;&nbsp;&nbsp;__aeabi_memclr4
</UL>
<BR>[Called By]<UL><LI><a href="#[5d]">&gt;&gt;</a>&nbsp;&nbsp;&nbsp;PPS_TASK
</UL>

<P><STRONG><a name="[101]"></a>Sys_Init</STRONG> (Thumb, 2 bytes, Stack size 0 bytes, sys.o(.text))
<BR><BR>[Called By]<UL><LI><a href="#[46]">&gt;&gt;</a>&nbsp;&nbsp;&nbsp;main
</UL>

<P><STRONG><a name="[2ef]"></a>cocoguojia_exitInterruptDisable</STRONG> (Thumb, 20 bytes, Stack size 0 bytes, pps.o(.text), UNUSED)

<P><STRONG><a name="[2f0]"></a>cocoguojia_exitInterruptEnable</STRONG> (Thumb, 20 bytes, Stack size 0 bytes, pps.o(.text), UNUSED)

<P><STRONG><a name="[ea]"></a>PPS_Init</STRONG> (Thumb, 96 bytes, Stack size 32 bytes, pps.o(.text))
<BR><BR>[Stack]<UL><LI>Max Depth = 52<LI>Call Chain = PPS_Init &rArr; GPIO_Init
</UL>
<BR>[Calls]<UL><LI><a href="#[121]">&gt;&gt;</a>&nbsp;&nbsp;&nbsp;RCC_APB2PeriphClockCmd
<LI><a href="#[125]">&gt;&gt;</a>&nbsp;&nbsp;&nbsp;NVIC_Init
<LI><a href="#[122]">&gt;&gt;</a>&nbsp;&nbsp;&nbsp;GPIO_Init
<LI><a href="#[123]">&gt;&gt;</a>&nbsp;&nbsp;&nbsp;GPIO_EXTILineConfig
<LI><a href="#[124]">&gt;&gt;</a>&nbsp;&nbsp;&nbsp;EXTI_Init
</UL>
<BR>[Called By]<UL><LI><a href="#[e7]">&gt;&gt;</a>&nbsp;&nbsp;&nbsp;application_init
</UL>

<P><STRONG><a name="[2f1]"></a>PPS_isTriggered</STRONG> (Thumb, 20 bytes, Stack size 0 bytes, pps.o(.text), UNUSED)

<P><STRONG><a name="[10f]"></a>PPS_GetNewestTriggerTime</STRONG> (Thumb, 6 bytes, Stack size 0 bytes, pps.o(.text))
<BR><BR>[Called By]<UL><LI><a href="#[67]">&gt;&gt;</a>&nbsp;&nbsp;&nbsp;utcTimestampMsgCallback
</UL>

<P><STRONG><a name="[13]"></a>EXTI3_IRQHandler</STRONG> (Thumb, 64 bytes, Stack size 16 bytes, pps.o(.text))
<BR><BR>[Stack]<UL><LI>Max Depth = 40<LI>Call Chain = EXTI3_IRQHandler &rArr; osKernelSysTick &rArr; xTaskGetTickCountFromISR &rArr; vPortValidateInterruptPriority
</UL>
<BR>[Calls]<UL><LI><a href="#[f9]">&gt;&gt;</a>&nbsp;&nbsp;&nbsp;osKernelSysTick
<LI><a href="#[126]">&gt;&gt;</a>&nbsp;&nbsp;&nbsp;EXTI_GetITStatus
<LI><a href="#[127]">&gt;&gt;</a>&nbsp;&nbsp;&nbsp;EXTI_ClearITPendingBit
</UL>
<BR>[Address Reference Count : 1]<UL><LI> startup_stm32f10x_hd.o(RESET)
</UL>
<P><STRONG><a name="[eb]"></a>HotShoe_Init</STRONG> (Thumb, 120 bytes, Stack size 32 bytes, hotshoe.o(.text))
<BR><BR>[Stack]<UL><LI>Max Depth = 168<LI>Call Chain = HotShoe_Init &rArr; osSemaphoreWait &rArr; xQueueGenericReceive &rArr; xTaskResumeAll &rArr; xTaskIncrementTick
</UL>
<BR>[Calls]<UL><LI><a href="#[129]">&gt;&gt;</a>&nbsp;&nbsp;&nbsp;osSemaphoreWait
<LI><a href="#[128]">&gt;&gt;</a>&nbsp;&nbsp;&nbsp;osSemaphoreCreate
<LI><a href="#[121]">&gt;&gt;</a>&nbsp;&nbsp;&nbsp;RCC_APB2PeriphClockCmd
<LI><a href="#[125]">&gt;&gt;</a>&nbsp;&nbsp;&nbsp;NVIC_Init
<LI><a href="#[122]">&gt;&gt;</a>&nbsp;&nbsp;&nbsp;GPIO_Init
<LI><a href="#[123]">&gt;&gt;</a>&nbsp;&nbsp;&nbsp;GPIO_EXTILineConfig
<LI><a href="#[124]">&gt;&gt;</a>&nbsp;&nbsp;&nbsp;EXTI_Init
</UL>
<BR>[Called By]<UL><LI><a href="#[e7]">&gt;&gt;</a>&nbsp;&nbsp;&nbsp;application_init
</UL>

<P><STRONG><a name="[fc]"></a>HotShoe_isTriggered</STRONG> (Thumb, 22 bytes, Stack size 8 bytes, hotshoe.o(.text))
<BR><BR>[Stack]<UL><LI>Max Depth = 144<LI>Call Chain = HotShoe_isTriggered &rArr; osSemaphoreWait &rArr; xQueueGenericReceive &rArr; xTaskResumeAll &rArr; xTaskIncrementTick
</UL>
<BR>[Calls]<UL><LI><a href="#[129]">&gt;&gt;</a>&nbsp;&nbsp;&nbsp;osSemaphoreWait
</UL>
<BR>[Called By]<UL><LI><a href="#[5d]">&gt;&gt;</a>&nbsp;&nbsp;&nbsp;PPS_TASK
</UL>

<P><STRONG><a name="[11]"></a>EXTI1_IRQHandler</STRONG> (Thumb, 46 bytes, Stack size 8 bytes, hotshoe.o(.text))
<BR><BR>[Stack]<UL><LI>Max Depth = 144<LI>Call Chain = EXTI1_IRQHandler &rArr; osSemaphoreRelease &rArr; xQueueGenericSend &rArr; xTaskResumeAll &rArr; xTaskIncrementTick
</UL>
<BR>[Calls]<UL><LI><a href="#[12a]">&gt;&gt;</a>&nbsp;&nbsp;&nbsp;osSemaphoreRelease
<LI><a href="#[126]">&gt;&gt;</a>&nbsp;&nbsp;&nbsp;EXTI_GetITStatus
<LI><a href="#[127]">&gt;&gt;</a>&nbsp;&nbsp;&nbsp;EXTI_ClearITPendingBit
</UL>
<BR>[Address Reference Count : 1]<UL><LI> startup_stm32f10x_hd.o(RESET)
</UL>
<P><STRONG><a name="[102]"></a>BSP_Init</STRONG> (Thumb, 208 bytes, Stack size 40 bytes, bsp.o(.text))
<BR><BR>[Stack]<UL><LI>Max Depth = 116<LI>Call Chain = BSP_Init &rArr; cocoguojia_libInit &rArr; cocoguojia_tim1Init &rArr; GPIO_Init
</UL>
<BR>[Calls]<UL><LI><a href="#[12c]">&gt;&gt;</a>&nbsp;&nbsp;&nbsp;cocoguojia_libInit
<LI><a href="#[12b]">&gt;&gt;</a>&nbsp;&nbsp;&nbsp;GPIO_PinRemapConfig
<LI><a href="#[121]">&gt;&gt;</a>&nbsp;&nbsp;&nbsp;RCC_APB2PeriphClockCmd
<LI><a href="#[122]">&gt;&gt;</a>&nbsp;&nbsp;&nbsp;GPIO_Init
</UL>
<BR>[Called By]<UL><LI><a href="#[46]">&gt;&gt;</a>&nbsp;&nbsp;&nbsp;main
</UL>

<P><STRONG><a name="[53]"></a>CAM_TASK</STRONG> (Thumb, 924 bytes, Stack size 8 bytes, cam_task.o(.text))
<BR><BR>[Stack]<UL><LI>Max Depth = 160<LI>Call Chain = CAM_TASK &rArr; osMessagePut &rArr; xQueueGenericSend &rArr; xTaskResumeAll &rArr; xTaskIncrementTick
</UL>
<BR>[Calls]<UL><LI><a href="#[e5]">&gt;&gt;</a>&nbsp;&nbsp;&nbsp;osDelay
<LI><a href="#[12e]">&gt;&gt;</a>&nbsp;&nbsp;&nbsp;xEventGroupWaitBits
<LI><a href="#[12d]">&gt;&gt;</a>&nbsp;&nbsp;&nbsp;osMessagePut
</UL>
<BR>[Address Reference Count : 1]<UL><LI> main.o(.constdata)
</UL>
<P><STRONG><a name="[52]"></a>KEY_TASK</STRONG> (Thumb, 212 bytes, Stack size 8 bytes, key_task.o(.text))
<BR><BR>[Stack]<UL><LI>Max Depth = 88<LI>Call Chain = KEY_TASK &rArr; xEventGroupSetBits &rArr; xTaskResumeAll &rArr; xTaskIncrementTick
</UL>
<BR>[Calls]<UL><LI><a href="#[f9]">&gt;&gt;</a>&nbsp;&nbsp;&nbsp;osKernelSysTick
<LI><a href="#[e5]">&gt;&gt;</a>&nbsp;&nbsp;&nbsp;osDelay
<LI><a href="#[130]">&gt;&gt;</a>&nbsp;&nbsp;&nbsp;xEventGroupSetBits
<LI><a href="#[12f]">&gt;&gt;</a>&nbsp;&nbsp;&nbsp;osDelayUntil
</UL>
<BR>[Address Reference Count : 1]<UL><LI> main.o(.constdata)
</UL>
<P><STRONG><a name="[51]"></a>OLED_TASK</STRONG> (Thumb, 274 bytes, Stack size 16 bytes, oled_task.o(.text))
<BR><BR>[Stack]<UL><LI>Max Depth = 176<LI>Call Chain = OLED_TASK &rArr; osMessageGet &rArr; xQueueGenericReceive &rArr; xTaskResumeAll &rArr; xTaskIncrementTick
</UL>
<BR>[Calls]<UL><LI><a href="#[e5]">&gt;&gt;</a>&nbsp;&nbsp;&nbsp;osDelay
<LI><a href="#[132]">&gt;&gt;</a>&nbsp;&nbsp;&nbsp;osMessageGet
<LI><a href="#[137]">&gt;&gt;</a>&nbsp;&nbsp;&nbsp;cocoguojia_oledShowSystemInit
<LI><a href="#[138]">&gt;&gt;</a>&nbsp;&nbsp;&nbsp;cocoguojia_oledShowShuting
<LI><a href="#[13a]">&gt;&gt;</a>&nbsp;&nbsp;&nbsp;cocoguojia_oledShowShutWrong
<LI><a href="#[133]">&gt;&gt;</a>&nbsp;&nbsp;&nbsp;cocoguojia_oledShowShareuavLogoAndID
<LI><a href="#[13e]">&gt;&gt;</a>&nbsp;&nbsp;&nbsp;cocoguojia_oledShowSetModel2
[...]
</UL>

<P><STRONG><a name="[28c]"></a>TI1_Config</STRONG> (Thumb, 88 bytes, Stack size 16 bytes, stm32f10x_tim.o(.text), UNUSED)
<BR><BR>[Called By]<UL><LI><a href="#[295]">&gt;&gt;</a>&nbsp;&nbsp;&nbsp;TIM_TIxExternalClockConfig
<LI><a href="#[292]">&gt;&gt;</a>&nbsp;&nbsp;&nbsp;TIM_PWMIConfig
<LI><a href="#[28b]">&gt;&gt;</a>&nbsp;&nbsp;&nbsp;TIM_ICInit
</UL>

<P><STRONG><a name="[2a0]"></a>sync_window</STRONG> (Thumb, 82 bytes, Stack size 24 bytes, ff.o(.text))
<BR><BR>[Stack]<UL><LI>Max Depth = 700<LI>Call Chain = sync_window &rArr; disk_write &rArr;  disk_write (Cycle)
</UL>
<BR>[Calls]<UL><LI><a href="#[29d]">&gt;&gt;</a>&nbsp;&nbsp;&nbsp;disk_write
</UL>
<BR>[Called By]<UL><LI><a href="#[194]">&gt;&gt;</a>&nbsp;&nbsp;&nbsp;f_mkdir
<LI><a href="#[2aa]">&gt;&gt;</a>&nbsp;&nbsp;&nbsp;dir_next
<LI><a href="#[2a2]">&gt;&gt;</a>&nbsp;&nbsp;&nbsp;sync_fs
<LI><a href="#[2a1]">&gt;&gt;</a>&nbsp;&nbsp;&nbsp;move_window
</UL>

<P><STRONG><a name="[2a1]"></a>move_window</STRONG> (Thumb, 50 bytes, Stack size 16 bytes, ff.o(.text))
<BR><BR>[Stack]<UL><LI>Max Depth = 716<LI>Call Chain = move_window &rArr; sync_window &rArr; disk_write &rArr;  disk_write (Cycle)
</UL>
<BR>[Calls]<UL><LI><a href="#[2a0]">&gt;&gt;</a>&nbsp;&nbsp;&nbsp;sync_window
<LI><a href="#[29c]">&gt;&gt;</a>&nbsp;&nbsp;&nbsp;disk_read
</UL>
<BR>[Called By]<UL><LI><a href="#[197]">&gt;&gt;</a>&nbsp;&nbsp;&nbsp;f_open
<LI><a href="#[2c8]">&gt;&gt;</a>&nbsp;&nbsp;&nbsp;f_rename
<LI><a href="#[2c4]">&gt;&gt;</a>&nbsp;&nbsp;&nbsp;f_getfree
<LI><a href="#[2c2]">&gt;&gt;</a>&nbsp;&nbsp;&nbsp;f_sync
<LI><a href="#[2a5]">&gt;&gt;</a>&nbsp;&nbsp;&nbsp;put_fat
<LI><a href="#[2a4]">&gt;&gt;</a>&nbsp;&nbsp;&nbsp;get_fat
<LI><a href="#[2bb]">&gt;&gt;</a>&nbsp;&nbsp;&nbsp;find_volume
<LI><a href="#[2ba]">&gt;&gt;</a>&nbsp;&nbsp;&nbsp;check_fs
<LI><a href="#[2b2]">&gt;&gt;</a>&nbsp;&nbsp;&nbsp;dir_remove
<LI><a href="#[2af]">&gt;&gt;</a>&nbsp;&nbsp;&nbsp;dir_register
<LI><a href="#[2ae]">&gt;&gt;</a>&nbsp;&nbsp;&nbsp;dir_read
<LI><a href="#[2ab]">&gt;&gt;</a>&nbsp;&nbsp;&nbsp;dir_find
</UL>

<P><STRONG><a name="[2a2]"></a>sync_fs</STRONG> (Thumb, 176 bytes, Stack size 16 bytes, ff.o(.text))
<BR><BR>[Stack]<UL><LI>Max Depth = 716<LI>Call Chain = sync_fs &rArr; sync_window &rArr; disk_write &rArr;  disk_write (Cycle)
</UL>
<BR>[Calls]<UL><LI><a href="#[2a3]">&gt;&gt;</a>&nbsp;&nbsp;&nbsp;mem_set
<LI><a href="#[2a0]">&gt;&gt;</a>&nbsp;&nbsp;&nbsp;sync_window
<LI><a href="#[29e]">&gt;&gt;</a>&nbsp;&nbsp;&nbsp;disk_ioctl
<LI><a href="#[29d]">&gt;&gt;</a>&nbsp;&nbsp;&nbsp;disk_write
</UL>
<BR>[Called By]<UL><LI><a href="#[194]">&gt;&gt;</a>&nbsp;&nbsp;&nbsp;f_mkdir
<LI><a href="#[2c9]">&gt;&gt;</a>&nbsp;&nbsp;&nbsp;f_utime
<LI><a href="#[2c8]">&gt;&gt;</a>&nbsp;&nbsp;&nbsp;f_rename
<LI><a href="#[2c7]">&gt;&gt;</a>&nbsp;&nbsp;&nbsp;f_chmod
<LI><a href="#[2c6]">&gt;&gt;</a>&nbsp;&nbsp;&nbsp;f_unlink
<LI><a href="#[2c2]">&gt;&gt;</a>&nbsp;&nbsp;&nbsp;f_sync
</UL>

<P><STRONG><a name="[2a6]"></a>remove_chain</STRONG> (Thumb, 96 bytes, Stack size 24 bytes, ff.o(.text))
<BR><BR>[Stack]<UL><LI>Max Depth = 772<LI>Call Chain = remove_chain &rArr; put_fat &rArr; move_window &rArr; sync_window &rArr; disk_write &rArr;  disk_write (Cycle)
</UL>
<BR>[Calls]<UL><LI><a href="#[2a5]">&gt;&gt;</a>&nbsp;&nbsp;&nbsp;put_fat
<LI><a href="#[2a4]">&gt;&gt;</a>&nbsp;&nbsp;&nbsp;get_fat
</UL>
<BR>[Called By]<UL><LI><a href="#[197]">&gt;&gt;</a>&nbsp;&nbsp;&nbsp;f_open
<LI><a href="#[194]">&gt;&gt;</a>&nbsp;&nbsp;&nbsp;f_mkdir
<LI><a href="#[2c6]">&gt;&gt;</a>&nbsp;&nbsp;&nbsp;f_unlink
<LI><a href="#[2c5]">&gt;&gt;</a>&nbsp;&nbsp;&nbsp;f_truncate
</UL>

<P><STRONG><a name="[2a7]"></a>create_chain</STRONG> (Thumb, 156 bytes, Stack size 24 bytes, ff.o(.text))
<BR><BR>[Stack]<UL><LI>Max Depth = 772<LI>Call Chain = create_chain &rArr; put_fat &rArr; move_window &rArr; sync_window &rArr; disk_write &rArr;  disk_write (Cycle)
</UL>
<BR>[Calls]<UL><LI><a href="#[2a5]">&gt;&gt;</a>&nbsp;&nbsp;&nbsp;put_fat
<LI><a href="#[2a4]">&gt;&gt;</a>&nbsp;&nbsp;&nbsp;get_fat
</UL>
<BR>[Called By]<UL><LI><a href="#[19a]">&gt;&gt;</a>&nbsp;&nbsp;&nbsp;f_write
<LI><a href="#[194]">&gt;&gt;</a>&nbsp;&nbsp;&nbsp;f_mkdir
<LI><a href="#[198]">&gt;&gt;</a>&nbsp;&nbsp;&nbsp;f_lseek
<LI><a href="#[2aa]">&gt;&gt;</a>&nbsp;&nbsp;&nbsp;dir_next
</UL>

<P><STRONG><a name="[2a8]"></a>dir_sdi</STRONG> (Thumb, 142 bytes, Stack size 16 bytes, ff.o(.text))
<BR><BR>[Stack]<UL><LI>Max Depth = 756<LI>Call Chain = dir_sdi &rArr; get_fat &rArr; move_window &rArr; sync_window &rArr; disk_write &rArr;  disk_write (Cycle)
</UL>
<BR>[Calls]<UL><LI><a href="#[2a4]">&gt;&gt;</a>&nbsp;&nbsp;&nbsp;get_fat
<LI><a href="#[2a9]">&gt;&gt;</a>&nbsp;&nbsp;&nbsp;clust2sect
</UL>
<BR>[Called By]<UL><LI><a href="#[196]">&gt;&gt;</a>&nbsp;&nbsp;&nbsp;f_readdir
<LI><a href="#[193]">&gt;&gt;</a>&nbsp;&nbsp;&nbsp;f_opendir
<LI><a href="#[2c6]">&gt;&gt;</a>&nbsp;&nbsp;&nbsp;f_unlink
<LI><a href="#[2b8]">&gt;&gt;</a>&nbsp;&nbsp;&nbsp;follow_path
<LI><a href="#[2b2]">&gt;&gt;</a>&nbsp;&nbsp;&nbsp;dir_remove
<LI><a href="#[2af]">&gt;&gt;</a>&nbsp;&nbsp;&nbsp;dir_register
<LI><a href="#[2ab]">&gt;&gt;</a>&nbsp;&nbsp;&nbsp;dir_find
</UL>

<P><STRONG><a name="[2aa]"></a>dir_next</STRONG> (Thumb, 248 bytes, Stack size 24 bytes, ff.o(.text))
<BR><BR>[Stack]<UL><LI>Max Depth = 796<LI>Call Chain = dir_next &rArr; create_chain &rArr; put_fat &rArr; move_window &rArr; sync_window &rArr; disk_write &rArr;  disk_write (Cycle)
</UL>
<BR>[Calls]<UL><LI><a href="#[2a4]">&gt;&gt;</a>&nbsp;&nbsp;&nbsp;get_fat
<LI><a href="#[2a9]">&gt;&gt;</a>&nbsp;&nbsp;&nbsp;clust2sect
<LI><a href="#[2a3]">&gt;&gt;</a>&nbsp;&nbsp;&nbsp;mem_set
<LI><a href="#[2a7]">&gt;&gt;</a>&nbsp;&nbsp;&nbsp;create_chain
<LI><a href="#[2a0]">&gt;&gt;</a>&nbsp;&nbsp;&nbsp;sync_window
</UL>
<BR>[Called By]<UL><LI><a href="#[196]">&gt;&gt;</a>&nbsp;&nbsp;&nbsp;f_readdir
<LI><a href="#[2b2]">&gt;&gt;</a>&nbsp;&nbsp;&nbsp;dir_remove
<LI><a href="#[2af]">&gt;&gt;</a>&nbsp;&nbsp;&nbsp;dir_register
<LI><a href="#[2ae]">&gt;&gt;</a>&nbsp;&nbsp;&nbsp;dir_read
<LI><a href="#[2ab]">&gt;&gt;</a>&nbsp;&nbsp;&nbsp;dir_find
</UL>

<P><STRONG><a name="[2ab]"></a>dir_find</STRONG> (Thumb, 194 bytes, Stack size 32 bytes, ff.o(.text))
<BR><BR>[Stack]<UL><LI>Max Depth = 828<LI>Call Chain = dir_find &rArr; dir_next &rArr; create_chain &rArr; put_fat &rArr; move_window &rArr; sync_window &rArr; disk_write &rArr;  disk_write (Cycle)
</UL>
<BR>[Calls]<UL><LI><a href="#[2ad]">&gt;&gt;</a>&nbsp;&nbsp;&nbsp;sum_sfn
<LI><a href="#[2ac]">&gt;&gt;</a>&nbsp;&nbsp;&nbsp;cmp_lfn
<LI><a href="#[2aa]">&gt;&gt;</a>&nbsp;&nbsp;&nbsp;dir_next
<LI><a href="#[2a8]">&gt;&gt;</a>&nbsp;&nbsp;&nbsp;dir_sdi
<LI><a href="#[2a1]">&gt;&gt;</a>&nbsp;&nbsp;&nbsp;move_window
</UL>
<BR>[Called By]<UL><LI><a href="#[2b8]">&gt;&gt;</a>&nbsp;&nbsp;&nbsp;follow_path
<LI><a href="#[2af]">&gt;&gt;</a>&nbsp;&nbsp;&nbsp;dir_register
</UL>

<P><STRONG><a name="[2ae]"></a>dir_read</STRONG> (Thumb, 258 bytes, Stack size 48 bytes, ff.o(.text))
<BR><BR>[Stack]<UL><LI>Max Depth = 844<LI>Call Chain = dir_read &rArr; dir_next &rArr; create_chain &rArr; put_fat &rArr; move_window &rArr; sync_window &rArr; disk_write &rArr;  disk_write (Cycle)
</UL>
<BR>[Calls]<UL><LI><a href="#[2ad]">&gt;&gt;</a>&nbsp;&nbsp;&nbsp;sum_sfn
<LI><a href="#[2aa]">&gt;&gt;</a>&nbsp;&nbsp;&nbsp;dir_next
<LI><a href="#[2a1]">&gt;&gt;</a>&nbsp;&nbsp;&nbsp;move_window
</UL>
<BR>[Called By]<UL><LI><a href="#[196]">&gt;&gt;</a>&nbsp;&nbsp;&nbsp;f_readdir
<LI><a href="#[2c6]">&gt;&gt;</a>&nbsp;&nbsp;&nbsp;f_unlink
</UL>

<P><STRONG><a name="[2af]"></a>dir_register</STRONG> (Thumb, 406 bytes, Stack size 56 bytes, ff.o(.text))
<BR><BR>[Stack]<UL><LI>Max Depth = 884<LI>Call Chain = dir_register &rArr; dir_find &rArr; dir_next &rArr; create_chain &rArr; put_fat &rArr; move_window &rArr; sync_window &rArr; disk_write &rArr;  disk_write (Cycle)
</UL>
<BR>[Calls]<UL><LI><a href="#[2ad]">&gt;&gt;</a>&nbsp;&nbsp;&nbsp;sum_sfn
<LI><a href="#[2b1]">&gt;&gt;</a>&nbsp;&nbsp;&nbsp;gen_numname
<LI><a href="#[2a3]">&gt;&gt;</a>&nbsp;&nbsp;&nbsp;mem_set
<LI><a href="#[2b0]">&gt;&gt;</a>&nbsp;&nbsp;&nbsp;mem_cpy
<LI><a href="#[2ab]">&gt;&gt;</a>&nbsp;&nbsp;&nbsp;dir_find
<LI><a href="#[2aa]">&gt;&gt;</a>&nbsp;&nbsp;&nbsp;dir_next
<LI><a href="#[2a8]">&gt;&gt;</a>&nbsp;&nbsp;&nbsp;dir_sdi
<LI><a href="#[2a1]">&gt;&gt;</a>&nbsp;&nbsp;&nbsp;move_window
</UL>
<BR>[Called By]<UL><LI><a href="#[197]">&gt;&gt;</a>&nbsp;&nbsp;&nbsp;f_open
<LI><a href="#[194]">&gt;&gt;</a>&nbsp;&nbsp;&nbsp;f_mkdir
<LI><a href="#[2c8]">&gt;&gt;</a>&nbsp;&nbsp;&nbsp;f_rename
</UL>

<P><STRONG><a name="[2b2]"></a>dir_remove</STRONG> (Thumb, 96 bytes, Stack size 24 bytes, ff.o(.text), UNUSED)
<BR><BR>[Calls]<UL><LI><a href="#[2a3]">&gt;&gt;</a>&nbsp;&nbsp;&nbsp;mem_set
<LI><a href="#[2aa]">&gt;&gt;</a>&nbsp;&nbsp;&nbsp;dir_next
<LI><a href="#[2a8]">&gt;&gt;</a>&nbsp;&nbsp;&nbsp;dir_sdi
<LI><a href="#[2a1]">&gt;&gt;</a>&nbsp;&nbsp;&nbsp;move_window
</UL>
<BR>[Called By]<UL><LI><a href="#[2c8]">&gt;&gt;</a>&nbsp;&nbsp;&nbsp;f_rename
<LI><a href="#[2c6]">&gt;&gt;</a>&nbsp;&nbsp;&nbsp;f_unlink
</UL>

<P><STRONG><a name="[2b3]"></a>get_fileinfo</STRONG> (Thumb, 192 bytes, Stack size 24 bytes, ff.o(.text))
<BR><BR>[Stack]<UL><LI>Max Depth = 40<LI>Call Chain = get_fileinfo &rArr; ff_convert
</UL>
<BR>[Calls]<UL><LI><a href="#[2b4]">&gt;&gt;</a>&nbsp;&nbsp;&nbsp;ff_convert
</UL>
<BR>[Called By]<UL><LI><a href="#[196]">&gt;&gt;</a>&nbsp;&nbsp;&nbsp;f_readdir
<LI><a href="#[2c3]">&gt;&gt;</a>&nbsp;&nbsp;&nbsp;f_stat
</UL>

<P><STRONG><a name="[2b5]"></a>create_name</STRONG> (Thumb, 512 bytes, Stack size 48 bytes, ff.o(.text))
<BR><BR>[Stack]<UL><LI>Max Depth = 64<LI>Call Chain = create_name &rArr; ff_wtoupper
</UL>
<BR>[Calls]<UL><LI><a href="#[2b7]">&gt;&gt;</a>&nbsp;&nbsp;&nbsp;ff_wtoupper
<LI><a href="#[2b4]">&gt;&gt;</a>&nbsp;&nbsp;&nbsp;ff_convert
<LI><a href="#[2b6]">&gt;&gt;</a>&nbsp;&nbsp;&nbsp;chk_chr
<LI><a href="#[2a3]">&gt;&gt;</a>&nbsp;&nbsp;&nbsp;mem_set
</UL>
<BR>[Called By]<UL><LI><a href="#[2b8]">&gt;&gt;</a>&nbsp;&nbsp;&nbsp;follow_path
</UL>

<P><STRONG><a name="[2b8]"></a>follow_path</STRONG> (Thumb, 102 bytes, Stack size 24 bytes, ff.o(.text))
<BR><BR>[Stack]<UL><LI>Max Depth = 852<LI>Call Chain = follow_path &rArr; dir_find &rArr; dir_next &rArr; create_chain &rArr; put_fat &rArr; move_window &rArr; sync_window &rArr; disk_write &rArr;  disk_write (Cycle)
</UL>
<BR>[Calls]<UL><LI><a href="#[2b9]">&gt;&gt;</a>&nbsp;&nbsp;&nbsp;ld_clust
<LI><a href="#[2b5]">&gt;&gt;</a>&nbsp;&nbsp;&nbsp;create_name
<LI><a href="#[2ab]">&gt;&gt;</a>&nbsp;&nbsp;&nbsp;dir_find
<LI><a href="#[2a8]">&gt;&gt;</a>&nbsp;&nbsp;&nbsp;dir_sdi
</UL>
<BR>[Called By]<UL><LI><a href="#[193]">&gt;&gt;</a>&nbsp;&nbsp;&nbsp;f_opendir
<LI><a href="#[197]">&gt;&gt;</a>&nbsp;&nbsp;&nbsp;f_open
<LI><a href="#[194]">&gt;&gt;</a>&nbsp;&nbsp;&nbsp;f_mkdir
<LI><a href="#[2c9]">&gt;&gt;</a>&nbsp;&nbsp;&nbsp;f_utime
<LI><a href="#[2c8]">&gt;&gt;</a>&nbsp;&nbsp;&nbsp;f_rename
<LI><a href="#[2c7]">&gt;&gt;</a>&nbsp;&nbsp;&nbsp;f_chmod
<LI><a href="#[2c6]">&gt;&gt;</a>&nbsp;&nbsp;&nbsp;f_unlink
<LI><a href="#[2c3]">&gt;&gt;</a>&nbsp;&nbsp;&nbsp;f_stat
</UL>

<P><STRONG><a name="[2bc]"></a>get_ldnumber</STRONG> (Thumb, 60 bytes, Stack size 8 bytes, ff.o(.text))
<BR><BR>[Stack]<UL><LI>Max Depth = 8<LI>Call Chain = get_ldnumber
</UL>
<BR>[Called By]<UL><LI><a href="#[191]">&gt;&gt;</a>&nbsp;&nbsp;&nbsp;f_mount
<LI><a href="#[19d]">&gt;&gt;</a>&nbsp;&nbsp;&nbsp;f_mkfs
<LI><a href="#[2c8]">&gt;&gt;</a>&nbsp;&nbsp;&nbsp;f_rename
<LI><a href="#[2bb]">&gt;&gt;</a>&nbsp;&nbsp;&nbsp;find_volume
</UL>

<P><STRONG><a name="[2ba]"></a>check_fs</STRONG> (Thumb, 86 bytes, Stack size 8 bytes, ff.o(.text))
<BR><BR>[Stack]<UL><LI>Max Depth = 724<LI>Call Chain = check_fs &rArr; move_window &rArr; sync_window &rArr; disk_write &rArr;  disk_write (Cycle)
</UL>
<BR>[Calls]<UL><LI><a href="#[2a1]">&gt;&gt;</a>&nbsp;&nbsp;&nbsp;move_window
</UL>
<BR>[Called By]<UL><LI><a href="#[2bb]">&gt;&gt;</a>&nbsp;&nbsp;&nbsp;find_volume
</UL>

<P><STRONG><a name="[2bb]"></a>find_volume</STRONG> (Thumb, 628 bytes, Stack size 48 bytes, ff.o(.text))
<BR><BR>[Stack]<UL><LI>Max Depth = 772<LI>Call Chain = find_volume &rArr; check_fs &rArr; move_window &rArr; sync_window &rArr; disk_write &rArr;  disk_write (Cycle)
</UL>
<BR>[Calls]<UL><LI><a href="#[2ba]">&gt;&gt;</a>&nbsp;&nbsp;&nbsp;check_fs
<LI><a href="#[2bc]">&gt;&gt;</a>&nbsp;&nbsp;&nbsp;get_ldnumber
<LI><a href="#[2a1]">&gt;&gt;</a>&nbsp;&nbsp;&nbsp;move_window
<LI><a href="#[29e]">&gt;&gt;</a>&nbsp;&nbsp;&nbsp;disk_ioctl
<LI><a href="#[29b]">&gt;&gt;</a>&nbsp;&nbsp;&nbsp;disk_initialize
<LI><a href="#[2bd]">&gt;&gt;</a>&nbsp;&nbsp;&nbsp;disk_status
</UL>
<BR>[Called By]<UL><LI><a href="#[193]">&gt;&gt;</a>&nbsp;&nbsp;&nbsp;f_opendir
<LI><a href="#[197]">&gt;&gt;</a>&nbsp;&nbsp;&nbsp;f_open
<LI><a href="#[191]">&gt;&gt;</a>&nbsp;&nbsp;&nbsp;f_mount
<LI><a href="#[194]">&gt;&gt;</a>&nbsp;&nbsp;&nbsp;f_mkdir
<LI><a href="#[2c9]">&gt;&gt;</a>&nbsp;&nbsp;&nbsp;f_utime
<LI><a href="#[2c8]">&gt;&gt;</a>&nbsp;&nbsp;&nbsp;f_rename
<LI><a href="#[2c7]">&gt;&gt;</a>&nbsp;&nbsp;&nbsp;f_chmod
<LI><a href="#[2c6]">&gt;&gt;</a>&nbsp;&nbsp;&nbsp;f_unlink
<LI><a href="#[2c4]">&gt;&gt;</a>&nbsp;&nbsp;&nbsp;f_getfree
<LI><a href="#[2c3]">&gt;&gt;</a>&nbsp;&nbsp;&nbsp;f_stat
</UL>

<P><STRONG><a name="[2be]"></a>validate</STRONG> (Thumb, 34 bytes, Stack size 8 bytes, ff.o(.text))
<BR><BR>[Stack]<UL><LI>Max Depth = 8<LI>Call Chain = validate
</UL>
<BR>[Calls]<UL><LI><a href="#[2bd]">&gt;&gt;</a>&nbsp;&nbsp;&nbsp;disk_status
</UL>
<BR>[Called By]<UL><LI><a href="#[19a]">&gt;&gt;</a>&nbsp;&nbsp;&nbsp;f_write
<LI><a href="#[196]">&gt;&gt;</a>&nbsp;&nbsp;&nbsp;f_readdir
<LI><a href="#[198]">&gt;&gt;</a>&nbsp;&nbsp;&nbsp;f_lseek
<LI><a href="#[19e]">&gt;&gt;</a>&nbsp;&nbsp;&nbsp;f_closedir
<LI><a href="#[19b]">&gt;&gt;</a>&nbsp;&nbsp;&nbsp;f_close
<LI><a href="#[2c5]">&gt;&gt;</a>&nbsp;&nbsp;&nbsp;f_truncate
<LI><a href="#[2c2]">&gt;&gt;</a>&nbsp;&nbsp;&nbsp;f_sync
<LI><a href="#[2c1]">&gt;&gt;</a>&nbsp;&nbsp;&nbsp;f_read
</UL>

<P><STRONG><a name="[2cb]"></a>putc_bfd</STRONG> (Thumb, 58 bytes, Stack size 16 bytes, ff.o(.text), UNUSED)
<BR><BR>[Calls]<UL><LI><a href="#[19a]">&gt;&gt;</a>&nbsp;&nbsp;&nbsp;f_write
</UL>
<BR>[Called By]<UL><LI><a href="#[2ce]">&gt;&gt;</a>&nbsp;&nbsp;&nbsp;f_printf
<LI><a href="#[2cd]">&gt;&gt;</a>&nbsp;&nbsp;&nbsp;f_puts
<LI><a href="#[2cc]">&gt;&gt;</a>&nbsp;&nbsp;&nbsp;f_putc
</UL>

<P><STRONG><a name="[2b0]"></a>mem_cpy</STRONG> (Thumb, 16 bytes, Stack size 0 bytes, ff.o(.text))
<BR><BR>[Called By]<UL><LI><a href="#[19a]">&gt;&gt;</a>&nbsp;&nbsp;&nbsp;f_write
<LI><a href="#[19d]">&gt;&gt;</a>&nbsp;&nbsp;&nbsp;f_mkfs
<LI><a href="#[194]">&gt;&gt;</a>&nbsp;&nbsp;&nbsp;f_mkdir
<LI><a href="#[2c8]">&gt;&gt;</a>&nbsp;&nbsp;&nbsp;f_rename
<LI><a href="#[2c6]">&gt;&gt;</a>&nbsp;&nbsp;&nbsp;f_unlink
<LI><a href="#[2c1]">&gt;&gt;</a>&nbsp;&nbsp;&nbsp;f_read
<LI><a href="#[2b1]">&gt;&gt;</a>&nbsp;&nbsp;&nbsp;gen_numname
<LI><a href="#[2af]">&gt;&gt;</a>&nbsp;&nbsp;&nbsp;dir_register
</UL>

<P><STRONG><a name="[2a3]"></a>mem_set</STRONG> (Thumb, 14 bytes, Stack size 0 bytes, ff.o(.text))
<BR><BR>[Called By]<UL><LI><a href="#[19d]">&gt;&gt;</a>&nbsp;&nbsp;&nbsp;f_mkfs
<LI><a href="#[194]">&gt;&gt;</a>&nbsp;&nbsp;&nbsp;f_mkdir
<LI><a href="#[2b5]">&gt;&gt;</a>&nbsp;&nbsp;&nbsp;create_name
<LI><a href="#[2b2]">&gt;&gt;</a>&nbsp;&nbsp;&nbsp;dir_remove
<LI><a href="#[2af]">&gt;&gt;</a>&nbsp;&nbsp;&nbsp;dir_register
<LI><a href="#[2aa]">&gt;&gt;</a>&nbsp;&nbsp;&nbsp;dir_next
<LI><a href="#[2a2]">&gt;&gt;</a>&nbsp;&nbsp;&nbsp;sync_fs
</UL>

<P><STRONG><a name="[2b6]"></a>chk_chr</STRONG> (Thumb, 16 bytes, Stack size 0 bytes, ff.o(.text))
<BR><BR>[Called By]<UL><LI><a href="#[2b5]">&gt;&gt;</a>&nbsp;&nbsp;&nbsp;create_name
</UL>

<P><STRONG><a name="[2b9]"></a>ld_clust</STRONG> (Thumb, 18 bytes, Stack size 0 bytes, ff.o(.text))
<BR><BR>[Called By]<UL><LI><a href="#[193]">&gt;&gt;</a>&nbsp;&nbsp;&nbsp;f_opendir
<LI><a href="#[197]">&gt;&gt;</a>&nbsp;&nbsp;&nbsp;f_open
<LI><a href="#[2c8]">&gt;&gt;</a>&nbsp;&nbsp;&nbsp;f_rename
<LI><a href="#[2c6]">&gt;&gt;</a>&nbsp;&nbsp;&nbsp;f_unlink
<LI><a href="#[2b8]">&gt;&gt;</a>&nbsp;&nbsp;&nbsp;follow_path
</UL>

<P><STRONG><a name="[2c0]"></a>st_clust</STRONG> (Thumb, 16 bytes, Stack size 0 bytes, ff.o(.text))
<BR><BR>[Called By]<UL><LI><a href="#[197]">&gt;&gt;</a>&nbsp;&nbsp;&nbsp;f_open
<LI><a href="#[194]">&gt;&gt;</a>&nbsp;&nbsp;&nbsp;f_mkdir
<LI><a href="#[2c8]">&gt;&gt;</a>&nbsp;&nbsp;&nbsp;f_rename
<LI><a href="#[2c2]">&gt;&gt;</a>&nbsp;&nbsp;&nbsp;f_sync
</UL>

<P><STRONG><a name="[2ac]"></a>cmp_lfn</STRONG> (Thumb, 120 bytes, Stack size 40 bytes, ff.o(.text))
<BR><BR>[Stack]<UL><LI>Max Depth = 56<LI>Call Chain = cmp_lfn &rArr; ff_wtoupper
</UL>
<BR>[Calls]<UL><LI><a href="#[2b7]">&gt;&gt;</a>&nbsp;&nbsp;&nbsp;ff_wtoupper
</UL>
<BR>[Called By]<UL><LI><a href="#[2ab]">&gt;&gt;</a>&nbsp;&nbsp;&nbsp;dir_find
</UL>

<P><STRONG><a name="[2b1]"></a>gen_numname</STRONG> (Thumb, 134 bytes, Stack size 24 bytes, ff.o(.text))
<BR><BR>[Stack]<UL><LI>Max Depth = 24<LI>Call Chain = gen_numname
</UL>
<BR>[Calls]<UL><LI><a href="#[2b0]">&gt;&gt;</a>&nbsp;&nbsp;&nbsp;mem_cpy
</UL>
<BR>[Called By]<UL><LI><a href="#[2af]">&gt;&gt;</a>&nbsp;&nbsp;&nbsp;dir_register
</UL>

<P><STRONG><a name="[2ad]"></a>sum_sfn</STRONG> (Thumb, 26 bytes, Stack size 0 bytes, ff.o(.text))
<BR><BR>[Called By]<UL><LI><a href="#[2af]">&gt;&gt;</a>&nbsp;&nbsp;&nbsp;dir_register
<LI><a href="#[2ae]">&gt;&gt;</a>&nbsp;&nbsp;&nbsp;dir_read
<LI><a href="#[2ab]">&gt;&gt;</a>&nbsp;&nbsp;&nbsp;dir_find
</UL>

<P><STRONG><a name="[2e2]"></a>_fp_digits</STRONG> (Thumb, 366 bytes, Stack size 64 bytes, printfa.o(i._fp_digits), UNUSED)
<BR><BR>[Calls]<UL><LI><a href="#[114]">&gt;&gt;</a>&nbsp;&nbsp;&nbsp;__aeabi_ddiv
<LI><a href="#[115]">&gt;&gt;</a>&nbsp;&nbsp;&nbsp;__aeabi_dadd
<LI><a href="#[117]">&gt;&gt;</a>&nbsp;&nbsp;&nbsp;__aeabi_dmul
<LI><a href="#[2dc]">&gt;&gt;</a>&nbsp;&nbsp;&nbsp;__aeabi_d2ulz
<LI><a href="#[2e3]">&gt;&gt;</a>&nbsp;&nbsp;&nbsp;__aeabi_cdrcmple
<LI><a href="#[29f]">&gt;&gt;</a>&nbsp;&nbsp;&nbsp;__aeabi_uldivmod
</UL>
<BR>[Called By]<UL><LI><a href="#[2e0]">&gt;&gt;</a>&nbsp;&nbsp;&nbsp;_printf_core
</UL>

<P><STRONG><a name="[2e0]"></a>_printf_core</STRONG> (Thumb, 1744 bytes, Stack size 136 bytes, printfa.o(i._printf_core), UNUSED)
<BR><BR>[Calls]<UL><LI><a href="#[2e4]">&gt;&gt;</a>&nbsp;&nbsp;&nbsp;_printf_pre_padding
<LI><a href="#[2e5]">&gt;&gt;</a>&nbsp;&nbsp;&nbsp;_printf_post_padding
<LI><a href="#[2e2]">&gt;&gt;</a>&nbsp;&nbsp;&nbsp;_fp_digits
<LI><a href="#[29f]">&gt;&gt;</a>&nbsp;&nbsp;&nbsp;__aeabi_uldivmod
<LI><a href="#[2e6]">&gt;&gt;</a>&nbsp;&nbsp;&nbsp;__aeabi_uidivmod
</UL>
<BR>[Called By]<UL><LI><a href="#[2e1]">&gt;&gt;</a>&nbsp;&nbsp;&nbsp;__0vsnprintf
<LI><a href="#[2df]">&gt;&gt;</a>&nbsp;&nbsp;&nbsp;__0sprintf
</UL>

<P><STRONG><a name="[2e5]"></a>_printf_post_padding</STRONG> (Thumb, 36 bytes, Stack size 24 bytes, printfa.o(i._printf_post_padding), UNUSED)
<BR><BR>[Called By]<UL><LI><a href="#[2e0]">&gt;&gt;</a>&nbsp;&nbsp;&nbsp;_printf_core
</UL>

<P><STRONG><a name="[2e4]"></a>_printf_pre_padding</STRONG> (Thumb, 46 bytes, Stack size 24 bytes, printfa.o(i._printf_pre_padding), UNUSED)
<BR><BR>[Called By]<UL><LI><a href="#[2e0]">&gt;&gt;</a>&nbsp;&nbsp;&nbsp;_printf_core
</UL>

<P><STRONG><a name="[4f]"></a>_snputc</STRONG> (Thumb, 22 bytes, Stack size 0 bytes, printfa.o(i._snputc))
<BR>[Address Reference Count : 1]<UL><LI> printfa.o(i.__0vsnprintf)
</UL>
<P><STRONG><a name="[4e]"></a>_sputc</STRONG> (Thumb, 10 bytes, Stack size 0 bytes, printfa.o(i._sputc))
<BR><BR>[Called By]<UL><LI><a href="#[2df]">&gt;&gt;</a>&nbsp;&nbsp;&nbsp;__0sprintf
</UL>
<BR>[Address Reference Count : 1]<UL><LI> printfa.o(i.__0sprintf)
</UL><P>
<H3>
Undefined Global Symbols
</H3><HR></body></html>
