Component: ARM Compiler 5.06 update 4 (build 422) Tool: armlink [4d35d2]

==============================================================================

Section Cross References

    startup_stm32f10x_hd.o(RESET) refers to startup_stm32f10x_hd.o(STACK) for __initial_sp
    startup_stm32f10x_hd.o(RESET) refers to startup_stm32f10x_hd.o(.text) for Reset_Handler
    startup_stm32f10x_hd.o(RESET) refers to stm32f10x_it.o(.text) for NMI_Handler
    startup_stm32f10x_hd.o(RESET) refers to port.o(.emb_text) for SVC_Handler
    startup_stm32f10x_hd.o(RESET) refers to cocoguojia_usart.o(.text) for USART1_IRQHandler
    startup_stm32f10x_hd.o(RESET) refers to cocoguojia_sdio.o(.text) for SDIO_IRQHandler
    startup_stm32f10x_hd.o(.text) refers to system_stm32f10x.o(.text) for SystemInit
    startup_stm32f10x_hd.o(.text) refers to entry.o(.ARM.Collect$$$$00000000) for __main
    application.o(.text) refers to memseta.o(.text) for __aeabi_memclr
    application.o(.text) refers to strcpy.o(.text) for strcpy
    application.o(.text) refers to strcmp.o(.text) for strcmp
    application.o(.text) refers to cocoguojia_usart.o(.text) for UART_Printf
    application.o(.text) refers to printfa.o(i.__0sprintf) for __2sprintf
    application.o(.text) refers to psdk_app_func.o(.text) for PsdkAppFunc_PushMsgToFloatingWindow
    application.o(.text) refers to strlen.o(.text) for strlen
    application.o(.text) refers to cmsis_os.o(.text) for osDelay
    application.o(.text) refers to psdk_upper.o(.text) for PsdkUpper_ProcessReceiveData
    application.o(.text) refers to psdk_msg_subcribe.o(.text) for PsdkMsgSub_Init
    application.o(.text) refers to psdk_payload_camera.o(.text) for PsdkCamera_Init
    application.o(.text) refers to psdk_payload_gimbal.o(.text) for PsdkGimbal_Init
    application.o(.text) refers to application.o(.constdata) for .constdata
    application.o(.text) refers to application.o(.conststring) for .conststring
    application.o(.text) refers to application.o(.bss) for .bss
    application.o(.text) refers to u2rece_task.o(.bss) for g_photoPicNum
    application.o(.text) refers to u2rece_task.o(.data) for g_signalOrAutoModelFlag
    application.o(.text) refers to trigger_task.o(.data) for g_openCamStateFlag
    application.o(.text) refers to application.o(.data) for .data
    application.o(.text) refers to u2rece_task.o(.data) for g_tim5CatchNum
    application.o(.text) refers to test_app_func.o(.text) for Test_ReceiveFromMobileSDKFunc
    application.o(.text) refers to test_app_func.o(.constdata) for g_TestWidgetCount
    application.o(.text) refers to test_app_func.o(.data) for g_TestWidgetList
    application.o(.text) refers to test_msg_push.o(.constdata) for g_PushDataMsgCallbackList
    application.o(.text) refers to test_payload_cam_emu.o(.constdata) for g_testCameraHandler
    application.o(.text) refers to test_payload_gimbal_emu.o(.constdata) for g_testGimbalHandler
    main.o(.text) refers to sys.o(.text) for Sys_Init
    main.o(.text) refers to application.o(.text) for application_init
    main.o(.text) refers to bsp.o(.text) for BSP_Init
    main.o(.text) refers to cmsis_os.o(.text) for osThreadCreate
    main.o(.text) refers to port.o(.text) for vPortEnterCritical
    main.o(.text) refers to event_groups.o(.text) for xEventGroupCreate
    main.o(.text) refers to cocoguojia_usart.o(.text) for UART_Printf
    main.o(.text) refers to main.o(.constdata) for .constdata
    main.o(.text) refers to main.o(.data) for .data
    main.o(.constdata) refers to main.o(.conststring) for .conststring
    main.o(.constdata) refers to main.o(.text) for APP_TASKCREATE
    main.o(.constdata) refers to oled_task.o(.text) for OLED_TASK
    main.o(.constdata) refers to key_task.o(.text) for KEY_TASK
    main.o(.constdata) refers to cam_task.o(.text) for CAM_TASK
    main.o(.constdata) refers to rgb_task.o(.text) for RGB_TASK
    main.o(.constdata) refers to runinit_task.o(.text) for RUNINIT_TASK
    main.o(.constdata) refers to u2rece_task.o(.text) for U2RECE_TASK
    main.o(.constdata) refers to trigger_task.o(.text) for TRIGGER_TASK
    main.o(.constdata) refers to u2send_task.o(.text) for U2SEND_TASK
    main.o(.constdata) refers to fan_task.o(.text) for FAN_TASK
    main.o(.constdata) refers to application.o(.text) for ProcessPsdkRecTask
    stm32f10x_it.o(.text) refers to tasks.o(.text) for xTaskGetSchedulerState
    stm32f10x_it.o(.text) refers to port.o(.text) for xPortSysTickHandler
    test_app_func.o(.text) refers to memcpya.o(.text) for __aeabi_memcpy
    test_app_func.o(.text) refers to cocoguojia_usart.o(.text) for UART_Printf
    test_app_func.o(.text) refers to test_app_func.o(.bss) for .bss
    test_app_func.o(.text) refers to test_app_func.o(.constdata) for .constdata
    test_app_func.o(.text) refers to test_app_func.o(.data) for .data
    test_app_func.o(.constdata) refers to test_app_func.o(.conststring) for .conststring
[...]
    cocoguojia_oledShowSetModel2             0x0800469f   Thumb Code   114  cocoguojia_oled.o(.text)
    cocoguojia_oledShowRepairModel           0x08004711   Thumb Code   688  cocoguojia_oled.o(.text)
    cocoguojia_rgbledInit                    0x08004a41   Thumb Code    62  cocoguojia_rgbled_1.o(.text)
    cocoguojia_SdioFlash_ms                  0x08004a89   Thumb Code    26  cocoguojia_sdcard.o(.text)
    cocoguojia_CancleWorkspace               0x08004aa3   Thumb Code    10  cocoguojia_sdcard.o(.text)
    cocoguojia_WriteFileSystem               0x08004aad   Thumb Code    74  cocoguojia_sdcard.o(.text)
    cocoguojia_RegisteredWorkspace           0x08004af7   Thumb Code    78  cocoguojia_sdcard.o(.text)
    cocoguojia_sdWrireGpsRtk                 0x08004b45   Thumb Code   414  cocoguojia_sdcard.o(.text)
    SdioDelayInit                            0x08004d05   Thumb Code    36  cocoguojia_sdio.o(.text)
    cocoguojia_sdDeInit                      0x08004d29   Thumb Code    68  cocoguojia_sdio.o(.text)
    SD_EnableWideBusOperation                0x08004ff5   Thumb Code   112  cocoguojia_sdio.o(.text)
    SD_SelectDeselect                        0x08005065   Thumb Code    40  cocoguojia_sdio.o(.text)
    SD_GetCardInfo                           0x0800508d   Thumb Code   640  cocoguojia_sdio.o(.text)
    SD_InitializeCards                       0x0800533b   Thumb Code   248  cocoguojia_sdio.o(.text)
    SD_PowerON                               0x08005433   Thumb Code   460  cocoguojia_sdio.o(.text)
    SD_Init                                  0x080055ff   Thumb Code   200  cocoguojia_sdio.o(.text)
    SD_SendStatus                            0x080056c7   Thumb Code    36  cocoguojia_sdio.o(.text)
    SD_GetState                              0x080056eb   Thumb Code    26  cocoguojia_sdio.o(.text)
    SD_GetStatus                             0x08005705   Thumb Code    26  cocoguojia_sdio.o(.text)
    SD_PowerOFF                              0x0800571f   Thumb Code    14  cocoguojia_sdio.o(.text)
    SD_SendSDStatus                          0x0800572d   Thumb Code   314  cocoguojia_sdio.o(.text)
    SD_GetCardStatus                         0x08005867   Thumb Code   128  cocoguojia_sdio.o(.text)
    SD_ReadBlock                             0x080058e7   Thumb Code   164  cocoguojia_sdio.o(.text)
    SD_ReadMultiBlocks                       0x0800598b   Thumb Code   178  cocoguojia_sdio.o(.text)
    SD_WaitReadOperation                     0x08005a3d   Thumb Code    34  cocoguojia_sdio.o(.text)
    SD_WriteBlock                            0x08005a5f   Thumb Code   178  cocoguojia_sdio.o(.text)
    SD_WriteMultiBlocks                      0x08005b11   Thumb Code   254  cocoguojia_sdio.o(.text)
    SD_WaitWriteOperation                    0x08005c0f   Thumb Code    42  cocoguojia_sdio.o(.text)
    SD_GetTransferState                      0x08005c39   Thumb Code    14  cocoguojia_sdio.o(.text)
    SD_StopTransfer                          0x08005c47   Thumb Code    18  cocoguojia_sdio.o(.text)
    SD_Erase                                 0x08005d99   Thumb Code   230  cocoguojia_sdio.o(.text)
    SD_ProcessIRQSrc                         0x08005e7f   Thumb Code    56  cocoguojia_sdio.o(.text)
    convert_from_bytes_to_power_of_two       0x08005eb7   Thumb Code    18  cocoguojia_sdio.o(.text)
    SDIO_IRQHandler                          0x08005ec9   Thumb Code     2  cocoguojia_sdio.o(.text)
    cocoguojia_tim1Init                      0x08005f6d   Thumb Code   144  cocoguojia_tim1pwm.o(.text)
    cocoguojia_tim1Enable                    0x08005ffd   Thumb Code    24  cocoguojia_tim1pwm.o(.text)
    cocoguojia_tim1Disable                   0x08006015   Thumb Code    24  cocoguojia_tim1pwm.o(.text)
    UART_Init                                0x08006035   Thumb Code   582  cocoguojia_usart.o(.text)
    UART_Read                                0x0800627b   Thumb Code   106  cocoguojia_usart.o(.text)
    UART_Write                               0x080062e5   Thumb Code   144  cocoguojia_usart.o(.text)
    cocoguojia_usartSendChar                 0x08006375   Thumb Code    12  cocoguojia_usart.o(.text)
    cocoguojia_usartSendStr                  0x08006381   Thumb Code    26  cocoguojia_usart.o(.text)
    cocoguojia_usartReadDataForlen           0x0800639b   Thumb Code     2  cocoguojia_usart.o(.text)
    LOG_Init                                 0x0800639d   Thumb Code    20  cocoguojia_usart.o(.text)
    UART_Printf                              0x080063b1   Thumb Code    50  cocoguojia_usart.o(.text)
    USART1_IRQHandler                        0x080063e3   Thumb Code   186  cocoguojia_usart.o(.text)
    USART2_IRQHandler                        0x0800649d   Thumb Code   134  cocoguojia_usart.o(.text)
    USART3_IRQHandler                        0x08006523   Thumb Code   134  cocoguojia_usart.o(.text)
    RingBuf_Init                             0x080065b9   Thumb Code    38  cocoguojia_usart_ringbuffer.o(.text)
    RingBuf_Put                              0x080065df   Thumb Code    74  cocoguojia_usart_ringbuffer.o(.text)
    RingBuf_Get                              0x08006629   Thumb Code    70  cocoguojia_usart_ringbuffer.o(.text)
    RingBuf_GetUnusedSize                    0x0800666f   Thumb Code    14  cocoguojia_usart_ringbuffer.o(.text)
    clust2sect                               0x080067b1   Thumb Code    24  ff.o(.text)
    get_fat                                  0x080067c9   Thumb Code   230  ff.o(.text)
    put_fat                                  0x080068af   Thumb Code   288  ff.o(.text)
    f_mount                                  0x08007659   Thumb Code    74  ff.o(.text)
    f_open                                   0x080076a3   Thumb Code   328  ff.o(.text)
    f_read                                   0x080077eb   Thumb Code   350  ff.o(.text)
    f_write                                  0x08007949   Thumb Code   416  ff.o(.text)
    f_sync                                   0x08007ae9   Thumb Code   152  ff.o(.text)
    f_close                                  0x08007b81   Thumb Code    28  ff.o(.text)
    f_lseek                                  0x08007b9d   Thumb Code   324  ff.o(.text)
    f_opendir                                0x08007ce1   Thumb Code   104  ff.o(.text)
    f_closedir                               0x08007d49   Thumb Code    18  ff.o(.text)
    f_readdir                                0x08007d5b   Thumb Code    90  ff.o(.text)
    f_stat                                   0x08007db5   Thumb Code    68  ff.o(.text)
    f_getfree                                0x08007df9   Thumb Code   190  ff.o(.text)
    f_truncate                               0x08007eb7   Thumb Code   176  ff.o(.text)
    f_unlink                                 0x08007f67   Thumb Code   156  ff.o(.text)
    f_mkdir                                  0x08008003   Thumb Code   362  ff.o(.text)
    f_chmod                                  0x0800816d   Thumb Code    84  ff.o(.text)
    f_rename                                 0x080081c1   Thumb Code   248  ff.o(.text)
    f_utime                                  0x080082b9   Thumb Code    88  ff.o(.text)
    f_mkfs                                   0x08008311   Thumb Code  1382  ff.o(.text)
    f_gets                                   0x08008877   Thumb Code    68  ff.o(.text)
    f_putc                                   0x080088f5   Thumb Code    60  ff.o(.text)
    f_puts                                   0x08008931   Thumb Code    70  ff.o(.text)
    f_printf                                 0x08008977   Thumb Code   490  ff.o(.text)
    disk_status                              0x08008cd1   Thumb Code    12  diskio.o(.text)
    disk_initialize                          0x08008cdd   Thumb Code    18  diskio.o(.text)
    disk_read                                0x08008cef   Thumb Code   122  diskio.o(.text)
    disk_write                               0x08008d69   Thumb Code   118  diskio.o(.text)
    disk_ioctl                               0x08008ddf   Thumb Code    54  diskio.o(.text)
    get_fattime                              0x08008e15   Thumb Code     4  diskio.o(.text)
    ff_convert                               0x08008e21   Thumb Code    68  cc936.o(.text)
    ff_wtoupper                              0x08008e65   Thumb Code    70  cc936.o(.text)
    PsdkUpper_Init                           0x080090f3   Thumb Code    86  psdk_upper.o(.text)
    PsdkUpper_SetFixVersion                  0x08009149   Thumb Code    10  psdk_upper.o(.text)
    PsdkUpper_SetProductAlias                0x08009153   Thumb Code    18  psdk_upper.o(.text)
    PsdkUpper_ProcessReceiveData             0x08009165   Thumb Code     4  psdk_upper.o(.text)
    PsdkUpper_RegSendFunction                0x08009169   Thumb Code     4  psdk_upper.o(.text)
    PsdkAppFunc_Init                         0x08009427   Thumb Code    42  psdk_app_func.o(.text)
    PsdkAppFunc_TransferToApp                0x08009451   Thumb Code   138  psdk_app_func.o(.text)
    PsdkAppFunc_PushMsgToFloatingWindow      0x080094db   Thumb Code    90  psdk_app_func.o(.text)
    PsdkAppFunc_SetWidgetList                0x08009535   Thumb Code    10  psdk_app_func.o(.text)
    PsdkAppFunc_SetReceiveFromAppCallback    0x0800953f   Thumb Code     8  psdk_app_func.o(.text)
    PsdkAppFunc_RegGetWidgetValueCallback    0x08009547   Thumb Code     8  psdk_app_func.o(.text)
    PsdkAppFunc_RegSetWidgetValueCallback    0x0800954f   Thumb Code     8  psdk_app_func.o(.text)
    PsdkMsgSub_Init                          0x0800960b   Thumb Code    38  psdk_msg_subcribe.o(.text)
    PsdkMsgSub_RegMsgCallbackList            0x08009631   Thumb Code    14  psdk_msg_subcribe.o(.text)
    PsdkCamera_Init                          0x08009b9f   Thumb Code    44  psdk_payload_camera.o(.text)
    PsdkGimbal_Init                          0x08009cc5   Thumb Code    44  psdk_payload_gimbal.o(.text)
    PsdkAes_SetupDecrypt                     0x0800a787   Thumb Code   628  psdk_aes.o(.text)
    PsdkAes_Encrypt                          0x0800a9fb   Thumb Code    94  psdk_aes.o(.text)
    PsdkAes_Decrypt                          0x0800aa59   Thumb Code    90  psdk_aes.o(.text)
    PsdkCrc_Crc8                             0x0800aad9   Thumb Code    46  psdk_crc.o(.text)
    PsdkCrc_Crc16                            0x0800ab07   Thumb Code    58  psdk_crc.o(.text)
    PsdkCrc_Crc32                            0x0800ab41   Thumb Code    58  psdk_crc.o(.text)
    md5_transform                            0x0800abad   Thumb Code  1992  psdk_md5.o(.text)
    md5_init                                 0x0800b375   Thumb Code    30  psdk_md5.o(.text)
    md5_update                               0x0800b393   Thumb Code    72  psdk_md5.o(.text)
    md5_final                                0x0800b3db   Thumb Code   164  psdk_md5.o(.text)
    PsdkProto_Send                           0x0800b5fd   Thumb Code    84  psdk_proto.o(.text)
    PsdkProto_SendAckData                    0x0800b651   Thumb Code    50  psdk_proto.o(.text)
    PsdkProto_DealCmd                        0x0800b683   Thumb Code   178  psdk_proto.o(.text)
    PsdkProto_Init                           0x0800b735   Thumb Code    82  psdk_proto.o(.text)
    PsdkProto_DeInit                         0x0800b787   Thumb Code     8  psdk_proto.o(.text)
    PsdkProto_ProcessReceiveData             0x0800b78f   Thumb Code   134  psdk_proto.o(.text)
    PsdkProto_RegSendDataFunc                0x0800b815   Thumb Code    14  psdk_proto.o(.text)
    PsdkProt_GetCurrentSendSeq               0x0800b823   Thumb Code    46  psdk_proto.o(.text)
    PsdkProto_RegCmdSetHandler               0x0800b851   Thumb Code    98  psdk_proto.o(.text)
    PsdkDebug_AssertFailed                   0x0800ba21   Thumb Code    14  psdk_debug.o(.text)
    PsdkProtParse_Init                       0x0800ba69   Thumb Code     8  psdk_proto_parse.o(.text)
    PsdkProtParse_AddByte                    0x0800ba71   Thumb Code   172  psdk_proto_parse.o(.text)
    PsdkSys_MutexNew                         0x0800bb1d   Thumb Code    26  psdk_arch_sys.o(.text)
    PsdkSys_MutexDestroy                     0x0800bb37   Thumb Code    16  psdk_arch_sys.o(.text)
    PsdkSys_MutexLock                        0x0800bb47   Thumb Code    20  psdk_arch_sys.o(.text)
    PsdkSys_MutexUnlock                      0x0800bb5b   Thumb Code    16  psdk_arch_sys.o(.text)
    osKernelStart                            0x0800bb6d   Thumb Code    10  cmsis_os.o(.text)
    osKernelRunning                          0x0800bb77   Thumb Code    18  cmsis_os.o(.text)
    osKernelSysTick                          0x0800bb89   Thumb Code    24  cmsis_os.o(.text)
    osThreadCreate                           0x0800bba1   Thumb Code    46  cmsis_os.o(.text)
    osThreadGetId                            0x0800bbcf   Thumb Code     4  cmsis_os.o(.text)
    osThreadTerminate                        0x0800bbd3   Thumb Code    10  cmsis_os.o(.text)
    osThreadYield                            0x0800bbdd   Thumb Code    20  cmsis_os.o(.text)
    osThreadSetPriority                      0x0800bbf1   Thumb Code    22  cmsis_os.o(.text)
    osThreadGetPriority                      0x0800bc07   Thumb Code    32  cmsis_os.o(.text)
    osDelay                                  0x0800bc27   Thumb Code    14  cmsis_os.o(.text)
    osTimerCreate                            0x0800bc35   Thumb Code     4  cmsis_os.o(.text)
    osTimerStart                             0x0800bc39   Thumb Code     4  cmsis_os.o(.text)
    osTimerStop                              0x0800bc3d   Thumb Code     4  cmsis_os.o(.text)
    osTimerDelete                            0x0800bc41   Thumb Code     4  cmsis_os.o(.text)
    osSignalSet                              0x0800bc45   Thumb Code    86  cmsis_os.o(.text)
    osSignalWait                             0x0800bc9b   Thumb Code    86  cmsis_os.o(.text)
    osMutexCreate                            0x0800bcf1   Thumb Code     6  cmsis_os.o(.text)
    osMutexWait                              0x0800bcf7   Thumb Code   100  cmsis_os.o(.text)
    osMutexRelease                           0x0800bd5b   Thumb Code    74  cmsis_os.o(.text)
    osMutexDelete                            0x0800bda5   Thumb Code    24  cmsis_os.o(.text)
    osSemaphoreCreate                        0x0800bdbd   Thumb Code    38  cmsis_os.o(.text)
    osSemaphoreWait                          0x0800bde3   Thumb Code   100  cmsis_os.o(.text)
    osSemaphoreRelease                       0x0800be47   Thumb Code    74  cmsis_os.o(.text)
    osSemaphoreDelete                        0x0800be91   Thumb Code    24  cmsis_os.o(.text)
    osPoolCreate                             0x0800bea9   Thumb Code    94  cmsis_os.o(.text)
    osPoolAlloc                              0x0800bf07   Thumb Code   104  cmsis_os.o(.text)
    osPoolCAlloc                             0x0800bf6f   Thumb Code    16  cmsis_os.o(.text)
    osPoolFree                               0x0800bf7f   Thumb Code    48  cmsis_os.o(.text)
    osMessageCreate                          0x0800bfaf   Thumb Code     8  cmsis_os.o(.text)
    osMessagePut                             0x0800bfb7   Thumb Code    96  cmsis_os.o(.text)
    osMessageGet                             0x0800c017   Thumb Code   146  cmsis_os.o(.text)
    osMailCreate                             0x0800c0a9   Thumb Code    90  cmsis_os.o(.text)
    osMailAlloc                              0x0800c103   Thumb Code    10  cmsis_os.o(.text)
    osMailCAlloc                             0x0800c10d   Thumb Code    32  cmsis_os.o(.text)
    osMailPut                                0x0800c12d   Thumb Code    88  cmsis_os.o(.text)
    osMailGet                                0x0800c185   Thumb Code   140  cmsis_os.o(.text)
    osMailFree                               0x0800c211   Thumb Code    10  cmsis_os.o(.text)
    osSystickHandler                         0x0800c21b   Thumb Code    20  cmsis_os.o(.text)
    osThreadGetState                         0x0800c22f   Thumb Code    46  cmsis_os.o(.text)
    osThreadIsSuspended                      0x0800c25d   Thumb Code    18  cmsis_os.o(.text)
    osThreadSuspend                          0x0800c26f   Thumb Code    10  cmsis_os.o(.text)
    osThreadResume                           0x0800c279   Thumb Code    46  cmsis_os.o(.text)
    osThreadSuspendAll                       0x0800c2a7   Thumb Code    10  cmsis_os.o(.text)
    osThreadResumeAll                        0x0800c2b1   Thumb Code    18  cmsis_os.o(.text)
    osDelayUntil                             0x0800c2c3   Thumb Code    14  cmsis_os.o(.text)
    osAbortDelay                             0x0800c2d1   Thumb Code     4  cmsis_os.o(.text)
    osThreadList                             0x0800c2d5   Thumb Code     4  cmsis_os.o(.text)
    osMessagePeek                            0x0800c2d9   Thumb Code    76  cmsis_os.o(.text)
    osMessageWaiting                         0x0800c325   Thumb Code    30  cmsis_os.o(.text)
    osMessageAvailableSpace                  0x0800c343   Thumb Code     4  cmsis_os.o(.text)
    osMessageDelete                          0x0800c347   Thumb Code    24  cmsis_os.o(.text)
    osRecursiveMutexCreate                   0x0800c35f   Thumb Code     4  cmsis_os.o(.text)
    osRecursiveMutexRelease                  0x0800c363   Thumb Code     4  cmsis_os.o(.text)
    osRecursiveMutexWait                     0x0800c367   Thumb Code     4  cmsis_os.o(.text)
    osSemaphoreGetCount                      0x0800c36b   Thumb Code     4  cmsis_os.o(.text)
    xEventGroupCreate                        0x0800c399   Thumb Code    26  event_groups.o(.text)
    xEventGroupSetBits                       0x0800c3b3   Thumb Code   132  event_groups.o(.text)
    xEventGroupSync                          0x0800c437   Thumb Code   174  event_groups.o(.text)
    xEventGroupWaitBits                      0x0800c4e5   Thumb Code   240  event_groups.o(.text)
    xEventGroupClearBits                     0x0800c5d5   Thumb Code    56  event_groups.o(.text)
    xEventGroupGetBitsFromISR                0x0800c60d   Thumb Code    26  event_groups.o(.text)
    vEventGroupDelete                        0x0800c627   Thumb Code    70  event_groups.o(.text)
    vEventGroupSetBitsCallback               0x0800c66d   Thumb Code     2  event_groups.o(.text)
    vEventGroupClearBitsCallback             0x0800c66f   Thumb Code     2  event_groups.o(.text)
    vListInitialise                          0x0800c6bd   Thumb Code    22  list.o(.text)
    vListInitialiseItem                      0x0800c6d3   Thumb Code     6  list.o(.text)
    vListInsertEnd                           0x0800c6d9   Thumb Code    24  list.o(.text)
    vListInsert                              0x0800c6f1   Thumb Code    48  list.o(.text)
    uxListRemove                             0x0800c721   Thumb Code    36  list.o(.text)
    xQueueGenericReset                       0x0800c745   Thumb Code   128  queue.o(.text)
    xQueueGenericCreate                      0x0800c7c5   Thumb Code    72  queue.o(.text)
    xQueueGenericSend                        0x0800c95d   Thumb Code   350  queue.o(.text)
    xQueueCreateMutex                        0x0800cabb   Thumb Code    36  queue.o(.text)
    xQueueGenericSendFromISR                 0x0800cadf   Thumb Code   240  queue.o(.text)
    xQueueGiveFromISR                        0x0800cbcf   Thumb Code   172  queue.o(.text)
    xQueueGenericReceive                     0x0800cca1   Thumb Code   356  queue.o(.text)
    xQueueReceiveFromISR                     0x0800ce05   Thumb Code   150  queue.o(.text)
    xQueuePeekFromISR                        0x0800ce9b   Thumb Code   114  queue.o(.text)
    uxQueueMessagesWaiting                   0x0800cf0d   Thumb Code    36  queue.o(.text)
    uxQueueSpacesAvailable                   0x0800cf31   Thumb Code    40  queue.o(.text)
    uxQueueMessagesWaitingFromISR            0x0800cf59   Thumb Code    26  queue.o(.text)
    vQueueUnregisterQueue                    0x0800cf73   Thumb Code    36  queue.o(.text)
    vQueueDelete                             0x0800cf97   Thumb Code    38  queue.o(.text)
    xQueueIsQueueEmptyFromISR                0x0800cfbd   Thumb Code    34  queue.o(.text)
    xQueueIsQueueFullFromISR                 0x0800cfdf   Thumb Code    38  queue.o(.text)
    vQueueAddToRegistry                      0x0800d005   Thumb Code    32  queue.o(.text)
    pcQueueGetName                           0x0800d025   Thumb Code    34  queue.o(.text)
    xQueueCreateSet                          0x0800d047   Thumb Code     8  queue.o(.text)
    xQueueAddToSet                           0x0800d04f   Thumb Code    34  queue.o(.text)
    xQueueRemoveFromSet                      0x0800d071   Thumb Code    34  queue.o(.text)
    xQueueSelectFromSet                      0x0800d093   Thumb Code    18  queue.o(.text)
    xQueueSelectFromSetFromISR               0x0800d0a5   Thumb Code    18  queue.o(.text)
    xTaskCreate                              0x0800d197   Thumb Code    86  tasks.o(.text)
    vTaskDelete                              0x0800d1ed   Thumb Code   154  tasks.o(.text)
    xTaskIncrementTick                       0x0800d287   Thumb Code   186  tasks.o(.text)
    xTaskResumeAll                           0x0800d341   Thumb Code   182  tasks.o(.text)
    vTaskSuspendAll                          0x0800d45d   Thumb Code    10  tasks.o(.text)
    vTaskDelayUntil                          0x0800d467   Thumb Code   188  tasks.o(.text)
    vTaskDelay                               0x0800d523   Thumb Code    66  tasks.o(.text)
    eTaskGetState                            0x0800d565   Thumb Code    94  tasks.o(.text)
    uxTaskPriorityGet                        0x0800d5c3   Thumb Code    24  tasks.o(.text)
    uxTaskPriorityGetFromISR                 0x0800d5db   Thumb Code    40  tasks.o(.text)
    vTaskPrioritySet                         0x0800d603   Thumb Code   184  tasks.o(.text)
    vTaskSwitchContext                       0x0800d6bb   Thumb Code    84  tasks.o(.text)
    vTaskSuspend                             0x0800d70f   Thumb Code   156  tasks.o(.text)
    vTaskResume                              0x0800d7db   Thumb Code   116  tasks.o(.text)
    xTaskResumeFromISR                       0x0800d84f   Thumb Code   126  tasks.o(.text)
    vTaskStartScheduler                      0x0800d8d3   Thumb Code   122  tasks.o(.text)
    vTaskEndScheduler                        0x0800d94d   Thumb Code    24  tasks.o(.text)
    xTaskGetTickCount                        0x0800d965   Thumb Code     6  tasks.o(.text)
    xTaskGetTickCountFromISR                 0x0800d96b   Thumb Code    12  tasks.o(.text)
    uxTaskGetNumberOfTasks                   0x0800d977   Thumb Code     6  tasks.o(.text)
    pcTaskGetName                            0x0800d97d   Thumb Code    38  tasks.o(.text)
    vTaskPlaceOnEventList                    0x0800d9a3   Thumb Code    46  tasks.o(.text)
    vTaskPlaceOnUnorderedEventList           0x0800d9d1   Thumb Code    78  tasks.o(.text)
    xTaskRemoveFromEventList                 0x0800da1f   Thumb Code   104  tasks.o(.text)
    xTaskRemoveFromUnorderedEventList        0x0800da87   Thumb Code   116  tasks.o(.text)
    vTaskSetTimeOutState                     0x0800dafb   Thumb Code    34  tasks.o(.text)
    xTaskCheckForTimeOut                     0x0800db1d   Thumb Code   102  tasks.o(.text)
    vTaskMissedYield                         0x0800db83   Thumb Code     8  tasks.o(.text)
    xTaskGetCurrentTaskHandle                0x0800db8b   Thumb Code     6  tasks.o(.text)
    xTaskGetSchedulerState                   0x0800db91   Thumb Code    22  tasks.o(.text)
    vTaskPriorityInherit                     0x0800dba7   Thumb Code   124  tasks.o(.text)
    xTaskPriorityDisinherit                  0x0800dc23   Thumb Code   144  tasks.o(.text)
    uxTaskResetEventItemValue                0x0800dcb3   Thumb Code    20  tasks.o(.text)
    pvTaskIncrementMutexHeldCount            0x0800dcc7   Thumb Code    18  tasks.o(.text)
    ulTaskNotifyTake                         0x0800dcd9   Thumb Code   112  tasks.o(.text)
    xTaskNotifyWait                          0x0800dd49   Thumb Code   128  tasks.o(.text)
    xTaskGenericNotify                       0x0800ddc9   Thumb Code   190  tasks.o(.text)
    xTaskGenericNotifyFromISR                0x0800de87   Thumb Code   228  tasks.o(.text)
    vTaskNotifyGiveFromISR                   0x0800df6b   Thumb Code   168  tasks.o(.text)
    xTaskNotifyStateClear                    0x0800e013   Thumb Code    44  tasks.o(.text)
    pvPortMalloc                             0x0800e1c9   Thumb Code   214  heap_4.o(.text)
    vPortFree                                0x0800e29f   Thumb Code    96  heap_4.o(.text)
    xPortGetFreeHeapSize                     0x0800e2ff   Thumb Code     8  heap_4.o(.text)
    xPortGetMinimumEverFreeHeapSize          0x0800e307   Thumb Code     8  heap_4.o(.text)
    vPortInitialiseBlocks                    0x0800e30f   Thumb Code     2  heap_4.o(.text)
    pxPortInitialiseStack                    0x0800e3b7   Thumb Code    32  port.o(.text)
    vPortSetupTimerInterrupt                 0x0800e3d7   Thumb Code    26  port.o(.text)
    xPortStartScheduler                      0x0800e3f1   Thumb Code   108  port.o(.text)
    vPortEndScheduler                        0x0800e45d   Thumb Code    24  port.o(.text)
    vPortEnterCritical                       0x0800e475   Thumb Code    52  port.o(.text)
    vPortExitCritical                        0x0800e4a9   Thumb Code    34  port.o(.text)
    xPortSysTickHandler                      0x0800e4cb   Thumb Code    40  port.o(.text)
    vPortValidateInterruptPriority           0x0800e4f3   Thumb Code    72  port.o(.text)
    SystemInit                               0x0800e629   Thumb Code    64  system_stm32f10x.o(.text)
    SystemCoreClockUpdate                    0x0800e669   Thumb Code    86  system_stm32f10x.o(.text)
    NVIC_PriorityGroupConfig                 0x0800e6e1   Thumb Code    10  misc.o(.text)
    NVIC_Init                                0x0800e6eb   Thumb Code    94  misc.o(.text)
    NVIC_SetVectorTable                      0x0800e749   Thumb Code    14  misc.o(.text)
    NVIC_SystemLPConfig                      0x0800e757   Thumb Code    20  misc.o(.text)
    SysTick_CLKSourceConfig                  0x0800e76b   Thumb Code    24  misc.o(.text)
    DMA_DeInit                               0x0800e791   Thumb Code   218  stm32f10x_dma.o(.text)
    DMA_Init                                 0x0800e86b   Thumb Code    58  stm32f10x_dma.o(.text)
    DMA_StructInit                           0x0800e8a5   Thumb Code    26  stm32f10x_dma.o(.text)
    DMA_Cmd                                  0x0800e8bf   Thumb Code    22  stm32f10x_dma.o(.text)
    DMA_ITConfig                             0x0800e8d5   Thumb Code    16  stm32f10x_dma.o(.text)
    DMA_SetCurrDataCounter                   0x0800e8e5   Thumb Code     4  stm32f10x_dma.o(.text)
    DMA_GetCurrDataCounter                   0x0800e8e9   Thumb Code     6  stm32f10x_dma.o(.text)
    DMA_GetFlagStatus                        0x0800e8ef   Thumb Code    28  stm32f10x_dma.o(.text)
    DMA_ClearFlag                            0x0800e90b   Thumb Code    20  stm32f10x_dma.o(.text)
    DMA_GetITStatus                          0x0800e91f   Thumb Code    28  stm32f10x_dma.o(.text)
    DMA_ClearITPendingBit                    0x0800e93b   Thumb Code    20  stm32f10x_dma.o(.text)
    GPIO_DeInit                              0x0800e959   Thumb Code   152  stm32f10x_gpio.o(.text)
    GPIO_AFIODeInit                          0x0800e9f1   Thumb Code    22  stm32f10x_gpio.o(.text)
    GPIO_Init                                0x0800ea07   Thumb Code   156  stm32f10x_gpio.o(.text)
    GPIO_StructInit                          0x0800eaa3   Thumb Code    16  stm32f10x_gpio.o(.text)
    GPIO_ReadInputDataBit                    0x0800eab3   Thumb Code    14  stm32f10x_gpio.o(.text)
    GPIO_ReadInputData                       0x0800eac1   Thumb Code     6  stm32f10x_gpio.o(.text)
    GPIO_ReadOutputDataBit                   0x0800eac7   Thumb Code    14  stm32f10x_gpio.o(.text)
    GPIO_ReadOutputData                      0x0800ead5   Thumb Code     6  stm32f10x_gpio.o(.text)
    GPIO_SetBits                             0x0800eadb   Thumb Code     4  stm32f10x_gpio.o(.text)
    GPIO_ResetBits                           0x0800eadf   Thumb Code     4  stm32f10x_gpio.o(.text)
    GPIO_WriteBit                            0x0800eae3   Thumb Code    10  stm32f10x_gpio.o(.text)
    GPIO_Write                               0x0800eaed   Thumb Code     4  stm32f10x_gpio.o(.text)
    GPIO_PinLockConfig                       0x0800eaf1   Thumb Code    16  stm32f10x_gpio.o(.text)
    GPIO_EventOutputConfig                   0x0800eb01   Thumb Code    22  stm32f10x_gpio.o(.text)
    GPIO_EventOutputCmd                      0x0800eb17   Thumb Code     6  stm32f10x_gpio.o(.text)
    GPIO_PinRemapConfig                      0x0800eb1d   Thumb Code    82  stm32f10x_gpio.o(.text)
    GPIO_EXTILineConfig                      0x0800eb6f   Thumb Code    34  stm32f10x_gpio.o(.text)
    GPIO_ETH_MediaInterfaceConfig            0x0800eb91   Thumb Code     8  stm32f10x_gpio.o(.text)
    RCC_DeInit                               0x0800ebbd   Thumb Code    50  stm32f10x_rcc.o(.text)
    RCC_HSEConfig                            0x0800ebef   Thumb Code    48  stm32f10x_rcc.o(.text)
    RCC_GetFlagStatus                        0x0800ec1f   Thumb Code    42  stm32f10x_rcc.o(.text)
    RCC_WaitForHSEStartUp                    0x0800ec49   Thumb Code    44  stm32f10x_rcc.o(.text)
    RCC_AdjustHSICalibrationValue            0x0800ec75   Thumb Code    16  stm32f10x_rcc.o(.text)
    RCC_HSICmd                               0x0800ec85   Thumb Code     6  stm32f10x_rcc.o(.text)
    RCC_PLLConfig                            0x0800ec8b   Thumb Code    16  stm32f10x_rcc.o(.text)
    RCC_PLLCmd                               0x0800ec9b   Thumb Code     6  stm32f10x_rcc.o(.text)
    RCC_SYSCLKConfig                         0x0800eca1   Thumb Code    14  stm32f10x_rcc.o(.text)
    RCC_GetSYSCLKSource                      0x0800ecaf   Thumb Code    10  stm32f10x_rcc.o(.text)
    RCC_HCLKConfig                           0x0800ecb9   Thumb Code    14  stm32f10x_rcc.o(.text)
    RCC_PCLK1Config                          0x0800ecc7   Thumb Code    14  stm32f10x_rcc.o(.text)
    RCC_PCLK2Config                          0x0800ecd5   Thumb Code    16  stm32f10x_rcc.o(.text)
    RCC_ITConfig                             0x0800ece5   Thumb Code    18  stm32f10x_rcc.o(.text)
    RCC_USBCLKConfig                         0x0800ecf7   Thumb Code     8  stm32f10x_rcc.o(.text)
    RCC_ADCCLKConfig                         0x0800ecff   Thumb Code    14  stm32f10x_rcc.o(.text)
    RCC_LSEConfig                            0x0800ed0d   Thumb Code    28  stm32f10x_rcc.o(.text)
    RCC_LSICmd                               0x0800ed29   Thumb Code     6  stm32f10x_rcc.o(.text)
    RCC_RTCCLKConfig                         0x0800ed2f   Thumb Code    10  stm32f10x_rcc.o(.text)
    RCC_RTCCLKCmd                            0x0800ed39   Thumb Code     8  stm32f10x_rcc.o(.text)
    RCC_GetClocksFreq                        0x0800ed41   Thumb Code   132  stm32f10x_rcc.o(.text)
    RCC_AHBPeriphClockCmd                    0x0800edc5   Thumb Code    18  stm32f10x_rcc.o(.text)
    RCC_APB2PeriphClockCmd                   0x0800edd7   Thumb Code    18  stm32f10x_rcc.o(.text)
    RCC_APB1PeriphClockCmd                   0x0800ede9   Thumb Code    18  stm32f10x_rcc.o(.text)
    RCC_APB2PeriphResetCmd                   0x0800edfb   Thumb Code    18  stm32f10x_rcc.o(.text)
    RCC_APB1PeriphResetCmd                   0x0800ee0d   Thumb Code    18  stm32f10x_rcc.o(.text)
    RCC_BackupResetCmd                       0x0800ee1f   Thumb Code     8  stm32f10x_rcc.o(.text)
    RCC_ClockSecuritySystemCmd               0x0800ee27   Thumb Code     6  stm32f10x_rcc.o(.text)
    RCC_MCOConfig                            0x0800ee2d   Thumb Code     6  stm32f10x_rcc.o(.text)
    RCC_ClearFlag                            0x0800ee33   Thumb Code    12  stm32f10x_rcc.o(.text)
    RCC_GetITStatus                          0x0800ee3f   Thumb Code    16  stm32f10x_rcc.o(.text)
    RCC_ClearITPendingBit                    0x0800ee4f   Thumb Code     6  stm32f10x_rcc.o(.text)
    SDIO_DeInit                              0x0800ee75   Thumb Code    26  stm32f10x_sdio.o(.text)
    SDIO_Init                                0x0800ee8f   Thumb Code    40  stm32f10x_sdio.o(.text)
    SDIO_StructInit                          0x0800eeb7   Thumb Code    16  stm32f10x_sdio.o(.text)
    SDIO_ClockCmd                            0x0800eec7   Thumb Code     8  stm32f10x_sdio.o(.text)
    SDIO_SetPowerState                       0x0800eecf   Thumb Code    18  stm32f10x_sdio.o(.text)
    SDIO_GetPowerState                       0x0800eee1   Thumb Code    10  stm32f10x_sdio.o(.text)
    SDIO_ITConfig                            0x0800eeeb   Thumb Code    18  stm32f10x_sdio.o(.text)
    SDIO_DMACmd                              0x0800eefd   Thumb Code     6  stm32f10x_sdio.o(.text)
    SDIO_SendCommand                         0x0800ef03   Thumb Code    34  stm32f10x_sdio.o(.text)
    SDIO_CmdStructInit                       0x0800ef25   Thumb Code    14  stm32f10x_sdio.o(.text)
    SDIO_GetCommandResponse                  0x0800ef33   Thumb Code     8  stm32f10x_sdio.o(.text)
    SDIO_GetResponse                         0x0800ef3b   Thumb Code    14  stm32f10x_sdio.o(.text)
    SDIO_DataConfig                          0x0800ef49   Thumb Code    38  stm32f10x_sdio.o(.text)
    SDIO_DataStructInit                      0x0800ef6f   Thumb Code    20  stm32f10x_sdio.o(.text)
    SDIO_GetDataCounter                      0x0800ef83   Thumb Code     6  stm32f10x_sdio.o(.text)
    SDIO_ReadData                            0x0800ef89   Thumb Code     8  stm32f10x_sdio.o(.text)
    SDIO_WriteData                           0x0800ef91   Thumb Code     8  stm32f10x_sdio.o(.text)
    SDIO_GetFIFOCount                        0x0800ef99   Thumb Code     6  stm32f10x_sdio.o(.text)
    SDIO_StartSDIOReadWait                   0x0800ef9f   Thumb Code     8  stm32f10x_sdio.o(.text)
    SDIO_StopSDIOReadWait                    0x0800efa7   Thumb Code     8  stm32f10x_sdio.o(.text)
    SDIO_SetSDIOReadWaitMode                 0x0800efaf   Thumb Code     8  stm32f10x_sdio.o(.text)
    SDIO_SetSDIOOperation                    0x0800efb7   Thumb Code     8  stm32f10x_sdio.o(.text)
    SDIO_SendSDIOSuspendCmd                  0x0800efbf   Thumb Code     8  stm32f10x_sdio.o(.text)
    SDIO_CommandCompletionCmd                0x0800efc7   Thumb Code     8  stm32f10x_sdio.o(.text)
    SDIO_CEATAITCmd                          0x0800efcf   Thumb Code    12  stm32f10x_sdio.o(.text)
    SDIO_SendCEATACmd                        0x0800efdb   Thumb Code     8  stm32f10x_sdio.o(.text)
    SDIO_GetFlagStatus                       0x0800efe3   Thumb Code    16  stm32f10x_sdio.o(.text)
    SDIO_ClearFlag                           0x0800eff3   Thumb Code     6  stm32f10x_sdio.o(.text)
    SDIO_GetITStatus                         0x0800eff9   Thumb Code    16  stm32f10x_sdio.o(.text)
    SDIO_ClearITPendingBit                   0x0800f009   Thumb Code     6  stm32f10x_sdio.o(.text)
    TIM_DeInit                               0x0800f021   Thumb Code   304  stm32f10x_tim.o(.text)
    TIM_TimeBaseInit                         0x0800f151   Thumb Code   114  stm32f10x_tim.o(.text)
    TIM_OC1Init                              0x0800f1c3   Thumb Code   106  stm32f10x_tim.o(.text)
    TIM_OC2Init                              0x0800f22d   Thumb Code   120  stm32f10x_tim.o(.text)
    TIM_OC3Init                              0x0800f2a5   Thumb Code   116  stm32f10x_tim.o(.text)
    TIM_OC4Init                              0x0800f319   Thumb Code    90  stm32f10x_tim.o(.text)
    TIM_SetIC4Prescaler                      0x0800f373   Thumb Code    24  stm32f10x_tim.o(.text)
    TIM_SetIC3Prescaler                      0x0800f38b   Thumb Code    16  stm32f10x_tim.o(.text)
    TIM_SetIC2Prescaler                      0x0800f39b   Thumb Code    24  stm32f10x_tim.o(.text)
    TIM_SetIC1Prescaler                      0x0800f459   Thumb Code    16  stm32f10x_tim.o(.text)
    TIM_ICInit                               0x0800f4c1   Thumb Code   270  stm32f10x_tim.o(.text)
    TIM_PWMIConfig                           0x0800f5cf   Thumb Code   104  stm32f10x_tim.o(.text)
    TIM_BDTRConfig                           0x0800f637   Thumb Code    34  stm32f10x_tim.o(.text)
    TIM_TimeBaseStructInit                   0x0800f659   Thumb Code    18  stm32f10x_tim.o(.text)
    TIM_OCStructInit                         0x0800f66b   Thumb Code    20  stm32f10x_tim.o(.text)
    TIM_ICStructInit                         0x0800f67f   Thumb Code    16  stm32f10x_tim.o(.text)
    TIM_BDTRStructInit                       0x0800f68f   Thumb Code    18  stm32f10x_tim.o(.text)
    TIM_Cmd                                  0x0800f6a1   Thumb Code    20  stm32f10x_tim.o(.text)
    TIM_CtrlPWMOutputs                       0x0800f6b5   Thumb Code    22  stm32f10x_tim.o(.text)
    TIM_ITConfig                             0x0800f6cb   Thumb Code    16  stm32f10x_tim.o(.text)
    TIM_GenerateEvent                        0x0800f6db   Thumb Code     4  stm32f10x_tim.o(.text)
    TIM_DMAConfig                            0x0800f6df   Thumb Code     8  stm32f10x_tim.o(.text)
    TIM_DMACmd                               0x0800f6e7   Thumb Code    16  stm32f10x_tim.o(.text)
    TIM_InternalClockConfig                  0x0800f6f7   Thumb Code    10  stm32f10x_tim.o(.text)
    TIM_SelectInputTrigger                   0x0800f701   Thumb Code    12  stm32f10x_tim.o(.text)
    TIM_ITRxExternalClockConfig              0x0800f70d   Thumb Code    18  stm32f10x_tim.o(.text)
    TIM_TIxExternalClockConfig               0x0800f71f   Thumb Code    46  stm32f10x_tim.o(.text)
    TIM_ETRConfig                            0x0800f74d   Thumb Code    24  stm32f10x_tim.o(.text)
    TIM_ETRClockMode1Config                  0x0800f765   Thumb Code    18  stm32f10x_tim.o(.text)
    TIM_ETRClockMode2Config                  0x0800f777   Thumb Code    18  stm32f10x_tim.o(.text)
    TIM_PrescalerConfig                      0x0800f789   Thumb Code     6  stm32f10x_tim.o(.text)
    TIM_CounterModeConfig                    0x0800f78f   Thumb Code    12  stm32f10x_tim.o(.text)
    TIM_EncoderInterfaceConfig               0x0800f79b   Thumb Code    50  stm32f10x_tim.o(.text)
    TIM_ForcedOC1Config                      0x0800f7cd   Thumb Code    12  stm32f10x_tim.o(.text)
    TIM_ForcedOC2Config                      0x0800f7d9   Thumb Code    20  stm32f10x_tim.o(.text)
    TIM_ForcedOC3Config                      0x0800f7ed   Thumb Code    12  stm32f10x_tim.o(.text)
    TIM_ForcedOC4Config                      0x0800f7f9   Thumb Code    20  stm32f10x_tim.o(.text)
    TIM_ARRPreloadConfig                     0x0800f80d   Thumb Code    20  stm32f10x_tim.o(.text)
    TIM_SelectCOM                            0x0800f821   Thumb Code    20  stm32f10x_tim.o(.text)
    TIM_SelectCCDMA                          0x0800f835   Thumb Code    20  stm32f10x_tim.o(.text)
    TIM_CCPreloadControl                     0x0800f849   Thumb Code    20  stm32f10x_tim.o(.text)
    TIM_OC1PreloadConfig                     0x0800f85d   Thumb Code    32  stm32f10x_tim.o(.text)
    TIM_OC2PreloadConfig                     0x0800f87d   Thumb Code    20  stm32f10x_tim.o(.text)
    TIM_OC3PreloadConfig                     0x0800f891   Thumb Code    12  stm32f10x_tim.o(.text)
    TIM_OC4PreloadConfig                     0x0800f89d   Thumb Code    20  stm32f10x_tim.o(.text)
    TIM_OC1FastConfig                        0x0800f8b1   Thumb Code    12  stm32f10x_tim.o(.text)
    TIM_OC2FastConfig                        0x0800f8bd   Thumb Code    20  stm32f10x_tim.o(.text)
    TIM_OC3FastConfig                        0x0800f8d1   Thumb Code    12  stm32f10x_tim.o(.text)
    TIM_OC4FastConfig                        0x0800f8dd   Thumb Code    20  stm32f10x_tim.o(.text)
    TIM_ClearOC1Ref                          0x0800f8f1   Thumb Code    12  stm32f10x_tim.o(.text)
    TIM_ClearOC2Ref                          0x0800f8fd   Thumb Code    20  stm32f10x_tim.o(.text)
    TIM_ClearOC3Ref                          0x0800f911   Thumb Code    12  stm32f10x_tim.o(.text)
    TIM_ClearOC4Ref                          0x0800f91d   Thumb Code    20  stm32f10x_tim.o(.text)
    TIM_OC1PolarityConfig                    0x0800f931   Thumb Code    12  stm32f10x_tim.o(.text)
    TIM_OC1NPolarityConfig                   0x0800f93d   Thumb Code    12  stm32f10x_tim.o(.text)
    TIM_OC2PolarityConfig                    0x0800f949   Thumb Code    20  stm32f10x_tim.o(.text)
    TIM_OC2NPolarityConfig                   0x0800f95d   Thumb Code    20  stm32f10x_tim.o(.text)
    TIM_OC3PolarityConfig                    0x0800f971   Thumb Code    20  stm32f10x_tim.o(.text)
    TIM_OC3NPolarityConfig                   0x0800f985   Thumb Code    20  stm32f10x_tim.o(.text)
    TIM_OC4PolarityConfig                    0x0800f999   Thumb Code    20  stm32f10x_tim.o(.text)
    TIM_CCxCmd                               0x0800f9ad   Thumb Code    22  stm32f10x_tim.o(.text)
    TIM_CCxNCmd                              0x0800f9c3   Thumb Code    22  stm32f10x_tim.o(.text)
    TIM_SelectOCxM                           0x0800f9d9   Thumb Code    70  stm32f10x_tim.o(.text)
    TIM_UpdateDisableConfig                  0x0800fa1f   Thumb Code    20  stm32f10x_tim.o(.text)
    TIM_UpdateRequestConfig                  0x0800fa33   Thumb Code    20  stm32f10x_tim.o(.text)
    TIM_SelectHallSensor                     0x0800fa47   Thumb Code    20  stm32f10x_tim.o(.text)
    TIM_SelectOnePulseMode                   0x0800fa5b   Thumb Code    16  stm32f10x_tim.o(.text)
    TIM_SelectOutputTrigger                  0x0800fa6b   Thumb Code    16  stm32f10x_tim.o(.text)
    TIM_SelectSlaveMode                      0x0800fa7b   Thumb Code    16  stm32f10x_tim.o(.text)
    TIM_SelectMasterSlaveMode                0x0800fa8b   Thumb Code    16  stm32f10x_tim.o(.text)
    TIM_SetCounter                           0x0800fa9b   Thumb Code     4  stm32f10x_tim.o(.text)
    TIM_SetAutoreload                        0x0800fa9f   Thumb Code     4  stm32f10x_tim.o(.text)
    TIM_SetCompare1                          0x0800faa3   Thumb Code     4  stm32f10x_tim.o(.text)
    TIM_SetCompare2                          0x0800faa7   Thumb Code     4  stm32f10x_tim.o(.text)
    TIM_SetCompare3                          0x0800faab   Thumb Code     4  stm32f10x_tim.o(.text)
    TIM_SetCompare4                          0x0800faaf   Thumb Code     6  stm32f10x_tim.o(.text)
    TIM_SetClockDivision                     0x0800fab5   Thumb Code    16  stm32f10x_tim.o(.text)
    TIM_GetCapture1                          0x0800fac5   Thumb Code     4  stm32f10x_tim.o(.text)
    TIM_GetCapture2                          0x0800fac9   Thumb Code     4  stm32f10x_tim.o(.text)
    TIM_GetCapture3                          0x0800facd   Thumb Code     4  stm32f10x_tim.o(.text)
    TIM_GetCapture4                          0x0800fad1   Thumb Code     6  stm32f10x_tim.o(.text)
    TIM_GetCounter                           0x0800fad7   Thumb Code     4  stm32f10x_tim.o(.text)
    TIM_GetPrescaler                         0x0800fadb   Thumb Code     4  stm32f10x_tim.o(.text)
    TIM_GetFlagStatus                        0x0800fadf   Thumb Code    14  stm32f10x_tim.o(.text)
    TIM_ClearFlag                            0x0800faed   Thumb Code     6  stm32f10x_tim.o(.text)
    TIM_GetITStatus                          0x0800faf3   Thumb Code    24  stm32f10x_tim.o(.text)
    TIM_ClearITPendingBit                    0x0800fb0b   Thumb Code     6  stm32f10x_tim.o(.text)
    USART_DeInit                             0x0800fb11   Thumb Code    96  stm32f10x_usart.o(.text)
    USART_Init                               0x0800fb71   Thumb Code   166  stm32f10x_usart.o(.text)
    USART_StructInit                         0x0800fc17   Thumb Code    22  stm32f10x_usart.o(.text)
    USART_ClockInit                          0x0800fc2d   Thumb Code    30  stm32f10x_usart.o(.text)
    USART_ClockStructInit                    0x0800fc4b   Thumb Code    12  stm32f10x_usart.o(.text)
    USART_Cmd                                0x0800fc57   Thumb Code    20  stm32f10x_usart.o(.text)
    USART_ITConfig                           0x0800fc6b   Thumb Code    48  stm32f10x_usart.o(.text)
    USART_DMACmd                             0x0800fc9b   Thumb Code    16  stm32f10x_usart.o(.text)
    USART_SetAddress                         0x0800fcab   Thumb Code    16  stm32f10x_usart.o(.text)
    USART_WakeUpConfig                       0x0800fcbb   Thumb Code    16  stm32f10x_usart.o(.text)
    USART_ReceiverWakeUpCmd                  0x0800fccb   Thumb Code    20  stm32f10x_usart.o(.text)
    USART_LINBreakDetectLengthConfig         0x0800fcdf   Thumb Code    16  stm32f10x_usart.o(.text)
    USART_LINCmd                             0x0800fcef   Thumb Code    20  stm32f10x_usart.o(.text)
    USART_SendData                           0x0800fd03   Thumb Code     8  stm32f10x_usart.o(.text)
    USART_ReceiveData                        0x0800fd0b   Thumb Code     8  stm32f10x_usart.o(.text)
    USART_SendBreak                          0x0800fd13   Thumb Code    10  stm32f10x_usart.o(.text)
    USART_SetGuardTime                       0x0800fd1d   Thumb Code    16  stm32f10x_usart.o(.text)
    USART_SetPrescaler                       0x0800fd2d   Thumb Code    16  stm32f10x_usart.o(.text)
    USART_SmartCardCmd                       0x0800fd3d   Thumb Code    20  stm32f10x_usart.o(.text)
    USART_SmartCardNACKCmd                   0x0800fd51   Thumb Code    20  stm32f10x_usart.o(.text)
    USART_HalfDuplexCmd                      0x0800fd65   Thumb Code    20  stm32f10x_usart.o(.text)
    USART_OverSampling8Cmd                   0x0800fd79   Thumb Code    20  stm32f10x_usart.o(.text)
    USART_OneBitMethodCmd                    0x0800fd8d   Thumb Code    20  stm32f10x_usart.o(.text)
    USART_IrDAConfig                         0x0800fda1   Thumb Code    16  stm32f10x_usart.o(.text)
    USART_IrDACmd                            0x0800fdb1   Thumb Code    20  stm32f10x_usart.o(.text)
    USART_GetFlagStatus                      0x0800fdc5   Thumb Code    14  stm32f10x_usart.o(.text)
    USART_ClearFlag                          0x0800fdd3   Thumb Code     6  stm32f10x_usart.o(.text)
    USART_GetITStatus                        0x0800fdd9   Thumb Code    62  stm32f10x_usart.o(.text)
    USART_ClearITPendingBit                  0x0800fe17   Thumb Code    12  stm32f10x_usart.o(.text)
    __aeabi_uldivmod                         0x0800fe39   Thumb Code    98  uldiv.o(.text)
    __aeabi_memcpy                           0x0800fe9b   Thumb Code    36  memcpya.o(.text)
    __aeabi_memcpy4                          0x0800fe9b   Thumb Code     0  memcpya.o(.text)
    __aeabi_memcpy8                          0x0800fe9b   Thumb Code     0  memcpya.o(.text)
    __aeabi_memset                           0x0800febf   Thumb Code    14  memseta.o(.text)
    __aeabi_memset4                          0x0800febf   Thumb Code     0  memseta.o(.text)
    __aeabi_memset8                          0x0800febf   Thumb Code     0  memseta.o(.text)
    __aeabi_memclr                           0x0800fecd   Thumb Code     4  memseta.o(.text)
    __aeabi_memclr4                          0x0800fecd   Thumb Code     0  memseta.o(.text)
    __aeabi_memclr8                          0x0800fecd   Thumb Code     0  memseta.o(.text)
    _memset$wrapper                          0x0800fed1   Thumb Code    18  memseta.o(.text)
    strcat                                   0x0800fee3   Thumb Code    24  strcat.o(.text)
    strncpy                                  0x0800fefb   Thumb Code    24  strncpy.o(.text)
    strlen                                   0x0800ff13   Thumb Code    14  strlen.o(.text)
    strcmp                                   0x0800ff21   Thumb Code    28  strcmp.o(.text)
    strcpy                                   0x0800ff3d   Thumb Code    18  strcpy.o(.text)
    __aeabi_fadd                             0x0800ff4f   Thumb Code   164  fadd.o(.text)
    __aeabi_fsub                             0x0800fff3   Thumb Code     6  fadd.o(.text)
    __aeabi_frsub                            0x0800fff9   Thumb Code     6  fadd.o(.text)
    __aeabi_fmul                             0x0800ffff   Thumb Code   100  fmul.o(.text)
    __aeabi_dadd                             0x08010063   Thumb Code   322  dadd.o(.text)
    __aeabi_dsub                             0x080101a5   Thumb Code     6  dadd.o(.text)
    __aeabi_drsub                            0x080101ab   Thumb Code     6  dadd.o(.text)
    __aeabi_dmul                             0x080101b1   Thumb Code   228  dmul.o(.text)
    __aeabi_i2f                              0x08010295   Thumb Code    18  fflti.o(.text)
    __aeabi_i2d                              0x080102a7   Thumb Code    34  dflti.o(.text)
    __aeabi_ui2d                             0x080102c9   Thumb Code    26  dfltui.o(.text)
    __aeabi_f2uiz                            0x080102e3   Thumb Code    40  ffixui.o(.text)
    __aeabi_d2iz                             0x0801030b   Thumb Code    62  dfixi.o(.text)
    __aeabi_d2uiz                            0x08010349   Thumb Code    50  dfixui.o(.text)
    __aeabi_f2d                              0x0801037b   Thumb Code    38  f2d.o(.text)
    __aeabi_d2f                              0x080103a1   Thumb Code    56  d2f.o(.text)
    __aeabi_uidiv                            0x080103d9   Thumb Code     0  uidiv.o(.text)
    __aeabi_uidivmod                         0x080103d9   Thumb Code    44  uidiv.o(.text)
    __aeabi_llsl                             0x08010405   Thumb Code    30  llshl.o(.text)
    _ll_shift_l                              0x08010405   Thumb Code     0  llshl.o(.text)
    __aeabi_llsr                             0x08010423   Thumb Code    32  llushr.o(.text)
    _ll_ushift_r                             0x08010423   Thumb Code     0  llushr.o(.text)
    __aeabi_lasr                             0x08010443   Thumb Code    36  llsshr.o(.text)
    _ll_sshift_r                             0x08010443   Thumb Code     0  llsshr.o(.text)
    __I$use$fp                               0x08010467   Thumb Code     0  iusefp.o(.text)
    _float_round                             0x08010467   Thumb Code    18  fepilogue.o(.text)
    _float_epilogue                          0x08010479   Thumb Code    92  fepilogue.o(.text)
    _double_round                            0x080104d5   Thumb Code    30  depilogue.o(.text)
    _double_epilogue                         0x080104f3   Thumb Code   156  depilogue.o(.text)
    __aeabi_ddiv                             0x0801058f   Thumb Code   222  ddiv.o(.text)
    __aeabi_d2ulz                            0x0801066d   Thumb Code    48  dfixul.o(.text)
    __aeabi_cdrcmple                         0x0801069d   Thumb Code    48  cdrcmple.o(.text)
    __scatterload                            0x080106cd   Thumb Code    28  init.o(.text)
    __scatterload_rt2                        0x080106cd   Thumb Code     0  init.o(.text)
    __I$use$semihosting$fputc                0x080106f1   Thumb Code     0  iusesemip.o(.text)
    __decompress                             0x080106f1   Thumb Code     0  __dczerorl2.o(.text)
    __decompress1                            0x080106f1   Thumb Code    86  __dczerorl2.o(.text)
    __semihosting_library_function           0x080106f1   Thumb Code     0  semi.o(.text)
    __0printf                                0x08010749   Thumb Code    22  printfa.o(i.__0printf)
    __1printf                                0x08010749   Thumb Code     0  printfa.o(i.__0printf)
    __2printf                                0x08010749   Thumb Code     0  printfa.o(i.__0printf)
    __c89printf                              0x08010749   Thumb Code     0  printfa.o(i.__0printf)
    printf                                   0x08010749   Thumb Code     0  printfa.o(i.__0printf)
    __0sprintf                               0x08010769   Thumb Code    34  printfa.o(i.__0sprintf)
    __1sprintf                               0x08010769   Thumb Code     0  printfa.o(i.__0sprintf)
    __2sprintf                               0x08010769   Thumb Code     0  printfa.o(i.__0sprintf)
    __c89sprintf                             0x08010769   Thumb Code     0  printfa.o(i.__0sprintf)
    sprintf                                  0x08010769   Thumb Code     0  printfa.o(i.__0sprintf)
    __0vsnprintf                             0x08010791   Thumb Code    40  printfa.o(i.__0vsnprintf)
    __1vsnprintf                             0x08010791   Thumb Code     0  printfa.o(i.__0vsnprintf)
    __2vsnprintf                             0x08010791   Thumb Code     0  printfa.o(i.__0vsnprintf)
    __c89vsnprintf                           0x08010791   Thumb Code     0  printfa.o(i.__0vsnprintf)
    vsnprintf                                0x08010791   Thumb Code     0  printfa.o(i.__0vsnprintf)
    __scatterload_copy                       0x080107bd   Thumb Code    14  handlers.o(i.__scatterload_copy)
    __scatterload_null                       0x080107cb   Thumb Code     2  handlers.o(i.__scatterload_null)
    __scatterload_zeroinit                   0x080107cd   Thumb Code    14  handlers.o(i.__scatterload_zeroinit)
    fputc                                    0x080110af   Thumb Code    18  fputc.o(i.fputc)
    os_messageQ_def_usart2SendMessageQ       0x080110d0   Data           8  main.o(.constdata)
    os_messageQ_def_oledShowMessageQ         0x080110d8   Data           8  main.o(.constdata)
    os_thread_def_APP_TASKCREATE1            0x080110e0   Data          20  main.o(.constdata)
    os_thread_def_OLED_TASK1                 0x080110f4   Data          20  main.o(.constdata)
    os_thread_def_KEY_TASK1                  0x08011108   Data          20  main.o(.constdata)
    os_thread_def_CAM_TASK1                  0x0801111c   Data          20  main.o(.constdata)
    os_thread_def_RGB_TASK1                  0x08011130   Data          20  main.o(.constdata)
    os_thread_def_RUNINIT_TASK1              0x08011144   Data          20  main.o(.constdata)
    os_thread_def_U2RECE_TASK1               0x08011158   Data          20  main.o(.constdata)
    os_thread_def_TRIGGER_TASK1              0x0801116c   Data          20  main.o(.constdata)
    os_thread_def_U2SEND_TASK1               0x08011180   Data          20  main.o(.constdata)
    os_thread_def_FAN_TASK1                  0x08011194   Data          20  main.o(.constdata)
    os_thread_def_n_psdkRecTask              0x080111a8   Data          20  main.o(.constdata)
    os_thread_def_n_psdkTestTask             0x080111bc   Data          20  main.o(.constdata)
    g_TestWidgetCount                        0x08011440   Data           1  test_app_func.o(.constdata)
    g_PushDataMsgCallbackList                0x08011478   Data          36  test_msg_push.o(.constdata)
    g_testCameraHandler                      0x080114dc   Data         144  test_payload_cam_emu.o(.constdata)
    g_testGimbalHandler                      0x080116e8   Data          20  test_payload_gimbal_emu.o(.constdata)
    F8X16                                    0x0801175b   Data        1520  cocoguojia_oled.o(.constdata)
    Region$$Table$$Base                      0x0803df18   Number         0  anon$$obj.o(Region$$Table)
    Region$$Table$$Limit                     0x0803df38   Number         0  anon$$obj.o(Region$$Table)
    g_ds18b20ToShow                          0x20000000   Data           2  application.o(.data)
    bukepaizhaoTable                         0x20000002   Data          19  application.o(.data)
    APP_TASKCREATE_Handle                    0x20000018   Data           4  main.o(.data)
    OLED_TASK_Handle                         0x2000001c   Data           4  main.o(.data)
    KEY_TASK_Handle                          0x20000020   Data           4  main.o(.data)
    CAM_TASK_Handle                          0x20000024   Data           4  main.o(.data)
    RGB_TASK_Handle                          0x20000028   Data           4  main.o(.data)
    RUNINIT_TASK_Handle                      0x2000002c   Data           4  main.o(.data)
    U2RECE_TASK_Handle                       0x20000030   Data           4  main.o(.data)
    TRIGGER_TASK_Handle                      0x20000034   Data           4  main.o(.data)
    U2SEND_TASK_Handle                       0x20000038   Data           4  main.o(.data)
    FAN_TASK_Handle                          0x2000003c   Data           4  main.o(.data)
    processRecDataTaskHandle                 0x20000040   Data           4  main.o(.data)
    psdkTestTaskHandle                       0x20000044   Data           4  main.o(.data)
    Key_EventGroup                           0x20000048   Data           4  main.o(.data)
    usart2SendMessageQHandle                 0x2000004c   Data           4  main.o(.data)
    oledShowMessageQHandle                   0x20000050   Data           4  main.o(.data)
    g_TestWidgetList                         0x20000078   Data           4  test_app_func.o(.data)
    appDateTime_ppflag                       0x2000007c   Data           1  test_msg_push.o(.data)
    g_gpsTableFlag                           0x2000007d   Data           1  test_msg_push.o(.data)
    gpsInfo_lonlatU8Temp                     0x2000007e   Data           1  test_msg_push.o(.data)
    gpsInfo_lonlatU32Temp                    0x20000080   Data           4  test_msg_push.o(.data)
    gpsInfo_lonlatUfTemp1                    0x20000084   Data           4  test_msg_push.o(.data)
    gpsInfo_StateNumTable                    0x20000088   Data           5  test_msg_push.o(.data)
    appDateTime_tiemTable1                   0x2000008d   Data           6  test_msg_push.o(.data)
    appDateTime_tiemTable2                   0x20000093   Data           6  test_msg_push.o(.data)
    gpsInfo_tiemTable                        0x20000099   Data           6  test_msg_push.o(.data)
    gpsInfo_heightTable                      0x2000009f   Data           8  test_msg_push.o(.data)
    g_jingdupinxian                          0x200000a7   Data          10  test_msg_push.o(.data)
    g_shutPhotoFlag                          0x20000110   Data           1  rgb_task.o(.data)
    triggeStartDelayN                        0x20000112   Data           2  rgb_task.o(.data)
    g_openCamStateFlag                       0x20000114   Data           1  trigger_task.o(.data)
    g_ds18b20Temp                            0x20000116   Data           2  trigger_task.o(.data)
    g_oledStateFlag                          0x20000118   Data           4  u2rece_task.o(.data)
    g_tim5CatchNum                           0x2000011c   Data           2  u2rece_task.o(.data)
    g_capture_FinishAndStartPhotoFlag        0x2000011e   Data           1  u2rece_task.o(.data)
    g_camPowerFlagTable                      0x2000011f   Data           6  u2rece_task.o(.data)
    g_camLoseFlagTable                       0x20000125   Data           6  u2rece_task.o(.data)
    g_theTurelostNumTable                    0x2000012b   Data           6  u2rece_task.o(.data)
    g_camRtkFlagTable                        0x20000131   Data           6  u2rece_task.o(.data)
    g_readingFlag                            0x20000137   Data           1  u2rece_task.o(.data)
    g_setModelFlag                           0x20000138   Data           1  u2rece_task.o(.data)
    g_signalOrAutoModelFlag                  0x20000139   Data           1  u2rece_task.o(.data)
    g_currentRowNum                          0x2000013a   Data           1  u2rece_task.o(.data)
    g_camTaskCanTakeOverFlag                 0x2000013b   Data           1  u2rece_task.o(.data)
    g_offOrOnTureStateFlag                   0x2000013c   Data           4  u2rece_task.o(.data)
    g_temperatureDelayLastFlag               0x20000140   Data           1  u2rece_task.o(.data)
    g_fanDs18b20Flag                         0x20000141   Data           1  fan_task.o(.data)
    g_fanTurePhotoEnFlag                     0x20000142   Data           1  fan_task.o(.data)
    readbuf                                  0x20000143   Data           8  cocoguojia_24c02.o(.data)
    Hzk                                      0x20000150   Data         448  cocoguojia_oled.o(.data)
    BMP3                                     0x20000310   Data         128  cocoguojia_oled.o(.data)
    Hzk2                                     0x20000390   Data        2176  cocoguojia_oled.o(.data)
    g_registeredWorkspaceN                   0x20000c10   Data           1  cocoguojia_sdcard.o(.data)
    myResetFlash                             0x20000c11   Data           1  cocoguojia_sdcard.o(.data)
    len                                      0x20000c12   Data           1  cocoguojia_sdcard.o(.data)
    g_sdWriteForGpsRtkNum                    0x20000c14   Data           2  cocoguojia_sdcard.o(.data)
    myFileNum                                0x20000c18   Data           4  cocoguojia_sdcard.o(.data)
    g_cocoguojia_sdcard_txtname20            0x20000c1c   Data          20  cocoguojia_sdcard.o(.data)
    g_cocoguojia_sdcard_myWriteBuffer200     0x20000c30   Data         200  cocoguojia_sdcard.o(.data)
    TransferError                            0x20000cf8   Data           1  cocoguojia_sdio.o(.data)
    g_sdioFac_ms                             0x20000cfa   Data           2  cocoguojia_sdio.o(.data)
    StopCondition                            0x20000d04   Data           4  cocoguojia_sdio.o(.data)
    TransferEnd                              0x20000d08   Data           4  cocoguojia_sdio.o(.data)
    pxCurrentTCB                             0x20001144   Data           4  tasks.o(.data)
    SystemCoreClock                          0x200011a4   Data           4  system_stm32f10x.o(.data)
    AHBPrescTable                            0x200011a8   Data          16  system_stm32f10x.o(.data)
    __stdout                                 0x200011cc   Data           4  stdout.o(.data)
    xinhaoTable                              0x200011d0   Data          10  application.o(.bss)
    appDateTime_dataTable1                   0x20002084   Data          11  test_msg_push.o(.bss)
    appDateTime_dataTable2                   0x2000208f   Data          11  test_msg_push.o(.bss)
    g_gps001Table                            0x2000209a   Data         200  test_msg_push.o(.bss)
    g_gps002Table                            0x20002162   Data         200  test_msg_push.o(.bss)
    g_gps003Table                            0x2000222a   Data         200  test_msg_push.o(.bss)
    gpsInfo_longitudeTable                   0x200022f2   Data          15  test_msg_push.o(.bss)
    gpsInfo_latitudeTable                    0x20002301   Data          15  test_msg_push.o(.bss)
    gpsInfo_dataTable                        0x20002310   Data          11  test_msg_push.o(.bss)
    g_photoPicNum                            0x2000231c   Data          12  u2rece_task.o(.bss)
    gpsRtkTempTableTemp                      0x20002328   Data         200  cocoguojia_sdcard.o(.bss)
    myFatFs                                  0x200023f0   Data        4152  cocoguojia_sdcard.o(.bss)
    myFile                                   0x20003428   Data        4136  cocoguojia_sdcard.o(.bss)
    SDCardInfo                               0x20004480   Data          88  cocoguojia_sdio.o(.bss)
    SDIO_InitStructure                       0x200044d8   Data          24  cocoguojia_sdio.o(.bss)
    SDIO_CmdInitStructure                    0x200044f0   Data          20  cocoguojia_sdio.o(.bss)
    SDIO_DataInitStructure                   0x20004504   Data          24  cocoguojia_sdio.o(.bss)
    xQueueRegistry                           0x200052e4   Data          80  queue.o(.bss)
    __initial_sp                             0x2000f8d8   Data           0  startup_stm32f10x_hd.o(STACK)



==============================================================================

Memory Map of the image

  Image Entry point : 0x08000131

  Load Region LR_IROM1 (Base: 0x08000000, Size: 0x0003f108, Max: 0x00080000, ABSOLUTE, COMPRESSED[0x0003e890])

    Execution Region ER_IROM1 (Base: 0x08000000, Size: 0x0003df38, Max: 0x00080000, ABSOLUTE)

    Base Addr    Size         Type   Attr      Idx    E Section Name        Object

    0x08000000   0x00000130   Data   RO            3    RESET               startup_stm32f10x_hd.o
    0x08000130   0x00000000   Code   RO         1731  * .ARM.Collect$$$$00000000  mc_w.l(entry.o)
    0x08000130   0x00000004   Code   RO         2037    .ARM.Collect$$$$00000001  mc_w.l(entry2.o)
    0x08000134   0x00000004   Code   RO         2040    .ARM.Collect$$$$00000004  mc_w.l(entry5.o)
    0x08000138   0x00000000   Code   RO         2042    .ARM.Collect$$$$00000008  mc_w.l(entry7b.o)
    0x08000138   0x00000000   Code   RO         2044    .ARM.Collect$$$$0000000A  mc_w.l(entry8b.o)
    0x08000138   0x00000008   Code   RO         2045    .ARM.Collect$$$$0000000B  mc_w.l(entry9a.o)
    0x08000140   0x00000000   Code   RO         2047    .ARM.Collect$$$$0000000D  mc_w.l(entry10a.o)
    0x08000140   0x00000000   Code   RO         2049    .ARM.Collect$$$$0000000F  mc_w.l(entry11a.o)
    0x08000140   0x00000004   Code   RO         2038    .ARM.Collect$$$$00002712  mc_w.l(entry2.o)
    0x08000144   0x00000096   Code   RO         1489    .emb_text           port.o
    0x080001da   0x00000002   PAD
    0x080001dc   0x00000024   Code   RO            4    .text               startup_stm32f10x_hd.o
    0x08000200   0x0000031c   Code   RO           10    .text               application.o
    0x0800051c   0x0000026c   Code   RO          330    .text               main.o
    0x08000788   0x00000020   Code   RO          593    .text               stm32f10x_it.o
    0x080007a8   0x000003b0   Code   RO          618    .text               test_app_func.o
    0x08000b58   0x00000be0   Code   RO          658    .text               test_msg_push.o
    0x08001738   0x0000068c   Code   RO          675    .text               test_payload_cam_emu.o
    0x08001dc4   0x0000025c   Code   RO          711    .text               test_payload_gimbal_emu.o
    0x08002020   0x00000002   Code   RO          731    .text               sys.o
    0x08002022   0x00000002   PAD
    0x08002024   0x0000011c   Code   RO          743    .text               bsp.o
    0x08002140   0x0000046e   Code   RO          762    .text               cam_task.o
    0x080025ae   0x00000002   PAD
    0x080025b0   0x000000e0   Code   RO          774    .text               key_task.o
    0x08002690   0x0000011c   Code   RO          786    .text               oled_task.o
    0x080027ac   0x00000148   Code   RO          798    .text               rgb_task.o
    0x080028f4   0x00000430   Code   RO          816    .text               runinit_task.o
    0x08002d24   0x000002a0   Code   RO          831    .text               trigger_task.o
    0x08002fc4   0x000000f8   Code   RO          853    .text               u2rece_task.o
    0x080030bc   0x00000194   Code   RO          891    .text               u2send_task.o
    0x08003250   0x000000bc   Code   RO          904    .text               fan_task.o
    0x0800330c   0x00000310   Code   RO          922    .text               cocoguojia_24c02.o
    0x0800361c   0x000003b8   Code   RO          938    .text               cocoguojia_ds18b20.o
    0x080039d4   0x00000068   Code   RO          950    .text               cocoguojia_init_1.o
    0x08003a3c   0x00001004   Code   RO          962    .text               cocoguojia_oled.o
    0x08004a40   0x00000048   Code   RO          990    .text               cocoguojia_rgbled_1.o
    0x08004a88   0x0000027c   Code   RO         1002    .text               cocoguojia_sdcard.o
    0x08004d04   0x00001266   Code   RO         1028    .text               cocoguojia_sdio.o
    0x08005f6a   0x00000002   PAD
    0x08005f6c   0x000000c8   Code   RO         1048    .text               cocoguojia_tim1pwm.o
    0x08006034   0x00000584   Code   RO         1060    .text               cocoguojia_usart.o
    0x080065b8   0x000000c4   Code   RO         1085    .text               cocoguojia_usart_ringbuffer.o
    0x0800667c   0x00002654   Code   RO         1100    .text               ff.o
    0x08008cd0   0x00000150   Code   RO         1128    .text               diskio.o
    0x08008e20   0x0000009c   Code   RO         1148    .text               cc936.o
    0x08008ebc   0x000002e4   Code   RO         1162    .text               psdk_upper.o
    0x080091a0   0x000003c8   Code   RO         1178    .text               psdk_app_func.o
    0x08009568   0x000000e0   Code   RO         1194    .text               psdk_msg_subcribe.o
    0x08009648   0x00000590   Code   RO         1209    .text               psdk_payload_camera.o
    0x08009bd8   0x00000124   Code   RO         1225    .text               psdk_payload_gimbal.o
    0x08009cfc   0x00000ddc   Code   RO         1241    .text               psdk_aes.o
    0x0800aad8   0x000000d4   Code   RO         1255    .text               psdk_crc.o
    0x0800abac   0x00000950   Code   RO         1270    .text               psdk_md5.o
    0x0800b4fc   0x00000524   Code   RO         1294    .text               psdk_proto.o
    0x0800ba20   0x00000048   Code   RO         1308    .text               psdk_debug.o
    0x0800ba68   0x000000b4   Code   RO         1321    .text               psdk_proto_parse.o
    0x0800bb1c   0x0000004e   Code   RO         1333    .text               psdk_arch_sys.o
    0x0800bb6a   0x00000002   PAD
    0x0800bb6c   0x0000082c   Code   RO         1345    .text               cmsis_os.o
    0x0800c398   0x00000324   Code   RO         1389    .text               event_groups.o
    0x0800c6bc   0x00000088   Code   RO         1408    .text               list.o
    0x0800c744   0x00000994   Code   RO         1420    .text               queue.o
    0x0800d0d8   0x000010a8   Code   RO         1436    .text               tasks.o
    0x0800e180   0x00000214   Code   RO         1474    .text               heap_4.o
    0x0800e394   0x000001f4   Code   RO         1490    .text               port.o
    0x0800e588   0x00000158   Code   RO         1520    .text               system_stm32f10x.o
    0x0800e6e0   0x000000b0   Code   RO         1585    .text               misc.o
    0x0800e790   0x000001c8   Code   RO         1613    .text               stm32f10x_dma.o
    0x0800e958   0x00000264   Code   RO         1668    .text               stm32f10x_gpio.o
    0x0800ebbc   0x000002b8   Code   RO         1680    .text               stm32f10x_rcc.o
    0x0800ee74   0x000001ac   Code   RO         1694    .text               stm32f10x_sdio.o
    0x0800f020   0x00000af0   Code   RO         1706    .text               stm32f10x_tim.o
    0x0800fb10   0x00000328   Code   RO         1719    .text               stm32f10x_usart.o
    0x0800fe38   0x00000062   Code   RO         1734    .text               mc_w.l(uldiv.o)
    0x0800fe9a   0x00000024   Code   RO         1736    .text               mc_w.l(memcpya.o)
    0x0800febe   0x00000024   Code   RO         1738    .text               mc_w.l(memseta.o)
    0x0800fee2   0x00000018   Code   RO         1740    .text               mc_w.l(strcat.o)
    0x0800fefa   0x00000018   Code   RO         1742    .text               mc_w.l(strncpy.o)
    0x0800ff12   0x0000000e   Code   RO         1744    .text               mc_w.l(strlen.o)
    0x0800ff20   0x0000001c   Code   RO         1746    .text               mc_w.l(strcmp.o)
    0x0800ff3c   0x00000012   Code   RO         1748    .text               mc_w.l(strcpy.o)
    0x0800ff4e   0x000000b0   Code   RO         2013    .text               mf_w.l(fadd.o)
    0x0800fffe   0x00000064   Code   RO         2015    .text               mf_w.l(fmul.o)
    0x08010062   0x0000014e   Code   RO         2017    .text               mf_w.l(dadd.o)
    0x080101b0   0x000000e4   Code   RO         2019    .text               mf_w.l(dmul.o)
    0x08010294   0x00000012   Code   RO         2021    .text               mf_w.l(fflti.o)
    0x080102a6   0x00000022   Code   RO         2023    .text               mf_w.l(dflti.o)
    0x080102c8   0x0000001a   Code   RO         2025    .text               mf_w.l(dfltui.o)
    0x080102e2   0x00000028   Code   RO         2027    .text               mf_w.l(ffixui.o)
    0x0801030a   0x0000003e   Code   RO         2029    .text               mf_w.l(dfixi.o)
    0x08010348   0x00000032   Code   RO         2031    .text               mf_w.l(dfixui.o)
    0x0801037a   0x00000026   Code   RO         2033    .text               mf_w.l(f2d.o)
    0x080103a0   0x00000038   Code   RO         2035    .text               mf_w.l(d2f.o)
    0x080103d8   0x0000002c   Code   RO         2054    .text               mc_w.l(uidiv.o)
    0x08010404   0x0000001e   Code   RO         2056    .text               mc_w.l(llshl.o)
    0x08010422   0x00000020   Code   RO         2058    .text               mc_w.l(llushr.o)
    0x08010442   0x00000024   Code   RO         2060    .text               mc_w.l(llsshr.o)
    0x08010466   0x00000000   Code   RO         2062    .text               mc_w.l(iusefp.o)
    0x08010466   0x0000006e   Code   RO         2063    .text               mf_w.l(fepilogue.o)
    0x080104d4   0x000000ba   Code   RO         2065    .text               mf_w.l(depilogue.o)
    0x0801058e   0x000000de   Code   RO         2067    .text               mf_w.l(ddiv.o)
    0x0801066c   0x00000030   Code   RO         2069    .text               mf_w.l(dfixul.o)
    0x0801069c   0x00000030   Code   RO         2071    .text               mf_w.l(cdrcmple.o)
    0x080106cc   0x00000024   Code   RO         2073    .text               mc_w.l(init.o)
    0x080106f0   0x00000000   Code   RO         2075    .text               mc_w.l(semi.o)
    0x080106f0   0x00000000   Code   RO         2076    .text               mc_w.l(iusesemip.o)
    0x080106f0   0x00000056   Code   RO         2085    .text               mc_w.l(__dczerorl2.o)
    0x08010746   0x00000002   PAD
    0x08010748   0x00000020   Code   RO         1985    i.__0printf         mc_w.l(printfa.o)
    0x08010768   0x00000028   Code   RO         1987    i.__0sprintf        mc_w.l(printfa.o)
    0x08010790   0x0000002c   Code   RO         1990    i.__0vsnprintf      mc_w.l(printfa.o)
    0x080107bc   0x0000000e   Code   RO         2079    i.__scatterload_copy  mc_w.l(handlers.o)
    0x080107ca   0x00000002   Code   RO         2080    i.__scatterload_null  mc_w.l(handlers.o)
    0x080107cc   0x0000000e   Code   RO         2081    i.__scatterload_zeroinit  mc_w.l(handlers.o)
    0x080107da   0x00000002   PAD
    0x080107dc   0x00000184   Code   RO         1992    i._fp_digits        mc_w.l(printfa.o)
    0x08010960   0x000006dc   Code   RO         1993    i._printf_core      mc_w.l(printfa.o)
    0x0801103c   0x00000024   Code   RO         1994    i._printf_post_padding  mc_w.l(printfa.o)
    0x08011060   0x0000002e   Code   RO         1995    i._printf_pre_padding  mc_w.l(printfa.o)
    0x0801108e   0x00000016   Code   RO         1996    i._snputc           mc_w.l(printfa.o)
    0x080110a4   0x0000000a   Code   RO         1997    i._sputc            mc_w.l(printfa.o)
    0x080110ae   0x00000012   Code   RO         2051    i.fputc             mc_w.l(fputc.o)
    0x080110c0   0x0000000f   Data   RO           12    .constdata          application.o
    0x080110cf   0x00000001   PAD
    0x080110d0   0x00000100   Data   RO          331    .constdata          main.o
    0x080111d0   0x00000270   Data   RO          620    .constdata          test_app_func.o
    0x08011440   0x00000001   Data   RO          621    .constdata          test_app_func.o
    0x08011441   0x00000036   Data   RO          622    .constdata          test_app_func.o
    0x08011477   0x00000001   PAD
    0x08011478   0x00000024   Data   RO          660    .constdata          test_msg_push.o
    0x0801149c   0x00000040   Data   RO          661    .constdata          test_msg_push.o
    0x080114dc   0x00000090   Data   RO          676    .constdata          test_payload_cam_emu.o
    0x0801156c   0x0000017a   Data   RO          677    .constdata          test_payload_cam_emu.o
    0x080116e6   0x00000002   PAD
    0x080116e8   0x00000014   Data   RO          712    .constdata          test_payload_gimbal_emu.o
    0x080116fc   0x0000005f   Data   RO          713    .constdata          test_payload_gimbal_emu.o
    0x0801175b   0x000005f0   Data   RO          964    .constdata          cocoguojia_oled.o
    0x08011d4b   0x00000001   PAD
    0x08011d4c   0x00000068   Data   RO         1101    .constdata          ff.o
    0x08011db4   0x0002b0c0   Data   RO         1149    .constdata          cc936.o
    0x0803ce74   0x00000030   Data   RO         1164    .constdata          psdk_upper.o
    0x0803cea4   0x00000069   Data   RO         1179    .constdata          psdk_app_func.o
    0x0803cf0d   0x00000003   PAD
    0x0803cf10   0x00000048   Data   RO         1196    .constdata          psdk_msg_subcribe.o
    0x0803cf58   0x00000108   Data   RO         1211    .constdata          psdk_payload_camera.o
    0x0803d060   0x00000030   Data   RO         1227    .constdata          psdk_payload_gimbal.o
    0x0803d090   0x0000083c   Data   RO         1242    .constdata          psdk_aes.o
    0x0803d8cc   0x00000300   Data   RO         1256    .constdata          psdk_crc.o
    0x0803dbcc   0x0000002f   Data   RO         1295    .constdata          psdk_proto.o
    0x0803dbfb   0x00000017   Data   RO         1309    .constdata          psdk_debug.o
    0x0803dc12   0x00000002   PAD
    0x0803dc14   0x00000096   Data   RO           13    .conststring        application.o
    0x0803dcaa   0x00000002   PAD
    0x0803dcac   0x000000ab   Data   RO          332    .conststring        main.o
    0x0803dd57   0x00000001   PAD
    0x0803dd58   0x000000da   Data   RO          623    .conststring        test_app_func.o
    0x0803de32   0x00000002   PAD
    0x0803de34   0x00000095   Data   RO         1180    .conststring        psdk_app_func.o
    0x0803dec9   0x00000003   PAD
    0x0803decc   0x0000004b   Data   RO         1296    .conststring        psdk_proto.o
    0x0803df17   0x00000001   PAD
    0x0803df18   0x00000020   Data   RO         2077    Region$$Table       anon$$obj.o


    Execution Region RW_IRAM1 (Base: 0x20000000, Size: 0x0000f8d8, Max: 0x00010000, ABSOLUTE, COMPRESSED[0x00000958])

    Base Addr    Size         Type   Attr      Idx    E Section Name        Object

    0x20000000   0x00000015   Data   RW           15    .data               application.o
    0x20000015   0x00000003   PAD
    0x20000018   0x0000003c   Data   RW          333    .data               main.o
    0x20000054   0x00000028   Data   RW          624    .data               test_app_func.o
    0x2000007c   0x00000035   Data   RW          662    .data               test_msg_push.o
    0x200000b1   0x00000003   PAD
    0x200000b4   0x0000004c   Data   RW          678    .data               test_payload_cam_emu.o
    0x20000100   0x00000010   Data   RW          714    .data               test_payload_gimbal_emu.o
    0x20000110   0x00000004   Data   RW          799    .data               rgb_task.o
    0x20000114   0x00000004   Data   RW          832    .data               trigger_task.o
    0x20000118   0x00000004   Data   RW          857    .data               u2rece_task.o
    0x2000011c   0x00000002   Data   RW          860    .data               u2rece_task.o
    0x2000011e   0x00000001   Data   RW          861    .data               u2rece_task.o
    0x2000011f   0x00000012   Data   RW          862    .data               u2rece_task.o
    0x20000131   0x00000006   Data   RW          863    .data               u2rece_task.o
    0x20000137   0x00000001   Data   RW          864    .data               u2rece_task.o
    0x20000138   0x00000001   Data   RW          866    .data               u2rece_task.o
    0x20000139   0x00000001   Data   RW          867    .data               u2rece_task.o
    0x2000013a   0x00000001   Data   RW          870    .data               u2rece_task.o
    0x2000013b   0x00000001   Data   RW          871    .data               u2rece_task.o
    0x2000013c   0x00000004   Data   RW          872    .data               u2rece_task.o
    0x20000140   0x00000001   Data   RW          873    .data               u2rece_task.o
    0x20000141   0x00000002   Data   RW          905    .data               fan_task.o
    0x20000143   0x00000008   Data   RW          923    .data               cocoguojia_24c02.o
    0x2000014b   0x00000ac5   Data   RW          965    .data               cocoguojia_oled.o
    0x20000c10   0x000000e8   Data   RW         1004    .data               cocoguojia_sdcard.o
    0x20000cf8   0x00000014   Data   RW         1030    .data               cocoguojia_sdio.o
    0x20000d0c   0x00000010   Data   RW         1062    .data               cocoguojia_usart.o
    0x20000d1c   0x0000000c   Data   RW         1102    .data               ff.o
    0x20000d28   0x00000004   Data   RW         1165    .data               psdk_upper.o
    0x20000d2c   0x00000014   Data   RW         1181    .data               psdk_app_func.o
    0x20000d40   0x00000001   Data   RW         1212    .data               psdk_payload_camera.o
    0x20000d41   0x00000001   Data   RW         1228    .data               psdk_payload_gimbal.o
    0x20000d42   0x00000002   PAD
    0x20000d44   0x00000400   Data   RW         1257    .data               psdk_crc.o
    0x20001144   0x0000003c   Data   RW         1438    .data               tasks.o
    0x20001180   0x00000018   Data   RW         1476    .data               heap_4.o
    0x20001198   0x0000000c   Data   RW         1491    .data               port.o
    0x200011a4   0x00000014   Data   RW         1521    .data               system_stm32f10x.o
    0x200011b8   0x00000014   Data   RW         1681    .data               stm32f10x_rcc.o
    0x200011cc   0x00000004   Data   RW         2053    .data               mc_w.l(stdout.o)
    0x200011d0   0x00000ab4   Zero   RW           11    .bss                application.o
    0x20001c84   0x00000400   Zero   RW          619    .bss                test_app_func.o
    0x20002084   0x00000297   Zero   RW          659    .bss                test_msg_push.o
    0x2000231b   0x00000001   PAD
    0x2000231c   0x0000000c   Zero   RW          854    .bss                u2rece_task.o
    0x20002328   0x00002128   Zero   RW         1003    .bss                cocoguojia_sdcard.o
    0x20004450   0x000000cc   Zero   RW         1029    .bss                cocoguojia_sdio.o
    0x2000451c   0x00000c48   Zero   RW         1061    .bss                cocoguojia_usart.o
    0x20005164   0x000000b5   Zero   RW         1163    .bss                psdk_upper.o
    0x20005219   0x00000003   PAD
    0x2000521c   0x00000024   Zero   RW         1195    .bss                psdk_msg_subcribe.o
    0x20005240   0x00000090   Zero   RW         1210    .bss                psdk_payload_camera.o
    0x200052d0   0x00000014   Zero   RW         1226    .bss                psdk_payload_gimbal.o
    0x200052e4   0x00000050   Zero   RW         1421    .bss                queue.o
    0x20005334   0x000001a4   Zero   RW         1437    .bss                tasks.o
    0x200054d8   0x0000a000   Zero   RW         1475    .bss                heap_4.o
    0x2000f4d8   0x00000400   Zero   RW            1    STACK               startup_stm32f10x_hd.o


==============================================================================

Image component sizes


      Code (inc. data)   RO Data    RW Data    ZI Data      Debug   Object Name

       796        216        165         21       2740     242676   application.o
       284         22          0          0          0       4507   bsp.o
      1134         28          0          0          0       1983   cam_task.o
       156         18     176320          0          0       2245   cc936.o
      2092         16          0          0          0      30503   cmsis_os.o
       784         14          0          8          0       5196   cocoguojia_24c02.o
       952         12          0          0          0       3851   cocoguojia_ds18b20.o
       104         18          0          0          0       1448   cocoguojia_init_1.o
      4100        452       1520       2757          0      11702   cocoguojia_oled.o
        72         10          0          0          0        696   cocoguojia_rgbled_1.o
       636         34          0        232       8488       6654   cocoguojia_sdcard.o
      4710         96          0         20        204      24615   cocoguojia_sdio.o
       200          8          0          0          0       1159   cocoguojia_tim1pwm.o
      1412         64          0         16       3144       9940   cocoguojia_usart.o
       196          0          0          0          0       2977   cocoguojia_usart_ringbuffer.o
       336          8          0          0          0       4327   diskio.o
       804         56          0          0          0       6032   event_groups.o
       188         30          0          2          0       1255   fan_task.o
      9812        118        104         12          0      40738   ff.o
       532         66          0         24      40960       3844   heap_4.o
       224         12          0          0          0        891   key_task.o
       136          0          0          0          0       2118   list.o
       620        318        427         60          0     327717   main.o
       176         14          0          0          0       2149   misc.o
       284         10          0          0          0       1040   oled_task.o
       650         90          0         12          0       8361   port.o
      3548         56       2108          0          0       6947   psdk_aes.o
       968         18        254         20          0       7181   psdk_app_func.o
        78          0          0          0          0       1850   psdk_arch_sys.o
       212         50        768       1024          0       2539   psdk_crc.o
        72         58         23          0          0       1253   psdk_debug.o
      2384        262          0          0          0       5486   psdk_md5.o
       224         10         72          0         36       4612   psdk_msg_subcribe.o
      1424         18        264          1        144      12670   psdk_payload_camera.o
       292         12         48          1         20       4106   psdk_payload_gimbal.o
      1316        254        122          0          0       6470   psdk_proto.o
       180          0          0          0          0       2203   psdk_proto_parse.o
       740         12         48          4        181       6338   psdk_upper.o
      2452         58          0          0         80      15314   queue.o
       328         44          0          4          0       1411   rgb_task.o
      1072         52          0          0          0       2563   runinit_task.o
        36          8        304          0       1024        948   startup_stm32f10x_hd.o
       456         10          0          0          0       4902   stm32f10x_dma.o
       612         36          0          0          0       6273   stm32f10x_gpio.o
        32          0          0          0          0       1275   stm32f10x_it.o
       696         32          0         20          0       9364   stm32f10x_rcc.o
       428         18          0          0          0       7460   stm32f10x_sdio.o
      2800         84          0          0          0      24214   stm32f10x_tim.o
       808         22          0          0          0       9136   stm32f10x_usart.o
         2          0          0          0          0        539   sys.o
       344         34          0         20          0     270683   system_stm32f10x.o
      4264        176          0         60        420      30751   tasks.o
       944        468        897         40       1024       3453   test_app_func.o
      3040        546        100         53        663       5636   test_msg_push.o
      1676        540        522         76          0      11315   test_payload_cam_emu.o
       604        152        115         16          0       3516   test_payload_gimbal_emu.o
       672         60          0          4          0       1962   trigger_task.o
       248         18          0         41         12       3206   u2rece_task.o
       404         90          0          0          0       1711   u2send_task.o

    ----------------------------------------------------------------------
     64756       4928     184232       4556      59144    1225911   Object Totals
         0          0         32          0          0          0   (incl. Generated)
        10          0         19          8          4          0   (incl. Padding)

    ----------------------------------------------------------------------

      Code (inc. data)   RO Data    RW Data    ZI Data      Debug   Library Member Name

        86          0          0          0          0          0   __dczerorl2.o
         0          0          0          0          0          0   entry.o
         0          0          0          0          0          0   entry10a.o
         0          0          0          0          0          0   entry11a.o
         8          4          0          0          0          0   entry2.o
         4          0          0          0          0          0   entry5.o
         0          0          0          0          0          0   entry7b.o
         0          0          0          0          0          0   entry8b.o
         8          4          0          0          0          0   entry9a.o
        18          0          0          0          0         80   fputc.o
        30          0          0          0          0          0   handlers.o
        36          8          0          0          0         68   init.o
         0          0          0          0          0          0   iusefp.o
         0          0          0          0          0          0   iusesemip.o
        30          0          0          0          0         68   llshl.o
        36          0          0          0          0         68   llsshr.o
        32          0          0          0          0         68   llushr.o
        36          0          0          0          0         68   memcpya.o
        36          0          0          0          0        108   memseta.o
      2374        100          0          0          0        752   printfa.o
         0          0          0          0          0          0   semi.o
         0          0          0          4          0          0   stdout.o
        24          0          0          0          0         68   strcat.o
        28          0          0          0          0         76   strcmp.o
        18          0          0          0          0         68   strcpy.o
        14          0          0          0          0         68   strlen.o
        24          0          0          0          0         76   strncpy.o
        44          0          0          0          0         80   uidiv.o
        98          0          0          0          0         92   uldiv.o
        48          0          0          0          0         68   cdrcmple.o
        56          0          0          0          0         88   d2f.o
       334          0          0          0          0        148   dadd.o
       222          0          0          0          0        100   ddiv.o
       186          0          0          0          0        176   depilogue.o
        62          0          0          0          0         80   dfixi.o
        50          0          0          0          0         76   dfixui.o
        48          0          0          0          0         68   dfixul.o
        34          0          0          0          0         76   dflti.o
        26          0          0          0          0         76   dfltui.o
       228          0          0          0          0         96   dmul.o
        38          0          0          0          0         68   f2d.o
       176          0          0          0          0        140   fadd.o
       110          0          0          0          0        168   fepilogue.o
        40          0          0          0          0         68   ffixui.o
        18          0          0          0          0         68   fflti.o
       100          0          0          0          0         76   fmul.o

    ----------------------------------------------------------------------
      4764        116          0          4          0       3448   Library Totals
         4          0          0          0          0          0   (incl. Padding)

    ----------------------------------------------------------------------

      Code (inc. data)   RO Data    RW Data    ZI Data      Debug   Library Name

      2984        116          0          4          0       1808   mc_w.l
      1776          0          0          0          0       1640   mf_w.l

    ----------------------------------------------------------------------
      4764        116          0          4          0       3448   Library Totals

    ----------------------------------------------------------------------

==============================================================================


      Code (inc. data)   RO Data    RW Data    ZI Data      Debug   

     69520       5044     184232       4560      59144    1221531   Grand Totals
     69520       5044     184232       2392      59144    1221531   ELF Image Totals (compressed)
     69520       5044     184232       2392          0          0   ROM Totals

==============================================================================

    Total RO  Size (Code + RO Data)               253752 ( 247.80kB)
    Total RW  Size (RW Data + ZI Data)             63704 (  62.21kB)
    Total ROM Size (Code + RO Data + RW Data)     256144 ( 250.14kB)

==============================================================================

