Component: ARM Compiler 5.06 update 5 (build 528) Tool: armlink [4d35e2]

==============================================================================

Section Cross References

    startup_stm32f10x_hd.o(RESET) refers to startup_stm32f10x_hd.o(STACK) for __initial_sp
    startup_stm32f10x_hd.o(RESET) refers to startup_stm32f10x_hd.o(.text) for Reset_Handler
    startup_stm32f10x_hd.o(RESET) refers to stm32f10x_it.o(.text) for NMI_Handler
    startup_stm32f10x_hd.o(RESET) refers to port.o(.emb_text) for SVC_Handler
    startup_stm32f10x_hd.o(RESET) refers to hotshoe.o(.text) for EXTI1_IRQHandler
    startup_stm32f10x_hd.o(RESET) refers to pps.o(.text) for EXTI3_IRQHandler
    startup_stm32f10x_hd.o(RESET) refers to cocoguojia_usart.o(.text) for USART1_IRQHandler
    startup_stm32f10x_hd.o(RESET) refers to cocoguojia_sdio.o(.text) for SDIO_IRQHandler
    startup_stm32f10x_hd.o(.text) refers to system_stm32f10x.o(.text) for SystemInit
    startup_stm32f10x_hd.o(.text) refers to entry.o(.ARM.Collect$$$$00000000) for __main
    application.o(.text) refers to memseta.o(.text) for __aeabi_memclr
    application.o(.text) refers to strcpy.o(.text) for strcpy
    application.o(.text) refers to strcmp.o(.text) for strcmp
    application.o(.text) refers to cocoguojia_usart.o(.text) for UART_Printf
    application.o(.text) refers to tasks.o(.text) for uxTaskGetStackHighWaterMark
    application.o(.text) refers to printfa.o(i.__0sprintf) for __2sprintf
    application.o(.text) refers to psdk_app_func.o(.text) for PsdkAppFunc_PushMsgToFloatingWindow
    application.o(.text) refers to strlen.o(.text) for strlen
    application.o(.text) refers to psdk_osdk_func.o(.text) for PsdkOsdkFunc_TransferToOsdk
    application.o(.text) refers to cmsis_os.o(.text) for osDelay
    application.o(.text) refers to psdk_upper.o(.text) for PsdkUpper_ProcessReceiveData
    application.o(.text) refers to pps.o(.text) for PPS_Init
    application.o(.text) refers to hotshoe.o(.text) for HotShoe_Init
    application.o(.text) refers to psdk_msg_subcribe.o(.text) for PsdkMsgSub_Init
    application.o(.text) refers to psdk_payload_camera.o(.text) for PsdkCamera_Init
    application.o(.text) refers to psdk_payload_gimbal.o(.text) for PsdkGimbal_Init
    application.o(.text) refers to application.o(.constdata) for .constdata
    application.o(.text) refers to application.o(.conststring) for .conststring
    application.o(.text) refers to main.o(.data) for psdkTestTaskHandle
    application.o(.text) refers to application.o(.data) for .data
    application.o(.text) refers to application.o(.bss) for .bss
    application.o(.text) refers to u2rece_task.o(.bss) for g_photoPicNum
    application.o(.text) refers to u2rece_task.o(.data) for g_signalOrAutoModelFlag
    application.o(.text) refers to trigger_task.o(.data) for g_canPhotoStateFlag
    application.o(.text) refers to u2rece_task.o(.data) for g_tim5CatchNum
    application.o(.text) refers to u2rece_task.o(.data) for g_ppsRtkHealthNum
    application.o(.text) refers to test_app_func.o(.text) for Test_ReceiveFromMobileSDKFunc
    application.o(.text) refers to test_app_func.o(.constdata) for g_TestWidgetCount
    application.o(.text) refers to test_app_func.o(.data) for g_TestWidgetList
    application.o(.text) refers to test_msg_push.o(.constdata) for g_PushDataMsgCallbackList
    application.o(.text) refers to test_payload_cam_emu.o(.constdata) for g_testCameraHandler
    application.o(.text) refers to test_payload_gimbal_emu.o(.constdata) for g_testGimbalHandler
    application.o(.text) refers to test_osdk_func.o(.constdata) for g_testOsdkFuncHandler
    application.o(.text) refers to test_positioning.o(.text) for Test_RequestPosition
    application.o(.text) refers to cdcmple.o(.text) for __aeabi_cdcmpeq
    application.o(.text) refers to dadd.o(.text) for __aeabi_dsub
    application.o(.text) refers to cocoguojia_sdcard.o(.text) for cocoguojia_sdWrireGpsRtk
    application.o(.text) refers to test_positioning.o(.bss) for writesdpos
    application.o(.text) refers to pps.o(.data) for ppssignal
    application.o(.text) refers to test_positioning.o(.data) for timesigner
    application.o(.text) refers to cocoguojia_sdcard.o(.data) for g_nameFlag
    application.o(.text) refers to cocoguojia_sdcard.o(.bss) for g_gps002Table
    main.o(.text) refers to sys.o(.text) for Sys_Init
    main.o(.text) refers to bsp.o(.text) for BSP_Init
    main.o(.text) refers to application.o(.text) for application_init
    main.o(.text) refers to cmsis_os.o(.text) for osThreadCreate
    main.o(.text) refers to port.o(.text) for vPortEnterCritical
    main.o(.text) refers to event_groups.o(.text) for xEventGroupCreate
    main.o(.text) refers to main.o(.constdata) for .constdata
    main.o(.text) refers to main.o(.data) for .data
    main.o(.constdata) refers to main.o(.conststring) for .conststring
    main.o(.constdata) refers to main.o(.text) for APP_TASKCREATE
[...]
    osSignalSet                              0x0803f18b   Thumb Code    92  cmsis_os.o(.text)
    osSignalWait                             0x0803f1e7   Thumb Code    90  cmsis_os.o(.text)
    osMutexCreate                            0x0803f241   Thumb Code     6  cmsis_os.o(.text)
    osMutexWait                              0x0803f247   Thumb Code   102  cmsis_os.o(.text)
    osMutexRelease                           0x0803f2ad   Thumb Code    76  cmsis_os.o(.text)
    osMutexDelete                            0x0803f2f9   Thumb Code    24  cmsis_os.o(.text)
    osSemaphoreCreate                        0x0803f311   Thumb Code    48  cmsis_os.o(.text)
    osSemaphoreWait                          0x0803f341   Thumb Code   102  cmsis_os.o(.text)
    osSemaphoreRelease                       0x0803f3a7   Thumb Code    76  cmsis_os.o(.text)
    osSemaphoreDelete                        0x0803f3f3   Thumb Code    24  cmsis_os.o(.text)
    osPoolCreate                             0x0803f40b   Thumb Code   106  cmsis_os.o(.text)
    osPoolAlloc                              0x0803f475   Thumb Code   104  cmsis_os.o(.text)
    osPoolCAlloc                             0x0803f4dd   Thumb Code    16  cmsis_os.o(.text)
    osPoolFree                               0x0803f4ed   Thumb Code    70  cmsis_os.o(.text)
    osMessageCreate                          0x0803f533   Thumb Code     8  cmsis_os.o(.text)
    osMessagePut                             0x0803f53b   Thumb Code    92  cmsis_os.o(.text)
    osMessageGet                             0x0803f597   Thumb Code   146  cmsis_os.o(.text)
    osMailCreate                             0x0803f629   Thumb Code   100  cmsis_os.o(.text)
    osMailAlloc                              0x0803f68d   Thumb Code    12  cmsis_os.o(.text)
    osMailCAlloc                             0x0803f699   Thumb Code    34  cmsis_os.o(.text)
    osMailPut                                0x0803f6bb   Thumb Code    92  cmsis_os.o(.text)
    osMailGet                                0x0803f717   Thumb Code   142  cmsis_os.o(.text)
    osMailFree                               0x0803f7a5   Thumb Code    12  cmsis_os.o(.text)
    osSystickHandler                         0x0803f7b1   Thumb Code    20  cmsis_os.o(.text)
    osThreadSuspend                          0x0803f7c5   Thumb Code    10  cmsis_os.o(.text)
    osThreadResume                           0x0803f7cf   Thumb Code    46  cmsis_os.o(.text)
    osThreadSuspendAll                       0x0803f7fd   Thumb Code    10  cmsis_os.o(.text)
    osThreadResumeAll                        0x0803f807   Thumb Code    18  cmsis_os.o(.text)
    osDelayUntil                             0x0803f819   Thumb Code    16  cmsis_os.o(.text)
    osAbortDelay                             0x0803f829   Thumb Code     4  cmsis_os.o(.text)
    osThreadList                             0x0803f82d   Thumb Code    10  cmsis_os.o(.text)
    osMessagePeek                            0x0803f837   Thumb Code    78  cmsis_os.o(.text)
    osMessageWaiting                         0x0803f885   Thumb Code    30  cmsis_os.o(.text)
    osMessageAvailableSpace                  0x0803f8a3   Thumb Code     4  cmsis_os.o(.text)
    osMessageDelete                          0x0803f8a7   Thumb Code    24  cmsis_os.o(.text)
    osRecursiveMutexCreate                   0x0803f8bf   Thumb Code     6  cmsis_os.o(.text)
    osRecursiveMutexRelease                  0x0803f8c5   Thumb Code    18  cmsis_os.o(.text)
    osRecursiveMutexWait                     0x0803f8d7   Thumb Code    44  cmsis_os.o(.text)
    osSemaphoreGetCount                      0x0803f903   Thumb Code     4  cmsis_os.o(.text)
    xEventGroupCreate                        0x0803f90d   Thumb Code    26  event_groups.o(.text)
    xEventGroupSetBits                       0x0803f927   Thumb Code   160  event_groups.o(.text)
    xEventGroupSync                          0x0803f9c7   Thumb Code   194  event_groups.o(.text)
    xEventGroupWaitBits                      0x0803faa1   Thumb Code   258  event_groups.o(.text)
    xEventGroupClearBits                     0x0803fba3   Thumb Code    66  event_groups.o(.text)
    xEventGroupGetBitsFromISR                0x0803fbe5   Thumb Code    26  event_groups.o(.text)
    vEventGroupDelete                        0x0803fbff   Thumb Code    70  event_groups.o(.text)
    vEventGroupSetBitsCallback               0x0803fc45   Thumb Code     2  event_groups.o(.text)
    vEventGroupClearBitsCallback             0x0803fc47   Thumb Code     2  event_groups.o(.text)
    uxEventGroupGetNumber                    0x0803fc49   Thumb Code    12  event_groups.o(.text)
    vListInitialise                          0x0803fc59   Thumb Code    22  list.o(.text)
    vListInitialiseItem                      0x0803fc6f   Thumb Code     6  list.o(.text)
    vListInsertEnd                           0x0803fc75   Thumb Code    24  list.o(.text)
    vListInsert                              0x0803fc8d   Thumb Code    48  list.o(.text)
    uxListRemove                             0x0803fcbd   Thumb Code    36  list.o(.text)
    xQueueGenericReset                       0x0803fce1   Thumb Code   134  queue.o(.text)
    xQueueGenericCreate                      0x0803fd89   Thumb Code    68  queue.o(.text)
    xQueueGenericSend                        0x0803fec3   Thumb Code   352  queue.o(.text)
    xQueueCreateMutex                        0x08040039   Thumb Code    24  queue.o(.text)
    xQueueGiveMutexRecursive                 0x08040051   Thumb Code    64  queue.o(.text)
    xQueueGenericReceive                     0x080400d3   Thumb Code   394  queue.o(.text)
    xQueueTakeMutexRecursive                 0x0804025d   Thumb Code    70  queue.o(.text)
    xQueueCreateCountingSemaphore            0x080402a3   Thumb Code    60  queue.o(.text)
    xQueueGenericSendFromISR                 0x080402df   Thumb Code   188  queue.o(.text)
    xQueueGiveFromISR                        0x0804039b   Thumb Code   158  queue.o(.text)
    xQueueReceiveFromISR                     0x08040439   Thumb Code   154  queue.o(.text)
    xQueuePeekFromISR                        0x080404d3   Thumb Code   122  queue.o(.text)
    uxQueueMessagesWaiting                   0x0804054d   Thumb Code    38  queue.o(.text)
    uxQueueSpacesAvailable                   0x08040573   Thumb Code    42  queue.o(.text)
    uxQueueMessagesWaitingFromISR            0x0804059d   Thumb Code    24  queue.o(.text)
    vQueueUnregisterQueue                    0x080405b5   Thumb Code    36  queue.o(.text)
    vQueueDelete                             0x080405d9   Thumb Code    40  queue.o(.text)
    uxQueueGetQueueNumber                    0x08040601   Thumb Code     4  queue.o(.text)
    vQueueSetQueueNumber                     0x08040605   Thumb Code     4  queue.o(.text)
    ucQueueGetQueueType                      0x08040609   Thumb Code     6  queue.o(.text)
    xQueueIsQueueEmptyFromISR                0x0804060f   Thumb Code    32  queue.o(.text)
    xQueueIsQueueFullFromISR                 0x0804062f   Thumb Code    36  queue.o(.text)
    vQueueAddToRegistry                      0x08040653   Thumb Code    32  queue.o(.text)
    pcQueueGetName                           0x08040673   Thumb Code    34  queue.o(.text)
    xTaskCreate                              0x080407ff   Thumb Code    96  tasks.o(.text)
    vTaskDelete                              0x08040891   Thumb Code   158  tasks.o(.text)
    xTaskIncrementTick                       0x0804092f   Thumb Code   210  tasks.o(.text)
    xTaskResumeAll                           0x08040a01   Thumb Code   204  tasks.o(.text)
    vTaskSuspendAll                          0x08040b33   Thumb Code    10  tasks.o(.text)
    vTaskDelayUntil                          0x08040b3d   Thumb Code   142  tasks.o(.text)
    vTaskDelay                               0x08040bcb   Thumb Code    70  tasks.o(.text)
    eTaskGetState                            0x08040c11   Thumb Code    98  tasks.o(.text)
    uxTaskPriorityGet                        0x08040c73   Thumb Code    24  tasks.o(.text)
    uxTaskPriorityGetFromISR                 0x08040c8b   Thumb Code    40  tasks.o(.text)
    vTaskPrioritySet                         0x08040cb3   Thumb Code   188  tasks.o(.text)
    vTaskSwitchContext                       0x08040d6f   Thumb Code   112  tasks.o(.text)
    vTaskSuspend                             0x08040ddf   Thumb Code   158  tasks.o(.text)
    vTaskResume                              0x08040ebb   Thumb Code   114  tasks.o(.text)
    xTaskResumeFromISR                       0x08040f2d   Thumb Code   132  tasks.o(.text)
    vTaskStartScheduler                      0x0804101b   Thumb Code    86  tasks.o(.text)
    vTaskEndScheduler                        0x08041071   Thumb Code    24  tasks.o(.text)
    xTaskGetTickCount                        0x08041089   Thumb Code     6  tasks.o(.text)
    xTaskGetTickCountFromISR                 0x0804108f   Thumb Code    12  tasks.o(.text)
    uxTaskGetNumberOfTasks                   0x0804109b   Thumb Code     6  tasks.o(.text)
    pcTaskGetName                            0x080410a1   Thumb Code    30  tasks.o(.text)
    vTaskGetInfo                             0x080410d3   Thumb Code   120  tasks.o(.text)
    uxTaskGetSystemState                     0x080411a5   Thumb Code   158  tasks.o(.text)
    vTaskPlaceOnEventList                    0x08041243   Thumb Code    44  tasks.o(.text)
    vTaskPlaceOnUnorderedEventList           0x0804126f   Thumb Code    98  tasks.o(.text)
    xTaskRemoveFromEventList                 0x080412d1   Thumb Code   112  tasks.o(.text)
    xTaskRemoveFromUnorderedEventList        0x08041341   Thumb Code   114  tasks.o(.text)
    vTaskSetTimeOutState                     0x080413b3   Thumb Code    32  tasks.o(.text)
    xTaskCheckForTimeOut                     0x080413d3   Thumb Code   112  tasks.o(.text)
    vTaskMissedYield                         0x08041443   Thumb Code     8  tasks.o(.text)
    uxTaskGetTaskNumber                      0x0804144b   Thumb Code    12  tasks.o(.text)
    vTaskSetTaskNumber                       0x08041457   Thumb Code     8  tasks.o(.text)
    uxTaskGetStackHighWaterMark              0x0804145f   Thumb Code    12  tasks.o(.text)
    xTaskGetCurrentTaskHandle                0x0804146b   Thumb Code     6  tasks.o(.text)
    xTaskGetSchedulerState                   0x08041471   Thumb Code    24  tasks.o(.text)
    vTaskPriorityInherit                     0x08041489   Thumb Code   128  tasks.o(.text)
    xTaskPriorityDisinherit                  0x08041509   Thumb Code   146  tasks.o(.text)
    vTaskList                                0x080415bf   Thumb Code   168  tasks.o(.text)
    uxTaskResetEventItemValue                0x08041667   Thumb Code    20  tasks.o(.text)
    pvTaskIncrementMutexHeldCount            0x0804167b   Thumb Code    20  tasks.o(.text)
    ulTaskNotifyTake                         0x0804168f   Thumb Code   126  tasks.o(.text)
    xTaskNotifyWait                          0x0804170d   Thumb Code   132  tasks.o(.text)
    xTaskGenericNotify                       0x08041791   Thumb Code   194  tasks.o(.text)
    xTaskGenericNotifyFromISR                0x08041853   Thumb Code   244  tasks.o(.text)
    vTaskNotifyGiveFromISR                   0x08041947   Thumb Code   178  tasks.o(.text)
    xTaskNotifyStateClear                    0x080419f9   Thumb Code    46  tasks.o(.text)
    pvPortMalloc                             0x08041ac7   Thumb Code   208  heap_4.o(.text)
    vPortFree                                0x08041b97   Thumb Code    90  heap_4.o(.text)
    xPortGetFreeHeapSize                     0x08041bf1   Thumb Code     8  heap_4.o(.text)
    xPortGetMinimumEverFreeHeapSize          0x08041bf9   Thumb Code     8  heap_4.o(.text)
    vPortInitialiseBlocks                    0x08041c01   Thumb Code     2  heap_4.o(.text)
    pxPortInitialiseStack                    0x08041c35   Thumb Code    24  port.o(.text)
    vPortSetupTimerInterrupt                 0x08041c4d   Thumb Code    26  port.o(.text)
    xPortStartScheduler                      0x08041c67   Thumb Code   104  port.o(.text)
    vPortEndScheduler                        0x08041ccf   Thumb Code    28  port.o(.text)
    vPortEnterCritical                       0x08041ceb   Thumb Code    56  port.o(.text)
    vPortExitCritical                        0x08041d23   Thumb Code    38  port.o(.text)
    xPortSysTickHandler                      0x08041d49   Thumb Code    40  port.o(.text)
    vPortValidateInterruptPriority           0x08041d71   Thumb Code    76  port.o(.text)
    SystemInit                               0x08041e79   Thumb Code    64  system_stm32f10x.o(.text)
    SystemCoreClockUpdate                    0x08041eb9   Thumb Code   106  system_stm32f10x.o(.text)
    NVIC_PriorityGroupConfig                 0x08041f45   Thumb Code    10  misc.o(.text)
    NVIC_Init                                0x08041f4f   Thumb Code    96  misc.o(.text)
    NVIC_SetVectorTable                      0x08041faf   Thumb Code    14  misc.o(.text)
    NVIC_SystemLPConfig                      0x08041fbd   Thumb Code    24  misc.o(.text)
    SysTick_CLKSourceConfig                  0x08041fd5   Thumb Code    28  misc.o(.text)
    DMA_DeInit                               0x08041ffd   Thumb Code   238  stm32f10x_dma.o(.text)
    DMA_Init                                 0x080420eb   Thumb Code    58  stm32f10x_dma.o(.text)
    DMA_StructInit                           0x08042125   Thumb Code    26  stm32f10x_dma.o(.text)
    DMA_Cmd                                  0x0804213f   Thumb Code    26  stm32f10x_dma.o(.text)
    DMA_ITConfig                             0x08042159   Thumb Code    20  stm32f10x_dma.o(.text)
    DMA_SetCurrDataCounter                   0x0804216d   Thumb Code     4  stm32f10x_dma.o(.text)
    DMA_GetCurrDataCounter                   0x08042171   Thumb Code     6  stm32f10x_dma.o(.text)
    DMA_GetFlagStatus                        0x08042177   Thumb Code    30  stm32f10x_dma.o(.text)
    DMA_ClearFlag                            0x08042195   Thumb Code    20  stm32f10x_dma.o(.text)
    DMA_GetITStatus                          0x080421a9   Thumb Code    30  stm32f10x_dma.o(.text)
    DMA_ClearITPendingBit                    0x080421c7   Thumb Code    20  stm32f10x_dma.o(.text)
    EXTI_DeInit                              0x080421e5   Thumb Code    28  stm32f10x_exti.o(.text)
    EXTI_Init                                0x08042201   Thumb Code   110  stm32f10x_exti.o(.text)
    EXTI_StructInit                          0x0804226f   Thumb Code    14  stm32f10x_exti.o(.text)
    EXTI_GenerateSWInterrupt                 0x0804227d   Thumb Code    12  stm32f10x_exti.o(.text)
    EXTI_GetFlagStatus                       0x08042289   Thumb Code    18  stm32f10x_exti.o(.text)
    EXTI_ClearFlag                           0x0804229b   Thumb Code     8  stm32f10x_exti.o(.text)
    EXTI_GetITStatus                         0x080422a3   Thumb Code    28  stm32f10x_exti.o(.text)
    EXTI_ClearITPendingBit                   0x080422bf   Thumb Code     8  stm32f10x_exti.o(.text)
    GPIO_DeInit                              0x080422d1   Thumb Code   188  stm32f10x_gpio.o(.text)
    GPIO_AFIODeInit                          0x0804238d   Thumb Code    22  stm32f10x_gpio.o(.text)
    GPIO_Init                                0x080423a3   Thumb Code   166  stm32f10x_gpio.o(.text)
    GPIO_StructInit                          0x08042449   Thumb Code    16  stm32f10x_gpio.o(.text)
    GPIO_ReadInputDataBit                    0x08042459   Thumb Code    14  stm32f10x_gpio.o(.text)
    GPIO_ReadInputData                       0x08042467   Thumb Code     6  stm32f10x_gpio.o(.text)
    GPIO_ReadOutputDataBit                   0x0804246d   Thumb Code    14  stm32f10x_gpio.o(.text)
    GPIO_ReadOutputData                      0x0804247b   Thumb Code     6  stm32f10x_gpio.o(.text)
    GPIO_SetBits                             0x08042481   Thumb Code     4  stm32f10x_gpio.o(.text)
    GPIO_ResetBits                           0x08042485   Thumb Code     4  stm32f10x_gpio.o(.text)
    GPIO_WriteBit                            0x08042489   Thumb Code    12  stm32f10x_gpio.o(.text)
    GPIO_Write                               0x08042495   Thumb Code     4  stm32f10x_gpio.o(.text)
    GPIO_PinLockConfig                       0x08042499   Thumb Code    16  stm32f10x_gpio.o(.text)
    GPIO_EventOutputConfig                   0x080424a9   Thumb Code    22  stm32f10x_gpio.o(.text)
    GPIO_EventOutputCmd                      0x080424bf   Thumb Code     6  stm32f10x_gpio.o(.text)
    GPIO_PinRemapConfig                      0x080424c5   Thumb Code    86  stm32f10x_gpio.o(.text)
    GPIO_EXTILineConfig                      0x0804251b   Thumb Code    34  stm32f10x_gpio.o(.text)
    GPIO_ETH_MediaInterfaceConfig            0x0804253d   Thumb Code     8  stm32f10x_gpio.o(.text)
    RCC_DeInit                               0x08042569   Thumb Code    50  stm32f10x_rcc.o(.text)
    RCC_HSEConfig                            0x0804259b   Thumb Code    50  stm32f10x_rcc.o(.text)
    RCC_GetFlagStatus                        0x080425cd   Thumb Code    42  stm32f10x_rcc.o(.text)
    RCC_WaitForHSEStartUp                    0x080425f7   Thumb Code    48  stm32f10x_rcc.o(.text)
    RCC_AdjustHSICalibrationValue            0x08042627   Thumb Code    16  stm32f10x_rcc.o(.text)
    RCC_HSICmd                               0x08042637   Thumb Code     6  stm32f10x_rcc.o(.text)
    RCC_PLLConfig                            0x0804263d   Thumb Code    16  stm32f10x_rcc.o(.text)
    RCC_PLLCmd                               0x0804264d   Thumb Code     6  stm32f10x_rcc.o(.text)
    RCC_SYSCLKConfig                         0x08042653   Thumb Code    14  stm32f10x_rcc.o(.text)
    RCC_GetSYSCLKSource                      0x08042661   Thumb Code    10  stm32f10x_rcc.o(.text)
    RCC_HCLKConfig                           0x0804266b   Thumb Code    14  stm32f10x_rcc.o(.text)
    RCC_PCLK1Config                          0x08042679   Thumb Code    14  stm32f10x_rcc.o(.text)
    RCC_PCLK2Config                          0x08042687   Thumb Code    16  stm32f10x_rcc.o(.text)
    RCC_ITConfig                             0x08042697   Thumb Code    22  stm32f10x_rcc.o(.text)
    RCC_USBCLKConfig                         0x080426ad   Thumb Code     8  stm32f10x_rcc.o(.text)
    RCC_ADCCLKConfig                         0x080426b5   Thumb Code    14  stm32f10x_rcc.o(.text)
    RCC_LSEConfig                            0x080426c3   Thumb Code    36  stm32f10x_rcc.o(.text)
    RCC_LSICmd                               0x080426e7   Thumb Code     6  stm32f10x_rcc.o(.text)
    RCC_RTCCLKConfig                         0x080426ed   Thumb Code    10  stm32f10x_rcc.o(.text)
    RCC_RTCCLKCmd                            0x080426f7   Thumb Code     8  stm32f10x_rcc.o(.text)
    RCC_GetClocksFreq                        0x080426ff   Thumb Code   154  stm32f10x_rcc.o(.text)
    RCC_AHBPeriphClockCmd                    0x08042799   Thumb Code    22  stm32f10x_rcc.o(.text)
    RCC_APB2PeriphClockCmd                   0x080427af   Thumb Code    22  stm32f10x_rcc.o(.text)
    RCC_APB1PeriphClockCmd                   0x080427c5   Thumb Code    22  stm32f10x_rcc.o(.text)
    RCC_APB2PeriphResetCmd                   0x080427db   Thumb Code    22  stm32f10x_rcc.o(.text)
    RCC_APB1PeriphResetCmd                   0x080427f1   Thumb Code    22  stm32f10x_rcc.o(.text)
    RCC_BackupResetCmd                       0x08042807   Thumb Code     8  stm32f10x_rcc.o(.text)
    RCC_ClockSecuritySystemCmd               0x0804280f   Thumb Code     6  stm32f10x_rcc.o(.text)
    RCC_MCOConfig                            0x08042815   Thumb Code     6  stm32f10x_rcc.o(.text)
    RCC_ClearFlag                            0x0804281b   Thumb Code    12  stm32f10x_rcc.o(.text)
    RCC_GetITStatus                          0x08042827   Thumb Code    16  stm32f10x_rcc.o(.text)
    RCC_ClearITPendingBit                    0x08042837   Thumb Code     6  stm32f10x_rcc.o(.text)
    SDIO_DeInit                              0x0804285d   Thumb Code    26  stm32f10x_sdio.o(.text)
    SDIO_Init                                0x08042877   Thumb Code    40  stm32f10x_sdio.o(.text)
    SDIO_StructInit                          0x0804289f   Thumb Code    16  stm32f10x_sdio.o(.text)
    SDIO_ClockCmd                            0x080428af   Thumb Code     6  stm32f10x_sdio.o(.text)
    SDIO_SetPowerState                       0x080428b5   Thumb Code    18  stm32f10x_sdio.o(.text)
    SDIO_GetPowerState                       0x080428c7   Thumb Code    10  stm32f10x_sdio.o(.text)
    SDIO_ITConfig                            0x080428d1   Thumb Code    22  stm32f10x_sdio.o(.text)
    SDIO_DMACmd                              0x080428e7   Thumb Code     6  stm32f10x_sdio.o(.text)
    SDIO_SendCommand                         0x080428ed   Thumb Code    34  stm32f10x_sdio.o(.text)
    SDIO_CmdStructInit                       0x0804290f   Thumb Code    14  stm32f10x_sdio.o(.text)
    SDIO_GetCommandResponse                  0x0804291d   Thumb Code     8  stm32f10x_sdio.o(.text)
    SDIO_GetResponse                         0x08042925   Thumb Code    16  stm32f10x_sdio.o(.text)
    SDIO_DataConfig                          0x08042935   Thumb Code    38  stm32f10x_sdio.o(.text)
    SDIO_DataStructInit                      0x0804295b   Thumb Code    20  stm32f10x_sdio.o(.text)
    SDIO_GetDataCounter                      0x0804296f   Thumb Code     6  stm32f10x_sdio.o(.text)
    SDIO_ReadData                            0x08042975   Thumb Code     8  stm32f10x_sdio.o(.text)
    SDIO_WriteData                           0x0804297d   Thumb Code     8  stm32f10x_sdio.o(.text)
    SDIO_GetFIFOCount                        0x08042985   Thumb Code     6  stm32f10x_sdio.o(.text)
    SDIO_StartSDIOReadWait                   0x0804298b   Thumb Code     8  stm32f10x_sdio.o(.text)
    SDIO_StopSDIOReadWait                    0x08042993   Thumb Code     8  stm32f10x_sdio.o(.text)
    SDIO_SetSDIOReadWaitMode                 0x0804299b   Thumb Code     8  stm32f10x_sdio.o(.text)
    SDIO_SetSDIOOperation                    0x080429a3   Thumb Code     8  stm32f10x_sdio.o(.text)
    SDIO_SendSDIOSuspendCmd                  0x080429ab   Thumb Code     6  stm32f10x_sdio.o(.text)
    SDIO_CommandCompletionCmd                0x080429b1   Thumb Code     8  stm32f10x_sdio.o(.text)
    SDIO_CEATAITCmd                          0x080429b9   Thumb Code    12  stm32f10x_sdio.o(.text)
    SDIO_SendCEATACmd                        0x080429c5   Thumb Code     8  stm32f10x_sdio.o(.text)
    SDIO_GetFlagStatus                       0x080429cd   Thumb Code    16  stm32f10x_sdio.o(.text)
    SDIO_ClearFlag                           0x080429dd   Thumb Code     6  stm32f10x_sdio.o(.text)
    SDIO_GetITStatus                         0x080429e3   Thumb Code    16  stm32f10x_sdio.o(.text)
    SDIO_ClearITPendingBit                   0x080429f3   Thumb Code     6  stm32f10x_sdio.o(.text)
    TIM_DeInit                               0x08042a0d   Thumb Code   464  stm32f10x_tim.o(.text)
    TIM_TimeBaseInit                         0x08042bdd   Thumb Code   114  stm32f10x_tim.o(.text)
    TIM_OC1Init                              0x08042c4f   Thumb Code   114  stm32f10x_tim.o(.text)
    TIM_OC2Init                              0x08042cc1   Thumb Code   128  stm32f10x_tim.o(.text)
    TIM_OC3Init                              0x08042d41   Thumb Code   124  stm32f10x_tim.o(.text)
    TIM_OC4Init                              0x08042dbd   Thumb Code   160  stm32f10x_tim.o(.text)
    TIM_SetIC4Prescaler                      0x08042e5d   Thumb Code    24  stm32f10x_tim.o(.text)
    TIM_SetIC3Prescaler                      0x08042edb   Thumb Code    16  stm32f10x_tim.o(.text)
    TIM_SetIC2Prescaler                      0x08042f4d   Thumb Code    24  stm32f10x_tim.o(.text)
    TIM_SetIC1Prescaler                      0x08042fcb   Thumb Code    16  stm32f10x_tim.o(.text)
    TIM_ICInit                               0x08043039   Thumb Code   114  stm32f10x_tim.o(.text)
    TIM_PWMIConfig                           0x080430ab   Thumb Code   106  stm32f10x_tim.o(.text)
    TIM_BDTRConfig                           0x08043115   Thumb Code    34  stm32f10x_tim.o(.text)
    TIM_TimeBaseStructInit                   0x08043137   Thumb Code    18  stm32f10x_tim.o(.text)
    TIM_OCStructInit                         0x08043149   Thumb Code    20  stm32f10x_tim.o(.text)
    TIM_ICStructInit                         0x0804315d   Thumb Code    16  stm32f10x_tim.o(.text)
    TIM_BDTRStructInit                       0x0804316d   Thumb Code    18  stm32f10x_tim.o(.text)
    TIM_Cmd                                  0x0804317f   Thumb Code    24  stm32f10x_tim.o(.text)
    TIM_CtrlPWMOutputs                       0x08043197   Thumb Code    28  stm32f10x_tim.o(.text)
    TIM_ITConfig                             0x080431b3   Thumb Code    20  stm32f10x_tim.o(.text)
    TIM_GenerateEvent                        0x080431c7   Thumb Code     4  stm32f10x_tim.o(.text)
    TIM_DMAConfig                            0x080431cb   Thumb Code     8  stm32f10x_tim.o(.text)
    TIM_DMACmd                               0x080431d3   Thumb Code    20  stm32f10x_tim.o(.text)
    TIM_InternalClockConfig                  0x080431e7   Thumb Code    10  stm32f10x_tim.o(.text)
    TIM_SelectInputTrigger                   0x080431f1   Thumb Code    12  stm32f10x_tim.o(.text)
    TIM_ITRxExternalClockConfig              0x080431fd   Thumb Code    20  stm32f10x_tim.o(.text)
    TIM_TIxExternalClockConfig               0x08043211   Thumb Code    48  stm32f10x_tim.o(.text)
    TIM_ETRConfig                            0x08043241   Thumb Code    24  stm32f10x_tim.o(.text)
    TIM_ETRClockMode1Config                  0x08043259   Thumb Code    52  stm32f10x_tim.o(.text)
    TIM_ETRClockMode2Config                  0x0804328d   Thumb Code    20  stm32f10x_tim.o(.text)
    TIM_PrescalerConfig                      0x080432a1   Thumb Code     6  stm32f10x_tim.o(.text)
    TIM_CounterModeConfig                    0x080432a7   Thumb Code    12  stm32f10x_tim.o(.text)
    TIM_EncoderInterfaceConfig               0x080432b3   Thumb Code    50  stm32f10x_tim.o(.text)
    TIM_ForcedOC1Config                      0x080432e5   Thumb Code    12  stm32f10x_tim.o(.text)
    TIM_ForcedOC2Config                      0x080432f1   Thumb Code    20  stm32f10x_tim.o(.text)
    TIM_ForcedOC3Config                      0x08043305   Thumb Code    12  stm32f10x_tim.o(.text)
    TIM_ForcedOC4Config                      0x08043311   Thumb Code    20  stm32f10x_tim.o(.text)
    TIM_ARRPreloadConfig                     0x08043325   Thumb Code    24  stm32f10x_tim.o(.text)
    TIM_SelectCOM                            0x0804333d   Thumb Code    24  stm32f10x_tim.o(.text)
    TIM_SelectCCDMA                          0x08043355   Thumb Code    24  stm32f10x_tim.o(.text)
    TIM_CCPreloadControl                     0x0804336d   Thumb Code    24  stm32f10x_tim.o(.text)
    TIM_OC1PreloadConfig                     0x08043385   Thumb Code    12  stm32f10x_tim.o(.text)
    TIM_OC2PreloadConfig                     0x08043391   Thumb Code    20  stm32f10x_tim.o(.text)
    TIM_OC3PreloadConfig                     0x080433a5   Thumb Code    12  stm32f10x_tim.o(.text)
    TIM_OC4PreloadConfig                     0x080433b1   Thumb Code    20  stm32f10x_tim.o(.text)
    TIM_OC1FastConfig                        0x080433c5   Thumb Code    12  stm32f10x_tim.o(.text)
    TIM_OC2FastConfig                        0x080433d1   Thumb Code    20  stm32f10x_tim.o(.text)
    TIM_OC3FastConfig                        0x080433e5   Thumb Code    12  stm32f10x_tim.o(.text)
    TIM_OC4FastConfig                        0x080433f1   Thumb Code    20  stm32f10x_tim.o(.text)
    TIM_ClearOC1Ref                          0x08043405   Thumb Code    12  stm32f10x_tim.o(.text)
    TIM_ClearOC2Ref                          0x08043411   Thumb Code    20  stm32f10x_tim.o(.text)
    TIM_ClearOC3Ref                          0x08043425   Thumb Code    12  stm32f10x_tim.o(.text)
    TIM_ClearOC4Ref                          0x08043431   Thumb Code    20  stm32f10x_tim.o(.text)
    TIM_OC1PolarityConfig                    0x08043445   Thumb Code    12  stm32f10x_tim.o(.text)
    TIM_OC1NPolarityConfig                   0x08043451   Thumb Code    12  stm32f10x_tim.o(.text)
    TIM_OC2PolarityConfig                    0x0804345d   Thumb Code    20  stm32f10x_tim.o(.text)
    TIM_OC2NPolarityConfig                   0x08043471   Thumb Code    20  stm32f10x_tim.o(.text)
    TIM_OC3PolarityConfig                    0x08043485   Thumb Code    20  stm32f10x_tim.o(.text)
    TIM_OC3NPolarityConfig                   0x08043499   Thumb Code    20  stm32f10x_tim.o(.text)
    TIM_OC4PolarityConfig                    0x080434ad   Thumb Code    20  stm32f10x_tim.o(.text)
    TIM_CCxCmd                               0x080434c1   Thumb Code    22  stm32f10x_tim.o(.text)
    TIM_CCxNCmd                              0x080434d7   Thumb Code    22  stm32f10x_tim.o(.text)
    TIM_SelectOCxM                           0x080434ed   Thumb Code    76  stm32f10x_tim.o(.text)
    TIM_UpdateDisableConfig                  0x08043539   Thumb Code    24  stm32f10x_tim.o(.text)
    TIM_UpdateRequestConfig                  0x08043551   Thumb Code    24  stm32f10x_tim.o(.text)
    TIM_SelectHallSensor                     0x08043569   Thumb Code    24  stm32f10x_tim.o(.text)
    TIM_SelectOnePulseMode                   0x08043581   Thumb Code    16  stm32f10x_tim.o(.text)
    TIM_SelectOutputTrigger                  0x08043591   Thumb Code    16  stm32f10x_tim.o(.text)
    TIM_SelectSlaveMode                      0x080435a1   Thumb Code    16  stm32f10x_tim.o(.text)
    TIM_SelectMasterSlaveMode                0x080435b1   Thumb Code    16  stm32f10x_tim.o(.text)
    TIM_SetCounter                           0x080435c1   Thumb Code     4  stm32f10x_tim.o(.text)
    TIM_SetAutoreload                        0x080435c5   Thumb Code     4  stm32f10x_tim.o(.text)
    TIM_SetCompare1                          0x080435c9   Thumb Code     4  stm32f10x_tim.o(.text)
    TIM_SetCompare2                          0x080435cd   Thumb Code     4  stm32f10x_tim.o(.text)
    TIM_SetCompare3                          0x080435d1   Thumb Code     4  stm32f10x_tim.o(.text)
    TIM_SetCompare4                          0x080435d5   Thumb Code     6  stm32f10x_tim.o(.text)
    TIM_SetClockDivision                     0x080435db   Thumb Code    16  stm32f10x_tim.o(.text)
    TIM_GetCapture1                          0x080435eb   Thumb Code     4  stm32f10x_tim.o(.text)
    TIM_GetCapture2                          0x080435ef   Thumb Code     4  stm32f10x_tim.o(.text)
    TIM_GetCapture3                          0x080435f3   Thumb Code     4  stm32f10x_tim.o(.text)
    TIM_GetCapture4                          0x080435f7   Thumb Code     6  stm32f10x_tim.o(.text)
    TIM_GetCounter                           0x080435fd   Thumb Code     4  stm32f10x_tim.o(.text)
    TIM_GetPrescaler                         0x08043601   Thumb Code     4  stm32f10x_tim.o(.text)
    TIM_GetFlagStatus                        0x08043605   Thumb Code    14  stm32f10x_tim.o(.text)
    TIM_ClearFlag                            0x08043613   Thumb Code     6  stm32f10x_tim.o(.text)
    TIM_GetITStatus                          0x08043619   Thumb Code    24  stm32f10x_tim.o(.text)
    TIM_ClearITPendingBit                    0x08043631   Thumb Code     6  stm32f10x_tim.o(.text)
    USART_DeInit                             0x08043639   Thumb Code   144  stm32f10x_usart.o(.text)
    USART_Init                               0x080436c9   Thumb Code   182  stm32f10x_usart.o(.text)
    USART_StructInit                         0x0804377f   Thumb Code    22  stm32f10x_usart.o(.text)
    USART_ClockInit                          0x08043795   Thumb Code    30  stm32f10x_usart.o(.text)
    USART_ClockStructInit                    0x080437b3   Thumb Code    12  stm32f10x_usart.o(.text)
    USART_Cmd                                0x080437bf   Thumb Code    24  stm32f10x_usart.o(.text)
    USART_ITConfig                           0x080437d7   Thumb Code    54  stm32f10x_usart.o(.text)
    USART_DMACmd                             0x0804380d   Thumb Code    20  stm32f10x_usart.o(.text)
    USART_SetAddress                         0x08043821   Thumb Code    16  stm32f10x_usart.o(.text)
    USART_WakeUpConfig                       0x08043831   Thumb Code    16  stm32f10x_usart.o(.text)
    USART_ReceiverWakeUpCmd                  0x08043841   Thumb Code    24  stm32f10x_usart.o(.text)
    USART_LINBreakDetectLengthConfig         0x08043859   Thumb Code    16  stm32f10x_usart.o(.text)
    USART_LINCmd                             0x08043869   Thumb Code    24  stm32f10x_usart.o(.text)
    USART_SendData                           0x08043881   Thumb Code     8  stm32f10x_usart.o(.text)
    USART_ReceiveData                        0x08043889   Thumb Code     8  stm32f10x_usart.o(.text)
    USART_SendBreak                          0x08043891   Thumb Code    10  stm32f10x_usart.o(.text)
    USART_SetGuardTime                       0x0804389b   Thumb Code    16  stm32f10x_usart.o(.text)
    USART_SetPrescaler                       0x080438ab   Thumb Code    16  stm32f10x_usart.o(.text)
    USART_SmartCardCmd                       0x080438bb   Thumb Code    24  stm32f10x_usart.o(.text)
    USART_SmartCardNACKCmd                   0x080438d3   Thumb Code    24  stm32f10x_usart.o(.text)
    USART_HalfDuplexCmd                      0x080438eb   Thumb Code    24  stm32f10x_usart.o(.text)
    USART_OverSampling8Cmd                   0x08043903   Thumb Code    24  stm32f10x_usart.o(.text)
    USART_OneBitMethodCmd                    0x0804391b   Thumb Code    24  stm32f10x_usart.o(.text)
    USART_IrDAConfig                         0x08043933   Thumb Code    16  stm32f10x_usart.o(.text)
    USART_IrDACmd                            0x08043943   Thumb Code    24  stm32f10x_usart.o(.text)
    USART_GetFlagStatus                      0x0804395b   Thumb Code    14  stm32f10x_usart.o(.text)
    USART_ClearFlag                          0x08043969   Thumb Code     8  stm32f10x_usart.o(.text)
    USART_GetITStatus                        0x08043971   Thumb Code    64  stm32f10x_usart.o(.text)
    USART_ClearITPendingBit                  0x080439b1   Thumb Code    16  stm32f10x_usart.o(.text)
    disk_status                              0x080439d5   Thumb Code    12  diskio.o(.text)
    disk_initialize                          0x080439e1   Thumb Code    20  diskio.o(.text)
    disk_read                                0x080439f5   Thumb Code   122  diskio.o(.text)
    disk_write                               0x08043a6f   Thumb Code   126  diskio.o(.text)
    disk_ioctl                               0x08043aed   Thumb Code    60  diskio.o(.text)
    get_fattime                              0x08043b29   Thumb Code     4  diskio.o(.text)
    clust2sect                               0x08043cbd   Thumb Code    24  ff.o(.text)
    get_fat                                  0x08043cd5   Thumb Code   254  ff.o(.text)
    put_fat                                  0x08043dd3   Thumb Code   300  ff.o(.text)
    f_mount                                  0x08044ebf   Thumb Code    74  ff.o(.text)
    f_open                                   0x08044f09   Thumb Code   352  ff.o(.text)
    f_read                                   0x08045069   Thumb Code   380  ff.o(.text)
    f_write                                  0x080451e5   Thumb Code   452  ff.o(.text)
    f_sync                                   0x080453a9   Thumb Code   154  ff.o(.text)
    f_close                                  0x08045443   Thumb Code    30  ff.o(.text)
    f_lseek                                  0x08045461   Thumb Code   370  ff.o(.text)
    f_opendir                                0x080455d3   Thumb Code   116  ff.o(.text)
    f_closedir                               0x08045647   Thumb Code    20  ff.o(.text)
    f_readdir                                0x0804565b   Thumb Code    94  ff.o(.text)
    f_stat                                   0x080456b9   Thumb Code    68  ff.o(.text)
    f_getfree                                0x080456fd   Thumb Code   220  ff.o(.text)
    f_truncate                               0x080457d9   Thumb Code   178  ff.o(.text)
    f_unlink                                 0x0804588b   Thumb Code   170  ff.o(.text)
    f_mkdir                                  0x08045935   Thumb Code   356  ff.o(.text)
    f_chmod                                  0x08045a99   Thumb Code    84  ff.o(.text)
    f_rename                                 0x08045aed   Thumb Code   250  ff.o(.text)
    f_utime                                  0x08045be7   Thumb Code    88  ff.o(.text)
    f_mkfs                                   0x08045c3f   Thumb Code  1384  ff.o(.text)
    f_gets                                   0x080461a7   Thumb Code    68  ff.o(.text)
    f_putc                                   0x08046225   Thumb Code    60  ff.o(.text)
    f_puts                                   0x08046261   Thumb Code    70  ff.o(.text)
    f_printf                                 0x080462a7   Thumb Code   550  ff.o(.text)
    ff_convert                               0x080464cd   Thumb Code    78  cc936.o(.text)
    ff_wtoupper                              0x0804651b   Thumb Code    68  cc936.o(.text)
    __aeabi_uldivmod                         0x08046571   Thumb Code    98  uldiv.o(.text)
    _localtime                               0x080465d5   Thumb Code     0  localtime_r.o(.text)
    localtime_r                              0x080465d5   Thumb Code   134  localtime_r.o(.text)
    mktime                                   0x08046661   Thumb Code   150  mktime.o(.text)
    __aeabi_memcpy                           0x08046709   Thumb Code    36  memcpya.o(.text)
    __aeabi_memcpy4                          0x08046709   Thumb Code     0  memcpya.o(.text)
    __aeabi_memcpy8                          0x08046709   Thumb Code     0  memcpya.o(.text)
    __aeabi_memset                           0x0804672d   Thumb Code    14  memseta.o(.text)
    __aeabi_memset4                          0x0804672d   Thumb Code     0  memseta.o(.text)
    __aeabi_memset8                          0x0804672d   Thumb Code     0  memseta.o(.text)
    __aeabi_memclr                           0x0804673b   Thumb Code     4  memseta.o(.text)
    __aeabi_memclr4                          0x0804673b   Thumb Code     0  memseta.o(.text)
    __aeabi_memclr8                          0x0804673b   Thumb Code     0  memseta.o(.text)
    _memset$wrapper                          0x0804673f   Thumb Code    18  memseta.o(.text)
    strncpy                                  0x08046751   Thumb Code    24  strncpy.o(.text)
    strlen                                   0x08046769   Thumb Code    14  strlen.o(.text)
    strcmp                                   0x08046777   Thumb Code    28  strcmp.o(.text)
    strcpy                                   0x08046793   Thumb Code    18  strcpy.o(.text)
    atoi                                     0x080467a5   Thumb Code    26  atoi.o(.text)
    __aeabi_fmul                             0x080467bf   Thumb Code   100  fmul.o(.text)
    __aeabi_dadd                             0x08046823   Thumb Code   322  dadd.o(.text)
    __aeabi_dsub                             0x08046965   Thumb Code     6  dadd.o(.text)
    __aeabi_drsub                            0x0804696b   Thumb Code     6  dadd.o(.text)
    __aeabi_dmul                             0x08046971   Thumb Code   228  dmul.o(.text)
    __aeabi_ddiv                             0x08046a55   Thumb Code   222  ddiv.o(.text)
    __aeabi_i2d                              0x08046b33   Thumb Code    34  dflti.o(.text)
    __aeabi_ui2d                             0x08046b55   Thumb Code    26  dfltui.o(.text)
    __aeabi_f2iz                             0x08046b6f   Thumb Code    50  ffixi.o(.text)
    __aeabi_d2iz                             0x08046ba1   Thumb Code    62  dfixi.o(.text)
    __aeabi_d2uiz                            0x08046bdf   Thumb Code    50  dfixui.o(.text)
    __aeabi_cdcmpeq                          0x08046c11   Thumb Code     0  cdcmple.o(.text)
    __aeabi_cdcmple                          0x08046c11   Thumb Code    48  cdcmple.o(.text)
    __aeabi_d2f                              0x08046c41   Thumb Code    56  d2f.o(.text)
    __aeabi_uidiv                            0x08046c79   Thumb Code     0  uidiv.o(.text)
    __aeabi_uidivmod                         0x08046c79   Thumb Code    44  uidiv.o(.text)
    __aeabi_llsl                             0x08046ca5   Thumb Code    30  llshl.o(.text)
    _ll_shift_l                              0x08046ca5   Thumb Code     0  llshl.o(.text)
    __aeabi_llsr                             0x08046cc3   Thumb Code    32  llushr.o(.text)
    _ll_ushift_r                             0x08046cc3   Thumb Code     0  llushr.o(.text)
    __aeabi_lasr                             0x08046ce3   Thumb Code    36  llsshr.o(.text)
    _ll_sshift_r                             0x08046ce3   Thumb Code     0  llsshr.o(.text)
    strtol                                   0x08046d07   Thumb Code   112  strtol.o(.text)
    __I$use$fp                               0x08046d77   Thumb Code     0  iusefp.o(.text)
    _float_round                             0x08046d77   Thumb Code    18  fepilogue.o(.text)
    _float_epilogue                          0x08046d89   Thumb Code    92  fepilogue.o(.text)
    _double_round                            0x08046de5   Thumb Code    30  depilogue.o(.text)
    _double_epilogue                         0x08046e03   Thumb Code   156  depilogue.o(.text)
    __aeabi_d2ulz                            0x08046e9f   Thumb Code    48  dfixul.o(.text)
    __aeabi_cdrcmple                         0x08046ed1   Thumb Code    48  cdrcmple.o(.text)
    __scatterload                            0x08046f01   Thumb Code    28  init.o(.text)
    __scatterload_rt2                        0x08046f01   Thumb Code     0  init.o(.text)
    __rt_ctype_table                         0x08046f25   Thumb Code     4  ctype_o.o(.text)
    _strtoul                                 0x08046f2d   Thumb Code   158  _strtoul.o(.text)
    _chval                                   0x08046fcb   Thumb Code    28  _chval.o(.text)
    __decompress                             0x08046fe7   Thumb Code     0  __dczerorl2.o(.text)
    __decompress1                            0x08046fe7   Thumb Code    86  __dczerorl2.o(.text)
    __0sprintf                               0x0804703d   Thumb Code    34  printfa.o(i.__0sprintf)
    __1sprintf                               0x0804703d   Thumb Code     0  printfa.o(i.__0sprintf)
    __2sprintf                               0x0804703d   Thumb Code     0  printfa.o(i.__0sprintf)
    __c89sprintf                             0x0804703d   Thumb Code     0  printfa.o(i.__0sprintf)
    sprintf                                  0x0804703d   Thumb Code     0  printfa.o(i.__0sprintf)
    __0vsnprintf                             0x08047065   Thumb Code    40  printfa.o(i.__0vsnprintf)
    __1vsnprintf                             0x08047065   Thumb Code     0  printfa.o(i.__0vsnprintf)
    __2vsnprintf                             0x08047065   Thumb Code     0  printfa.o(i.__0vsnprintf)
    __c89vsnprintf                           0x08047065   Thumb Code     0  printfa.o(i.__0vsnprintf)
    vsnprintf                                0x08047065   Thumb Code     0  printfa.o(i.__0vsnprintf)
    __aeabi_errno_addr                       0x08047091   Thumb Code     4  errno.o(i.__aeabi_errno_addr)
    __rt_errno_addr                          0x08047091   Thumb Code     0  errno.o(i.__aeabi_errno_addr)
    __scatterload_copy                       0x08047099   Thumb Code    14  handlers.o(i.__scatterload_copy)
    __scatterload_null                       0x080470a7   Thumb Code     2  handlers.o(i.__scatterload_null)
    __scatterload_zeroinit                   0x080470a9   Thumb Code    14  handlers.o(i.__scatterload_zeroinit)
    os_messageQ_def_usart2SendMessageQ       0x080479e0   Data           8  main.o(.constdata)
    os_messageQ_def_oledShowMessageQ         0x080479e8   Data           8  main.o(.constdata)
    os_thread_def_APP_TASKCREATE1            0x080479f0   Data          20  main.o(.constdata)
    os_thread_def_OLED_TASK1                 0x08047a04   Data          20  main.o(.constdata)
    os_thread_def_KEY_TASK1                  0x08047a18   Data          20  main.o(.constdata)
    os_thread_def_CAM_TASK1                  0x08047a2c   Data          20  main.o(.constdata)
    os_thread_def_RGB_TASK1                  0x08047a40   Data          20  main.o(.constdata)
    os_thread_def_RUNINIT_TASK1              0x08047a54   Data          20  main.o(.constdata)
    os_thread_def_U2RECE_TASK1               0x08047a68   Data          20  main.o(.constdata)
    os_thread_def_TRIGGER_TASK1              0x08047a7c   Data          20  main.o(.constdata)
    os_thread_def_U2SEND_TASK1               0x08047a90   Data          20  main.o(.constdata)
    os_thread_def_FAN_TASK1                  0x08047aa4   Data          20  main.o(.constdata)
    os_thread_def_n_psdkRecTask              0x08047ab8   Data          20  main.o(.constdata)
    os_thread_def_n_psdkTestTask             0x08047acc   Data          20  main.o(.constdata)
    os_thread_def_PPS_TASK1                  0x08047ae0   Data          20  main.o(.constdata)
    g_TestWidgetCount                        0x08047d64   Data           1  test_app_func.o(.constdata)
    g_PushDataMsgCallbackList                0x08047d9c   Data          48  test_msg_push.o(.constdata)
    g_testCameraHandler                      0x08047dcc   Data         144  test_payload_cam_emu.o(.constdata)
    g_testGimbalHandler                      0x08047fd8   Data          32  test_payload_gimbal_emu.o(.constdata)
    g_testOsdkFuncHandler                    0x080480ac   Data           4  test_osdk_func.o(.constdata)
    F8X16                                    0x08048164   Data        1520  cocoguojia_oled.o(.constdata)
    __ctype_table                            0x08074674   Data         129  ctype_o.o(.constdata)
    Region$$Table$$Base                      0x08074a78   Number         0  anon$$obj.o(Region$$Table)
    Region$$Table$$Limit                     0x08074a98   Number         0  anon$$obj.o(Region$$Table)
    g_ds18b20ToShow                          0x20000000   Data           2  application.o(.data)
    triggertime                              0x20000008   Data           4  application.o(.data)
    uxHighWaterMarkpsdk                      0x2000000c   Data           4  application.o(.data)
    uxHighWaterMarkpro                       0x20000010   Data           4  application.o(.data)
    uxHighWaterMarkpps                       0x20000014   Data           4  application.o(.data)
    bukepaizhaoTable                         0x20000018   Data          19  application.o(.data)
    APP_TASKCREATE_Handle                    0x2000002c   Data           4  main.o(.data)
    OLED_TASK_Handle                         0x20000030   Data           4  main.o(.data)
    KEY_TASK_Handle                          0x20000034   Data           4  main.o(.data)
    CAM_TASK_Handle                          0x20000038   Data           4  main.o(.data)
    RGB_TASK_Handle                          0x2000003c   Data           4  main.o(.data)
    RUNINIT_TASK_Handle                      0x20000040   Data           4  main.o(.data)
    U2RECE_TASK_Handle                       0x20000044   Data           4  main.o(.data)
    TRIGGER_TASK_Handle                      0x20000048   Data           4  main.o(.data)
    U2SEND_TASK_Handle                       0x2000004c   Data           4  main.o(.data)
    FAN_TASK_Handle                          0x20000050   Data           4  main.o(.data)
    processRecDataTaskHandle                 0x20000054   Data           4  main.o(.data)
    psdkTestTaskHandle                       0x20000058   Data           4  main.o(.data)
    PPS_TASK_Handle                          0x2000005c   Data           4  main.o(.data)
    Key_EventGroup                           0x20000060   Data           4  main.o(.data)
    usart2SendMessageQHandle                 0x20000064   Data           4  main.o(.data)
    oledShowMessageQHandle                   0x20000068   Data           4  main.o(.data)
    g_TestWidgetList                         0x20000094   Data           4  test_app_func.o(.data)
    timesigner                               0x20000148   Data           1  test_positioning.o(.data)
    ppssignal                                0x2000014c   Data           4  pps.o(.data)
    ppsNewestTriggerTimeMs                   0x20000150   Data           4  pps.o(.data)
    ppsNewTimeMs                             0x20000154   Data           4  pps.o(.data)
    uxHighWaterMarkcam                       0x2000015c   Data           4  cam_task.o(.data)
    uxHighWaterMarkkey                       0x20000160   Data           4  key_task.o(.data)
    uxHighWaterMark                          0x20000164   Data           4  oled_task.o(.data)
    g_shutPhotoFlag                          0x20000168   Data           1  rgb_task.o(.data)
    triggeStartDelayN                        0x2000016a   Data           2  rgb_task.o(.data)
    uxHighWaterMarkrgb                       0x2000016c   Data           4  rgb_task.o(.data)
    uxHighWaterMarkrun                       0x20000170   Data           4  runinit_task.o(.data)
    g_openCamStateFlag                       0x20000174   Data           1  trigger_task.o(.data)
    g_canPhotoStateFlag                      0x20000175   Data           1  trigger_task.o(.data)
    g_ds18b20Temp                            0x20000176   Data           2  trigger_task.o(.data)
    phototime                                0x20000178   Data           4  trigger_task.o(.data)
    phototimeadd                             0x2000017c   Data           4  trigger_task.o(.data)
    uxHighWaterMarktrigger                   0x20000180   Data           4  trigger_task.o(.data)
    g_oledStateFlag                          0x20000184   Data           4  u2rece_task.o(.data)
    g_tim5CatchNum                           0x20000188   Data           2  u2rece_task.o(.data)
    g_capture_FinishAndStartPhotoFlag        0x2000018a   Data           1  u2rece_task.o(.data)
    uxHighWaterMarku2rece                    0x2000018c   Data           4  u2rece_task.o(.data)
    g_camPowerFlagTable                      0x20000190   Data           6  u2rece_task.o(.data)
    g_camLoseFlagTable                       0x20000196   Data           6  u2rece_task.o(.data)
    g_theTurelostNumTable                    0x2000019c   Data           6  u2rece_task.o(.data)
    g_camRtkFlagTable                        0x200001a2   Data           6  u2rece_task.o(.data)
    g_readingFlag                            0x200001a8   Data           1  u2rece_task.o(.data)
    g_setModelFlag                           0x200001a9   Data           1  u2rece_task.o(.data)
    g_signalOrAutoModelFlag                  0x200001aa   Data           1  u2rece_task.o(.data)
    g_currentRowNum                          0x200001ab   Data           1  u2rece_task.o(.data)
    g_camTaskCanTakeOverFlag                 0x200001ac   Data           1  u2rece_task.o(.data)
    g_offOrOnTureStateFlag                   0x200001b0   Data           4  u2rece_task.o(.data)
    g_temperatureDelayLastFlag               0x200001b4   Data           1  u2rece_task.o(.data)
    g_ppsRtkHealthNum                        0x200001b5   Data           1  u2rece_task.o(.data)
    uxHighWaterMarku2send                    0x200001b8   Data           4  u2send_task.o(.data)
    g_fanDs18b20Flag                         0x200001bc   Data           1  fan_task.o(.data)
    uxHighWaterMarkfan                       0x200001c0   Data           4  fan_task.o(.data)
    g_fanTurePhotoEnFlag                     0x200001c4   Data           1  fan_task.o(.data)
    readbuf                                  0x200001c5   Data           8  cocoguojia_24c02.o(.data)
    Hzk                                      0x200001d2   Data         448  cocoguojia_oled.o(.data)
    BMP3                                     0x20000392   Data         128  cocoguojia_oled.o(.data)
    Hzk2                                     0x20000412   Data        2176  cocoguojia_oled.o(.data)
    g_nameFlag                               0x20000ca4   Data           1  cocoguojia_sdcard.o(.data)
    g_registeredWorkspaceN                   0x20000ca5   Data           1  cocoguojia_sdcard.o(.data)
    g_gpsTableFlag                           0x20000ca6   Data           1  cocoguojia_sdcard.o(.data)
    myResetFlash                             0x20000ca8   Data           1  cocoguojia_sdcard.o(.data)
    len                                      0x20000ca9   Data           1  cocoguojia_sdcard.o(.data)
    g_sdWriteForGpsRtkNum                    0x20000caa   Data           2  cocoguojia_sdcard.o(.data)
    now_jc                                   0x20000cac   Data           4  cocoguojia_sdcard.o(.data)
    MAX_JC                                   0x20000cb0   Data           4  cocoguojia_sdcard.o(.data)
    myFileNum                                0x20000cb4   Data           4  cocoguojia_sdcard.o(.data)
    g_cocoguojia_sdcard_txtname20            0x20000cb8   Data          20  cocoguojia_sdcard.o(.data)
    g_cocoguojia_sdcard_myWriteBuffer200     0x20000ccc   Data         200  cocoguojia_sdcard.o(.data)
    sdcard_myWriteBuffer120                  0x20000d94   Data         120  cocoguojia_sdcard.o(.data)
    TransferError                            0x20000e0c   Data           1  cocoguojia_sdio.o(.data)
    g_sdioFac_ms                             0x20000e0e   Data           2  cocoguojia_sdio.o(.data)
    StopCondition                            0x20000e18   Data           4  cocoguojia_sdio.o(.data)
    TransferEnd                              0x20000e1c   Data           4  cocoguojia_sdio.o(.data)
    pxCurrentTCB                             0x20001244   Data           4  tasks.o(.data)
    SystemCoreClock                          0x200012a4   Data           4  system_stm32f10x.o(.data)
    AHBPrescTable                            0x200012a8   Data          16  system_stm32f10x.o(.data)
    xinhaoTable                              0x200012dc   Data          10  application.o(.bss)
    bj_timer                                 0x200012e6   Data          39  application.o(.bss)
    g_gps003Table                            0x20001f88   Data         200  application.o(.bss)
    x_gpsRawDataMsg                          0x20002450   Data          68  test_msg_push.o(.bss)
    utc_time                                 0x20002494   Data          39  test_positioning.o(.bss)
    writesdpos                               0x200024cc   Data         285  test_positioning.o(.bss)
    g_photoPicNum                            0x200025ea   Data          12  u2rece_task.o(.bss)
    txt_name                                 0x20003240   Data          20  cocoguojia_sdcard.o(.bss)
    gpsRtkTempTableTemp                      0x20003254   Data         200  cocoguojia_sdcard.o(.bss)
    myFatFs                                  0x2000331c   Data        4152  cocoguojia_sdcard.o(.bss)
    myFile                                   0x20004354   Data        4136  cocoguojia_sdcard.o(.bss)
    dirs                                     0x2000537c   Data          40  cocoguojia_sdcard.o(.bss)
    finfo                                    0x200053a4   Data          36  cocoguojia_sdcard.o(.bss)
    g_gps001Table                            0x200053c8   Data         200  cocoguojia_sdcard.o(.bss)
    g_gps002Table                            0x20005490   Data         200  cocoguojia_sdcard.o(.bss)
    SDCardInfo                               0x20005588   Data          88  cocoguojia_sdio.o(.bss)
    SDIO_InitStructure                       0x200055e0   Data          24  cocoguojia_sdio.o(.bss)
    SDIO_CmdInitStructure                    0x200055f8   Data          20  cocoguojia_sdio.o(.bss)
    SDIO_DataInitStructure                   0x2000560c   Data          24  cocoguojia_sdio.o(.bss)
    xQueueRegistry                           0x200057bc   Data          64  queue.o(.bss)
    __initial_sp                             0x2000f4f0   Data           0  startup_stm32f10x_hd.o(STACK)



==============================================================================

Memory Map of the image

  Image Entry point : 0x08035131

  Load Region LR_IROM1 (Base: 0x08035000, Size: 0x00040d74, Max: 0x00045000, ABSOLUTE, COMPRESSED[0x0004044c])

    Execution Region ER_IROM1 (Exec base: 0x08035000, Load base: 0x08035000, Size: 0x0003fa98, Max: 0x00045000, ABSOLUTE)

    Exec Addr    Load Addr    Size         Type   Attr      Idx    E Section Name        Object

    0x08035000   0x08035000   0x00000130   Data   RO            3    RESET               startup_stm32f10x_hd.o
    0x08035130   0x08035130   0x00000000   Code   RO         1593  * .ARM.Collect$$$$00000000  mc_w.l(entry.o)
    0x08035130   0x08035130   0x00000004   Code   RO         1906    .ARM.Collect$$$$00000001  mc_w.l(entry2.o)
    0x08035134   0x08035134   0x00000004   Code   RO         1909    .ARM.Collect$$$$00000004  mc_w.l(entry5.o)
    0x08035138   0x08035138   0x00000000   Code   RO         1911    .ARM.Collect$$$$00000008  mc_w.l(entry7b.o)
    0x08035138   0x08035138   0x00000000   Code   RO         1913    .ARM.Collect$$$$0000000A  mc_w.l(entry8b.o)
    0x08035138   0x08035138   0x00000008   Code   RO         1914    .ARM.Collect$$$$0000000B  mc_w.l(entry9a.o)
    0x08035140   0x08035140   0x00000000   Code   RO         1916    .ARM.Collect$$$$0000000D  mc_w.l(entry10a.o)
    0x08035140   0x08035140   0x00000000   Code   RO         1918    .ARM.Collect$$$$0000000F  mc_w.l(entry11a.o)
    0x08035140   0x08035140   0x00000004   Code   RO         1907    .ARM.Collect$$$$00002712  mc_w.l(entry2.o)
    0x08035144   0x08035144   0x00000096   Code   RO         1343    .emb_text           port.o
    0x080351da   0x080351da   0x00000002   PAD
    0x080351dc   0x080351dc   0x00000024   Code   RO            4    .text               startup_stm32f10x_hd.o
    0x08035200   0x08035200   0x000007ec   Code   RO           10    .text               application.o
    0x080359ec   0x080359ec   0x000000f8   Code   RO          376    .text               main.o
    0x08035ae4   0x08035ae4   0x00000020   Code   RO          406    .text               stm32f10x_it.o
    0x08035b04   0x08035b04   0x000004cc   Code   RO          431    .text               test_app_func.o
    0x08035fd0   0x08035fd0   0x00000078   Code   RO          465    .text               test_msg_push.o
    0x08036048   0x08036048   0x000007e4   Code   RO          480    .text               test_payload_cam_emu.o
    0x0803682c   0x0803682c   0x00000354   Code   RO          500    .text               test_payload_gimbal_emu.o
    0x08036b80   0x08036b80   0x0000005c   Code   RO          520    .text               test_osdk_func.o
    0x08036bdc   0x08036bdc   0x000002fc   Code   RO          538    .text               test_positioning.o
    0x08036ed8   0x08036ed8   0x00000002   Code   RO          566    .text               sys.o
    0x08036eda   0x08036eda   0x00000002   PAD
    0x08036edc   0x08036edc   0x000000f0   Code   RO          578    .text               pps.o
    0x08036fcc   0x08036fcc   0x000000b8   Code   RO          596    .text               hotshoe.o
    0x08037084   0x08037084   0x00000104   Code   RO          610    .text               bsp.o
    0x08037188   0x08037188   0x0000058a   Code   RO          629    .text               cam_task.o
    0x08037712   0x08037712   0x00000002   PAD
    0x08037714   0x08037714   0x00000130   Code   RO          645    .text               key_task.o
    0x08037844   0x08037844   0x0000017c   Code   RO          661    .text               oled_task.o
    0x080379c0   0x080379c0   0x000001d0   Code   RO          677    .text               rgb_task.o
    0x08037b90   0x08037b90   0x000004cc   Code   RO          696    .text               runinit_task.o
    0x0803805c   0x0803805c   0x00000328   Code   RO          713    .text               trigger_task.o
    0x08038384   0x08038384   0x00000164   Code   RO          736    .text               u2rece_task.o
    0x080384e8   0x080384e8   0x00000228   Code   RO          777    .text               u2send_task.o
    0x08038710   0x08038710   0x000000c0   Code   RO          794    .text               fan_task.o
    0x080387d0   0x080387d0   0x00000314   Code   RO          814    .text               cocoguojia_24c02.o
    0x08038ae4   0x08038ae4   0x000003c0   Code   RO          829    .text               cocoguojia_ds18b20.o
    0x08038ea4   0x08038ea4   0x00000048   Code   RO          841    .text               cocoguojia_init.o
    0x08038eec   0x08038eec   0x00001220   Code   RO          853    .text               cocoguojia_oled.o
    0x0803a10c   0x0803a10c   0x00000048   Code   RO          874    .text               cocoguojia_rgbled.o
    0x0803a154   0x0803a154   0x000000c8   Code   RO          886    .text               cocoguojia_tim1pwm.o
    0x0803a21c   0x0803a21c   0x00000558   Code   RO          898    .text               cocoguojia_usart.o
    0x0803a774   0x0803a774   0x000000d8   Code   RO          923    .text               cocoguojia_usart_ringbuffer.o
    0x0803a84c   0x0803a84c   0x000002cc   Code   RO          935    .text               cocoguojia_sdcard.o
    0x0803ab18   0x0803ab18   0x000013c4   Code   RO          958    .text               cocoguojia_sdio.o
    0x0803bedc   0x0803bedc   0x000002f8   Code   RO          977    .text               psdk_upper.o
    0x0803c1d4   0x0803c1d4   0x0000046c   Code   RO          993    .text               psdk_app_func.o
    0x0803c640   0x0803c640   0x00000128   Code   RO         1009    .text               psdk_msg_subcribe.o
    0x0803c768   0x0803c768   0x000005b4   Code   RO         1024    .text               psdk_payload_camera.o
    0x0803cd1c   0x0803cd1c   0x000001a0   Code   RO         1040    .text               psdk_payload_gimbal.o
    0x0803cebc   0x0803cebc   0x000000d8   Code   RO         1056    .text               psdk_osdk_func.o
    0x0803cf94   0x0803cf94   0x0000006c   Code   RO         1071    .text               psdk_positioning.o
    0x0803d000   0x0803d000   0x00000dc8   Code   RO         1083    .text               psdk_aes.o
    0x0803ddc8   0x0803ddc8   0x000000d8   Code   RO         1097    .text               psdk_crc.o
    0x0803dea0   0x0803dea0   0x000008c4   Code   RO         1112    .text               psdk_md5.o
    0x0803e764   0x0803e764   0x000006e8   Code   RO         1136    .text               psdk_proto.o
    0x0803ee4c   0x0803ee4c   0x00000054   Code   RO         1150    .text               psdk_debug.o
    0x0803eea0   0x0803eea0   0x000000c4   Code   RO         1163    .text               psdk_proto_parse.o
    0x0803ef64   0x0803ef64   0x00000120   Code   RO         1175    .text               psdk_arch_sys.o
    0x0803f084   0x0803f084   0x00000888   Code   RO         1187    .text               cmsis_os.o
    0x0803f90c   0x0803f90c   0x0000034c   Code   RO         1230    .text               event_groups.o
    0x0803fc58   0x0803fc58   0x00000088   Code   RO         1264    .text               list.o
    0x0803fce0   0x0803fce0   0x000009b8   Code   RO         1276    .text               queue.o
    0x08040698   0x08040698   0x0000139c   Code   RO         1291    .text               tasks.o
    0x08041a34   0x08041a34   0x000001d8   Code   RO         1316    .text               heap_4.o
    0x08041c0c   0x08041c0c   0x000001c4   Code   RO         1344    .text               port.o
    0x08041dd0   0x08041dd0   0x00000174   Code   RO         1373    .text               system_stm32f10x.o
    0x08041f44   0x08041f44   0x000000b8   Code   RO         1401    .text               misc.o
    0x08041ffc   0x08041ffc   0x000001e8   Code   RO         1425    .text               stm32f10x_dma.o
    0x080421e4   0x080421e4   0x000000ec   Code   RO         1437    .text               stm32f10x_exti.o
    0x080422d0   0x080422d0   0x00000298   Code   RO         1479    .text               stm32f10x_gpio.o
    0x08042568   0x08042568   0x000002f4   Code   RO         1491    .text               stm32f10x_rcc.o
    0x0804285c   0x0804285c   0x000001b0   Code   RO         1505    .text               stm32f10x_sdio.o
    0x08042a0c   0x08042a0c   0x00000c2a   Code   RO         1517    .text               stm32f10x_tim.o
    0x08043636   0x08043636   0x00000002   PAD
    0x08043638   0x08043638   0x0000039c   Code   RO         1529    .text               stm32f10x_usart.o
    0x080439d4   0x080439d4   0x00000160   Code   RO         1541    .text               diskio.o
    0x08043b34   0x08043b34   0x00002998   Code   RO         1561    .text               ff.o
    0x080464cc   0x080464cc   0x000000a4   Code   RO         1579    .text               cc936.o
    0x08046570   0x08046570   0x00000062   Code   RO         1596    .text               mc_w.l(uldiv.o)
    0x080465d2   0x080465d2   0x00000002   PAD
    0x080465d4   0x080465d4   0x0000008c   Code   RO         1601    .text               mc_w.l(localtime_r.o)
    0x08046660   0x08046660   0x000000a8   Code   RO         1604    .text               mc_w.l(mktime.o)
    0x08046708   0x08046708   0x00000024   Code   RO         1607    .text               mc_w.l(memcpya.o)
    0x0804672c   0x0804672c   0x00000024   Code   RO         1609    .text               mc_w.l(memseta.o)
    0x08046750   0x08046750   0x00000018   Code   RO         1611    .text               mc_w.l(strncpy.o)
    0x08046768   0x08046768   0x0000000e   Code   RO         1613    .text               mc_w.l(strlen.o)
    0x08046776   0x08046776   0x0000001c   Code   RO         1615    .text               mc_w.l(strcmp.o)
    0x08046792   0x08046792   0x00000012   Code   RO         1617    .text               mc_w.l(strcpy.o)
    0x080467a4   0x080467a4   0x0000001a   Code   RO         1882    .text               mc_w.l(atoi.o)
    0x080467be   0x080467be   0x00000064   Code   RO         1884    .text               mf_w.l(fmul.o)
    0x08046822   0x08046822   0x0000014e   Code   RO         1886    .text               mf_w.l(dadd.o)
    0x08046970   0x08046970   0x000000e4   Code   RO         1888    .text               mf_w.l(dmul.o)
    0x08046a54   0x08046a54   0x000000de   Code   RO         1890    .text               mf_w.l(ddiv.o)
    0x08046b32   0x08046b32   0x00000022   Code   RO         1892    .text               mf_w.l(dflti.o)
    0x08046b54   0x08046b54   0x0000001a   Code   RO         1894    .text               mf_w.l(dfltui.o)
    0x08046b6e   0x08046b6e   0x00000032   Code   RO         1896    .text               mf_w.l(ffixi.o)
    0x08046ba0   0x08046ba0   0x0000003e   Code   RO         1898    .text               mf_w.l(dfixi.o)
    0x08046bde   0x08046bde   0x00000032   Code   RO         1900    .text               mf_w.l(dfixui.o)
    0x08046c10   0x08046c10   0x00000030   Code   RO         1902    .text               mf_w.l(cdcmple.o)
    0x08046c40   0x08046c40   0x00000038   Code   RO         1904    .text               mf_w.l(d2f.o)
    0x08046c78   0x08046c78   0x0000002c   Code   RO         1923    .text               mc_w.l(uidiv.o)
    0x08046ca4   0x08046ca4   0x0000001e   Code   RO         1925    .text               mc_w.l(llshl.o)
    0x08046cc2   0x08046cc2   0x00000020   Code   RO         1927    .text               mc_w.l(llushr.o)
    0x08046ce2   0x08046ce2   0x00000024   Code   RO         1929    .text               mc_w.l(llsshr.o)
    0x08046d06   0x08046d06   0x00000070   Code   RO         1941    .text               mc_w.l(strtol.o)
    0x08046d76   0x08046d76   0x00000000   Code   RO         1943    .text               mc_w.l(iusefp.o)
    0x08046d76   0x08046d76   0x0000006e   Code   RO         1944    .text               mf_w.l(fepilogue.o)
    0x08046de4   0x08046de4   0x000000ba   Code   RO         1946    .text               mf_w.l(depilogue.o)
    0x08046e9e   0x08046e9e   0x00000030   Code   RO         1948    .text               mf_w.l(dfixul.o)
    0x08046ece   0x08046ece   0x00000002   PAD
    0x08046ed0   0x08046ed0   0x00000030   Code   RO         1950    .text               mf_w.l(cdrcmple.o)
    0x08046f00   0x08046f00   0x00000024   Code   RO         1952    .text               mc_w.l(init.o)
    0x08046f24   0x08046f24   0x00000008   Code   RO         1955    .text               mc_w.l(ctype_o.o)
    0x08046f2c   0x08046f2c   0x0000009e   Code   RO         1983    .text               mc_w.l(_strtoul.o)
    0x08046fca   0x08046fca   0x0000001c   Code   RO         1986    .text               mc_w.l(_chval.o)
    0x08046fe6   0x08046fe6   0x00000056   Code   RO         1996    .text               mc_w.l(__dczerorl2.o)
    0x0804703c   0x0804703c   0x00000028   Code   RO         1856    i.__0sprintf        mc_w.l(printfa.o)
    0x08047064   0x08047064   0x0000002c   Code   RO         1859    i.__0vsnprintf      mc_w.l(printfa.o)
    0x08047090   0x08047090   0x00000008   Code   RO         1934    i.__aeabi_errno_addr  mc_w.l(errno.o)
    0x08047098   0x08047098   0x0000000e   Code   RO         1990    i.__scatterload_copy  mc_w.l(handlers.o)
    0x080470a6   0x080470a6   0x00000002   Code   RO         1991    i.__scatterload_null  mc_w.l(handlers.o)
    0x080470a8   0x080470a8   0x0000000e   Code   RO         1992    i.__scatterload_zeroinit  mc_w.l(handlers.o)
    0x080470b6   0x080470b6   0x00000002   PAD
    0x080470b8   0x080470b8   0x00000184   Code   RO         1861    i._fp_digits        mc_w.l(printfa.o)
    0x0804723c   0x0804723c   0x000006dc   Code   RO         1862    i._printf_core      mc_w.l(printfa.o)
    0x08047918   0x08047918   0x00000024   Code   RO         1863    i._printf_post_padding  mc_w.l(printfa.o)
    0x0804793c   0x0804793c   0x0000002e   Code   RO         1864    i._printf_pre_padding  mc_w.l(printfa.o)
    0x0804796a   0x0804796a   0x00000016   Code   RO         1865    i._snputc           mc_w.l(printfa.o)
    0x08047980   0x08047980   0x0000000a   Code   RO         1866    i._sputc            mc_w.l(printfa.o)
    0x0804798a   0x0804798a   0x00000056   Data   RO           12    .constdata          application.o
    0x080479e0   0x080479e0   0x00000114   Data   RO          377    .constdata          main.o
    0x08047af4   0x08047af4   0x00000270   Data   RO          433    .constdata          test_app_func.o
    0x08047d64   0x08047d64   0x00000001   Data   RO          434    .constdata          test_app_func.o
    0x08047d65   0x08047d65   0x00000036   Data   RO          435    .constdata          test_app_func.o
    0x08047d9b   0x08047d9b   0x00000001   PAD
    0x08047d9c   0x08047d9c   0x00000030   Data   RO          467    .constdata          test_msg_push.o
    0x08047dcc   0x08047dcc   0x00000090   Data   RO          481    .constdata          test_payload_cam_emu.o
    0x08047e5c   0x08047e5c   0x0000017a   Data   RO          482    .constdata          test_payload_cam_emu.o
    0x08047fd6   0x08047fd6   0x00000002   PAD
    0x08047fd8   0x08047fd8   0x00000020   Data   RO          501    .constdata          test_payload_gimbal_emu.o
    0x08047ff8   0x08047ff8   0x000000b3   Data   RO          502    .constdata          test_payload_gimbal_emu.o
    0x080480ab   0x080480ab   0x00000001   PAD
    0x080480ac   0x080480ac   0x00000004   Data   RO          521    .constdata          test_osdk_func.o
    0x080480b0   0x080480b0   0x0000001f   Data   RO          522    .constdata          test_osdk_func.o
    0x080480cf   0x080480cf   0x00000035   Data   RO          540    .constdata          test_positioning.o
    0x08048104   0x08048104   0x00000009   Data   RO          630    .constdata          cam_task.o
    0x0804810d   0x0804810d   0x00000009   Data   RO          646    .constdata          key_task.o
    0x08048116   0x08048116   0x0000000a   Data   RO          662    .constdata          oled_task.o
    0x08048120   0x08048120   0x00000009   Data   RO          678    .constdata          rgb_task.o
    0x08048129   0x08048129   0x0000000d   Data   RO          697    .constdata          runinit_task.o
    0x08048136   0x08048136   0x0000000d   Data   RO          714    .constdata          trigger_task.o
    0x08048143   0x08048143   0x0000000c   Data   RO          738    .constdata          u2rece_task.o
    0x0804814f   0x0804814f   0x0000000c   Data   RO          778    .constdata          u2send_task.o
    0x0804815b   0x0804815b   0x00000009   Data   RO          795    .constdata          fan_task.o
    0x08048164   0x08048164   0x000005f0   Data   RO          855    .constdata          cocoguojia_oled.o
    0x08048754   0x08048754   0x00000030   Data   RO          979    .constdata          psdk_upper.o
    0x08048784   0x08048784   0x00000071   Data   RO          994    .constdata          psdk_app_func.o
    0x080487f5   0x080487f5   0x00000003   PAD
    0x080487f8   0x080487f8   0x00000060   Data   RO         1011    .constdata          psdk_msg_subcribe.o
    0x08048858   0x08048858   0x00000108   Data   RO         1026    .constdata          psdk_payload_camera.o
    0x08048960   0x08048960   0x00000048   Data   RO         1042    .constdata          psdk_payload_gimbal.o
    0x080489a8   0x080489a8   0x00000008   Data   RO         1057    .constdata          psdk_osdk_func.o
    0x080489b0   0x080489b0   0x0000083c   Data   RO         1084    .constdata          psdk_aes.o
    0x080491ec   0x080491ec   0x00000300   Data   RO         1098    .constdata          psdk_crc.o
    0x080494ec   0x080494ec   0x0000002f   Data   RO         1137    .constdata          psdk_proto.o
    0x0804951b   0x0804951b   0x00000017   Data   RO         1151    .constdata          psdk_debug.o
    0x08049532   0x08049532   0x00000002   PAD
    0x08049534   0x08049534   0x00000068   Data   RO         1562    .constdata          ff.o
    0x0804959c   0x0804959c   0x0002b0c0   Data   RO         1580    .constdata          cc936.o
    0x0807465c   0x0807465c   0x0000000c   Data   RO         1602    .constdata          mc_w.l(localtime_r.o)
    0x08074668   0x08074668   0x0000000c   Data   RO         1605    .constdata          mc_w.l(mktime.o)
    0x08074674   0x08074674   0x00000081   Data   RO         1956    .constdata          mc_w.l(ctype_o.o)
    0x080746f5   0x080746f5   0x00000003   PAD
    0x080746f8   0x080746f8   0x00000004   Data   RO         1957    .constdata          mc_w.l(ctype_o.o)
    0x080746fc   0x080746fc   0x000000f2   Data   RO           13    .conststring        application.o
    0x080747ee   0x080747ee   0x00000002   PAD
    0x080747f0   0x080747f0   0x000000b7   Data   RO          378    .conststring        main.o
    0x080748a7   0x080748a7   0x00000001   PAD
    0x080748a8   0x080748a8   0x000000da   Data   RO          436    .conststring        test_app_func.o
    0x08074982   0x08074982   0x00000002   PAD
    0x08074984   0x08074984   0x000000a0   Data   RO          995    .conststring        psdk_app_func.o
    0x08074a24   0x08074a24   0x00000052   Data   RO         1138    .conststring        psdk_proto.o
    0x08074a76   0x08074a76   0x00000002   PAD
    0x08074a78   0x08074a78   0x00000020   Data   RO         1988    Region$$Table       anon$$obj.o


    Execution Region RW_IRAM1 (Exec base: 0x20000000, Load base: 0x08074a98, Size: 0x0000f4f0, Max: 0x00010000, ABSOLUTE, COMPRESSED[0x000009b4])

    Exec Addr    Load Addr    Size         Type   Attr      Idx    E Section Name        Object

    0x20000000   COMPRESSED   0x0000002b   Data   RW           14    .data               application.o
    0x2000002b   COMPRESSED   0x00000001   PAD
    0x2000002c   COMPRESSED   0x00000040   Data   RW          379    .data               main.o
    0x2000006c   COMPRESSED   0x0000006c   Data   RW          437    .data               test_app_func.o
    0x200000d8   COMPRESSED   0x00000050   Data   RW          483    .data               test_payload_cam_emu.o
    0x20000128   COMPRESSED   0x00000016   Data   RW          503    .data               test_payload_gimbal_emu.o
    0x2000013e   COMPRESSED   0x00000002   PAD
    0x20000140   COMPRESSED   0x00000008   Data   RW          542    .data               test_positioning.o
    0x20000148   COMPRESSED   0x00000001   Data   RW          543    .data               test_positioning.o
    0x20000149   COMPRESSED   0x00000003   PAD
    0x2000014c   COMPRESSED   0x0000000c   Data   RW          579    .data               pps.o
    0x20000158   COMPRESSED   0x00000004   Data   RW          597    .data               hotshoe.o
    0x2000015c   COMPRESSED   0x00000004   Data   RW          631    .data               cam_task.o
    0x20000160   COMPRESSED   0x00000004   Data   RW          647    .data               key_task.o
    0x20000164   COMPRESSED   0x00000004   Data   RW          663    .data               oled_task.o
    0x20000168   COMPRESSED   0x00000008   Data   RW          679    .data               rgb_task.o
    0x20000170   COMPRESSED   0x00000004   Data   RW          699    .data               runinit_task.o
    0x20000174   COMPRESSED   0x00000010   Data   RW          715    .data               trigger_task.o
    0x20000184   COMPRESSED   0x00000004   Data   RW          741    .data               u2rece_task.o
    0x20000188   COMPRESSED   0x00000002   Data   RW          744    .data               u2rece_task.o
    0x2000018a   COMPRESSED   0x00000001   Data   RW          745    .data               u2rece_task.o
    0x2000018b   COMPRESSED   0x00000001   PAD
    0x2000018c   COMPRESSED   0x00000016   Data   RW          746    .data               u2rece_task.o
    0x200001a2   COMPRESSED   0x00000006   Data   RW          747    .data               u2rece_task.o
    0x200001a8   COMPRESSED   0x00000001   Data   RW          748    .data               u2rece_task.o
    0x200001a9   COMPRESSED   0x00000001   Data   RW          750    .data               u2rece_task.o
    0x200001aa   COMPRESSED   0x00000001   Data   RW          751    .data               u2rece_task.o
    0x200001ab   COMPRESSED   0x00000001   Data   RW          754    .data               u2rece_task.o
    0x200001ac   COMPRESSED   0x00000001   Data   RW          755    .data               u2rece_task.o
    0x200001ad   COMPRESSED   0x00000003   PAD
    0x200001b0   COMPRESSED   0x00000004   Data   RW          756    .data               u2rece_task.o
    0x200001b4   COMPRESSED   0x00000001   Data   RW          757    .data               u2rece_task.o
    0x200001b5   COMPRESSED   0x00000001   Data   RW          758    .data               u2rece_task.o
    0x200001b6   COMPRESSED   0x00000002   PAD
    0x200001b8   COMPRESSED   0x00000004   Data   RW          779    .data               u2send_task.o
    0x200001bc   COMPRESSED   0x00000008   Data   RW          796    .data               fan_task.o
    0x200001c4   COMPRESSED   0x00000001   Data   RW          797    .data               fan_task.o
    0x200001c5   COMPRESSED   0x00000008   Data   RW          815    .data               cocoguojia_24c02.o
    0x200001cd   COMPRESSED   0x00000ac5   Data   RW          856    .data               cocoguojia_oled.o
    0x20000c92   COMPRESSED   0x00000002   PAD
    0x20000c94   COMPRESSED   0x00000010   Data   RW          900    .data               cocoguojia_usart.o
    0x20000ca4   COMPRESSED   0x00000168   Data   RW          937    .data               cocoguojia_sdcard.o
    0x20000e0c   COMPRESSED   0x00000014   Data   RW          960    .data               cocoguojia_sdio.o
    0x20000e20   COMPRESSED   0x00000004   Data   RW          980    .data               psdk_upper.o
    0x20000e24   COMPRESSED   0x00000018   Data   RW          996    .data               psdk_app_func.o
    0x20000e3c   COMPRESSED   0x00000001   Data   RW         1027    .data               psdk_payload_camera.o
    0x20000e3d   COMPRESSED   0x00000001   Data   RW         1043    .data               psdk_payload_gimbal.o
    0x20000e3e   COMPRESSED   0x00000002   PAD
    0x20000e40   COMPRESSED   0x00000004   Data   RW         1058    .data               psdk_osdk_func.o
    0x20000e44   COMPRESSED   0x00000400   Data   RW         1099    .data               psdk_crc.o
    0x20001244   COMPRESSED   0x0000003c   Data   RW         1293    .data               tasks.o
    0x20001280   COMPRESSED   0x00000018   Data   RW         1318    .data               heap_4.o
    0x20001298   COMPRESSED   0x0000000c   Data   RW         1345    .data               port.o
    0x200012a4   COMPRESSED   0x00000014   Data   RW         1374    .data               system_stm32f10x.o
    0x200012b8   COMPRESSED   0x00000014   Data   RW         1492    .data               stm32f10x_rcc.o
    0x200012cc   COMPRESSED   0x0000000c   Data   RW         1563    .data               ff.o
    0x200012d8   COMPRESSED   0x00000004   Data   RW         1937    .data               mc_w.l(errno.o)
    0x200012dc        -       0x00000d74   Zero   RW           11    .bss                application.o
    0x20002050        -       0x00000400   Zero   RW          432    .bss                test_app_func.o
    0x20002450        -       0x00000044   Zero   RW          466    .bss                test_msg_push.o
    0x20002494        -       0x00000155   Zero   RW          539    .bss                test_positioning.o
    0x200025e9   COMPRESSED   0x00000001   PAD
    0x200025ea        -       0x0000000c   Zero   RW          737    .bss                u2rece_task.o
    0x200025f6   COMPRESSED   0x00000002   PAD
    0x200025f8        -       0x00000c48   Zero   RW          899    .bss                cocoguojia_usart.o
    0x20003240        -       0x00002318   Zero   RW          936    .bss                cocoguojia_sdcard.o
    0x20005558        -       0x000000cc   Zero   RW          959    .bss                cocoguojia_sdio.o
    0x20005624        -       0x000000b5   Zero   RW          978    .bss                psdk_upper.o
    0x200056d9   COMPRESSED   0x00000003   PAD
    0x200056dc        -       0x00000030   Zero   RW         1010    .bss                psdk_msg_subcribe.o
    0x2000570c        -       0x00000090   Zero   RW         1025    .bss                psdk_payload_camera.o
    0x2000579c        -       0x00000020   Zero   RW         1041    .bss                psdk_payload_gimbal.o
    0x200057bc        -       0x00000040   Zero   RW         1277    .bss                queue.o
    0x200057fc        -       0x000000f0   Zero   RW         1292    .bss                tasks.o
    0x200058ec        -       0x00009800   Zero   RW         1317    .bss                heap_4.o
    0x2000f0ec   COMPRESSED   0x00000004   PAD
    0x2000f0f0        -       0x00000400   Zero   RW            1    STACK               startup_stm32f10x_hd.o


==============================================================================

Image component sizes


      Code (inc. data)   RO Data    RW Data    ZI Data      Debug   Object Name

      2028        486        328         43       3444     346899   application.o
       260         24          0          0          0       4091   bsp.o
      1418         76          9          4          0       2436   cam_task.o
       164         18     176320          0          0       1873   cc936.o
      2184         10          0          0          0      26088   cmsis_os.o
       788         14          0          8          0       4814   cocoguojia_24c02.o
       960         18          0          0          0       3243   cocoguojia_ds18b20.o
        72          8          0          0          0        788   cocoguojia_init.o
      4640        512       1520       2757          0      11206   cocoguojia_oled.o
        72         10          0          0          0        572   cocoguojia_rgbled.o
       716         38          0        360       8984       6434   cocoguojia_sdcard.o
      5060        104          0         20        204      25585   cocoguojia_sdio.o
       200          8          0          0          0       1023   cocoguojia_tim1pwm.o
      1368         66          0         16       3144       9248   cocoguojia_usart.o
       216          0          0          0          0       2281   cocoguojia_usart_ringbuffer.o
       352          8          0          0          0       4083   diskio.o
       844          4          0          0          0      15318   event_groups.o
       192         66          9          9          0       1054   fan_task.o
     10648        114        104         12          0      35664   ff.o
       472         10          0         24      38912       6336   heap_4.o
       184         10          0          4          0       1888   hotshoe.o
       304         60          9          4          0       1080   key_task.o
       136          0          0          0          0       1902   list.o
       248         16        459         64          0       9194   main.o
       184         12          0          0          0       1985   misc.o
       380         58         10          4          0       1174   oled_task.o
       602         32          0         12          0       8059   port.o
       240         14          0         12          0       1844   pps.o
      3528         56       2108          0          0       6379   psdk_aes.o
      1132         20        273         24          0       7461   psdk_app_func.o
       288         36          0          0          0       3041   psdk_arch_sys.o
       216         48        768       1024          0       2291   psdk_crc.o
        84         66         23          0          0       1033   psdk_debug.o
      2244        262          0          0          0       6066   psdk_md5.o
       296         10         96          0         48       5100   psdk_msg_subcribe.o
       216         10          8          4          0       2392   psdk_osdk_func.o
      1460         18        264          1        144      12054   psdk_payload_camera.o
       416         12         72          1         32       4626   psdk_payload_gimbal.o
       108          0          0          0          0       1265   psdk_positioning.o
      1768        288        129          0          0       7320   psdk_proto.o
       196          0          0          0          0       2011   psdk_proto_parse.o
       760         12         48          4        181       6171   psdk_upper.o
      2488          8          0          0         64      17045   queue.o
       464         92          9          8          0       1390   rgb_task.o
      1228        108         13          4          0       2571   runinit_task.o
        36          8        304          0       1024        872   startup_stm32f10x_hd.o
       488         10          0          0          0       4854   stm32f10x_dma.o
       236         10          0          0          0       2475   stm32f10x_exti.o
       664         36          0          0          0       6269   stm32f10x_gpio.o
        32          0          0          0          0       1151   stm32f10x_it.o
       756         32          0         20          0       9416   stm32f10x_rcc.o
       432         20          0          0          0       7348   stm32f10x_sdio.o
      3114         84          0          0          0      25160   stm32f10x_tim.o
       924         20          0          0          0       9232   stm32f10x_usart.o
         2          0          0          0          0        415   sys.o
       372         34          0         20          0       1959   system_stm32f10x.o
      5020        104          0         60        240      27776   tasks.o
      1228        608        897        108       1024       3611   test_app_func.o
       120          4         48          0         68       3148   test_msg_push.o
        92         50         35          0          0       1388   test_osdk_func.o
      2020        646        522         80          0      11143   test_payload_cam_emu.o
       852        326        211         22          0       4068   test_payload_gimbal_emu.o
       764         88         53          9        341       5111   test_positioning.o
       808        104         13         16          0       2048   trigger_task.o
       356         66         12         46         12       3193   u2rece_task.o
       552        144         12          4          0       1674   u2send_task.o

    ----------------------------------------------------------------------
     70700       5236     184734       4824      57876     756689   Object Totals
         0          0         32          0          0          0   (incl. Generated)
         8          0         16         16         10          0   (incl. Padding)

    ----------------------------------------------------------------------

      Code (inc. data)   RO Data    RW Data    ZI Data      Debug   Library Member Name

        86          0          0          0          0          0   __dczerorl2.o
        28          0          0          0          0         68   _chval.o
       158          0          0          0          0         92   _strtoul.o
        26          0          0          0          0         80   atoi.o
         8          4        133          0          0         68   ctype_o.o
         0          0          0          0          0          0   entry.o
         0          0          0          0          0          0   entry10a.o
         0          0          0          0          0          0   entry11a.o
         8          4          0          0          0          0   entry2.o
         4          0          0          0          0          0   entry5.o
         0          0          0          0          0          0   entry7b.o
         0          0          0          0          0          0   entry8b.o
         8          4          0          0          0          0   entry9a.o
         8          4          0          4          0         68   errno.o
        30          0          0          0          0          0   handlers.o
        36          8          0          0          0         68   init.o
         0          0          0          0          0          0   iusefp.o
        30          0          0          0          0         68   llshl.o
        36          0          0          0          0         68   llsshr.o
        32          0          0          0          0         68   llushr.o
       140          6         12          0          0         76   localtime_r.o
        36          0          0          0          0         68   memcpya.o
        36          0          0          0          0        108   memseta.o
       168         18         12          0          0         80   mktime.o
      2342         90          0          0          0        668   printfa.o
        28          0          0          0          0         76   strcmp.o
        18          0          0          0          0         68   strcpy.o
        14          0          0          0          0         68   strlen.o
        24          0          0          0          0         76   strncpy.o
       112          0          0          0          0         88   strtol.o
        44          0          0          0          0         80   uidiv.o
        98          0          0          0          0         92   uldiv.o
        48          0          0          0          0         68   cdcmple.o
        48          0          0          0          0         68   cdrcmple.o
        56          0          0          0          0         88   d2f.o
       334          0          0          0          0        148   dadd.o
       222          0          0          0          0        100   ddiv.o
       186          0          0          0          0        176   depilogue.o
        62          0          0          0          0         80   dfixi.o
        50          0          0          0          0         76   dfixui.o
        48          0          0          0          0         68   dfixul.o
        34          0          0          0          0         76   dflti.o
        26          0          0          0          0         76   dfltui.o
       228          0          0          0          0         96   dmul.o
       110          0          0          0          0        168   fepilogue.o
        50          0          0          0          0         68   ffixi.o
       100          0          0          0          0         76   fmul.o

    ----------------------------------------------------------------------
      5166        138        160          4          0       3628   Library Totals
         6          0          3          0          0          0   (incl. Padding)

    ----------------------------------------------------------------------

      Code (inc. data)   RO Data    RW Data    ZI Data      Debug   Library Name

      3558        138        157          4          0       2196   mc_w.l
      1602          0          0          0          0       1432   mf_w.l

    ----------------------------------------------------------------------
      5166        138        160          4          0       3628   Library Totals

    ----------------------------------------------------------------------

==============================================================================


      Code (inc. data)   RO Data    RW Data    ZI Data      Debug   

     75866       5374     184894       4828      57876     752281   Grand Totals
     75866       5374     184894       2484      57876     752281   ELF Image Totals (compressed)
     75866       5374     184894       2484          0          0   ROM Totals

==============================================================================

    Total RO  Size (Code + RO Data)               260760 ( 254.65kB)
    Total RW  Size (RW Data + ZI Data)             62704 (  61.23kB)
    Total ROM Size (Code + RO Data + RW Data)     263244 ( 257.07kB)

==============================================================================

