Component: ARM Compiler 5.06 update 5 (build 528) Tool: armlink [4d35e2]

==============================================================================

Section Cross References

    startup_stm32f10x_hd.o(RESET) refers to startup_stm32f10x_hd.o(STACK) for __initial_sp
    startup_stm32f10x_hd.o(RESET) refers to startup_stm32f10x_hd.o(.text) for Reset_Handler
    startup_stm32f10x_hd.o(RESET) refers to stm32f10x_it.o(.text) for NMI_Handler
    startup_stm32f10x_hd.o(RESET) refers to port.o(.emb_text) for SVC_Handler
    startup_stm32f10x_hd.o(RESET) refers to hotshoe.o(.text) for EXTI1_IRQHandler
    startup_stm32f10x_hd.o(RESET) refers to pps.o(.text) for EXTI3_IRQHandler
    startup_stm32f10x_hd.o(RESET) refers to cocoguojia_usart.o(.text) for USART1_IRQHandler
    startup_stm32f10x_hd.o(RESET) refers to cocoguojia_sdio.o(.text) for SDIO_IRQHandler
    startup_stm32f10x_hd.o(.text) refers to system_stm32f10x.o(.text) for SystemInit
    startup_stm32f10x_hd.o(.text) refers to entry.o(.ARM.Collect$$$$00000000) for __main
    application.o(.text) refers to memseta.o(.text) for __aeabi_memclr
    application.o(.text) refers to strcpy.o(.text) for strcpy
    application.o(.text) refers to strcmp.o(.text) for strcmp
    application.o(.text) refers to cocoguojia_usart.o(.text) for UART_Printf
    application.o(.text) refers to tasks.o(.text) for uxTaskGetStackHighWaterMark
    application.o(.text) refers to printfa.o(i.__0sprintf) for __2sprintf
    application.o(.text) refers to psdk_app_func.o(.text) for PsdkAppFunc_PushMsgToFloatingWindow
    application.o(.text) refers to strlen.o(.text) for strlen
    application.o(.text) refers to psdk_osdk_func.o(.text) for PsdkOsdkFunc_TransferToOsdk
    application.o(.text) refers to cmsis_os.o(.text) for osDelay
    application.o(.text) refers to psdk_upper.o(.text) for PsdkUpper_ProcessReceiveData
    application.o(.text) refers to pps.o(.text) for PPS_Init
    application.o(.text) refers to hotshoe.o(.text) for HotShoe_Init
    application.o(.text) refers to psdk_msg_subcribe.o(.text) for PsdkMsgSub_Init
    application.o(.text) refers to psdk_payload_camera.o(.text) for PsdkCamera_Init
    application.o(.text) refers to psdk_payload_gimbal.o(.text) for PsdkGimbal_Init
    application.o(.text) refers to test_positioning.o(.text) for Test_RequestPosition
    application.o(.text) refers to cdcmple.o(.text) for __aeabi_cdcmpeq
    application.o(.text) refers to application.o(.constdata) for .constdata
    application.o(.text) refers to application.o(.conststring) for .conststring
    application.o(.text) refers to main.o(.data) for psdkTestTaskHandle
    application.o(.text) refers to application.o(.data) for .data
    application.o(.text) refers to application.o(.bss) for .bss
    application.o(.text) refers to u2rece_task.o(.bss) for g_photoPicNum
    application.o(.text) refers to u2rece_task.o(.data) for g_signalOrAutoModelFlag
    application.o(.text) refers to trigger_task.o(.data) for g_canPhotoStateFlag
    application.o(.text) refers to u2rece_task.o(.data) for g_tim5CatchNum
    application.o(.text) refers to u2rece_task.o(.data) for g_ppsRtkHealthNum
    application.o(.text) refers to test_app_func.o(.text) for Test_ReceiveFromMobileSDKFunc
    application.o(.text) refers to test_app_func.o(.constdata) for g_TestWidgetCount
    application.o(.text) refers to test_app_func.o(.data) for g_TestWidgetList
    application.o(.text) refers to test_msg_push.o(.constdata) for g_PushDataMsgCallbackList
    application.o(.text) refers to test_payload_cam_emu.o(.constdata) for g_testCameraHandler
    application.o(.text) refers to test_payload_gimbal_emu.o(.constdata) for g_testGimbalHandler
    application.o(.text) refers to test_osdk_func.o(.constdata) for g_testOsdkFuncHandler
    application.o(.text) refers to pps.o(.data) for ppssignal
    application.o(.text) refers to test_positioning.o(.bss) for writesdpos
    application.o(.text) refers to test_positioning.o(.data) for timesigner
    main.o(.text) refers to sys.o(.text) for Sys_Init
    main.o(.text) refers to bsp.o(.text) for BSP_Init
    main.o(.text) refers to application.o(.text) for application_init
    main.o(.text) refers to cmsis_os.o(.text) for osThreadCreate
    main.o(.text) refers to port.o(.text) for vPortEnterCritical
    main.o(.text) refers to event_groups.o(.text) for xEventGroupCreate
    main.o(.text) refers to main.o(.constdata) for .constdata
    main.o(.text) refers to main.o(.data) for .data
    main.o(.constdata) refers to main.o(.conststring) for .conststring
    main.o(.constdata) refers to main.o(.text) for APP_TASKCREATE
    main.o(.constdata) refers to oled_task.o(.text) for OLED_TASK
    main.o(.constdata) refers to key_task.o(.text) for KEY_TASK
    main.o(.constdata) refers to cam_task.o(.text) for CAM_TASK
    main.o(.constdata) refers to rgb_task.o(.text) for RGB_TASK
    main.o(.constdata) refers to runinit_task.o(.text) for RUNINIT_TASK
[...]
    SD_PowerON                               0x0803afff   Thumb Code   356  cocoguojia_sdio.o(.text)
    SD_Init                                  0x0803b163   Thumb Code    94  cocoguojia_sdio.o(.text)
    SD_SendStatus                            0x0803b1c1   Thumb Code    36  cocoguojia_sdio.o(.text)
    SD_GetState                              0x0803b1e5   Thumb Code    26  cocoguojia_sdio.o(.text)
    SD_GetStatus                             0x0803b1ff   Thumb Code    26  cocoguojia_sdio.o(.text)
    SD_PowerOFF                              0x0803b219   Thumb Code    14  cocoguojia_sdio.o(.text)
    SD_SendSDStatus                          0x0803b227   Thumb Code   334  cocoguojia_sdio.o(.text)
    SD_GetCardStatus                         0x0803b375   Thumb Code   128  cocoguojia_sdio.o(.text)
    SD_ReadBlock                             0x0803b3f5   Thumb Code   174  cocoguojia_sdio.o(.text)
    SD_ReadMultiBlocks                       0x0803b4a3   Thumb Code   188  cocoguojia_sdio.o(.text)
    SD_WaitReadOperation                     0x0803b55f   Thumb Code    34  cocoguojia_sdio.o(.text)
    SD_WriteBlock                            0x0803b581   Thumb Code   170  cocoguojia_sdio.o(.text)
    SD_WriteMultiBlocks                      0x0803b62b   Thumb Code   278  cocoguojia_sdio.o(.text)
    SD_WaitWriteOperation                    0x0803b741   Thumb Code    56  cocoguojia_sdio.o(.text)
    SD_GetTransferState                      0x0803b779   Thumb Code    18  cocoguojia_sdio.o(.text)
    SD_StopTransfer                          0x0803b78b   Thumb Code    18  cocoguojia_sdio.o(.text)
    SD_Erase                                 0x0803b8f5   Thumb Code   238  cocoguojia_sdio.o(.text)
    SD_ProcessIRQSrc                         0x0803b9e3   Thumb Code    60  cocoguojia_sdio.o(.text)
    convert_from_bytes_to_power_of_two       0x0803ba1f   Thumb Code    18  cocoguojia_sdio.o(.text)
    SDIO_IRQHandler                          0x0803ba31   Thumb Code     2  cocoguojia_sdio.o(.text)
    PsdkUpper_Init                           0x0803bcb1   Thumb Code    92  psdk_upper.o(.text)
    PsdkUpper_SetFixVersion                  0x0803bd0d   Thumb Code    10  psdk_upper.o(.text)
    PsdkUpper_SetProductAlias                0x0803bd17   Thumb Code    18  psdk_upper.o(.text)
    PsdkUpper_ProcessReceiveData             0x0803bd29   Thumb Code     4  psdk_upper.o(.text)
    PsdkUpper_RegSendFunction                0x0803bd2d   Thumb Code     4  psdk_upper.o(.text)
    PsdkUpper_RegReceiveFunction             0x0803bd31   Thumb Code     4  psdk_upper.o(.text)
    PsdkAppFunc_Init                         0x0803c051   Thumb Code    46  psdk_app_func.o(.text)
    PsdkAppFunc_TransferToApp                0x0803c07f   Thumb Code   148  psdk_app_func.o(.text)
    PsdkAppFunc_PushMsgToFloatingWindow      0x0803c113   Thumb Code   108  psdk_app_func.o(.text)
    PsdkAppFunc_SetWidgetList                0x0803c17f   Thumb Code    10  psdk_app_func.o(.text)
    PsdkAppFunc_SetReceiveFromAppCallback    0x0803c189   Thumb Code     8  psdk_app_func.o(.text)
    PsdkAppFunc_RegGetWidgetValueCallback    0x0803c191   Thumb Code     8  psdk_app_func.o(.text)
    PsdkAppFunc_RegSetWidgetValueCallback    0x0803c199   Thumb Code     8  psdk_app_func.o(.text)
    PsdkAppFunc_RegGetTextInputBoxParamCallback 0x0803c1a1   Thumb Code     8  psdk_app_func.o(.text)
    PsdkMsgSub_Init                          0x0803c297   Thumb Code    38  psdk_msg_subcribe.o(.text)
    PsdkMsgSub_RegMsgCallbackList            0x0803c2bd   Thumb Code    14  psdk_msg_subcribe.o(.text)
    PsdkCamera_Init                          0x0803c84f   Thumb Code    44  psdk_payload_camera.o(.text)
    PsdkGimbal_Init                          0x0803c9f1   Thumb Code    44  psdk_payload_gimbal.o(.text)
    PsdkOsdkFunc_Init                        0x0803ca3d   Thumb Code    32  psdk_osdk_func.o(.text)
    PsdkOsdkFunc_TransferToOsdk              0x0803ca5d   Thumb Code   154  psdk_osdk_func.o(.text)
    PsdkPositioning_GetPos                   0x0803cb01   Thumb Code   108  psdk_positioning.o(.text)
    PsdkAes_SetupDecrypt                     0x0803d5e5   Thumb Code   628  psdk_aes.o(.text)
    PsdkAes_Encrypt                          0x0803d859   Thumb Code    92  psdk_aes.o(.text)
    PsdkAes_Decrypt                          0x0803d8b5   Thumb Code    90  psdk_aes.o(.text)
    PsdkCrc_Crc8                             0x0803d935   Thumb Code    48  psdk_crc.o(.text)
    PsdkCrc_Crc16                            0x0803d965   Thumb Code    60  psdk_crc.o(.text)
    PsdkCrc_Crc32                            0x0803d9a1   Thumb Code    60  psdk_crc.o(.text)
    md5_transform                            0x0803da0d   Thumb Code  1846  psdk_md5.o(.text)
    md5_init                                 0x0803e143   Thumb Code    32  psdk_md5.o(.text)
    md5_update                               0x0803e163   Thumb Code    72  psdk_md5.o(.text)
    md5_final                                0x0803e1ab   Thumb Code   176  psdk_md5.o(.text)
    PsdkProto_Send                           0x0803e445   Thumb Code    88  psdk_proto.o(.text)
    PsdkProto_SendAckData                    0x0803e49d   Thumb Code    50  psdk_proto.o(.text)
    PsdkProto_DealCmd                        0x0803e4cf   Thumb Code   186  psdk_proto.o(.text)
    PsdkProto_Init                           0x0803e60b   Thumb Code   164  psdk_proto.o(.text)
    PsdkProto_DeInit                         0x0803e6af   Thumb Code    42  psdk_proto.o(.text)
    PsdkProto_ProcessReceiveData             0x0803e6d9   Thumb Code   118  psdk_proto.o(.text)
    PsdkProto_RegSendDataFunc                0x0803e74f   Thumb Code    16  psdk_proto.o(.text)
    PsdkProto_RegReceiveDataFunc             0x0803e75f   Thumb Code    16  psdk_proto.o(.text)
    PsdkProt_GetCurrentSendSeq               0x0803e76f   Thumb Code    50  psdk_proto.o(.text)
    PsdkProto_RegCmdSetHandler               0x0803e7a1   Thumb Code   110  psdk_proto.o(.text)
    PsdkProto_SendGetAck                     0x0803e80f   Thumb Code   138  psdk_proto.o(.text)
    PsdkDebug_AssertFailed                   0x0803e9b9   Thumb Code    18  psdk_debug.o(.text)
    PsdkProtParse_Init                       0x0803ea0d   Thumb Code     8  psdk_proto_parse.o(.text)
    PsdkProtParse_AddByte                    0x0803ea15   Thumb Code   188  psdk_proto_parse.o(.text)
    PsdkSys_MutexNew                         0x0803ead1   Thumb Code    26  psdk_arch_sys.o(.text)
    PsdkSys_MutexDestroy                     0x0803eaeb   Thumb Code    32  psdk_arch_sys.o(.text)
    PsdkSys_MutexLock                        0x0803eb0b   Thumb Code    36  psdk_arch_sys.o(.text)
    PsdkSys_MutexUnlock                      0x0803eb2f   Thumb Code    32  psdk_arch_sys.o(.text)
    PsdkSys_SemaphoreNew                     0x0803eb4f   Thumb Code    26  psdk_arch_sys.o(.text)
    PsdkSys_SemaphoreDestroy                 0x0803eb69   Thumb Code    32  psdk_arch_sys.o(.text)
    PsdkSys_SemaphoreTimedWait               0x0803eb89   Thumb Code    36  psdk_arch_sys.o(.text)
    PsdkSys_SemaphorePost                    0x0803ebad   Thumb Code    32  psdk_arch_sys.o(.text)
    osKernelStart                            0x0803ec1b   Thumb Code    10  cmsis_os.o(.text)
    osKernelRunning                          0x0803ec25   Thumb Code    18  cmsis_os.o(.text)
    osKernelSysTick                          0x0803ec37   Thumb Code    24  cmsis_os.o(.text)
    osThreadCreate                           0x0803ec4f   Thumb Code    46  cmsis_os.o(.text)
    osThreadGetId                            0x0803ec7d   Thumb Code     4  cmsis_os.o(.text)
    osThreadTerminate                        0x0803ec81   Thumb Code    10  cmsis_os.o(.text)
    osThreadYield                            0x0803ec8b   Thumb Code    20  cmsis_os.o(.text)
    osThreadSetPriority                      0x0803ec9f   Thumb Code    22  cmsis_os.o(.text)
    osThreadGetPriority                      0x0803ecb5   Thumb Code    34  cmsis_os.o(.text)
    osDelay                                  0x0803ecd7   Thumb Code    16  cmsis_os.o(.text)
    osTimerCreate                            0x0803ece7   Thumb Code     4  cmsis_os.o(.text)
    osTimerStart                             0x0803eceb   Thumb Code     4  cmsis_os.o(.text)
    osTimerStop                              0x0803ecef   Thumb Code     4  cmsis_os.o(.text)
    osTimerDelete                            0x0803ecf3   Thumb Code     4  cmsis_os.o(.text)
    osSignalSet                              0x0803ecf7   Thumb Code    92  cmsis_os.o(.text)
    osSignalWait                             0x0803ed53   Thumb Code    90  cmsis_os.o(.text)
    osMutexCreate                            0x0803edad   Thumb Code     6  cmsis_os.o(.text)
    osMutexWait                              0x0803edb3   Thumb Code   102  cmsis_os.o(.text)
    osMutexRelease                           0x0803ee19   Thumb Code    76  cmsis_os.o(.text)
    osMutexDelete                            0x0803ee65   Thumb Code    24  cmsis_os.o(.text)
    osSemaphoreCreate                        0x0803ee7d   Thumb Code    48  cmsis_os.o(.text)
    osSemaphoreWait                          0x0803eead   Thumb Code   102  cmsis_os.o(.text)
    osSemaphoreRelease                       0x0803ef13   Thumb Code    76  cmsis_os.o(.text)
    osSemaphoreDelete                        0x0803ef5f   Thumb Code    24  cmsis_os.o(.text)
    osPoolCreate                             0x0803ef77   Thumb Code   106  cmsis_os.o(.text)
    osPoolAlloc                              0x0803efe1   Thumb Code   104  cmsis_os.o(.text)
    osPoolCAlloc                             0x0803f049   Thumb Code    16  cmsis_os.o(.text)
    osPoolFree                               0x0803f059   Thumb Code    70  cmsis_os.o(.text)
    osMessageCreate                          0x0803f09f   Thumb Code     8  cmsis_os.o(.text)
    osMessagePut                             0x0803f0a7   Thumb Code    92  cmsis_os.o(.text)
    osMessageGet                             0x0803f103   Thumb Code   146  cmsis_os.o(.text)
    osMailCreate                             0x0803f195   Thumb Code   100  cmsis_os.o(.text)
    osMailAlloc                              0x0803f1f9   Thumb Code    12  cmsis_os.o(.text)
    osMailCAlloc                             0x0803f205   Thumb Code    34  cmsis_os.o(.text)
    osMailPut                                0x0803f227   Thumb Code    92  cmsis_os.o(.text)
    osMailGet                                0x0803f283   Thumb Code   142  cmsis_os.o(.text)
    osMailFree                               0x0803f311   Thumb Code    12  cmsis_os.o(.text)
    osSystickHandler                         0x0803f31d   Thumb Code    20  cmsis_os.o(.text)
    osThreadSuspend                          0x0803f331   Thumb Code    10  cmsis_os.o(.text)
    osThreadResume                           0x0803f33b   Thumb Code    46  cmsis_os.o(.text)
    osThreadSuspendAll                       0x0803f369   Thumb Code    10  cmsis_os.o(.text)
    osThreadResumeAll                        0x0803f373   Thumb Code    18  cmsis_os.o(.text)
    osDelayUntil                             0x0803f385   Thumb Code    16  cmsis_os.o(.text)
    osAbortDelay                             0x0803f395   Thumb Code     4  cmsis_os.o(.text)
    osThreadList                             0x0803f399   Thumb Code    10  cmsis_os.o(.text)
    osMessagePeek                            0x0803f3a3   Thumb Code    78  cmsis_os.o(.text)
    osMessageWaiting                         0x0803f3f1   Thumb Code    30  cmsis_os.o(.text)
    osMessageAvailableSpace                  0x0803f40f   Thumb Code     4  cmsis_os.o(.text)
    osMessageDelete                          0x0803f413   Thumb Code    24  cmsis_os.o(.text)
    osRecursiveMutexCreate                   0x0803f42b   Thumb Code     6  cmsis_os.o(.text)
    osRecursiveMutexRelease                  0x0803f431   Thumb Code    18  cmsis_os.o(.text)
    osRecursiveMutexWait                     0x0803f443   Thumb Code    44  cmsis_os.o(.text)
    osSemaphoreGetCount                      0x0803f46f   Thumb Code     4  cmsis_os.o(.text)
    xEventGroupCreate                        0x0803f479   Thumb Code    26  event_groups.o(.text)
    xEventGroupSetBits                       0x0803f493   Thumb Code   160  event_groups.o(.text)
    xEventGroupSync                          0x0803f533   Thumb Code   194  event_groups.o(.text)
    xEventGroupWaitBits                      0x0803f60d   Thumb Code   258  event_groups.o(.text)
    xEventGroupClearBits                     0x0803f70f   Thumb Code    66  event_groups.o(.text)
    xEventGroupGetBitsFromISR                0x0803f751   Thumb Code    26  event_groups.o(.text)
    vEventGroupDelete                        0x0803f76b   Thumb Code    70  event_groups.o(.text)
    vEventGroupSetBitsCallback               0x0803f7b1   Thumb Code     2  event_groups.o(.text)
    vEventGroupClearBitsCallback             0x0803f7b3   Thumb Code     2  event_groups.o(.text)
    uxEventGroupGetNumber                    0x0803f7b5   Thumb Code    12  event_groups.o(.text)
    vListInitialise                          0x0803f7c5   Thumb Code    22  list.o(.text)
    vListInitialiseItem                      0x0803f7db   Thumb Code     6  list.o(.text)
    vListInsertEnd                           0x0803f7e1   Thumb Code    24  list.o(.text)
    vListInsert                              0x0803f7f9   Thumb Code    48  list.o(.text)
    uxListRemove                             0x0803f829   Thumb Code    36  list.o(.text)
    xQueueGenericReset                       0x0803f84d   Thumb Code   134  queue.o(.text)
    xQueueGenericCreate                      0x0803f8f5   Thumb Code    68  queue.o(.text)
    xQueueGenericSend                        0x0803fa2f   Thumb Code   352  queue.o(.text)
    xQueueCreateMutex                        0x0803fba5   Thumb Code    24  queue.o(.text)
    xQueueGiveMutexRecursive                 0x0803fbbd   Thumb Code    64  queue.o(.text)
    xQueueGenericReceive                     0x0803fc3f   Thumb Code   394  queue.o(.text)
    xQueueTakeMutexRecursive                 0x0803fdc9   Thumb Code    70  queue.o(.text)
    xQueueCreateCountingSemaphore            0x0803fe0f   Thumb Code    60  queue.o(.text)
    xQueueGenericSendFromISR                 0x0803fe4b   Thumb Code   188  queue.o(.text)
    xQueueGiveFromISR                        0x0803ff07   Thumb Code   158  queue.o(.text)
    xQueueReceiveFromISR                     0x0803ffa5   Thumb Code   154  queue.o(.text)
    xQueuePeekFromISR                        0x0804003f   Thumb Code   122  queue.o(.text)
    uxQueueMessagesWaiting                   0x080400b9   Thumb Code    38  queue.o(.text)
    uxQueueSpacesAvailable                   0x080400df   Thumb Code    42  queue.o(.text)
    uxQueueMessagesWaitingFromISR            0x08040109   Thumb Code    24  queue.o(.text)
    vQueueUnregisterQueue                    0x08040121   Thumb Code    36  queue.o(.text)
    vQueueDelete                             0x08040145   Thumb Code    40  queue.o(.text)
    uxQueueGetQueueNumber                    0x0804016d   Thumb Code     4  queue.o(.text)
    vQueueSetQueueNumber                     0x08040171   Thumb Code     4  queue.o(.text)
    ucQueueGetQueueType                      0x08040175   Thumb Code     6  queue.o(.text)
    xQueueIsQueueEmptyFromISR                0x0804017b   Thumb Code    32  queue.o(.text)
    xQueueIsQueueFullFromISR                 0x0804019b   Thumb Code    36  queue.o(.text)
    vQueueAddToRegistry                      0x080401bf   Thumb Code    32  queue.o(.text)
    pcQueueGetName                           0x080401df   Thumb Code    34  queue.o(.text)
    xTaskCreate                              0x0804036b   Thumb Code    96  tasks.o(.text)
    vTaskDelete                              0x080403fd   Thumb Code   158  tasks.o(.text)
    xTaskIncrementTick                       0x0804049b   Thumb Code   210  tasks.o(.text)
    xTaskResumeAll                           0x0804056d   Thumb Code   204  tasks.o(.text)
    vTaskSuspendAll                          0x0804069f   Thumb Code    10  tasks.o(.text)
    vTaskDelayUntil                          0x080406a9   Thumb Code   142  tasks.o(.text)
    vTaskDelay                               0x08040737   Thumb Code    70  tasks.o(.text)
    eTaskGetState                            0x0804077d   Thumb Code    98  tasks.o(.text)
    uxTaskPriorityGet                        0x080407df   Thumb Code    24  tasks.o(.text)
    uxTaskPriorityGetFromISR                 0x080407f7   Thumb Code    40  tasks.o(.text)
    vTaskPrioritySet                         0x0804081f   Thumb Code   188  tasks.o(.text)
    vTaskSwitchContext                       0x080408db   Thumb Code   112  tasks.o(.text)
    vTaskSuspend                             0x0804094b   Thumb Code   158  tasks.o(.text)
    vTaskResume                              0x08040a27   Thumb Code   114  tasks.o(.text)
    xTaskResumeFromISR                       0x08040a99   Thumb Code   132  tasks.o(.text)
    vTaskStartScheduler                      0x08040b87   Thumb Code    86  tasks.o(.text)
    vTaskEndScheduler                        0x08040bdd   Thumb Code    24  tasks.o(.text)
    xTaskGetTickCount                        0x08040bf5   Thumb Code     6  tasks.o(.text)
    xTaskGetTickCountFromISR                 0x08040bfb   Thumb Code    12  tasks.o(.text)
    uxTaskGetNumberOfTasks                   0x08040c07   Thumb Code     6  tasks.o(.text)
    pcTaskGetName                            0x08040c0d   Thumb Code    30  tasks.o(.text)
    vTaskGetInfo                             0x08040c3f   Thumb Code   120  tasks.o(.text)
    uxTaskGetSystemState                     0x08040d11   Thumb Code   158  tasks.o(.text)
    vTaskPlaceOnEventList                    0x08040daf   Thumb Code    44  tasks.o(.text)
    vTaskPlaceOnUnorderedEventList           0x08040ddb   Thumb Code    98  tasks.o(.text)
    xTaskRemoveFromEventList                 0x08040e3d   Thumb Code   112  tasks.o(.text)
    xTaskRemoveFromUnorderedEventList        0x08040ead   Thumb Code   114  tasks.o(.text)
    vTaskSetTimeOutState                     0x08040f1f   Thumb Code    32  tasks.o(.text)
    xTaskCheckForTimeOut                     0x08040f3f   Thumb Code   112  tasks.o(.text)
    vTaskMissedYield                         0x08040faf   Thumb Code     8  tasks.o(.text)
    uxTaskGetTaskNumber                      0x08040fb7   Thumb Code    12  tasks.o(.text)
    vTaskSetTaskNumber                       0x08040fc3   Thumb Code     8  tasks.o(.text)
    uxTaskGetStackHighWaterMark              0x08040fcb   Thumb Code    12  tasks.o(.text)
    xTaskGetCurrentTaskHandle                0x08040fd7   Thumb Code     6  tasks.o(.text)
    xTaskGetSchedulerState                   0x08040fdd   Thumb Code    24  tasks.o(.text)
    vTaskPriorityInherit                     0x08040ff5   Thumb Code   128  tasks.o(.text)
    xTaskPriorityDisinherit                  0x08041075   Thumb Code   146  tasks.o(.text)
    vTaskList                                0x0804112b   Thumb Code   168  tasks.o(.text)
    uxTaskResetEventItemValue                0x080411d3   Thumb Code    20  tasks.o(.text)
    pvTaskIncrementMutexHeldCount            0x080411e7   Thumb Code    20  tasks.o(.text)
    ulTaskNotifyTake                         0x080411fb   Thumb Code   126  tasks.o(.text)
    xTaskNotifyWait                          0x08041279   Thumb Code   132  tasks.o(.text)
    xTaskGenericNotify                       0x080412fd   Thumb Code   194  tasks.o(.text)
    xTaskGenericNotifyFromISR                0x080413bf   Thumb Code   244  tasks.o(.text)
    vTaskNotifyGiveFromISR                   0x080414b3   Thumb Code   178  tasks.o(.text)
    xTaskNotifyStateClear                    0x08041565   Thumb Code    46  tasks.o(.text)
    pvPortMalloc                             0x08041633   Thumb Code   208  heap_4.o(.text)
    vPortFree                                0x08041703   Thumb Code    90  heap_4.o(.text)
    xPortGetFreeHeapSize                     0x0804175d   Thumb Code     8  heap_4.o(.text)
    xPortGetMinimumEverFreeHeapSize          0x08041765   Thumb Code     8  heap_4.o(.text)
    vPortInitialiseBlocks                    0x0804176d   Thumb Code     2  heap_4.o(.text)
    pxPortInitialiseStack                    0x080417a1   Thumb Code    24  port.o(.text)
    vPortSetupTimerInterrupt                 0x080417b9   Thumb Code    26  port.o(.text)
    xPortStartScheduler                      0x080417d3   Thumb Code   104  port.o(.text)
    vPortEndScheduler                        0x0804183b   Thumb Code    28  port.o(.text)
    vPortEnterCritical                       0x08041857   Thumb Code    56  port.o(.text)
    vPortExitCritical                        0x0804188f   Thumb Code    38  port.o(.text)
    xPortSysTickHandler                      0x080418b5   Thumb Code    40  port.o(.text)
    vPortValidateInterruptPriority           0x080418dd   Thumb Code    76  port.o(.text)
    SystemInit                               0x080419e5   Thumb Code    64  system_stm32f10x.o(.text)
    SystemCoreClockUpdate                    0x08041a25   Thumb Code   106  system_stm32f10x.o(.text)
    NVIC_PriorityGroupConfig                 0x08041ab1   Thumb Code    10  misc.o(.text)
    NVIC_Init                                0x08041abb   Thumb Code    96  misc.o(.text)
    NVIC_SetVectorTable                      0x08041b1b   Thumb Code    14  misc.o(.text)
    NVIC_SystemLPConfig                      0x08041b29   Thumb Code    24  misc.o(.text)
    SysTick_CLKSourceConfig                  0x08041b41   Thumb Code    28  misc.o(.text)
    DMA_DeInit                               0x08041b69   Thumb Code   238  stm32f10x_dma.o(.text)
    DMA_Init                                 0x08041c57   Thumb Code    58  stm32f10x_dma.o(.text)
    DMA_StructInit                           0x08041c91   Thumb Code    26  stm32f10x_dma.o(.text)
    DMA_Cmd                                  0x08041cab   Thumb Code    26  stm32f10x_dma.o(.text)
    DMA_ITConfig                             0x08041cc5   Thumb Code    20  stm32f10x_dma.o(.text)
    DMA_SetCurrDataCounter                   0x08041cd9   Thumb Code     4  stm32f10x_dma.o(.text)
    DMA_GetCurrDataCounter                   0x08041cdd   Thumb Code     6  stm32f10x_dma.o(.text)
    DMA_GetFlagStatus                        0x08041ce3   Thumb Code    30  stm32f10x_dma.o(.text)
    DMA_ClearFlag                            0x08041d01   Thumb Code    20  stm32f10x_dma.o(.text)
    DMA_GetITStatus                          0x08041d15   Thumb Code    30  stm32f10x_dma.o(.text)
    DMA_ClearITPendingBit                    0x08041d33   Thumb Code    20  stm32f10x_dma.o(.text)
    EXTI_DeInit                              0x08041d51   Thumb Code    28  stm32f10x_exti.o(.text)
    EXTI_Init                                0x08041d6d   Thumb Code   110  stm32f10x_exti.o(.text)
    EXTI_StructInit                          0x08041ddb   Thumb Code    14  stm32f10x_exti.o(.text)
    EXTI_GenerateSWInterrupt                 0x08041de9   Thumb Code    12  stm32f10x_exti.o(.text)
    EXTI_GetFlagStatus                       0x08041df5   Thumb Code    18  stm32f10x_exti.o(.text)
    EXTI_ClearFlag                           0x08041e07   Thumb Code     8  stm32f10x_exti.o(.text)
    EXTI_GetITStatus                         0x08041e0f   Thumb Code    28  stm32f10x_exti.o(.text)
    EXTI_ClearITPendingBit                   0x08041e2b   Thumb Code     8  stm32f10x_exti.o(.text)
    GPIO_DeInit                              0x08041e3d   Thumb Code   188  stm32f10x_gpio.o(.text)
    GPIO_AFIODeInit                          0x08041ef9   Thumb Code    22  stm32f10x_gpio.o(.text)
    GPIO_Init                                0x08041f0f   Thumb Code   166  stm32f10x_gpio.o(.text)
    GPIO_StructInit                          0x08041fb5   Thumb Code    16  stm32f10x_gpio.o(.text)
    GPIO_ReadInputDataBit                    0x08041fc5   Thumb Code    14  stm32f10x_gpio.o(.text)
    GPIO_ReadInputData                       0x08041fd3   Thumb Code     6  stm32f10x_gpio.o(.text)
    GPIO_ReadOutputDataBit                   0x08041fd9   Thumb Code    14  stm32f10x_gpio.o(.text)
    GPIO_ReadOutputData                      0x08041fe7   Thumb Code     6  stm32f10x_gpio.o(.text)
    GPIO_SetBits                             0x08041fed   Thumb Code     4  stm32f10x_gpio.o(.text)
    GPIO_ResetBits                           0x08041ff1   Thumb Code     4  stm32f10x_gpio.o(.text)
    GPIO_WriteBit                            0x08041ff5   Thumb Code    12  stm32f10x_gpio.o(.text)
    GPIO_Write                               0x08042001   Thumb Code     4  stm32f10x_gpio.o(.text)
    GPIO_PinLockConfig                       0x08042005   Thumb Code    16  stm32f10x_gpio.o(.text)
    GPIO_EventOutputConfig                   0x08042015   Thumb Code    22  stm32f10x_gpio.o(.text)
    GPIO_EventOutputCmd                      0x0804202b   Thumb Code     6  stm32f10x_gpio.o(.text)
    GPIO_PinRemapConfig                      0x08042031   Thumb Code    86  stm32f10x_gpio.o(.text)
    GPIO_EXTILineConfig                      0x08042087   Thumb Code    34  stm32f10x_gpio.o(.text)
    GPIO_ETH_MediaInterfaceConfig            0x080420a9   Thumb Code     8  stm32f10x_gpio.o(.text)
    RCC_DeInit                               0x080420d5   Thumb Code    50  stm32f10x_rcc.o(.text)
    RCC_HSEConfig                            0x08042107   Thumb Code    50  stm32f10x_rcc.o(.text)
    RCC_GetFlagStatus                        0x08042139   Thumb Code    42  stm32f10x_rcc.o(.text)
    RCC_WaitForHSEStartUp                    0x08042163   Thumb Code    48  stm32f10x_rcc.o(.text)
    RCC_AdjustHSICalibrationValue            0x08042193   Thumb Code    16  stm32f10x_rcc.o(.text)
    RCC_HSICmd                               0x080421a3   Thumb Code     6  stm32f10x_rcc.o(.text)
    RCC_PLLConfig                            0x080421a9   Thumb Code    16  stm32f10x_rcc.o(.text)
    RCC_PLLCmd                               0x080421b9   Thumb Code     6  stm32f10x_rcc.o(.text)
    RCC_SYSCLKConfig                         0x080421bf   Thumb Code    14  stm32f10x_rcc.o(.text)
    RCC_GetSYSCLKSource                      0x080421cd   Thumb Code    10  stm32f10x_rcc.o(.text)
    RCC_HCLKConfig                           0x080421d7   Thumb Code    14  stm32f10x_rcc.o(.text)
    RCC_PCLK1Config                          0x080421e5   Thumb Code    14  stm32f10x_rcc.o(.text)
    RCC_PCLK2Config                          0x080421f3   Thumb Code    16  stm32f10x_rcc.o(.text)
    RCC_ITConfig                             0x08042203   Thumb Code    22  stm32f10x_rcc.o(.text)
    RCC_USBCLKConfig                         0x08042219   Thumb Code     8  stm32f10x_rcc.o(.text)
    RCC_ADCCLKConfig                         0x08042221   Thumb Code    14  stm32f10x_rcc.o(.text)
    RCC_LSEConfig                            0x0804222f   Thumb Code    36  stm32f10x_rcc.o(.text)
    RCC_LSICmd                               0x08042253   Thumb Code     6  stm32f10x_rcc.o(.text)
    RCC_RTCCLKConfig                         0x08042259   Thumb Code    10  stm32f10x_rcc.o(.text)
    RCC_RTCCLKCmd                            0x08042263   Thumb Code     8  stm32f10x_rcc.o(.text)
    RCC_GetClocksFreq                        0x0804226b   Thumb Code   154  stm32f10x_rcc.o(.text)
    RCC_AHBPeriphClockCmd                    0x08042305   Thumb Code    22  stm32f10x_rcc.o(.text)
    RCC_APB2PeriphClockCmd                   0x0804231b   Thumb Code    22  stm32f10x_rcc.o(.text)
    RCC_APB1PeriphClockCmd                   0x08042331   Thumb Code    22  stm32f10x_rcc.o(.text)
    RCC_APB2PeriphResetCmd                   0x08042347   Thumb Code    22  stm32f10x_rcc.o(.text)
    RCC_APB1PeriphResetCmd                   0x0804235d   Thumb Code    22  stm32f10x_rcc.o(.text)
    RCC_BackupResetCmd                       0x08042373   Thumb Code     8  stm32f10x_rcc.o(.text)
    RCC_ClockSecuritySystemCmd               0x0804237b   Thumb Code     6  stm32f10x_rcc.o(.text)
    RCC_MCOConfig                            0x08042381   Thumb Code     6  stm32f10x_rcc.o(.text)
    RCC_ClearFlag                            0x08042387   Thumb Code    12  stm32f10x_rcc.o(.text)
    RCC_GetITStatus                          0x08042393   Thumb Code    16  stm32f10x_rcc.o(.text)
    RCC_ClearITPendingBit                    0x080423a3   Thumb Code     6  stm32f10x_rcc.o(.text)
    SDIO_DeInit                              0x080423c9   Thumb Code    26  stm32f10x_sdio.o(.text)
    SDIO_Init                                0x080423e3   Thumb Code    40  stm32f10x_sdio.o(.text)
    SDIO_StructInit                          0x0804240b   Thumb Code    16  stm32f10x_sdio.o(.text)
    SDIO_ClockCmd                            0x0804241b   Thumb Code     6  stm32f10x_sdio.o(.text)
    SDIO_SetPowerState                       0x08042421   Thumb Code    18  stm32f10x_sdio.o(.text)
    SDIO_GetPowerState                       0x08042433   Thumb Code    10  stm32f10x_sdio.o(.text)
    SDIO_ITConfig                            0x0804243d   Thumb Code    22  stm32f10x_sdio.o(.text)
    SDIO_DMACmd                              0x08042453   Thumb Code     6  stm32f10x_sdio.o(.text)
    SDIO_SendCommand                         0x08042459   Thumb Code    34  stm32f10x_sdio.o(.text)
    SDIO_CmdStructInit                       0x0804247b   Thumb Code    14  stm32f10x_sdio.o(.text)
    SDIO_GetCommandResponse                  0x08042489   Thumb Code     8  stm32f10x_sdio.o(.text)
    SDIO_GetResponse                         0x08042491   Thumb Code    16  stm32f10x_sdio.o(.text)
    SDIO_DataConfig                          0x080424a1   Thumb Code    38  stm32f10x_sdio.o(.text)
    SDIO_DataStructInit                      0x080424c7   Thumb Code    20  stm32f10x_sdio.o(.text)
    SDIO_GetDataCounter                      0x080424db   Thumb Code     6  stm32f10x_sdio.o(.text)
    SDIO_ReadData                            0x080424e1   Thumb Code     8  stm32f10x_sdio.o(.text)
    SDIO_WriteData                           0x080424e9   Thumb Code     8  stm32f10x_sdio.o(.text)
    SDIO_GetFIFOCount                        0x080424f1   Thumb Code     6  stm32f10x_sdio.o(.text)
    SDIO_StartSDIOReadWait                   0x080424f7   Thumb Code     8  stm32f10x_sdio.o(.text)
    SDIO_StopSDIOReadWait                    0x080424ff   Thumb Code     8  stm32f10x_sdio.o(.text)
    SDIO_SetSDIOReadWaitMode                 0x08042507   Thumb Code     8  stm32f10x_sdio.o(.text)
    SDIO_SetSDIOOperation                    0x0804250f   Thumb Code     8  stm32f10x_sdio.o(.text)
    SDIO_SendSDIOSuspendCmd                  0x08042517   Thumb Code     6  stm32f10x_sdio.o(.text)
    SDIO_CommandCompletionCmd                0x0804251d   Thumb Code     8  stm32f10x_sdio.o(.text)
    SDIO_CEATAITCmd                          0x08042525   Thumb Code    12  stm32f10x_sdio.o(.text)
    SDIO_SendCEATACmd                        0x08042531   Thumb Code     8  stm32f10x_sdio.o(.text)
    SDIO_GetFlagStatus                       0x08042539   Thumb Code    16  stm32f10x_sdio.o(.text)
    SDIO_ClearFlag                           0x08042549   Thumb Code     6  stm32f10x_sdio.o(.text)
    SDIO_GetITStatus                         0x0804254f   Thumb Code    16  stm32f10x_sdio.o(.text)
    SDIO_ClearITPendingBit                   0x0804255f   Thumb Code     6  stm32f10x_sdio.o(.text)
    TIM_DeInit                               0x08042579   Thumb Code   464  stm32f10x_tim.o(.text)
    TIM_TimeBaseInit                         0x08042749   Thumb Code   114  stm32f10x_tim.o(.text)
    TIM_OC1Init                              0x080427bb   Thumb Code   114  stm32f10x_tim.o(.text)
    TIM_OC2Init                              0x0804282d   Thumb Code   128  stm32f10x_tim.o(.text)
    TIM_OC3Init                              0x080428ad   Thumb Code   124  stm32f10x_tim.o(.text)
    TIM_OC4Init                              0x08042929   Thumb Code   160  stm32f10x_tim.o(.text)
    TIM_SetIC4Prescaler                      0x080429c9   Thumb Code    24  stm32f10x_tim.o(.text)
    TIM_SetIC3Prescaler                      0x08042a47   Thumb Code    16  stm32f10x_tim.o(.text)
    TIM_SetIC2Prescaler                      0x08042ab9   Thumb Code    24  stm32f10x_tim.o(.text)
    TIM_SetIC1Prescaler                      0x08042b37   Thumb Code    16  stm32f10x_tim.o(.text)
    TIM_ICInit                               0x08042ba5   Thumb Code   114  stm32f10x_tim.o(.text)
    TIM_PWMIConfig                           0x08042c17   Thumb Code   106  stm32f10x_tim.o(.text)
    TIM_BDTRConfig                           0x08042c81   Thumb Code    34  stm32f10x_tim.o(.text)
    TIM_TimeBaseStructInit                   0x08042ca3   Thumb Code    18  stm32f10x_tim.o(.text)
    TIM_OCStructInit                         0x08042cb5   Thumb Code    20  stm32f10x_tim.o(.text)
    TIM_ICStructInit                         0x08042cc9   Thumb Code    16  stm32f10x_tim.o(.text)
    TIM_BDTRStructInit                       0x08042cd9   Thumb Code    18  stm32f10x_tim.o(.text)
    TIM_Cmd                                  0x08042ceb   Thumb Code    24  stm32f10x_tim.o(.text)
    TIM_CtrlPWMOutputs                       0x08042d03   Thumb Code    28  stm32f10x_tim.o(.text)
    TIM_ITConfig                             0x08042d1f   Thumb Code    20  stm32f10x_tim.o(.text)
    TIM_GenerateEvent                        0x08042d33   Thumb Code     4  stm32f10x_tim.o(.text)
    TIM_DMAConfig                            0x08042d37   Thumb Code     8  stm32f10x_tim.o(.text)
    TIM_DMACmd                               0x08042d3f   Thumb Code    20  stm32f10x_tim.o(.text)
    TIM_InternalClockConfig                  0x08042d53   Thumb Code    10  stm32f10x_tim.o(.text)
    TIM_SelectInputTrigger                   0x08042d5d   Thumb Code    12  stm32f10x_tim.o(.text)
    TIM_ITRxExternalClockConfig              0x08042d69   Thumb Code    20  stm32f10x_tim.o(.text)
    TIM_TIxExternalClockConfig               0x08042d7d   Thumb Code    48  stm32f10x_tim.o(.text)
    TIM_ETRConfig                            0x08042dad   Thumb Code    24  stm32f10x_tim.o(.text)
    TIM_ETRClockMode1Config                  0x08042dc5   Thumb Code    52  stm32f10x_tim.o(.text)
    TIM_ETRClockMode2Config                  0x08042df9   Thumb Code    20  stm32f10x_tim.o(.text)
    TIM_PrescalerConfig                      0x08042e0d   Thumb Code     6  stm32f10x_tim.o(.text)
    TIM_CounterModeConfig                    0x08042e13   Thumb Code    12  stm32f10x_tim.o(.text)
    TIM_EncoderInterfaceConfig               0x08042e1f   Thumb Code    50  stm32f10x_tim.o(.text)
    TIM_ForcedOC1Config                      0x08042e51   Thumb Code    12  stm32f10x_tim.o(.text)
    TIM_ForcedOC2Config                      0x08042e5d   Thumb Code    20  stm32f10x_tim.o(.text)
    TIM_ForcedOC3Config                      0x08042e71   Thumb Code    12  stm32f10x_tim.o(.text)
    TIM_ForcedOC4Config                      0x08042e7d   Thumb Code    20  stm32f10x_tim.o(.text)
    TIM_ARRPreloadConfig                     0x08042e91   Thumb Code    24  stm32f10x_tim.o(.text)
    TIM_SelectCOM                            0x08042ea9   Thumb Code    24  stm32f10x_tim.o(.text)
    TIM_SelectCCDMA                          0x08042ec1   Thumb Code    24  stm32f10x_tim.o(.text)
    TIM_CCPreloadControl                     0x08042ed9   Thumb Code    24  stm32f10x_tim.o(.text)
    TIM_OC1PreloadConfig                     0x08042ef1   Thumb Code    12  stm32f10x_tim.o(.text)
    TIM_OC2PreloadConfig                     0x08042efd   Thumb Code    20  stm32f10x_tim.o(.text)
    TIM_OC3PreloadConfig                     0x08042f11   Thumb Code    12  stm32f10x_tim.o(.text)
    TIM_OC4PreloadConfig                     0x08042f1d   Thumb Code    20  stm32f10x_tim.o(.text)
    TIM_OC1FastConfig                        0x08042f31   Thumb Code    12  stm32f10x_tim.o(.text)
    TIM_OC2FastConfig                        0x08042f3d   Thumb Code    20  stm32f10x_tim.o(.text)
    TIM_OC3FastConfig                        0x08042f51   Thumb Code    12  stm32f10x_tim.o(.text)
    TIM_OC4FastConfig                        0x08042f5d   Thumb Code    20  stm32f10x_tim.o(.text)
    TIM_ClearOC1Ref                          0x08042f71   Thumb Code    12  stm32f10x_tim.o(.text)
    TIM_ClearOC2Ref                          0x08042f7d   Thumb Code    20  stm32f10x_tim.o(.text)
    TIM_ClearOC3Ref                          0x08042f91   Thumb Code    12  stm32f10x_tim.o(.text)
    TIM_ClearOC4Ref                          0x08042f9d   Thumb Code    20  stm32f10x_tim.o(.text)
    TIM_OC1PolarityConfig                    0x08042fb1   Thumb Code    12  stm32f10x_tim.o(.text)
    TIM_OC1NPolarityConfig                   0x08042fbd   Thumb Code    12  stm32f10x_tim.o(.text)
    TIM_OC2PolarityConfig                    0x08042fc9   Thumb Code    20  stm32f10x_tim.o(.text)
    TIM_OC2NPolarityConfig                   0x08042fdd   Thumb Code    20  stm32f10x_tim.o(.text)
    TIM_OC3PolarityConfig                    0x08042ff1   Thumb Code    20  stm32f10x_tim.o(.text)
    TIM_OC3NPolarityConfig                   0x08043005   Thumb Code    20  stm32f10x_tim.o(.text)
    TIM_OC4PolarityConfig                    0x08043019   Thumb Code    20  stm32f10x_tim.o(.text)
    TIM_CCxCmd                               0x0804302d   Thumb Code    22  stm32f10x_tim.o(.text)
    TIM_CCxNCmd                              0x08043043   Thumb Code    22  stm32f10x_tim.o(.text)
    TIM_SelectOCxM                           0x08043059   Thumb Code    76  stm32f10x_tim.o(.text)
    TIM_UpdateDisableConfig                  0x080430a5   Thumb Code    24  stm32f10x_tim.o(.text)
    TIM_UpdateRequestConfig                  0x080430bd   Thumb Code    24  stm32f10x_tim.o(.text)
    TIM_SelectHallSensor                     0x080430d5   Thumb Code    24  stm32f10x_tim.o(.text)
    TIM_SelectOnePulseMode                   0x080430ed   Thumb Code    16  stm32f10x_tim.o(.text)
    TIM_SelectOutputTrigger                  0x080430fd   Thumb Code    16  stm32f10x_tim.o(.text)
    TIM_SelectSlaveMode                      0x0804310d   Thumb Code    16  stm32f10x_tim.o(.text)
    TIM_SelectMasterSlaveMode                0x0804311d   Thumb Code    16  stm32f10x_tim.o(.text)
    TIM_SetCounter                           0x0804312d   Thumb Code     4  stm32f10x_tim.o(.text)
    TIM_SetAutoreload                        0x08043131   Thumb Code     4  stm32f10x_tim.o(.text)
    TIM_SetCompare1                          0x08043135   Thumb Code     4  stm32f10x_tim.o(.text)
    TIM_SetCompare2                          0x08043139   Thumb Code     4  stm32f10x_tim.o(.text)
    TIM_SetCompare3                          0x0804313d   Thumb Code     4  stm32f10x_tim.o(.text)
    TIM_SetCompare4                          0x08043141   Thumb Code     6  stm32f10x_tim.o(.text)
    TIM_SetClockDivision                     0x08043147   Thumb Code    16  stm32f10x_tim.o(.text)
    TIM_GetCapture1                          0x08043157   Thumb Code     4  stm32f10x_tim.o(.text)
    TIM_GetCapture2                          0x0804315b   Thumb Code     4  stm32f10x_tim.o(.text)
    TIM_GetCapture3                          0x0804315f   Thumb Code     4  stm32f10x_tim.o(.text)
    TIM_GetCapture4                          0x08043163   Thumb Code     6  stm32f10x_tim.o(.text)
    TIM_GetCounter                           0x08043169   Thumb Code     4  stm32f10x_tim.o(.text)
    TIM_GetPrescaler                         0x0804316d   Thumb Code     4  stm32f10x_tim.o(.text)
    TIM_GetFlagStatus                        0x08043171   Thumb Code    14  stm32f10x_tim.o(.text)
    TIM_ClearFlag                            0x0804317f   Thumb Code     6  stm32f10x_tim.o(.text)
    TIM_GetITStatus                          0x08043185   Thumb Code    24  stm32f10x_tim.o(.text)
    TIM_ClearITPendingBit                    0x0804319d   Thumb Code     6  stm32f10x_tim.o(.text)
    USART_DeInit                             0x080431a5   Thumb Code   144  stm32f10x_usart.o(.text)
    USART_Init                               0x08043235   Thumb Code   182  stm32f10x_usart.o(.text)
    USART_StructInit                         0x080432eb   Thumb Code    22  stm32f10x_usart.o(.text)
    USART_ClockInit                          0x08043301   Thumb Code    30  stm32f10x_usart.o(.text)
    USART_ClockStructInit                    0x0804331f   Thumb Code    12  stm32f10x_usart.o(.text)
    USART_Cmd                                0x0804332b   Thumb Code    24  stm32f10x_usart.o(.text)
    USART_ITConfig                           0x08043343   Thumb Code    54  stm32f10x_usart.o(.text)
    USART_DMACmd                             0x08043379   Thumb Code    20  stm32f10x_usart.o(.text)
    USART_SetAddress                         0x0804338d   Thumb Code    16  stm32f10x_usart.o(.text)
    USART_WakeUpConfig                       0x0804339d   Thumb Code    16  stm32f10x_usart.o(.text)
    USART_ReceiverWakeUpCmd                  0x080433ad   Thumb Code    24  stm32f10x_usart.o(.text)
    USART_LINBreakDetectLengthConfig         0x080433c5   Thumb Code    16  stm32f10x_usart.o(.text)
    USART_LINCmd                             0x080433d5   Thumb Code    24  stm32f10x_usart.o(.text)
    USART_SendData                           0x080433ed   Thumb Code     8  stm32f10x_usart.o(.text)
    USART_ReceiveData                        0x080433f5   Thumb Code     8  stm32f10x_usart.o(.text)
    USART_SendBreak                          0x080433fd   Thumb Code    10  stm32f10x_usart.o(.text)
    USART_SetGuardTime                       0x08043407   Thumb Code    16  stm32f10x_usart.o(.text)
    USART_SetPrescaler                       0x08043417   Thumb Code    16  stm32f10x_usart.o(.text)
    USART_SmartCardCmd                       0x08043427   Thumb Code    24  stm32f10x_usart.o(.text)
    USART_SmartCardNACKCmd                   0x0804343f   Thumb Code    24  stm32f10x_usart.o(.text)
    USART_HalfDuplexCmd                      0x08043457   Thumb Code    24  stm32f10x_usart.o(.text)
    USART_OverSampling8Cmd                   0x0804346f   Thumb Code    24  stm32f10x_usart.o(.text)
    USART_OneBitMethodCmd                    0x08043487   Thumb Code    24  stm32f10x_usart.o(.text)
    USART_IrDAConfig                         0x0804349f   Thumb Code    16  stm32f10x_usart.o(.text)
    USART_IrDACmd                            0x080434af   Thumb Code    24  stm32f10x_usart.o(.text)
    USART_GetFlagStatus                      0x080434c7   Thumb Code    14  stm32f10x_usart.o(.text)
    USART_ClearFlag                          0x080434d5   Thumb Code     8  stm32f10x_usart.o(.text)
    USART_GetITStatus                        0x080434dd   Thumb Code    64  stm32f10x_usart.o(.text)
    USART_ClearITPendingBit                  0x0804351d   Thumb Code    16  stm32f10x_usart.o(.text)
    __aeabi_uldivmod                         0x08043541   Thumb Code    98  uldiv.o(.text)
    _localtime                               0x080435a5   Thumb Code     0  localtime_r.o(.text)
    localtime_r                              0x080435a5   Thumb Code   134  localtime_r.o(.text)
    mktime                                   0x08043631   Thumb Code   150  mktime.o(.text)
    __aeabi_memcpy                           0x080436d9   Thumb Code    36  memcpya.o(.text)
    __aeabi_memcpy4                          0x080436d9   Thumb Code     0  memcpya.o(.text)
    __aeabi_memcpy8                          0x080436d9   Thumb Code     0  memcpya.o(.text)
    __aeabi_memset                           0x080436fd   Thumb Code    14  memseta.o(.text)
    __aeabi_memset4                          0x080436fd   Thumb Code     0  memseta.o(.text)
    __aeabi_memset8                          0x080436fd   Thumb Code     0  memseta.o(.text)
    __aeabi_memclr                           0x0804370b   Thumb Code     4  memseta.o(.text)
    __aeabi_memclr4                          0x0804370b   Thumb Code     0  memseta.o(.text)
    __aeabi_memclr8                          0x0804370b   Thumb Code     0  memseta.o(.text)
    _memset$wrapper                          0x0804370f   Thumb Code    18  memseta.o(.text)
    strncpy                                  0x08043721   Thumb Code    24  strncpy.o(.text)
    strlen                                   0x08043739   Thumb Code    14  strlen.o(.text)
    strcmp                                   0x08043747   Thumb Code    28  strcmp.o(.text)
    strcpy                                   0x08043763   Thumb Code    18  strcpy.o(.text)
    __aeabi_fmul                             0x08043775   Thumb Code   100  fmul.o(.text)
    __aeabi_dadd                             0x080437d9   Thumb Code   322  dadd.o(.text)
    __aeabi_dsub                             0x0804391b   Thumb Code     6  dadd.o(.text)
    __aeabi_drsub                            0x08043921   Thumb Code     6  dadd.o(.text)
    __aeabi_dmul                             0x08043927   Thumb Code   228  dmul.o(.text)
    __aeabi_ddiv                             0x08043a0b   Thumb Code   222  ddiv.o(.text)
    __aeabi_i2d                              0x08043ae9   Thumb Code    34  dflti.o(.text)
    __aeabi_ui2d                             0x08043b0b   Thumb Code    26  dfltui.o(.text)
    __aeabi_f2iz                             0x08043b25   Thumb Code    50  ffixi.o(.text)
    __aeabi_d2iz                             0x08043b57   Thumb Code    62  dfixi.o(.text)
    __aeabi_d2uiz                            0x08043b95   Thumb Code    50  dfixui.o(.text)
    __aeabi_cdcmpeq                          0x08043bc9   Thumb Code     0  cdcmple.o(.text)
    __aeabi_cdcmple                          0x08043bc9   Thumb Code    48  cdcmple.o(.text)
    __aeabi_d2f                              0x08043bf9   Thumb Code    56  d2f.o(.text)
    __aeabi_uidiv                            0x08043c31   Thumb Code     0  uidiv.o(.text)
    __aeabi_uidivmod                         0x08043c31   Thumb Code    44  uidiv.o(.text)
    __aeabi_llsl                             0x08043c5d   Thumb Code    30  llshl.o(.text)
    _ll_shift_l                              0x08043c5d   Thumb Code     0  llshl.o(.text)
    __aeabi_llsr                             0x08043c7b   Thumb Code    32  llushr.o(.text)
    _ll_ushift_r                             0x08043c7b   Thumb Code     0  llushr.o(.text)
    __aeabi_lasr                             0x08043c9b   Thumb Code    36  llsshr.o(.text)
    _ll_sshift_r                             0x08043c9b   Thumb Code     0  llsshr.o(.text)
    __I$use$fp                               0x08043cbf   Thumb Code     0  iusefp.o(.text)
    _float_round                             0x08043cbf   Thumb Code    18  fepilogue.o(.text)
    _float_epilogue                          0x08043cd1   Thumb Code    92  fepilogue.o(.text)
    _double_round                            0x08043d2d   Thumb Code    30  depilogue.o(.text)
    _double_epilogue                         0x08043d4b   Thumb Code   156  depilogue.o(.text)
    __aeabi_d2ulz                            0x08043de7   Thumb Code    48  dfixul.o(.text)
    __aeabi_cdrcmple                         0x08043e19   Thumb Code    48  cdrcmple.o(.text)
    __scatterload                            0x08043e49   Thumb Code    28  init.o(.text)
    __scatterload_rt2                        0x08043e49   Thumb Code     0  init.o(.text)
    __decompress                             0x08043e6d   Thumb Code     0  __dczerorl2.o(.text)
    __decompress1                            0x08043e6d   Thumb Code    86  __dczerorl2.o(.text)
    __0sprintf                               0x08043ec5   Thumb Code    34  printfa.o(i.__0sprintf)
    __1sprintf                               0x08043ec5   Thumb Code     0  printfa.o(i.__0sprintf)
    __2sprintf                               0x08043ec5   Thumb Code     0  printfa.o(i.__0sprintf)
    __c89sprintf                             0x08043ec5   Thumb Code     0  printfa.o(i.__0sprintf)
    sprintf                                  0x08043ec5   Thumb Code     0  printfa.o(i.__0sprintf)
    __0vsnprintf                             0x08043eed   Thumb Code    40  printfa.o(i.__0vsnprintf)
    __1vsnprintf                             0x08043eed   Thumb Code     0  printfa.o(i.__0vsnprintf)
    __2vsnprintf                             0x08043eed   Thumb Code     0  printfa.o(i.__0vsnprintf)
    __c89vsnprintf                           0x08043eed   Thumb Code     0  printfa.o(i.__0vsnprintf)
    vsnprintf                                0x08043eed   Thumb Code     0  printfa.o(i.__0vsnprintf)
    __scatterload_copy                       0x08043f19   Thumb Code    14  handlers.o(i.__scatterload_copy)
    __scatterload_null                       0x08043f27   Thumb Code     2  handlers.o(i.__scatterload_null)
    __scatterload_zeroinit                   0x08043f29   Thumb Code    14  handlers.o(i.__scatterload_zeroinit)
    os_messageQ_def_usart2SendMessageQ       0x08044860   Data           8  main.o(.constdata)
    os_messageQ_def_oledShowMessageQ         0x08044868   Data           8  main.o(.constdata)
    os_thread_def_APP_TASKCREATE1            0x08044870   Data          20  main.o(.constdata)
    os_thread_def_OLED_TASK1                 0x08044884   Data          20  main.o(.constdata)
    os_thread_def_KEY_TASK1                  0x08044898   Data          20  main.o(.constdata)
    os_thread_def_CAM_TASK1                  0x080448ac   Data          20  main.o(.constdata)
    os_thread_def_RGB_TASK1                  0x080448c0   Data          20  main.o(.constdata)
    os_thread_def_RUNINIT_TASK1              0x080448d4   Data          20  main.o(.constdata)
    os_thread_def_U2RECE_TASK1               0x080448e8   Data          20  main.o(.constdata)
    os_thread_def_TRIGGER_TASK1              0x080448fc   Data          20  main.o(.constdata)
    os_thread_def_U2SEND_TASK1               0x08044910   Data          20  main.o(.constdata)
    os_thread_def_FAN_TASK1                  0x08044924   Data          20  main.o(.constdata)
    os_thread_def_n_psdkRecTask              0x08044938   Data          20  main.o(.constdata)
    os_thread_def_n_psdkTestTask             0x0804494c   Data          20  main.o(.constdata)
    os_thread_def_PPS_TASK1                  0x08044960   Data          20  main.o(.constdata)
    g_TestWidgetCount                        0x08044be4   Data           1  test_app_func.o(.constdata)
    g_PushDataMsgCallbackList                0x08044c1c   Data          48  test_msg_push.o(.constdata)
    g_testCameraHandler                      0x08044c4c   Data         144  test_payload_cam_emu.o(.constdata)
    g_testGimbalHandler                      0x08044e58   Data          32  test_payload_gimbal_emu.o(.constdata)
    g_testOsdkFuncHandler                    0x08044f2c   Data           4  test_osdk_func.o(.constdata)
    F8X16                                    0x08044fe4   Data        1520  cocoguojia_oled.o(.constdata)
    Region$$Table$$Base                      0x08046704   Number         0  anon$$obj.o(Region$$Table)
    Region$$Table$$Limit                     0x08046724   Number         0  anon$$obj.o(Region$$Table)
    g_ds18b20ToShow                          0x20000000   Data           2  application.o(.data)
    triggertime                              0x20000008   Data           4  application.o(.data)
    uxHighWaterMarkpsdk                      0x2000000c   Data           4  application.o(.data)
    uxHighWaterMarkpro                       0x20000010   Data           4  application.o(.data)
    uxHighWaterMarkpps                       0x20000014   Data           4  application.o(.data)
    bukepaizhaoTable                         0x20000018   Data          19  application.o(.data)
    APP_TASKCREATE_Handle                    0x2000002c   Data           4  main.o(.data)
    OLED_TASK_Handle                         0x20000030   Data           4  main.o(.data)
    KEY_TASK_Handle                          0x20000034   Data           4  main.o(.data)
    CAM_TASK_Handle                          0x20000038   Data           4  main.o(.data)
    RGB_TASK_Handle                          0x2000003c   Data           4  main.o(.data)
    RUNINIT_TASK_Handle                      0x20000040   Data           4  main.o(.data)
    U2RECE_TASK_Handle                       0x20000044   Data           4  main.o(.data)
    TRIGGER_TASK_Handle                      0x20000048   Data           4  main.o(.data)
    U2SEND_TASK_Handle                       0x2000004c   Data           4  main.o(.data)
    FAN_TASK_Handle                          0x20000050   Data           4  main.o(.data)
    processRecDataTaskHandle                 0x20000054   Data           4  main.o(.data)
    psdkTestTaskHandle                       0x20000058   Data           4  main.o(.data)
    PPS_TASK_Handle                          0x2000005c   Data           4  main.o(.data)
    Key_EventGroup                           0x20000060   Data           4  main.o(.data)
    usart2SendMessageQHandle                 0x20000064   Data           4  main.o(.data)
    oledShowMessageQHandle                   0x20000068   Data           4  main.o(.data)
    g_TestWidgetList                         0x20000094   Data           4  test_app_func.o(.data)
    timesigner                               0x20000148   Data           1  test_positioning.o(.data)
    ppssignal                                0x2000014c   Data           4  pps.o(.data)
    ppsNewestTriggerTimeMs                   0x20000150   Data           4  pps.o(.data)
    ppsNewTimeMs                             0x20000154   Data           4  pps.o(.data)
    uxHighWaterMarkcam                       0x2000015c   Data           4  cam_task.o(.data)
    uxHighWaterMarkkey                       0x20000160   Data           4  key_task.o(.data)
    uxHighWaterMark                          0x20000164   Data           4  oled_task.o(.data)
    g_shutPhotoFlag                          0x20000168   Data           1  rgb_task.o(.data)
    triggeStartDelayN                        0x2000016a   Data           2  rgb_task.o(.data)
    uxHighWaterMarkrgb                       0x2000016c   Data           4  rgb_task.o(.data)
    uxHighWaterMarkrun                       0x20000170   Data           4  runinit_task.o(.data)
    g_openCamStateFlag                       0x20000174   Data           1  trigger_task.o(.data)
    g_canPhotoStateFlag                      0x20000175   Data           1  trigger_task.o(.data)
    g_ds18b20Temp                            0x20000176   Data           2  trigger_task.o(.data)
    phototime                                0x20000178   Data           4  trigger_task.o(.data)
    phototimeadd                             0x2000017c   Data           4  trigger_task.o(.data)
    uxHighWaterMarktrigger                   0x20000180   Data           4  trigger_task.o(.data)
    g_oledStateFlag                          0x20000184   Data           4  u2rece_task.o(.data)
    g_tim5CatchNum                           0x20000188   Data           2  u2rece_task.o(.data)
    g_capture_FinishAndStartPhotoFlag        0x2000018a   Data           1  u2rece_task.o(.data)
    uxHighWaterMarku2rece                    0x2000018c   Data           4  u2rece_task.o(.data)
    g_camPowerFlagTable                      0x20000190   Data           6  u2rece_task.o(.data)
    g_camLoseFlagTable                       0x20000196   Data           6  u2rece_task.o(.data)
    g_theTurelostNumTable                    0x2000019c   Data           6  u2rece_task.o(.data)
    g_camRtkFlagTable                        0x200001a2   Data           6  u2rece_task.o(.data)
    g_readingFlag                            0x200001a8   Data           1  u2rece_task.o(.data)
    g_setModelFlag                           0x200001a9   Data           1  u2rece_task.o(.data)
    g_signalOrAutoModelFlag                  0x200001aa   Data           1  u2rece_task.o(.data)
    g_currentRowNum                          0x200001ab   Data           1  u2rece_task.o(.data)
    g_camTaskCanTakeOverFlag                 0x200001ac   Data           1  u2rece_task.o(.data)
    g_offOrOnTureStateFlag                   0x200001b0   Data           4  u2rece_task.o(.data)
    g_temperatureDelayLastFlag               0x200001b4   Data           1  u2rece_task.o(.data)
    g_ppsRtkHealthNum                        0x200001b5   Data           1  u2rece_task.o(.data)
    uxHighWaterMarku2send                    0x200001b8   Data           4  u2send_task.o(.data)
    g_fanDs18b20Flag                         0x200001bc   Data           1  fan_task.o(.data)
    uxHighWaterMarkfan                       0x200001c0   Data           4  fan_task.o(.data)
    g_fanTurePhotoEnFlag                     0x200001c4   Data           1  fan_task.o(.data)
    readbuf                                  0x200001c5   Data           8  cocoguojia_24c02.o(.data)
    Hzk                                      0x200001d2   Data         448  cocoguojia_oled.o(.data)
    BMP3                                     0x20000392   Data         128  cocoguojia_oled.o(.data)
    Hzk2                                     0x20000412   Data        2176  cocoguojia_oled.o(.data)
    TransferError                            0x20000ca4   Data           1  cocoguojia_sdio.o(.data)
    g_sdioFac_ms                             0x20000ca6   Data           2  cocoguojia_sdio.o(.data)
    StopCondition                            0x20000cb0   Data           4  cocoguojia_sdio.o(.data)
    TransferEnd                              0x20000cb4   Data           4  cocoguojia_sdio.o(.data)
    pxCurrentTCB                             0x200010dc   Data           4  tasks.o(.data)
    SystemCoreClock                          0x2000113c   Data           4  system_stm32f10x.o(.data)
    AHBPrescTable                            0x20001140   Data          16  system_stm32f10x.o(.data)
    xinhaoTable                              0x20001164   Data          10  application.o(.bss)
    bj_timer                                 0x2000116e   Data          39  application.o(.bss)
    x_gpsRawDataMsg                          0x20002210   Data          68  test_msg_push.o(.bss)
    utc_time                                 0x20002254   Data          39  test_positioning.o(.bss)
    writesdpos                               0x2000228c   Data         285  test_positioning.o(.bss)
    g_photoPicNum                            0x200023aa   Data          12  u2rece_task.o(.bss)
    SDCardInfo                               0x20003030   Data          88  cocoguojia_sdio.o(.bss)
    SDIO_InitStructure                       0x20003088   Data          24  cocoguojia_sdio.o(.bss)
    SDIO_CmdInitStructure                    0x200030a0   Data          20  cocoguojia_sdio.o(.bss)
    SDIO_DataInitStructure                   0x200030b4   Data          24  cocoguojia_sdio.o(.bss)
    xQueueRegistry                           0x20003264   Data          64  queue.o(.bss)
    __initial_sp                             0x2000cf98   Data           0  startup_stm32f10x_hd.o(STACK)



==============================================================================

Memory Map of the image

  Image Entry point : 0x08035131

  Load Region LR_IROM1 (Base: 0x08035000, Size: 0x00012888, Max: 0x00045000, ABSOLUTE, COMPRESSED[0x00012070])

    Execution Region ER_IROM1 (Exec base: 0x08035000, Load base: 0x08035000, Size: 0x00011724, Max: 0x00045000, ABSOLUTE)

    Exec Addr    Load Addr    Size         Type   Attr      Idx    E Section Name        Object

    0x08035000   0x08035000   0x00000130   Data   RO            3    RESET               startup_stm32f10x_hd.o
    0x08035130   0x08035130   0x00000000   Code   RO         1879  * .ARM.Collect$$$$00000000  mc_w.l(entry.o)
    0x08035130   0x08035130   0x00000004   Code   RO         2192    .ARM.Collect$$$$00000001  mc_w.l(entry2.o)
    0x08035134   0x08035134   0x00000004   Code   RO         2195    .ARM.Collect$$$$00000004  mc_w.l(entry5.o)
    0x08035138   0x08035138   0x00000000   Code   RO         2197    .ARM.Collect$$$$00000008  mc_w.l(entry7b.o)
    0x08035138   0x08035138   0x00000000   Code   RO         2199    .ARM.Collect$$$$0000000A  mc_w.l(entry8b.o)
    0x08035138   0x08035138   0x00000008   Code   RO         2200    .ARM.Collect$$$$0000000B  mc_w.l(entry9a.o)
    0x08035140   0x08035140   0x00000000   Code   RO         2202    .ARM.Collect$$$$0000000D  mc_w.l(entry10a.o)
    0x08035140   0x08035140   0x00000000   Code   RO         2204    .ARM.Collect$$$$0000000F  mc_w.l(entry11a.o)
    0x08035140   0x08035140   0x00000004   Code   RO         2193    .ARM.Collect$$$$00002712  mc_w.l(entry2.o)
    0x08035144   0x08035144   0x00000096   Code   RO         1629    .emb_text           port.o
    0x080351da   0x080351da   0x00000002   PAD
    0x080351dc   0x080351dc   0x00000024   Code   RO            4    .text               startup_stm32f10x_hd.o
    0x08035200   0x08035200   0x00000624   Code   RO           10    .text               application.o
    0x08035824   0x08035824   0x000000f8   Code   RO          377    .text               main.o
    0x0803591c   0x0803591c   0x00000020   Code   RO          656    .text               stm32f10x_it.o
    0x0803593c   0x0803593c   0x000004cc   Code   RO          681    .text               test_app_func.o
    0x08035e08   0x08035e08   0x00000078   Code   RO          724    .text               test_msg_push.o
    0x08035e80   0x08035e80   0x000007e4   Code   RO          763    .text               test_payload_cam_emu.o
    0x08036664   0x08036664   0x00000354   Code   RO          783    .text               test_payload_gimbal_emu.o
    0x080369b8   0x080369b8   0x0000005c   Code   RO          803    .text               test_osdk_func.o
    0x08036a14   0x08036a14   0x000002fc   Code   RO          821    .text               test_positioning.o
    0x08036d10   0x08036d10   0x00000002   Code   RO          849    .text               sys.o
    0x08036d12   0x08036d12   0x00000002   PAD
    0x08036d14   0x08036d14   0x000000f0   Code   RO          861    .text               pps.o
    0x08036e04   0x08036e04   0x000000b8   Code   RO          882    .text               hotshoe.o
    0x08036ebc   0x08036ebc   0x00000104   Code   RO          896    .text               bsp.o
    0x08036fc0   0x08036fc0   0x0000058a   Code   RO          915    .text               cam_task.o
    0x0803754a   0x0803754a   0x00000002   PAD
    0x0803754c   0x0803754c   0x00000130   Code   RO          931    .text               key_task.o
    0x0803767c   0x0803767c   0x0000017c   Code   RO          947    .text               oled_task.o
    0x080377f8   0x080377f8   0x000001d0   Code   RO          963    .text               rgb_task.o
    0x080379c8   0x080379c8   0x000004cc   Code   RO          982    .text               runinit_task.o
    0x08037e94   0x08037e94   0x00000328   Code   RO          999    .text               trigger_task.o
    0x080381bc   0x080381bc   0x00000164   Code   RO         1022    .text               u2rece_task.o
    0x08038320   0x08038320   0x00000228   Code   RO         1063    .text               u2send_task.o
    0x08038548   0x08038548   0x000000c0   Code   RO         1080    .text               fan_task.o
    0x08038608   0x08038608   0x00000314   Code   RO         1100    .text               cocoguojia_24c02.o
    0x0803891c   0x0803891c   0x000003c0   Code   RO         1115    .text               cocoguojia_ds18b20.o
    0x08038cdc   0x08038cdc   0x00000048   Code   RO         1127    .text               cocoguojia_init.o
    0x08038d24   0x08038d24   0x00001220   Code   RO         1139    .text               cocoguojia_oled.o
    0x08039f44   0x08039f44   0x00000048   Code   RO         1160    .text               cocoguojia_rgbled.o
    0x08039f8c   0x08039f8c   0x000000c8   Code   RO         1172    .text               cocoguojia_tim1pwm.o
    0x0803a054   0x0803a054   0x00000558   Code   RO         1184    .text               cocoguojia_usart.o
    0x0803a5ac   0x0803a5ac   0x000000d8   Code   RO         1209    .text               cocoguojia_usart_ringbuffer.o
    0x0803a684   0x0803a684   0x000013c4   Code   RO         1244    .text               cocoguojia_sdio.o
    0x0803ba48   0x0803ba48   0x000002f8   Code   RO         1263    .text               psdk_upper.o
    0x0803bd40   0x0803bd40   0x0000046c   Code   RO         1279    .text               psdk_app_func.o
    0x0803c1ac   0x0803c1ac   0x00000128   Code   RO         1295    .text               psdk_msg_subcribe.o
    0x0803c2d4   0x0803c2d4   0x000005b4   Code   RO         1310    .text               psdk_payload_camera.o
    0x0803c888   0x0803c888   0x000001a0   Code   RO         1326    .text               psdk_payload_gimbal.o
    0x0803ca28   0x0803ca28   0x000000d8   Code   RO         1342    .text               psdk_osdk_func.o
    0x0803cb00   0x0803cb00   0x0000006c   Code   RO         1357    .text               psdk_positioning.o
    0x0803cb6c   0x0803cb6c   0x00000dc8   Code   RO         1369    .text               psdk_aes.o
    0x0803d934   0x0803d934   0x000000d8   Code   RO         1383    .text               psdk_crc.o
    0x0803da0c   0x0803da0c   0x000008c4   Code   RO         1398    .text               psdk_md5.o
    0x0803e2d0   0x0803e2d0   0x000006e8   Code   RO         1422    .text               psdk_proto.o
    0x0803e9b8   0x0803e9b8   0x00000054   Code   RO         1436    .text               psdk_debug.o
    0x0803ea0c   0x0803ea0c   0x000000c4   Code   RO         1449    .text               psdk_proto_parse.o
    0x0803ead0   0x0803ead0   0x00000120   Code   RO         1461    .text               psdk_arch_sys.o
    0x0803ebf0   0x0803ebf0   0x00000888   Code   RO         1473    .text               cmsis_os.o
    0x0803f478   0x0803f478   0x0000034c   Code   RO         1516    .text               event_groups.o
    0x0803f7c4   0x0803f7c4   0x00000088   Code   RO         1550    .text               list.o
    0x0803f84c   0x0803f84c   0x000009b8   Code   RO         1562    .text               queue.o
    0x08040204   0x08040204   0x0000139c   Code   RO         1577    .text               tasks.o
    0x080415a0   0x080415a0   0x000001d8   Code   RO         1602    .text               heap_4.o
    0x08041778   0x08041778   0x000001c4   Code   RO         1630    .text               port.o
    0x0804193c   0x0804193c   0x00000174   Code   RO         1659    .text               system_stm32f10x.o
    0x08041ab0   0x08041ab0   0x000000b8   Code   RO         1687    .text               misc.o
    0x08041b68   0x08041b68   0x000001e8   Code   RO         1711    .text               stm32f10x_dma.o
    0x08041d50   0x08041d50   0x000000ec   Code   RO         1723    .text               stm32f10x_exti.o
    0x08041e3c   0x08041e3c   0x00000298   Code   RO         1765    .text               stm32f10x_gpio.o
    0x080420d4   0x080420d4   0x000002f4   Code   RO         1777    .text               stm32f10x_rcc.o
    0x080423c8   0x080423c8   0x000001b0   Code   RO         1791    .text               stm32f10x_sdio.o
    0x08042578   0x08042578   0x00000c2a   Code   RO         1803    .text               stm32f10x_tim.o
    0x080431a2   0x080431a2   0x00000002   PAD
    0x080431a4   0x080431a4   0x0000039c   Code   RO         1815    .text               stm32f10x_usart.o
    0x08043540   0x08043540   0x00000062   Code   RO         1882    .text               mc_w.l(uldiv.o)
    0x080435a2   0x080435a2   0x00000002   PAD
    0x080435a4   0x080435a4   0x0000008c   Code   RO         1887    .text               mc_w.l(localtime_r.o)
    0x08043630   0x08043630   0x000000a8   Code   RO         1890    .text               mc_w.l(mktime.o)
    0x080436d8   0x080436d8   0x00000024   Code   RO         1893    .text               mc_w.l(memcpya.o)
    0x080436fc   0x080436fc   0x00000024   Code   RO         1895    .text               mc_w.l(memseta.o)
    0x08043720   0x08043720   0x00000018   Code   RO         1897    .text               mc_w.l(strncpy.o)
    0x08043738   0x08043738   0x0000000e   Code   RO         1899    .text               mc_w.l(strlen.o)
    0x08043746   0x08043746   0x0000001c   Code   RO         1901    .text               mc_w.l(strcmp.o)
    0x08043762   0x08043762   0x00000012   Code   RO         1903    .text               mc_w.l(strcpy.o)
    0x08043774   0x08043774   0x00000064   Code   RO         2170    .text               mf_w.l(fmul.o)
    0x080437d8   0x080437d8   0x0000014e   Code   RO         2172    .text               mf_w.l(dadd.o)
    0x08043926   0x08043926   0x000000e4   Code   RO         2174    .text               mf_w.l(dmul.o)
    0x08043a0a   0x08043a0a   0x000000de   Code   RO         2176    .text               mf_w.l(ddiv.o)
    0x08043ae8   0x08043ae8   0x00000022   Code   RO         2178    .text               mf_w.l(dflti.o)
    0x08043b0a   0x08043b0a   0x0000001a   Code   RO         2180    .text               mf_w.l(dfltui.o)
    0x08043b24   0x08043b24   0x00000032   Code   RO         2182    .text               mf_w.l(ffixi.o)
    0x08043b56   0x08043b56   0x0000003e   Code   RO         2184    .text               mf_w.l(dfixi.o)
    0x08043b94   0x08043b94   0x00000032   Code   RO         2186    .text               mf_w.l(dfixui.o)
    0x08043bc6   0x08043bc6   0x00000002   PAD
    0x08043bc8   0x08043bc8   0x00000030   Code   RO         2188    .text               mf_w.l(cdcmple.o)
    0x08043bf8   0x08043bf8   0x00000038   Code   RO         2190    .text               mf_w.l(d2f.o)
    0x08043c30   0x08043c30   0x0000002c   Code   RO         2209    .text               mc_w.l(uidiv.o)
    0x08043c5c   0x08043c5c   0x0000001e   Code   RO         2211    .text               mc_w.l(llshl.o)
    0x08043c7a   0x08043c7a   0x00000020   Code   RO         2213    .text               mc_w.l(llushr.o)
    0x08043c9a   0x08043c9a   0x00000024   Code   RO         2215    .text               mc_w.l(llsshr.o)
    0x08043cbe   0x08043cbe   0x00000000   Code   RO         2229    .text               mc_w.l(iusefp.o)
    0x08043cbe   0x08043cbe   0x0000006e   Code   RO         2230    .text               mf_w.l(fepilogue.o)
    0x08043d2c   0x08043d2c   0x000000ba   Code   RO         2232    .text               mf_w.l(depilogue.o)
    0x08043de6   0x08043de6   0x00000030   Code   RO         2234    .text               mf_w.l(dfixul.o)
    0x08043e16   0x08043e16   0x00000002   PAD
    0x08043e18   0x08043e18   0x00000030   Code   RO         2236    .text               mf_w.l(cdrcmple.o)
    0x08043e48   0x08043e48   0x00000024   Code   RO         2238    .text               mc_w.l(init.o)
    0x08043e6c   0x08043e6c   0x00000056   Code   RO         2282    .text               mc_w.l(__dczerorl2.o)
    0x08043ec2   0x08043ec2   0x00000002   PAD
    0x08043ec4   0x08043ec4   0x00000028   Code   RO         2142    i.__0sprintf        mc_w.l(printfa.o)
    0x08043eec   0x08043eec   0x0000002c   Code   RO         2145    i.__0vsnprintf      mc_w.l(printfa.o)
    0x08043f18   0x08043f18   0x0000000e   Code   RO         2276    i.__scatterload_copy  mc_w.l(handlers.o)
    0x08043f26   0x08043f26   0x00000002   Code   RO         2277    i.__scatterload_null  mc_w.l(handlers.o)
    0x08043f28   0x08043f28   0x0000000e   Code   RO         2278    i.__scatterload_zeroinit  mc_w.l(handlers.o)
    0x08043f36   0x08043f36   0x00000002   PAD
    0x08043f38   0x08043f38   0x00000184   Code   RO         2147    i._fp_digits        mc_w.l(printfa.o)
    0x080440bc   0x080440bc   0x000006dc   Code   RO         2148    i._printf_core      mc_w.l(printfa.o)
    0x08044798   0x08044798   0x00000024   Code   RO         2149    i._printf_post_padding  mc_w.l(printfa.o)
    0x080447bc   0x080447bc   0x0000002e   Code   RO         2150    i._printf_pre_padding  mc_w.l(printfa.o)
    0x080447ea   0x080447ea   0x00000016   Code   RO         2151    i._snputc           mc_w.l(printfa.o)
    0x08044800   0x08044800   0x0000000a   Code   RO         2152    i._sputc            mc_w.l(printfa.o)
    0x0804480a   0x0804480a   0x00000056   Data   RO           13    .constdata          application.o
    0x08044860   0x08044860   0x00000114   Data   RO          378    .constdata          main.o
    0x08044974   0x08044974   0x00000270   Data   RO          683    .constdata          test_app_func.o
    0x08044be4   0x08044be4   0x00000001   Data   RO          684    .constdata          test_app_func.o
    0x08044be5   0x08044be5   0x00000036   Data   RO          685    .constdata          test_app_func.o
    0x08044c1b   0x08044c1b   0x00000001   PAD
    0x08044c1c   0x08044c1c   0x00000030   Data   RO          726    .constdata          test_msg_push.o
    0x08044c4c   0x08044c4c   0x00000090   Data   RO          764    .constdata          test_payload_cam_emu.o
    0x08044cdc   0x08044cdc   0x0000017a   Data   RO          765    .constdata          test_payload_cam_emu.o
    0x08044e56   0x08044e56   0x00000002   PAD
    0x08044e58   0x08044e58   0x00000020   Data   RO          784    .constdata          test_payload_gimbal_emu.o
    0x08044e78   0x08044e78   0x000000b3   Data   RO          785    .constdata          test_payload_gimbal_emu.o
    0x08044f2b   0x08044f2b   0x00000001   PAD
    0x08044f2c   0x08044f2c   0x00000004   Data   RO          804    .constdata          test_osdk_func.o
    0x08044f30   0x08044f30   0x0000001f   Data   RO          805    .constdata          test_osdk_func.o
    0x08044f4f   0x08044f4f   0x00000035   Data   RO          823    .constdata          test_positioning.o
    0x08044f84   0x08044f84   0x00000009   Data   RO          916    .constdata          cam_task.o
    0x08044f8d   0x08044f8d   0x00000009   Data   RO          932    .constdata          key_task.o
    0x08044f96   0x08044f96   0x0000000a   Data   RO          948    .constdata          oled_task.o
    0x08044fa0   0x08044fa0   0x00000009   Data   RO          964    .constdata          rgb_task.o
    0x08044fa9   0x08044fa9   0x0000000d   Data   RO          983    .constdata          runinit_task.o
    0x08044fb6   0x08044fb6   0x0000000d   Data   RO         1000    .constdata          trigger_task.o
    0x08044fc3   0x08044fc3   0x0000000c   Data   RO         1024    .constdata          u2rece_task.o
    0x08044fcf   0x08044fcf   0x0000000c   Data   RO         1064    .constdata          u2send_task.o
    0x08044fdb   0x08044fdb   0x00000009   Data   RO         1081    .constdata          fan_task.o
    0x08044fe4   0x08044fe4   0x000005f0   Data   RO         1141    .constdata          cocoguojia_oled.o
    0x080455d4   0x080455d4   0x00000030   Data   RO         1265    .constdata          psdk_upper.o
    0x08045604   0x08045604   0x00000071   Data   RO         1280    .constdata          psdk_app_func.o
    0x08045675   0x08045675   0x00000003   PAD
    0x08045678   0x08045678   0x00000060   Data   RO         1297    .constdata          psdk_msg_subcribe.o
    0x080456d8   0x080456d8   0x00000108   Data   RO         1312    .constdata          psdk_payload_camera.o
    0x080457e0   0x080457e0   0x00000048   Data   RO         1328    .constdata          psdk_payload_gimbal.o
    0x08045828   0x08045828   0x00000008   Data   RO         1343    .constdata          psdk_osdk_func.o
    0x08045830   0x08045830   0x0000083c   Data   RO         1370    .constdata          psdk_aes.o
    0x0804606c   0x0804606c   0x00000300   Data   RO         1384    .constdata          psdk_crc.o
    0x0804636c   0x0804636c   0x0000002f   Data   RO         1423    .constdata          psdk_proto.o
    0x0804639b   0x0804639b   0x00000017   Data   RO         1437    .constdata          psdk_debug.o
    0x080463b2   0x080463b2   0x0000000c   Data   RO         1888    .constdata          mc_w.l(localtime_r.o)
    0x080463be   0x080463be   0x0000000c   Data   RO         1891    .constdata          mc_w.l(mktime.o)
    0x080463ca   0x080463ca   0x00000002   PAD
    0x080463cc   0x080463cc   0x000000b0   Data   RO           14    .conststring        application.o
    0x0804647c   0x0804647c   0x000000b7   Data   RO          379    .conststring        main.o
    0x08046533   0x08046533   0x00000001   PAD
    0x08046534   0x08046534   0x000000da   Data   RO          686    .conststring        test_app_func.o
    0x0804660e   0x0804660e   0x00000002   PAD
    0x08046610   0x08046610   0x000000a0   Data   RO         1281    .conststring        psdk_app_func.o
    0x080466b0   0x080466b0   0x00000052   Data   RO         1424    .conststring        psdk_proto.o
    0x08046702   0x08046702   0x00000002   PAD
    0x08046704   0x08046704   0x00000020   Data   RO         2274    Region$$Table       anon$$obj.o


    Execution Region RW_IRAM1 (Exec base: 0x20000000, Load base: 0x08046724, Size: 0x0000cf98, Max: 0x00010000, ABSOLUTE, COMPRESSED[0x0000094c])

    Exec Addr    Load Addr    Size         Type   Attr      Idx    E Section Name        Object

    0x20000000   COMPRESSED   0x0000002b   Data   RW           15    .data               application.o
    0x2000002b   COMPRESSED   0x00000001   PAD
    0x2000002c   COMPRESSED   0x00000040   Data   RW          380    .data               main.o
    0x2000006c   COMPRESSED   0x0000006c   Data   RW          687    .data               test_app_func.o
    0x200000d8   COMPRESSED   0x00000050   Data   RW          766    .data               test_payload_cam_emu.o
    0x20000128   COMPRESSED   0x00000016   Data   RW          786    .data               test_payload_gimbal_emu.o
    0x2000013e   COMPRESSED   0x00000002   PAD
    0x20000140   COMPRESSED   0x00000008   Data   RW          825    .data               test_positioning.o
    0x20000148   COMPRESSED   0x00000001   Data   RW          826    .data               test_positioning.o
    0x20000149   COMPRESSED   0x00000003   PAD
    0x2000014c   COMPRESSED   0x0000000c   Data   RW          862    .data               pps.o
    0x20000158   COMPRESSED   0x00000004   Data   RW          883    .data               hotshoe.o
    0x2000015c   COMPRESSED   0x00000004   Data   RW          917    .data               cam_task.o
    0x20000160   COMPRESSED   0x00000004   Data   RW          933    .data               key_task.o
    0x20000164   COMPRESSED   0x00000004   Data   RW          949    .data               oled_task.o
    0x20000168   COMPRESSED   0x00000008   Data   RW          965    .data               rgb_task.o
    0x20000170   COMPRESSED   0x00000004   Data   RW          985    .data               runinit_task.o
    0x20000174   COMPRESSED   0x00000010   Data   RW         1001    .data               trigger_task.o
    0x20000184   COMPRESSED   0x00000004   Data   RW         1027    .data               u2rece_task.o
    0x20000188   COMPRESSED   0x00000002   Data   RW         1030    .data               u2rece_task.o
    0x2000018a   COMPRESSED   0x00000001   Data   RW         1031    .data               u2rece_task.o
    0x2000018b   COMPRESSED   0x00000001   PAD
    0x2000018c   COMPRESSED   0x00000016   Data   RW         1032    .data               u2rece_task.o
    0x200001a2   COMPRESSED   0x00000006   Data   RW         1033    .data               u2rece_task.o
    0x200001a8   COMPRESSED   0x00000001   Data   RW         1034    .data               u2rece_task.o
    0x200001a9   COMPRESSED   0x00000001   Data   RW         1036    .data               u2rece_task.o
    0x200001aa   COMPRESSED   0x00000001   Data   RW         1037    .data               u2rece_task.o
    0x200001ab   COMPRESSED   0x00000001   Data   RW         1040    .data               u2rece_task.o
    0x200001ac   COMPRESSED   0x00000001   Data   RW         1041    .data               u2rece_task.o
    0x200001ad   COMPRESSED   0x00000003   PAD
    0x200001b0   COMPRESSED   0x00000004   Data   RW         1042    .data               u2rece_task.o
    0x200001b4   COMPRESSED   0x00000001   Data   RW         1043    .data               u2rece_task.o
    0x200001b5   COMPRESSED   0x00000001   Data   RW         1044    .data               u2rece_task.o
    0x200001b6   COMPRESSED   0x00000002   PAD
    0x200001b8   COMPRESSED   0x00000004   Data   RW         1065    .data               u2send_task.o
    0x200001bc   COMPRESSED   0x00000008   Data   RW         1082    .data               fan_task.o
    0x200001c4   COMPRESSED   0x00000001   Data   RW         1083    .data               fan_task.o
    0x200001c5   COMPRESSED   0x00000008   Data   RW         1101    .data               cocoguojia_24c02.o
    0x200001cd   COMPRESSED   0x00000ac5   Data   RW         1142    .data               cocoguojia_oled.o
    0x20000c92   COMPRESSED   0x00000002   PAD
    0x20000c94   COMPRESSED   0x00000010   Data   RW         1186    .data               cocoguojia_usart.o
    0x20000ca4   COMPRESSED   0x00000014   Data   RW         1246    .data               cocoguojia_sdio.o
    0x20000cb8   COMPRESSED   0x00000004   Data   RW         1266    .data               psdk_upper.o
    0x20000cbc   COMPRESSED   0x00000018   Data   RW         1282    .data               psdk_app_func.o
    0x20000cd4   COMPRESSED   0x00000001   Data   RW         1313    .data               psdk_payload_camera.o
    0x20000cd5   COMPRESSED   0x00000001   Data   RW         1329    .data               psdk_payload_gimbal.o
    0x20000cd6   COMPRESSED   0x00000002   PAD
    0x20000cd8   COMPRESSED   0x00000004   Data   RW         1344    .data               psdk_osdk_func.o
    0x20000cdc   COMPRESSED   0x00000400   Data   RW         1385    .data               psdk_crc.o
    0x200010dc   COMPRESSED   0x0000003c   Data   RW         1579    .data               tasks.o
    0x20001118   COMPRESSED   0x00000018   Data   RW         1604    .data               heap_4.o
    0x20001130   COMPRESSED   0x0000000c   Data   RW         1631    .data               port.o
    0x2000113c   COMPRESSED   0x00000014   Data   RW         1660    .data               system_stm32f10x.o
    0x20001150   COMPRESSED   0x00000014   Data   RW         1778    .data               stm32f10x_rcc.o
    0x20001164        -       0x00000cac   Zero   RW           11    .bss                application.o
    0x20001e10        -       0x00000400   Zero   RW          682    .bss                test_app_func.o
    0x20002210        -       0x00000044   Zero   RW          725    .bss                test_msg_push.o
    0x20002254        -       0x00000155   Zero   RW          822    .bss                test_positioning.o
    0x200023a9   COMPRESSED   0x00000001   PAD
    0x200023aa        -       0x0000000c   Zero   RW         1023    .bss                u2rece_task.o
    0x200023b6   COMPRESSED   0x00000002   PAD
    0x200023b8        -       0x00000c48   Zero   RW         1185    .bss                cocoguojia_usart.o
    0x20003000        -       0x000000cc   Zero   RW         1245    .bss                cocoguojia_sdio.o
    0x200030cc        -       0x000000b5   Zero   RW         1264    .bss                psdk_upper.o
    0x20003181   COMPRESSED   0x00000003   PAD
    0x20003184        -       0x00000030   Zero   RW         1296    .bss                psdk_msg_subcribe.o
    0x200031b4        -       0x00000090   Zero   RW         1311    .bss                psdk_payload_camera.o
    0x20003244        -       0x00000020   Zero   RW         1327    .bss                psdk_payload_gimbal.o
    0x20003264        -       0x00000040   Zero   RW         1563    .bss                queue.o
    0x200032a4        -       0x000000f0   Zero   RW         1578    .bss                tasks.o
    0x20003394        -       0x00009800   Zero   RW         1603    .bss                heap_4.o
    0x2000cb94   COMPRESSED   0x00000004   PAD
    0x2000cb98        -       0x00000400   Zero   RW            1    STACK               startup_stm32f10x_hd.o


==============================================================================

Image component sizes


      Code (inc. data)   RO Data    RW Data    ZI Data      Debug   Object Name

      1572        424        262         43       3244     237912   application.o
       260         24          0          0          0       4091   bsp.o
      1418         76          9          4          0       2436   cam_task.o
      2184         10          0          0          0      26088   cmsis_os.o
       788         14          0          8          0       4814   cocoguojia_24c02.o
       960         18          0          0          0       3243   cocoguojia_ds18b20.o
        72          8          0          0          0        788   cocoguojia_init.o
      4640        512       1520       2757          0      11206   cocoguojia_oled.o
        72         10          0          0          0        572   cocoguojia_rgbled.o
      5060        104          0         20        204      25585   cocoguojia_sdio.o
       200          8          0          0          0       1023   cocoguojia_tim1pwm.o
      1368         66          0         16       3144       9248   cocoguojia_usart.o
       216          0          0          0          0       2281   cocoguojia_usart_ringbuffer.o
       844          4          0          0          0      15318   event_groups.o
       192         66          9          9          0       1054   fan_task.o
       472         10          0         24      38912       6336   heap_4.o
       184         10          0          4          0       1888   hotshoe.o
       304         60          9          4          0       1080   key_task.o
       136          0          0          0          0       1902   list.o
       248         16        459         64          0     332314   main.o
       184         12          0          0          0       1985   misc.o
       380         58         10          4          0       1174   oled_task.o
       602         32          0         12          0       8059   port.o
       240         14          0         12          0       1844   pps.o
      3528         56       2108          0          0       6379   psdk_aes.o
      1132         20        273         24          0       7461   psdk_app_func.o
       288         36          0          0          0       3041   psdk_arch_sys.o
       216         48        768       1024          0       2291   psdk_crc.o
        84         66         23          0          0       1033   psdk_debug.o
      2244        262          0          0          0       6066   psdk_md5.o
       296         10         96          0         48       5100   psdk_msg_subcribe.o
       216         10          8          4          0       2392   psdk_osdk_func.o
      1460         18        264          1        144      12054   psdk_payload_camera.o
       416         12         72          1         32       4626   psdk_payload_gimbal.o
       108          0          0          0          0       1265   psdk_positioning.o
      1768        288        129          0          0       7320   psdk_proto.o
       196          0          0          0          0       2011   psdk_proto_parse.o
       760         12         48          4        181       6171   psdk_upper.o
      2488          8          0          0         64      17045   queue.o
       464         92          9          8          0       1390   rgb_task.o
      1228        108         13          4          0       2571   runinit_task.o
        36          8        304          0       1024        872   startup_stm32f10x_hd.o
       488         10          0          0          0       4854   stm32f10x_dma.o
       236         10          0          0          0       2475   stm32f10x_exti.o
       664         36          0          0          0       6269   stm32f10x_gpio.o
        32          0          0          0          0       1151   stm32f10x_it.o
       756         32          0         20          0       9416   stm32f10x_rcc.o
       432         20          0          0          0       7348   stm32f10x_sdio.o
      3114         84          0          0          0      25160   stm32f10x_tim.o
       924         20          0          0          0       9232   stm32f10x_usart.o
         2          0          0          0          0        415   sys.o
       372         34          0         20          0       1959   system_stm32f10x.o
      5020        104          0         60        240      27776   tasks.o
      1228        608        897        108       1024       3611   test_app_func.o
       120          4         48          0         68       8976   test_msg_push.o
        92         50         35          0          0       1388   test_osdk_func.o
      2020        646        522         80          0      11143   test_payload_cam_emu.o
       852        326        211         22          0       4068   test_payload_gimbal_emu.o
       764         88         53          9        341       5111   test_positioning.o
       808        104         13         16          0       2048   trigger_task.o
       356         66         12         46         12       3193   u2rece_task.o
       552        144         12          4          0       1674   u2send_task.o

    ----------------------------------------------------------------------
     58364       4996       8240       4452      48692     928596   Object Totals
         0          0         32          0          0          0   (incl. Generated)
         8          0         12         16         10          0   (incl. Padding)

    ----------------------------------------------------------------------

      Code (inc. data)   RO Data    RW Data    ZI Data      Debug   Library Member Name

        86          0          0          0          0          0   __dczerorl2.o
         0          0          0          0          0          0   entry.o
         0          0          0          0          0          0   entry10a.o
         0          0          0          0          0          0   entry11a.o
         8          4          0          0          0          0   entry2.o
         4          0          0          0          0          0   entry5.o
         0          0          0          0          0          0   entry7b.o
         0          0          0          0          0          0   entry8b.o
         8          4          0          0          0          0   entry9a.o
        30          0          0          0          0          0   handlers.o
        36          8          0          0          0         68   init.o
         0          0          0          0          0          0   iusefp.o
        30          0          0          0          0         68   llshl.o
        36          0          0          0          0         68   llsshr.o
        32          0          0          0          0         68   llushr.o
       140          6         12          0          0         76   localtime_r.o
        36          0          0          0          0         68   memcpya.o
        36          0          0          0          0        108   memseta.o
       168         18         12          0          0         80   mktime.o
      2342         90          0          0          0        668   printfa.o
        28          0          0          0          0         76   strcmp.o
        18          0          0          0          0         68   strcpy.o
        14          0          0          0          0         68   strlen.o
        24          0          0          0          0         76   strncpy.o
        44          0          0          0          0         80   uidiv.o
        98          0          0          0          0         92   uldiv.o
        48          0          0          0          0         68   cdcmple.o
        48          0          0          0          0         68   cdrcmple.o
        56          0          0          0          0         88   d2f.o
       334          0          0          0          0        148   dadd.o
       222          0          0          0          0        100   ddiv.o
       186          0          0          0          0        176   depilogue.o
        62          0          0          0          0         80   dfixi.o
        50          0          0          0          0         76   dfixui.o
        48          0          0          0          0         68   dfixul.o
        34          0          0          0          0         76   dflti.o
        26          0          0          0          0         76   dfltui.o
       228          0          0          0          0         96   dmul.o
       110          0          0          0          0        168   fepilogue.o
        50          0          0          0          0         68   ffixi.o
       100          0          0          0          0         76   fmul.o

    ----------------------------------------------------------------------
      4830        130         26          0          0       3164   Library Totals
        10          0          2          0          0          0   (incl. Padding)

    ----------------------------------------------------------------------

      Code (inc. data)   RO Data    RW Data    ZI Data      Debug   Library Name

      3218        130         24          0          0       1732   mc_w.l
      1602          0          0          0          0       1432   mf_w.l

    ----------------------------------------------------------------------
      4830        130         26          0          0       3164   Library Totals

    ----------------------------------------------------------------------

==============================================================================


      Code (inc. data)   RO Data    RW Data    ZI Data      Debug   

     63194       5126       8266       4452      48692     924296   Grand Totals
     63194       5126       8266       2380      48692     924296   ELF Image Totals (compressed)
     63194       5126       8266       2380          0          0   ROM Totals

==============================================================================

    Total RO  Size (Code + RO Data)                71460 (  69.79kB)
    Total RW  Size (RW Data + ZI Data)             53144 (  51.90kB)
    Total ROM Size (Code + RO Data + RW Data)      73840 (  72.11kB)

==============================================================================

