Component: ARM Compiler 5.06 update 5 (build 528) Tool: armlink [4d35e2]

==============================================================================

Section Cross References

    startup_stm32f10x_hd.o(RESET) refers to startup_stm32f10x_hd.o(STACK) for __initial_sp
    startup_stm32f10x_hd.o(RESET) refers to startup_stm32f10x_hd.o(.text) for Reset_Handler
    startup_stm32f10x_hd.o(RESET) refers to stm32f10x_it.o(.text) for NMI_Handler
    startup_stm32f10x_hd.o(RESET) refers to port.o(.emb_text) for SVC_Handler
    startup_stm32f10x_hd.o(RESET) refers to hotshoe.o(.text) for EXTI1_IRQHandler
    startup_stm32f10x_hd.o(RESET) refers to pps.o(.text) for EXTI3_IRQHandler
    startup_stm32f10x_hd.o(RESET) refers to cocoguojia_usart.o(.text) for USART1_IRQHandler
    startup_stm32f10x_hd.o(RESET) refers to cocoguojia_sdio.o(.text) for SDIO_IRQHandler
    startup_stm32f10x_hd.o(.text) refers to system_stm32f10x.o(.text) for SystemInit
    startup_stm32f10x_hd.o(.text) refers to entry.o(.ARM.Collect$$$$00000000) for __main
    application.o(.text) refers to memseta.o(.text) for __aeabi_memclr
    application.o(.text) refers to strcpy.o(.text) for strcpy
    application.o(.text) refers to strcmp.o(.text) for strcmp
    application.o(.text) refers to cocoguojia_usart.o(.text) for UART_Printf
    application.o(.text) refers to tasks.o(.text) for uxTaskGetStackHighWaterMark
    application.o(.text) refers to printfa.o(i.__0sprintf) for __2sprintf
    application.o(.text) refers to psdk_app_func.o(.text) for PsdkAppFunc_PushMsgToFloatingWindow
    application.o(.text) refers to strlen.o(.text) for strlen
    application.o(.text) refers to psdk_osdk_func.o(.text) for PsdkOsdkFunc_TransferToOsdk
    application.o(.text) refers to cmsis_os.o(.text) for osDelay
    application.o(.text) refers to psdk_upper.o(.text) for PsdkUpper_ProcessReceiveData
    application.o(.text) refers to pps.o(.text) for PPS_Init
    application.o(.text) refers to hotshoe.o(.text) for HotShoe_Init
    application.o(.text) refers to psdk_msg_subcribe.o(.text) for PsdkMsgSub_Init
    application.o(.text) refers to psdk_payload_camera.o(.text) for PsdkCamera_Init
    application.o(.text) refers to psdk_payload_gimbal.o(.text) for PsdkGimbal_Init
    application.o(.text) refers to test_positioning.o(.text) for Test_RequestPosition
    application.o(.text) refers to cdcmple.o(.text) for __aeabi_cdcmpeq
    application.o(.text) refers to application.o(.constdata) for .constdata
    application.o(.text) refers to application.o(.conststring) for .conststring
    application.o(.text) refers to main.o(.data) for psdkTestTaskHandle
    application.o(.text) refers to application.o(.data) for .data
    application.o(.text) refers to application.o(.bss) for .bss
    application.o(.text) refers to u2rece_task.o(.bss) for g_photoPicNum
    application.o(.text) refers to u2rece_task.o(.data) for g_signalOrAutoModelFlag
    application.o(.text) refers to trigger_task.o(.data) for g_canPhotoStateFlag
    application.o(.text) refers to u2rece_task.o(.data) for g_tim5CatchNum
    application.o(.text) refers to u2rece_task.o(.data) for g_ppsRtkHealthNum
    application.o(.text) refers to test_app_func.o(.text) for Test_ReceiveFromMobileSDKFunc
    application.o(.text) refers to test_app_func.o(.constdata) for g_TestWidgetCount
    application.o(.text) refers to test_app_func.o(.data) for g_TestWidgetList
    application.o(.text) refers to test_msg_push.o(.constdata) for g_PushDataMsgCallbackList
    application.o(.text) refers to test_payload_cam_emu.o(.constdata) for g_testCameraHandler
    application.o(.text) refers to test_payload_gimbal_emu.o(.constdata) for g_testGimbalHandler
    application.o(.text) refers to test_osdk_func.o(.constdata) for g_testOsdkFuncHandler
    application.o(.text) refers to pps.o(.data) for ppssignal
    application.o(.text) refers to test_positioning.o(.bss) for writesdpos
    application.o(.text) refers to test_positioning.o(.data) for timesigner
    main.o(.text) refers to sys.o(.text) for Sys_Init
    main.o(.text) refers to bsp.o(.text) for BSP_Init
    main.o(.text) refers to application.o(.text) for application_init
    main.o(.text) refers to cmsis_os.o(.text) for osThreadCreate
    main.o(.text) refers to port.o(.text) for vPortEnterCritical
    main.o(.text) refers to event_groups.o(.text) for xEventGroupCreate
    main.o(.text) refers to main.o(.constdata) for .constdata
    main.o(.text) refers to main.o(.data) for .data
    main.o(.constdata) refers to main.o(.conststring) for .conststring
    main.o(.constdata) refers to main.o(.text) for APP_TASKCREATE
    main.o(.constdata) refers to oled_task.o(.text) for OLED_TASK
    main.o(.constdata) refers to key_task.o(.text) for KEY_TASK
    main.o(.constdata) refers to cam_task.o(.text) for CAM_TASK
    main.o(.constdata) refers to rgb_task.o(.text) for RGB_TASK
    main.o(.constdata) refers to runinit_task.o(.text) for RUNINIT_TASK
[...]
    SdioDelayInit                            0x0803a5c9   Thumb Code    36  cocoguojia_sdio.o(.text)
    cocoguojia_sdDeInit                      0x0803a5ed   Thumb Code    68  cocoguojia_sdio.o(.text)
    SD_EnableWideBusOperation                0x0803a9a1   Thumb Code   172  cocoguojia_sdio.o(.text)
    SD_SelectDeselect                        0x0803aa4d   Thumb Code    40  cocoguojia_sdio.o(.text)
    SD_GetCardInfo                           0x0803aa75   Thumb Code   612  cocoguojia_sdio.o(.text)
    SD_InitializeCards                       0x0803ad91   Thumb Code   284  cocoguojia_sdio.o(.text)
    SD_PowerON                               0x0803af43   Thumb Code   356  cocoguojia_sdio.o(.text)
    SD_Init                                  0x0803b0a7   Thumb Code    94  cocoguojia_sdio.o(.text)
    SD_SendStatus                            0x0803b105   Thumb Code    36  cocoguojia_sdio.o(.text)
    SD_GetState                              0x0803b129   Thumb Code    26  cocoguojia_sdio.o(.text)
    SD_GetStatus                             0x0803b143   Thumb Code    26  cocoguojia_sdio.o(.text)
    SD_PowerOFF                              0x0803b15d   Thumb Code    14  cocoguojia_sdio.o(.text)
    SD_SendSDStatus                          0x0803b16b   Thumb Code   334  cocoguojia_sdio.o(.text)
    SD_GetCardStatus                         0x0803b2b9   Thumb Code   128  cocoguojia_sdio.o(.text)
    SD_ReadBlock                             0x0803b339   Thumb Code   174  cocoguojia_sdio.o(.text)
    SD_ReadMultiBlocks                       0x0803b3e7   Thumb Code   188  cocoguojia_sdio.o(.text)
    SD_WaitReadOperation                     0x0803b4a3   Thumb Code    34  cocoguojia_sdio.o(.text)
    SD_WriteBlock                            0x0803b4c5   Thumb Code   170  cocoguojia_sdio.o(.text)
    SD_WriteMultiBlocks                      0x0803b56f   Thumb Code   278  cocoguojia_sdio.o(.text)
    SD_WaitWriteOperation                    0x0803b685   Thumb Code    56  cocoguojia_sdio.o(.text)
    SD_GetTransferState                      0x0803b6bd   Thumb Code    18  cocoguojia_sdio.o(.text)
    SD_StopTransfer                          0x0803b6cf   Thumb Code    18  cocoguojia_sdio.o(.text)
    SD_Erase                                 0x0803b839   Thumb Code   238  cocoguojia_sdio.o(.text)
    SD_ProcessIRQSrc                         0x0803b927   Thumb Code    60  cocoguojia_sdio.o(.text)
    convert_from_bytes_to_power_of_two       0x0803b963   Thumb Code    18  cocoguojia_sdio.o(.text)
    SDIO_IRQHandler                          0x0803b975   Thumb Code     2  cocoguojia_sdio.o(.text)
    PsdkUpper_Init                           0x0803bbf5   Thumb Code    92  psdk_upper.o(.text)
    PsdkUpper_SetFixVersion                  0x0803bc51   Thumb Code    10  psdk_upper.o(.text)
    PsdkUpper_SetProductAlias                0x0803bc5b   Thumb Code    18  psdk_upper.o(.text)
    PsdkUpper_ProcessReceiveData             0x0803bc6d   Thumb Code     4  psdk_upper.o(.text)
    PsdkUpper_RegSendFunction                0x0803bc71   Thumb Code     4  psdk_upper.o(.text)
    PsdkUpper_RegReceiveFunction             0x0803bc75   Thumb Code     4  psdk_upper.o(.text)
    PsdkAppFunc_Init                         0x0803bf95   Thumb Code    46  psdk_app_func.o(.text)
    PsdkAppFunc_TransferToApp                0x0803bfc3   Thumb Code   148  psdk_app_func.o(.text)
    PsdkAppFunc_PushMsgToFloatingWindow      0x0803c057   Thumb Code   108  psdk_app_func.o(.text)
    PsdkAppFunc_SetWidgetList                0x0803c0c3   Thumb Code    10  psdk_app_func.o(.text)
    PsdkAppFunc_SetReceiveFromAppCallback    0x0803c0cd   Thumb Code     8  psdk_app_func.o(.text)
    PsdkAppFunc_RegGetWidgetValueCallback    0x0803c0d5   Thumb Code     8  psdk_app_func.o(.text)
    PsdkAppFunc_RegSetWidgetValueCallback    0x0803c0dd   Thumb Code     8  psdk_app_func.o(.text)
    PsdkAppFunc_RegGetTextInputBoxParamCallback 0x0803c0e5   Thumb Code     8  psdk_app_func.o(.text)
    PsdkMsgSub_Init                          0x0803c1db   Thumb Code    38  psdk_msg_subcribe.o(.text)
    PsdkMsgSub_RegMsgCallbackList            0x0803c201   Thumb Code    14  psdk_msg_subcribe.o(.text)
    PsdkCamera_Init                          0x0803c793   Thumb Code    44  psdk_payload_camera.o(.text)
    PsdkGimbal_Init                          0x0803c935   Thumb Code    44  psdk_payload_gimbal.o(.text)
    PsdkOsdkFunc_Init                        0x0803c981   Thumb Code    32  psdk_osdk_func.o(.text)
    PsdkOsdkFunc_TransferToOsdk              0x0803c9a1   Thumb Code   154  psdk_osdk_func.o(.text)
    PsdkPositioning_GetPos                   0x0803ca45   Thumb Code   108  psdk_positioning.o(.text)
    PsdkAes_SetupDecrypt                     0x0803d529   Thumb Code   628  psdk_aes.o(.text)
    PsdkAes_Encrypt                          0x0803d79d   Thumb Code    92  psdk_aes.o(.text)
    PsdkAes_Decrypt                          0x0803d7f9   Thumb Code    90  psdk_aes.o(.text)
    PsdkCrc_Crc8                             0x0803d879   Thumb Code    48  psdk_crc.o(.text)
    PsdkCrc_Crc16                            0x0803d8a9   Thumb Code    60  psdk_crc.o(.text)
    PsdkCrc_Crc32                            0x0803d8e5   Thumb Code    60  psdk_crc.o(.text)
    md5_transform                            0x0803d951   Thumb Code  1846  psdk_md5.o(.text)
    md5_init                                 0x0803e087   Thumb Code    32  psdk_md5.o(.text)
    md5_update                               0x0803e0a7   Thumb Code    72  psdk_md5.o(.text)
    md5_final                                0x0803e0ef   Thumb Code   176  psdk_md5.o(.text)
    PsdkProto_Send                           0x0803e389   Thumb Code    88  psdk_proto.o(.text)
    PsdkProto_SendAckData                    0x0803e3e1   Thumb Code    50  psdk_proto.o(.text)
    PsdkProto_DealCmd                        0x0803e413   Thumb Code   186  psdk_proto.o(.text)
    PsdkProto_Init                           0x0803e54f   Thumb Code   164  psdk_proto.o(.text)
    PsdkProto_DeInit                         0x0803e5f3   Thumb Code    42  psdk_proto.o(.text)
    PsdkProto_ProcessReceiveData             0x0803e61d   Thumb Code   118  psdk_proto.o(.text)
    PsdkProto_RegSendDataFunc                0x0803e693   Thumb Code    16  psdk_proto.o(.text)
    PsdkProto_RegReceiveDataFunc             0x0803e6a3   Thumb Code    16  psdk_proto.o(.text)
    PsdkProt_GetCurrentSendSeq               0x0803e6b3   Thumb Code    50  psdk_proto.o(.text)
    PsdkProto_RegCmdSetHandler               0x0803e6e5   Thumb Code   110  psdk_proto.o(.text)
    PsdkProto_SendGetAck                     0x0803e753   Thumb Code   138  psdk_proto.o(.text)
    PsdkDebug_AssertFailed                   0x0803e8fd   Thumb Code    18  psdk_debug.o(.text)
    PsdkProtParse_Init                       0x0803e951   Thumb Code     8  psdk_proto_parse.o(.text)
    PsdkProtParse_AddByte                    0x0803e959   Thumb Code   188  psdk_proto_parse.o(.text)
    PsdkSys_MutexNew                         0x0803ea15   Thumb Code    26  psdk_arch_sys.o(.text)
    PsdkSys_MutexDestroy                     0x0803ea2f   Thumb Code    32  psdk_arch_sys.o(.text)
    PsdkSys_MutexLock                        0x0803ea4f   Thumb Code    36  psdk_arch_sys.o(.text)
    PsdkSys_MutexUnlock                      0x0803ea73   Thumb Code    32  psdk_arch_sys.o(.text)
    PsdkSys_SemaphoreNew                     0x0803ea93   Thumb Code    26  psdk_arch_sys.o(.text)
    PsdkSys_SemaphoreDestroy                 0x0803eaad   Thumb Code    32  psdk_arch_sys.o(.text)
    PsdkSys_SemaphoreTimedWait               0x0803eacd   Thumb Code    36  psdk_arch_sys.o(.text)
    PsdkSys_SemaphorePost                    0x0803eaf1   Thumb Code    32  psdk_arch_sys.o(.text)
    osKernelStart                            0x0803eb5f   Thumb Code    10  cmsis_os.o(.text)
    osKernelRunning                          0x0803eb69   Thumb Code    18  cmsis_os.o(.text)
    osKernelSysTick                          0x0803eb7b   Thumb Code    24  cmsis_os.o(.text)
    osThreadCreate                           0x0803eb93   Thumb Code    46  cmsis_os.o(.text)
    osThreadGetId                            0x0803ebc1   Thumb Code     4  cmsis_os.o(.text)
    osThreadTerminate                        0x0803ebc5   Thumb Code    10  cmsis_os.o(.text)
    osThreadYield                            0x0803ebcf   Thumb Code    20  cmsis_os.o(.text)
    osThreadSetPriority                      0x0803ebe3   Thumb Code    22  cmsis_os.o(.text)
    osThreadGetPriority                      0x0803ebf9   Thumb Code    34  cmsis_os.o(.text)
    osDelay                                  0x0803ec1b   Thumb Code    16  cmsis_os.o(.text)
    osTimerCreate                            0x0803ec2b   Thumb Code     4  cmsis_os.o(.text)
    osTimerStart                             0x0803ec2f   Thumb Code     4  cmsis_os.o(.text)
    osTimerStop                              0x0803ec33   Thumb Code     4  cmsis_os.o(.text)
    osTimerDelete                            0x0803ec37   Thumb Code     4  cmsis_os.o(.text)
    osSignalSet                              0x0803ec3b   Thumb Code    92  cmsis_os.o(.text)
    osSignalWait                             0x0803ec97   Thumb Code    90  cmsis_os.o(.text)
    osMutexCreate                            0x0803ecf1   Thumb Code     6  cmsis_os.o(.text)
    osMutexWait                              0x0803ecf7   Thumb Code   102  cmsis_os.o(.text)
    osMutexRelease                           0x0803ed5d   Thumb Code    76  cmsis_os.o(.text)
    osMutexDelete                            0x0803eda9   Thumb Code    24  cmsis_os.o(.text)
    osSemaphoreCreate                        0x0803edc1   Thumb Code    48  cmsis_os.o(.text)
    osSemaphoreWait                          0x0803edf1   Thumb Code   102  cmsis_os.o(.text)
    osSemaphoreRelease                       0x0803ee57   Thumb Code    76  cmsis_os.o(.text)
    osSemaphoreDelete                        0x0803eea3   Thumb Code    24  cmsis_os.o(.text)
    osPoolCreate                             0x0803eebb   Thumb Code   106  cmsis_os.o(.text)
    osPoolAlloc                              0x0803ef25   Thumb Code   104  cmsis_os.o(.text)
    osPoolCAlloc                             0x0803ef8d   Thumb Code    16  cmsis_os.o(.text)
    osPoolFree                               0x0803ef9d   Thumb Code    70  cmsis_os.o(.text)
    osMessageCreate                          0x0803efe3   Thumb Code     8  cmsis_os.o(.text)
    osMessagePut                             0x0803efeb   Thumb Code    92  cmsis_os.o(.text)
    osMessageGet                             0x0803f047   Thumb Code   146  cmsis_os.o(.text)
    osMailCreate                             0x0803f0d9   Thumb Code   100  cmsis_os.o(.text)
    osMailAlloc                              0x0803f13d   Thumb Code    12  cmsis_os.o(.text)
    osMailCAlloc                             0x0803f149   Thumb Code    34  cmsis_os.o(.text)
    osMailPut                                0x0803f16b   Thumb Code    92  cmsis_os.o(.text)
    osMailGet                                0x0803f1c7   Thumb Code   142  cmsis_os.o(.text)
    osMailFree                               0x0803f255   Thumb Code    12  cmsis_os.o(.text)
    osSystickHandler                         0x0803f261   Thumb Code    20  cmsis_os.o(.text)
    osThreadSuspend                          0x0803f275   Thumb Code    10  cmsis_os.o(.text)
    osThreadResume                           0x0803f27f   Thumb Code    46  cmsis_os.o(.text)
    osThreadSuspendAll                       0x0803f2ad   Thumb Code    10  cmsis_os.o(.text)
    osThreadResumeAll                        0x0803f2b7   Thumb Code    18  cmsis_os.o(.text)
    osDelayUntil                             0x0803f2c9   Thumb Code    16  cmsis_os.o(.text)
    osAbortDelay                             0x0803f2d9   Thumb Code     4  cmsis_os.o(.text)
    osThreadList                             0x0803f2dd   Thumb Code    10  cmsis_os.o(.text)
    osMessagePeek                            0x0803f2e7   Thumb Code    78  cmsis_os.o(.text)
    osMessageWaiting                         0x0803f335   Thumb Code    30  cmsis_os.o(.text)
    osMessageAvailableSpace                  0x0803f353   Thumb Code     4  cmsis_os.o(.text)
    osMessageDelete                          0x0803f357   Thumb Code    24  cmsis_os.o(.text)
    osRecursiveMutexCreate                   0x0803f36f   Thumb Code     6  cmsis_os.o(.text)
    osRecursiveMutexRelease                  0x0803f375   Thumb Code    18  cmsis_os.o(.text)
    osRecursiveMutexWait                     0x0803f387   Thumb Code    44  cmsis_os.o(.text)
    osSemaphoreGetCount                      0x0803f3b3   Thumb Code     4  cmsis_os.o(.text)
    xEventGroupCreate                        0x0803f3bd   Thumb Code    26  event_groups.o(.text)
    xEventGroupSetBits                       0x0803f3d7   Thumb Code   160  event_groups.o(.text)
    xEventGroupSync                          0x0803f477   Thumb Code   194  event_groups.o(.text)
    xEventGroupWaitBits                      0x0803f551   Thumb Code   258  event_groups.o(.text)
    xEventGroupClearBits                     0x0803f653   Thumb Code    66  event_groups.o(.text)
    xEventGroupGetBitsFromISR                0x0803f695   Thumb Code    26  event_groups.o(.text)
    vEventGroupDelete                        0x0803f6af   Thumb Code    70  event_groups.o(.text)
    vEventGroupSetBitsCallback               0x0803f6f5   Thumb Code     2  event_groups.o(.text)
    vEventGroupClearBitsCallback             0x0803f6f7   Thumb Code     2  event_groups.o(.text)
    uxEventGroupGetNumber                    0x0803f6f9   Thumb Code    12  event_groups.o(.text)
    vListInitialise                          0x0803f709   Thumb Code    22  list.o(.text)
    vListInitialiseItem                      0x0803f71f   Thumb Code     6  list.o(.text)
    vListInsertEnd                           0x0803f725   Thumb Code    24  list.o(.text)
    vListInsert                              0x0803f73d   Thumb Code    48  list.o(.text)
    uxListRemove                             0x0803f76d   Thumb Code    36  list.o(.text)
    xQueueGenericReset                       0x0803f791   Thumb Code   134  queue.o(.text)
    xQueueGenericCreate                      0x0803f839   Thumb Code    68  queue.o(.text)
    xQueueGenericSend                        0x0803f973   Thumb Code   352  queue.o(.text)
    xQueueCreateMutex                        0x0803fae9   Thumb Code    24  queue.o(.text)
    xQueueGiveMutexRecursive                 0x0803fb01   Thumb Code    64  queue.o(.text)
    xQueueGenericReceive                     0x0803fb83   Thumb Code   394  queue.o(.text)
    xQueueTakeMutexRecursive                 0x0803fd0d   Thumb Code    70  queue.o(.text)
    xQueueCreateCountingSemaphore            0x0803fd53   Thumb Code    60  queue.o(.text)
    xQueueGenericSendFromISR                 0x0803fd8f   Thumb Code   188  queue.o(.text)
    xQueueGiveFromISR                        0x0803fe4b   Thumb Code   158  queue.o(.text)
    xQueueReceiveFromISR                     0x0803fee9   Thumb Code   154  queue.o(.text)
    xQueuePeekFromISR                        0x0803ff83   Thumb Code   122  queue.o(.text)
    uxQueueMessagesWaiting                   0x0803fffd   Thumb Code    38  queue.o(.text)
    uxQueueSpacesAvailable                   0x08040023   Thumb Code    42  queue.o(.text)
    uxQueueMessagesWaitingFromISR            0x0804004d   Thumb Code    24  queue.o(.text)
    vQueueUnregisterQueue                    0x08040065   Thumb Code    36  queue.o(.text)
    vQueueDelete                             0x08040089   Thumb Code    40  queue.o(.text)
    uxQueueGetQueueNumber                    0x080400b1   Thumb Code     4  queue.o(.text)
    vQueueSetQueueNumber                     0x080400b5   Thumb Code     4  queue.o(.text)
    ucQueueGetQueueType                      0x080400b9   Thumb Code     6  queue.o(.text)
    xQueueIsQueueEmptyFromISR                0x080400bf   Thumb Code    32  queue.o(.text)
    xQueueIsQueueFullFromISR                 0x080400df   Thumb Code    36  queue.o(.text)
    vQueueAddToRegistry                      0x08040103   Thumb Code    32  queue.o(.text)
    pcQueueGetName                           0x08040123   Thumb Code    34  queue.o(.text)
    xTaskCreate                              0x080402af   Thumb Code    96  tasks.o(.text)
    vTaskDelete                              0x08040341   Thumb Code   158  tasks.o(.text)
    xTaskIncrementTick                       0x080403df   Thumb Code   210  tasks.o(.text)
    xTaskResumeAll                           0x080404b1   Thumb Code   204  tasks.o(.text)
    vTaskSuspendAll                          0x080405e3   Thumb Code    10  tasks.o(.text)
    vTaskDelayUntil                          0x080405ed   Thumb Code   142  tasks.o(.text)
    vTaskDelay                               0x0804067b   Thumb Code    70  tasks.o(.text)
    eTaskGetState                            0x080406c1   Thumb Code    98  tasks.o(.text)
    uxTaskPriorityGet                        0x08040723   Thumb Code    24  tasks.o(.text)
    uxTaskPriorityGetFromISR                 0x0804073b   Thumb Code    40  tasks.o(.text)
    vTaskPrioritySet                         0x08040763   Thumb Code   188  tasks.o(.text)
    vTaskSwitchContext                       0x0804081f   Thumb Code   112  tasks.o(.text)
    vTaskSuspend                             0x0804088f   Thumb Code   158  tasks.o(.text)
    vTaskResume                              0x0804096b   Thumb Code   114  tasks.o(.text)
    xTaskResumeFromISR                       0x080409dd   Thumb Code   132  tasks.o(.text)
    vTaskStartScheduler                      0x08040acb   Thumb Code    86  tasks.o(.text)
    vTaskEndScheduler                        0x08040b21   Thumb Code    24  tasks.o(.text)
    xTaskGetTickCount                        0x08040b39   Thumb Code     6  tasks.o(.text)
    xTaskGetTickCountFromISR                 0x08040b3f   Thumb Code    12  tasks.o(.text)
    uxTaskGetNumberOfTasks                   0x08040b4b   Thumb Code     6  tasks.o(.text)
    pcTaskGetName                            0x08040b51   Thumb Code    30  tasks.o(.text)
    vTaskGetInfo                             0x08040b83   Thumb Code   120  tasks.o(.text)
    uxTaskGetSystemState                     0x08040c55   Thumb Code   158  tasks.o(.text)
    vTaskPlaceOnEventList                    0x08040cf3   Thumb Code    44  tasks.o(.text)
    vTaskPlaceOnUnorderedEventList           0x08040d1f   Thumb Code    98  tasks.o(.text)
    xTaskRemoveFromEventList                 0x08040d81   Thumb Code   112  tasks.o(.text)
    xTaskRemoveFromUnorderedEventList        0x08040df1   Thumb Code   114  tasks.o(.text)
    vTaskSetTimeOutState                     0x08040e63   Thumb Code    32  tasks.o(.text)
    xTaskCheckForTimeOut                     0x08040e83   Thumb Code   112  tasks.o(.text)
    vTaskMissedYield                         0x08040ef3   Thumb Code     8  tasks.o(.text)
    uxTaskGetTaskNumber                      0x08040efb   Thumb Code    12  tasks.o(.text)
    vTaskSetTaskNumber                       0x08040f07   Thumb Code     8  tasks.o(.text)
    uxTaskGetStackHighWaterMark              0x08040f0f   Thumb Code    12  tasks.o(.text)
    xTaskGetCurrentTaskHandle                0x08040f1b   Thumb Code     6  tasks.o(.text)
    xTaskGetSchedulerState                   0x08040f21   Thumb Code    24  tasks.o(.text)
    vTaskPriorityInherit                     0x08040f39   Thumb Code   128  tasks.o(.text)
    xTaskPriorityDisinherit                  0x08040fb9   Thumb Code   146  tasks.o(.text)
    vTaskList                                0x0804106f   Thumb Code   168  tasks.o(.text)
    uxTaskResetEventItemValue                0x08041117   Thumb Code    20  tasks.o(.text)
    pvTaskIncrementMutexHeldCount            0x0804112b   Thumb Code    20  tasks.o(.text)
    ulTaskNotifyTake                         0x0804113f   Thumb Code   126  tasks.o(.text)
    xTaskNotifyWait                          0x080411bd   Thumb Code   132  tasks.o(.text)
    xTaskGenericNotify                       0x08041241   Thumb Code   194  tasks.o(.text)
    xTaskGenericNotifyFromISR                0x08041303   Thumb Code   244  tasks.o(.text)
    vTaskNotifyGiveFromISR                   0x080413f7   Thumb Code   178  tasks.o(.text)
    xTaskNotifyStateClear                    0x080414a9   Thumb Code    46  tasks.o(.text)
    pvPortMalloc                             0x08041577   Thumb Code   208  heap_4.o(.text)
    vPortFree                                0x08041647   Thumb Code    90  heap_4.o(.text)
    xPortGetFreeHeapSize                     0x080416a1   Thumb Code     8  heap_4.o(.text)
    xPortGetMinimumEverFreeHeapSize          0x080416a9   Thumb Code     8  heap_4.o(.text)
    vPortInitialiseBlocks                    0x080416b1   Thumb Code     2  heap_4.o(.text)
    pxPortInitialiseStack                    0x080416e5   Thumb Code    24  port.o(.text)
    vPortSetupTimerInterrupt                 0x080416fd   Thumb Code    26  port.o(.text)
    xPortStartScheduler                      0x08041717   Thumb Code   104  port.o(.text)
    vPortEndScheduler                        0x0804177f   Thumb Code    28  port.o(.text)
    vPortEnterCritical                       0x0804179b   Thumb Code    56  port.o(.text)
    vPortExitCritical                        0x080417d3   Thumb Code    38  port.o(.text)
    xPortSysTickHandler                      0x080417f9   Thumb Code    40  port.o(.text)
    vPortValidateInterruptPriority           0x08041821   Thumb Code    76  port.o(.text)
    SystemInit                               0x08041929   Thumb Code    64  system_stm32f10x.o(.text)
    SystemCoreClockUpdate                    0x08041969   Thumb Code   106  system_stm32f10x.o(.text)
    NVIC_PriorityGroupConfig                 0x080419f5   Thumb Code    10  misc.o(.text)
    NVIC_Init                                0x080419ff   Thumb Code    96  misc.o(.text)
    NVIC_SetVectorTable                      0x08041a5f   Thumb Code    14  misc.o(.text)
    NVIC_SystemLPConfig                      0x08041a6d   Thumb Code    24  misc.o(.text)
    SysTick_CLKSourceConfig                  0x08041a85   Thumb Code    28  misc.o(.text)
    DMA_DeInit                               0x08041aad   Thumb Code   238  stm32f10x_dma.o(.text)
    DMA_Init                                 0x08041b9b   Thumb Code    58  stm32f10x_dma.o(.text)
    DMA_StructInit                           0x08041bd5   Thumb Code    26  stm32f10x_dma.o(.text)
    DMA_Cmd                                  0x08041bef   Thumb Code    26  stm32f10x_dma.o(.text)
    DMA_ITConfig                             0x08041c09   Thumb Code    20  stm32f10x_dma.o(.text)
    DMA_SetCurrDataCounter                   0x08041c1d   Thumb Code     4  stm32f10x_dma.o(.text)
    DMA_GetCurrDataCounter                   0x08041c21   Thumb Code     6  stm32f10x_dma.o(.text)
    DMA_GetFlagStatus                        0x08041c27   Thumb Code    30  stm32f10x_dma.o(.text)
    DMA_ClearFlag                            0x08041c45   Thumb Code    20  stm32f10x_dma.o(.text)
    DMA_GetITStatus                          0x08041c59   Thumb Code    30  stm32f10x_dma.o(.text)
    DMA_ClearITPendingBit                    0x08041c77   Thumb Code    20  stm32f10x_dma.o(.text)
    EXTI_DeInit                              0x08041c95   Thumb Code    28  stm32f10x_exti.o(.text)
    EXTI_Init                                0x08041cb1   Thumb Code   110  stm32f10x_exti.o(.text)
    EXTI_StructInit                          0x08041d1f   Thumb Code    14  stm32f10x_exti.o(.text)
    EXTI_GenerateSWInterrupt                 0x08041d2d   Thumb Code    12  stm32f10x_exti.o(.text)
    EXTI_GetFlagStatus                       0x08041d39   Thumb Code    18  stm32f10x_exti.o(.text)
    EXTI_ClearFlag                           0x08041d4b   Thumb Code     8  stm32f10x_exti.o(.text)
    EXTI_GetITStatus                         0x08041d53   Thumb Code    28  stm32f10x_exti.o(.text)
    EXTI_ClearITPendingBit                   0x08041d6f   Thumb Code     8  stm32f10x_exti.o(.text)
    GPIO_DeInit                              0x08041d81   Thumb Code   188  stm32f10x_gpio.o(.text)
    GPIO_AFIODeInit                          0x08041e3d   Thumb Code    22  stm32f10x_gpio.o(.text)
    GPIO_Init                                0x08041e53   Thumb Code   166  stm32f10x_gpio.o(.text)
    GPIO_StructInit                          0x08041ef9   Thumb Code    16  stm32f10x_gpio.o(.text)
    GPIO_ReadInputDataBit                    0x08041f09   Thumb Code    14  stm32f10x_gpio.o(.text)
    GPIO_ReadInputData                       0x08041f17   Thumb Code     6  stm32f10x_gpio.o(.text)
    GPIO_ReadOutputDataBit                   0x08041f1d   Thumb Code    14  stm32f10x_gpio.o(.text)
    GPIO_ReadOutputData                      0x08041f2b   Thumb Code     6  stm32f10x_gpio.o(.text)
    GPIO_SetBits                             0x08041f31   Thumb Code     4  stm32f10x_gpio.o(.text)
    GPIO_ResetBits                           0x08041f35   Thumb Code     4  stm32f10x_gpio.o(.text)
    GPIO_WriteBit                            0x08041f39   Thumb Code    12  stm32f10x_gpio.o(.text)
    GPIO_Write                               0x08041f45   Thumb Code     4  stm32f10x_gpio.o(.text)
    GPIO_PinLockConfig                       0x08041f49   Thumb Code    16  stm32f10x_gpio.o(.text)
    GPIO_EventOutputConfig                   0x08041f59   Thumb Code    22  stm32f10x_gpio.o(.text)
    GPIO_EventOutputCmd                      0x08041f6f   Thumb Code     6  stm32f10x_gpio.o(.text)
    GPIO_PinRemapConfig                      0x08041f75   Thumb Code    86  stm32f10x_gpio.o(.text)
    GPIO_EXTILineConfig                      0x08041fcb   Thumb Code    34  stm32f10x_gpio.o(.text)
    GPIO_ETH_MediaInterfaceConfig            0x08041fed   Thumb Code     8  stm32f10x_gpio.o(.text)
    RCC_DeInit                               0x08042019   Thumb Code    50  stm32f10x_rcc.o(.text)
    RCC_HSEConfig                            0x0804204b   Thumb Code    50  stm32f10x_rcc.o(.text)
    RCC_GetFlagStatus                        0x0804207d   Thumb Code    42  stm32f10x_rcc.o(.text)
    RCC_WaitForHSEStartUp                    0x080420a7   Thumb Code    48  stm32f10x_rcc.o(.text)
    RCC_AdjustHSICalibrationValue            0x080420d7   Thumb Code    16  stm32f10x_rcc.o(.text)
    RCC_HSICmd                               0x080420e7   Thumb Code     6  stm32f10x_rcc.o(.text)
    RCC_PLLConfig                            0x080420ed   Thumb Code    16  stm32f10x_rcc.o(.text)
    RCC_PLLCmd                               0x080420fd   Thumb Code     6  stm32f10x_rcc.o(.text)
    RCC_SYSCLKConfig                         0x08042103   Thumb Code    14  stm32f10x_rcc.o(.text)
    RCC_GetSYSCLKSource                      0x08042111   Thumb Code    10  stm32f10x_rcc.o(.text)
    RCC_HCLKConfig                           0x0804211b   Thumb Code    14  stm32f10x_rcc.o(.text)
    RCC_PCLK1Config                          0x08042129   Thumb Code    14  stm32f10x_rcc.o(.text)
    RCC_PCLK2Config                          0x08042137   Thumb Code    16  stm32f10x_rcc.o(.text)
    RCC_ITConfig                             0x08042147   Thumb Code    22  stm32f10x_rcc.o(.text)
    RCC_USBCLKConfig                         0x0804215d   Thumb Code     8  stm32f10x_rcc.o(.text)
    RCC_ADCCLKConfig                         0x08042165   Thumb Code    14  stm32f10x_rcc.o(.text)
    RCC_LSEConfig                            0x08042173   Thumb Code    36  stm32f10x_rcc.o(.text)
    RCC_LSICmd                               0x08042197   Thumb Code     6  stm32f10x_rcc.o(.text)
    RCC_RTCCLKConfig                         0x0804219d   Thumb Code    10  stm32f10x_rcc.o(.text)
    RCC_RTCCLKCmd                            0x080421a7   Thumb Code     8  stm32f10x_rcc.o(.text)
    RCC_GetClocksFreq                        0x080421af   Thumb Code   154  stm32f10x_rcc.o(.text)
    RCC_AHBPeriphClockCmd                    0x08042249   Thumb Code    22  stm32f10x_rcc.o(.text)
    RCC_APB2PeriphClockCmd                   0x0804225f   Thumb Code    22  stm32f10x_rcc.o(.text)
    RCC_APB1PeriphClockCmd                   0x08042275   Thumb Code    22  stm32f10x_rcc.o(.text)
    RCC_APB2PeriphResetCmd                   0x0804228b   Thumb Code    22  stm32f10x_rcc.o(.text)
    RCC_APB1PeriphResetCmd                   0x080422a1   Thumb Code    22  stm32f10x_rcc.o(.text)
    RCC_BackupResetCmd                       0x080422b7   Thumb Code     8  stm32f10x_rcc.o(.text)
    RCC_ClockSecuritySystemCmd               0x080422bf   Thumb Code     6  stm32f10x_rcc.o(.text)
    RCC_MCOConfig                            0x080422c5   Thumb Code     6  stm32f10x_rcc.o(.text)
    RCC_ClearFlag                            0x080422cb   Thumb Code    12  stm32f10x_rcc.o(.text)
    RCC_GetITStatus                          0x080422d7   Thumb Code    16  stm32f10x_rcc.o(.text)
    RCC_ClearITPendingBit                    0x080422e7   Thumb Code     6  stm32f10x_rcc.o(.text)
    SDIO_DeInit                              0x0804230d   Thumb Code    26  stm32f10x_sdio.o(.text)
    SDIO_Init                                0x08042327   Thumb Code    40  stm32f10x_sdio.o(.text)
    SDIO_StructInit                          0x0804234f   Thumb Code    16  stm32f10x_sdio.o(.text)
    SDIO_ClockCmd                            0x0804235f   Thumb Code     6  stm32f10x_sdio.o(.text)
    SDIO_SetPowerState                       0x08042365   Thumb Code    18  stm32f10x_sdio.o(.text)
    SDIO_GetPowerState                       0x08042377   Thumb Code    10  stm32f10x_sdio.o(.text)
    SDIO_ITConfig                            0x08042381   Thumb Code    22  stm32f10x_sdio.o(.text)
    SDIO_DMACmd                              0x08042397   Thumb Code     6  stm32f10x_sdio.o(.text)
    SDIO_SendCommand                         0x0804239d   Thumb Code    34  stm32f10x_sdio.o(.text)
    SDIO_CmdStructInit                       0x080423bf   Thumb Code    14  stm32f10x_sdio.o(.text)
    SDIO_GetCommandResponse                  0x080423cd   Thumb Code     8  stm32f10x_sdio.o(.text)
    SDIO_GetResponse                         0x080423d5   Thumb Code    16  stm32f10x_sdio.o(.text)
    SDIO_DataConfig                          0x080423e5   Thumb Code    38  stm32f10x_sdio.o(.text)
    SDIO_DataStructInit                      0x0804240b   Thumb Code    20  stm32f10x_sdio.o(.text)
    SDIO_GetDataCounter                      0x0804241f   Thumb Code     6  stm32f10x_sdio.o(.text)
    SDIO_ReadData                            0x08042425   Thumb Code     8  stm32f10x_sdio.o(.text)
    SDIO_WriteData                           0x0804242d   Thumb Code     8  stm32f10x_sdio.o(.text)
    SDIO_GetFIFOCount                        0x08042435   Thumb Code     6  stm32f10x_sdio.o(.text)
    SDIO_StartSDIOReadWait                   0x0804243b   Thumb Code     8  stm32f10x_sdio.o(.text)
    SDIO_StopSDIOReadWait                    0x08042443   Thumb Code     8  stm32f10x_sdio.o(.text)
    SDIO_SetSDIOReadWaitMode                 0x0804244b   Thumb Code     8  stm32f10x_sdio.o(.text)
    SDIO_SetSDIOOperation                    0x08042453   Thumb Code     8  stm32f10x_sdio.o(.text)
    SDIO_SendSDIOSuspendCmd                  0x0804245b   Thumb Code     6  stm32f10x_sdio.o(.text)
    SDIO_CommandCompletionCmd                0x08042461   Thumb Code     8  stm32f10x_sdio.o(.text)
    SDIO_CEATAITCmd                          0x08042469   Thumb Code    12  stm32f10x_sdio.o(.text)
    SDIO_SendCEATACmd                        0x08042475   Thumb Code     8  stm32f10x_sdio.o(.text)
    SDIO_GetFlagStatus                       0x0804247d   Thumb Code    16  stm32f10x_sdio.o(.text)
    SDIO_ClearFlag                           0x0804248d   Thumb Code     6  stm32f10x_sdio.o(.text)
    SDIO_GetITStatus                         0x08042493   Thumb Code    16  stm32f10x_sdio.o(.text)
    SDIO_ClearITPendingBit                   0x080424a3   Thumb Code     6  stm32f10x_sdio.o(.text)
    TIM_DeInit                               0x080424bd   Thumb Code   464  stm32f10x_tim.o(.text)
    TIM_TimeBaseInit                         0x0804268d   Thumb Code   114  stm32f10x_tim.o(.text)
    TIM_OC1Init                              0x080426ff   Thumb Code   114  stm32f10x_tim.o(.text)
    TIM_OC2Init                              0x08042771   Thumb Code   128  stm32f10x_tim.o(.text)
    TIM_OC3Init                              0x080427f1   Thumb Code   124  stm32f10x_tim.o(.text)
    TIM_OC4Init                              0x0804286d   Thumb Code   160  stm32f10x_tim.o(.text)
    TIM_SetIC4Prescaler                      0x0804290d   Thumb Code    24  stm32f10x_tim.o(.text)
    TIM_SetIC3Prescaler                      0x0804298b   Thumb Code    16  stm32f10x_tim.o(.text)
    TIM_SetIC2Prescaler                      0x080429fd   Thumb Code    24  stm32f10x_tim.o(.text)
    TIM_SetIC1Prescaler                      0x08042a7b   Thumb Code    16  stm32f10x_tim.o(.text)
    TIM_ICInit                               0x08042ae9   Thumb Code   114  stm32f10x_tim.o(.text)
    TIM_PWMIConfig                           0x08042b5b   Thumb Code   106  stm32f10x_tim.o(.text)
    TIM_BDTRConfig                           0x08042bc5   Thumb Code    34  stm32f10x_tim.o(.text)
    TIM_TimeBaseStructInit                   0x08042be7   Thumb Code    18  stm32f10x_tim.o(.text)
    TIM_OCStructInit                         0x08042bf9   Thumb Code    20  stm32f10x_tim.o(.text)
    TIM_ICStructInit                         0x08042c0d   Thumb Code    16  stm32f10x_tim.o(.text)
    TIM_BDTRStructInit                       0x08042c1d   Thumb Code    18  stm32f10x_tim.o(.text)
    TIM_Cmd                                  0x08042c2f   Thumb Code    24  stm32f10x_tim.o(.text)
    TIM_CtrlPWMOutputs                       0x08042c47   Thumb Code    28  stm32f10x_tim.o(.text)
    TIM_ITConfig                             0x08042c63   Thumb Code    20  stm32f10x_tim.o(.text)
    TIM_GenerateEvent                        0x08042c77   Thumb Code     4  stm32f10x_tim.o(.text)
    TIM_DMAConfig                            0x08042c7b   Thumb Code     8  stm32f10x_tim.o(.text)
    TIM_DMACmd                               0x08042c83   Thumb Code    20  stm32f10x_tim.o(.text)
    TIM_InternalClockConfig                  0x08042c97   Thumb Code    10  stm32f10x_tim.o(.text)
    TIM_SelectInputTrigger                   0x08042ca1   Thumb Code    12  stm32f10x_tim.o(.text)
    TIM_ITRxExternalClockConfig              0x08042cad   Thumb Code    20  stm32f10x_tim.o(.text)
    TIM_TIxExternalClockConfig               0x08042cc1   Thumb Code    48  stm32f10x_tim.o(.text)
    TIM_ETRConfig                            0x08042cf1   Thumb Code    24  stm32f10x_tim.o(.text)
    TIM_ETRClockMode1Config                  0x08042d09   Thumb Code    52  stm32f10x_tim.o(.text)
    TIM_ETRClockMode2Config                  0x08042d3d   Thumb Code    20  stm32f10x_tim.o(.text)
    TIM_PrescalerConfig                      0x08042d51   Thumb Code     6  stm32f10x_tim.o(.text)
    TIM_CounterModeConfig                    0x08042d57   Thumb Code    12  stm32f10x_tim.o(.text)
    TIM_EncoderInterfaceConfig               0x08042d63   Thumb Code    50  stm32f10x_tim.o(.text)
    TIM_ForcedOC1Config                      0x08042d95   Thumb Code    12  stm32f10x_tim.o(.text)
    TIM_ForcedOC2Config                      0x08042da1   Thumb Code    20  stm32f10x_tim.o(.text)
    TIM_ForcedOC3Config                      0x08042db5   Thumb Code    12  stm32f10x_tim.o(.text)
    TIM_ForcedOC4Config                      0x08042dc1   Thumb Code    20  stm32f10x_tim.o(.text)
    TIM_ARRPreloadConfig                     0x08042dd5   Thumb Code    24  stm32f10x_tim.o(.text)
    TIM_SelectCOM                            0x08042ded   Thumb Code    24  stm32f10x_tim.o(.text)
    TIM_SelectCCDMA                          0x08042e05   Thumb Code    24  stm32f10x_tim.o(.text)
    TIM_CCPreloadControl                     0x08042e1d   Thumb Code    24  stm32f10x_tim.o(.text)
    TIM_OC1PreloadConfig                     0x08042e35   Thumb Code    12  stm32f10x_tim.o(.text)
    TIM_OC2PreloadConfig                     0x08042e41   Thumb Code    20  stm32f10x_tim.o(.text)
    TIM_OC3PreloadConfig                     0x08042e55   Thumb Code    12  stm32f10x_tim.o(.text)
    TIM_OC4PreloadConfig                     0x08042e61   Thumb Code    20  stm32f10x_tim.o(.text)
    TIM_OC1FastConfig                        0x08042e75   Thumb Code    12  stm32f10x_tim.o(.text)
    TIM_OC2FastConfig                        0x08042e81   Thumb Code    20  stm32f10x_tim.o(.text)
    TIM_OC3FastConfig                        0x08042e95   Thumb Code    12  stm32f10x_tim.o(.text)
    TIM_OC4FastConfig                        0x08042ea1   Thumb Code    20  stm32f10x_tim.o(.text)
    TIM_ClearOC1Ref                          0x08042eb5   Thumb Code    12  stm32f10x_tim.o(.text)
    TIM_ClearOC2Ref                          0x08042ec1   Thumb Code    20  stm32f10x_tim.o(.text)
    TIM_ClearOC3Ref                          0x08042ed5   Thumb Code    12  stm32f10x_tim.o(.text)
    TIM_ClearOC4Ref                          0x08042ee1   Thumb Code    20  stm32f10x_tim.o(.text)
    TIM_OC1PolarityConfig                    0x08042ef5   Thumb Code    12  stm32f10x_tim.o(.text)
    TIM_OC1NPolarityConfig                   0x08042f01   Thumb Code    12  stm32f10x_tim.o(.text)
    TIM_OC2PolarityConfig                    0x08042f0d   Thumb Code    20  stm32f10x_tim.o(.text)
    TIM_OC2NPolarityConfig                   0x08042f21   Thumb Code    20  stm32f10x_tim.o(.text)
    TIM_OC3PolarityConfig                    0x08042f35   Thumb Code    20  stm32f10x_tim.o(.text)
    TIM_OC3NPolarityConfig                   0x08042f49   Thumb Code    20  stm32f10x_tim.o(.text)
    TIM_OC4PolarityConfig                    0x08042f5d   Thumb Code    20  stm32f10x_tim.o(.text)
    TIM_CCxCmd                               0x08042f71   Thumb Code    22  stm32f10x_tim.o(.text)
    TIM_CCxNCmd                              0x08042f87   Thumb Code    22  stm32f10x_tim.o(.text)
    TIM_SelectOCxM                           0x08042f9d   Thumb Code    76  stm32f10x_tim.o(.text)
    TIM_UpdateDisableConfig                  0x08042fe9   Thumb Code    24  stm32f10x_tim.o(.text)
    TIM_UpdateRequestConfig                  0x08043001   Thumb Code    24  stm32f10x_tim.o(.text)
    TIM_SelectHallSensor                     0x08043019   Thumb Code    24  stm32f10x_tim.o(.text)
    TIM_SelectOnePulseMode                   0x08043031   Thumb Code    16  stm32f10x_tim.o(.text)
    TIM_SelectOutputTrigger                  0x08043041   Thumb Code    16  stm32f10x_tim.o(.text)
    TIM_SelectSlaveMode                      0x08043051   Thumb Code    16  stm32f10x_tim.o(.text)
    TIM_SelectMasterSlaveMode                0x08043061   Thumb Code    16  stm32f10x_tim.o(.text)
    TIM_SetCounter                           0x08043071   Thumb Code     4  stm32f10x_tim.o(.text)
    TIM_SetAutoreload                        0x08043075   Thumb Code     4  stm32f10x_tim.o(.text)
    TIM_SetCompare1                          0x08043079   Thumb Code     4  stm32f10x_tim.o(.text)
    TIM_SetCompare2                          0x0804307d   Thumb Code     4  stm32f10x_tim.o(.text)
    TIM_SetCompare3                          0x08043081   Thumb Code     4  stm32f10x_tim.o(.text)
    TIM_SetCompare4                          0x08043085   Thumb Code     6  stm32f10x_tim.o(.text)
    TIM_SetClockDivision                     0x0804308b   Thumb Code    16  stm32f10x_tim.o(.text)
    TIM_GetCapture1                          0x0804309b   Thumb Code     4  stm32f10x_tim.o(.text)
    TIM_GetCapture2                          0x0804309f   Thumb Code     4  stm32f10x_tim.o(.text)
    TIM_GetCapture3                          0x080430a3   Thumb Code     4  stm32f10x_tim.o(.text)
    TIM_GetCapture4                          0x080430a7   Thumb Code     6  stm32f10x_tim.o(.text)
    TIM_GetCounter                           0x080430ad   Thumb Code     4  stm32f10x_tim.o(.text)
    TIM_GetPrescaler                         0x080430b1   Thumb Code     4  stm32f10x_tim.o(.text)
    TIM_GetFlagStatus                        0x080430b5   Thumb Code    14  stm32f10x_tim.o(.text)
    TIM_ClearFlag                            0x080430c3   Thumb Code     6  stm32f10x_tim.o(.text)
    TIM_GetITStatus                          0x080430c9   Thumb Code    24  stm32f10x_tim.o(.text)
    TIM_ClearITPendingBit                    0x080430e1   Thumb Code     6  stm32f10x_tim.o(.text)
    USART_DeInit                             0x080430e9   Thumb Code   144  stm32f10x_usart.o(.text)
    USART_Init                               0x08043179   Thumb Code   182  stm32f10x_usart.o(.text)
    USART_StructInit                         0x0804322f   Thumb Code    22  stm32f10x_usart.o(.text)
    USART_ClockInit                          0x08043245   Thumb Code    30  stm32f10x_usart.o(.text)
    USART_ClockStructInit                    0x08043263   Thumb Code    12  stm32f10x_usart.o(.text)
    USART_Cmd                                0x0804326f   Thumb Code    24  stm32f10x_usart.o(.text)
    USART_ITConfig                           0x08043287   Thumb Code    54  stm32f10x_usart.o(.text)
    USART_DMACmd                             0x080432bd   Thumb Code    20  stm32f10x_usart.o(.text)
    USART_SetAddress                         0x080432d1   Thumb Code    16  stm32f10x_usart.o(.text)
    USART_WakeUpConfig                       0x080432e1   Thumb Code    16  stm32f10x_usart.o(.text)
    USART_ReceiverWakeUpCmd                  0x080432f1   Thumb Code    24  stm32f10x_usart.o(.text)
    USART_LINBreakDetectLengthConfig         0x08043309   Thumb Code    16  stm32f10x_usart.o(.text)
    USART_LINCmd                             0x08043319   Thumb Code    24  stm32f10x_usart.o(.text)
    USART_SendData                           0x08043331   Thumb Code     8  stm32f10x_usart.o(.text)
    USART_ReceiveData                        0x08043339   Thumb Code     8  stm32f10x_usart.o(.text)
    USART_SendBreak                          0x08043341   Thumb Code    10  stm32f10x_usart.o(.text)
    USART_SetGuardTime                       0x0804334b   Thumb Code    16  stm32f10x_usart.o(.text)
    USART_SetPrescaler                       0x0804335b   Thumb Code    16  stm32f10x_usart.o(.text)
    USART_SmartCardCmd                       0x0804336b   Thumb Code    24  stm32f10x_usart.o(.text)
    USART_SmartCardNACKCmd                   0x08043383   Thumb Code    24  stm32f10x_usart.o(.text)
    USART_HalfDuplexCmd                      0x0804339b   Thumb Code    24  stm32f10x_usart.o(.text)
    USART_OverSampling8Cmd                   0x080433b3   Thumb Code    24  stm32f10x_usart.o(.text)
    USART_OneBitMethodCmd                    0x080433cb   Thumb Code    24  stm32f10x_usart.o(.text)
    USART_IrDAConfig                         0x080433e3   Thumb Code    16  stm32f10x_usart.o(.text)
    USART_IrDACmd                            0x080433f3   Thumb Code    24  stm32f10x_usart.o(.text)
    USART_GetFlagStatus                      0x0804340b   Thumb Code    14  stm32f10x_usart.o(.text)
    USART_ClearFlag                          0x08043419   Thumb Code     8  stm32f10x_usart.o(.text)
    USART_GetITStatus                        0x08043421   Thumb Code    64  stm32f10x_usart.o(.text)
    USART_ClearITPendingBit                  0x08043461   Thumb Code    16  stm32f10x_usart.o(.text)
    __aeabi_uldivmod                         0x08043485   Thumb Code    98  uldiv.o(.text)
    _localtime                               0x080434e9   Thumb Code     0  localtime_r.o(.text)
    localtime_r                              0x080434e9   Thumb Code   134  localtime_r.o(.text)
    mktime                                   0x08043575   Thumb Code   150  mktime.o(.text)
    __aeabi_memcpy                           0x0804361d   Thumb Code    36  memcpya.o(.text)
    __aeabi_memcpy4                          0x0804361d   Thumb Code     0  memcpya.o(.text)
    __aeabi_memcpy8                          0x0804361d   Thumb Code     0  memcpya.o(.text)
    __aeabi_memset                           0x08043641   Thumb Code    14  memseta.o(.text)
    __aeabi_memset4                          0x08043641   Thumb Code     0  memseta.o(.text)
    __aeabi_memset8                          0x08043641   Thumb Code     0  memseta.o(.text)
    __aeabi_memclr                           0x0804364f   Thumb Code     4  memseta.o(.text)
    __aeabi_memclr4                          0x0804364f   Thumb Code     0  memseta.o(.text)
    __aeabi_memclr8                          0x0804364f   Thumb Code     0  memseta.o(.text)
    _memset$wrapper                          0x08043653   Thumb Code    18  memseta.o(.text)
    strncpy                                  0x08043665   Thumb Code    24  strncpy.o(.text)
    strlen                                   0x0804367d   Thumb Code    14  strlen.o(.text)
    strcmp                                   0x0804368b   Thumb Code    28  strcmp.o(.text)
    strcpy                                   0x080436a7   Thumb Code    18  strcpy.o(.text)
    __aeabi_fmul                             0x080436b9   Thumb Code   100  fmul.o(.text)
    __aeabi_dadd                             0x0804371d   Thumb Code   322  dadd.o(.text)
    __aeabi_dsub                             0x0804385f   Thumb Code     6  dadd.o(.text)
    __aeabi_drsub                            0x08043865   Thumb Code     6  dadd.o(.text)
    __aeabi_dmul                             0x0804386b   Thumb Code   228  dmul.o(.text)
    __aeabi_ddiv                             0x0804394f   Thumb Code   222  ddiv.o(.text)
    __aeabi_i2d                              0x08043a2d   Thumb Code    34  dflti.o(.text)
    __aeabi_ui2d                             0x08043a4f   Thumb Code    26  dfltui.o(.text)
    __aeabi_f2iz                             0x08043a69   Thumb Code    50  ffixi.o(.text)
    __aeabi_d2iz                             0x08043a9b   Thumb Code    62  dfixi.o(.text)
    __aeabi_d2uiz                            0x08043ad9   Thumb Code    50  dfixui.o(.text)
    __aeabi_cdcmpeq                          0x08043b0d   Thumb Code     0  cdcmple.o(.text)
    __aeabi_cdcmple                          0x08043b0d   Thumb Code    48  cdcmple.o(.text)
    __aeabi_d2f                              0x08043b3d   Thumb Code    56  d2f.o(.text)
    __aeabi_uidiv                            0x08043b75   Thumb Code     0  uidiv.o(.text)
    __aeabi_uidivmod                         0x08043b75   Thumb Code    44  uidiv.o(.text)
    __aeabi_llsl                             0x08043ba1   Thumb Code    30  llshl.o(.text)
    _ll_shift_l                              0x08043ba1   Thumb Code     0  llshl.o(.text)
    __aeabi_llsr                             0x08043bbf   Thumb Code    32  llushr.o(.text)
    _ll_ushift_r                             0x08043bbf   Thumb Code     0  llushr.o(.text)
    __aeabi_lasr                             0x08043bdf   Thumb Code    36  llsshr.o(.text)
    _ll_sshift_r                             0x08043bdf   Thumb Code     0  llsshr.o(.text)
    __I$use$fp                               0x08043c03   Thumb Code     0  iusefp.o(.text)
    _float_round                             0x08043c03   Thumb Code    18  fepilogue.o(.text)
    _float_epilogue                          0x08043c15   Thumb Code    92  fepilogue.o(.text)
    _double_round                            0x08043c71   Thumb Code    30  depilogue.o(.text)
    _double_epilogue                         0x08043c8f   Thumb Code   156  depilogue.o(.text)
    __aeabi_d2ulz                            0x08043d2b   Thumb Code    48  dfixul.o(.text)
    __aeabi_cdrcmple                         0x08043d5d   Thumb Code    48  cdrcmple.o(.text)
    __scatterload                            0x08043d8d   Thumb Code    28  init.o(.text)
    __scatterload_rt2                        0x08043d8d   Thumb Code     0  init.o(.text)
    __decompress                             0x08043db1   Thumb Code     0  __dczerorl2.o(.text)
    __decompress1                            0x08043db1   Thumb Code    86  __dczerorl2.o(.text)
    __0sprintf                               0x08043e09   Thumb Code    34  printfa.o(i.__0sprintf)
    __1sprintf                               0x08043e09   Thumb Code     0  printfa.o(i.__0sprintf)
    __2sprintf                               0x08043e09   Thumb Code     0  printfa.o(i.__0sprintf)
    __c89sprintf                             0x08043e09   Thumb Code     0  printfa.o(i.__0sprintf)
    sprintf                                  0x08043e09   Thumb Code     0  printfa.o(i.__0sprintf)
    __0vsnprintf                             0x08043e31   Thumb Code    40  printfa.o(i.__0vsnprintf)
    __1vsnprintf                             0x08043e31   Thumb Code     0  printfa.o(i.__0vsnprintf)
    __2vsnprintf                             0x08043e31   Thumb Code     0  printfa.o(i.__0vsnprintf)
    __c89vsnprintf                           0x08043e31   Thumb Code     0  printfa.o(i.__0vsnprintf)
    vsnprintf                                0x08043e31   Thumb Code     0  printfa.o(i.__0vsnprintf)
    __scatterload_copy                       0x08043e5d   Thumb Code    14  handlers.o(i.__scatterload_copy)
    __scatterload_null                       0x08043e6b   Thumb Code     2  handlers.o(i.__scatterload_null)
    __scatterload_zeroinit                   0x08043e6d   Thumb Code    14  handlers.o(i.__scatterload_zeroinit)
    os_messageQ_def_usart2SendMessageQ       0x080447a4   Data           8  main.o(.constdata)
    os_messageQ_def_oledShowMessageQ         0x080447ac   Data           8  main.o(.constdata)
    os_thread_def_APP_TASKCREATE1            0x080447b4   Data          20  main.o(.constdata)
    os_thread_def_OLED_TASK1                 0x080447c8   Data          20  main.o(.constdata)
    os_thread_def_KEY_TASK1                  0x080447dc   Data          20  main.o(.constdata)
    os_thread_def_CAM_TASK1                  0x080447f0   Data          20  main.o(.constdata)
    os_thread_def_RGB_TASK1                  0x08044804   Data          20  main.o(.constdata)
    os_thread_def_RUNINIT_TASK1              0x08044818   Data          20  main.o(.constdata)
    os_thread_def_U2RECE_TASK1               0x0804482c   Data          20  main.o(.constdata)
    os_thread_def_TRIGGER_TASK1              0x08044840   Data          20  main.o(.constdata)
    os_thread_def_U2SEND_TASK1               0x08044854   Data          20  main.o(.constdata)
    os_thread_def_FAN_TASK1                  0x08044868   Data          20  main.o(.constdata)
    os_thread_def_n_psdkRecTask              0x0804487c   Data          20  main.o(.constdata)
    os_thread_def_n_psdkTestTask             0x08044890   Data          20  main.o(.constdata)
    os_thread_def_PPS_TASK1                  0x080448a4   Data          20  main.o(.constdata)
    g_TestWidgetCount                        0x08044b28   Data           1  test_app_func.o(.constdata)
    g_PushDataMsgCallbackList                0x08044b60   Data          48  test_msg_push.o(.constdata)
    g_testCameraHandler                      0x08044b90   Data         144  test_payload_cam_emu.o(.constdata)
    g_testGimbalHandler                      0x08044d9c   Data          32  test_payload_gimbal_emu.o(.constdata)
    g_testOsdkFuncHandler                    0x08044e70   Data           4  test_osdk_func.o(.constdata)
    F8X16                                    0x08044f16   Data        1520  cocoguojia_oled.o(.constdata)
    Region$$Table$$Base                      0x08046638   Number         0  anon$$obj.o(Region$$Table)
    Region$$Table$$Limit                     0x08046658   Number         0  anon$$obj.o(Region$$Table)
    g_ds18b20ToShow                          0x20000000   Data           2  application.o(.data)
    triggertime                              0x20000008   Data           4  application.o(.data)
    uxHighWaterMarkpsdk                      0x2000000c   Data           4  application.o(.data)
    uxHighWaterMarkpro                       0x20000010   Data           4  application.o(.data)
    uxHighWaterMarkpps                       0x20000014   Data           4  application.o(.data)
    bukepaizhaoTable                         0x20000018   Data          19  application.o(.data)
    APP_TASKCREATE_Handle                    0x2000002c   Data           4  main.o(.data)
    OLED_TASK_Handle                         0x20000030   Data           4  main.o(.data)
    KEY_TASK_Handle                          0x20000034   Data           4  main.o(.data)
    CAM_TASK_Handle                          0x20000038   Data           4  main.o(.data)
    RGB_TASK_Handle                          0x2000003c   Data           4  main.o(.data)
    RUNINIT_TASK_Handle                      0x20000040   Data           4  main.o(.data)
    U2RECE_TASK_Handle                       0x20000044   Data           4  main.o(.data)
    TRIGGER_TASK_Handle                      0x20000048   Data           4  main.o(.data)
    U2SEND_TASK_Handle                       0x2000004c   Data           4  main.o(.data)
    FAN_TASK_Handle                          0x20000050   Data           4  main.o(.data)
    processRecDataTaskHandle                 0x20000054   Data           4  main.o(.data)
    psdkTestTaskHandle                       0x20000058   Data           4  main.o(.data)
    PPS_TASK_Handle                          0x2000005c   Data           4  main.o(.data)
    Key_EventGroup                           0x20000060   Data           4  main.o(.data)
    usart2SendMessageQHandle                 0x20000064   Data           4  main.o(.data)
    oledShowMessageQHandle                   0x20000068   Data           4  main.o(.data)
    g_TestWidgetList                         0x20000094   Data           4  test_app_func.o(.data)
    timesigner                               0x20000148   Data           1  test_positioning.o(.data)
    ppssignal                                0x2000014c   Data           4  pps.o(.data)
    ppsNewestTriggerTimeMs                   0x20000150   Data           4  pps.o(.data)
    ppsNewTimeMs                             0x20000154   Data           4  pps.o(.data)
    uxHighWaterMark                          0x2000015c   Data           4  oled_task.o(.data)
    g_shutPhotoFlag                          0x20000160   Data           1  rgb_task.o(.data)
    triggeStartDelayN                        0x20000162   Data           2  rgb_task.o(.data)
    uxHighWaterMarkrgb                       0x20000164   Data           4  rgb_task.o(.data)
    uxHighWaterMarkrun                       0x20000168   Data           4  runinit_task.o(.data)
    g_openCamStateFlag                       0x2000016c   Data           1  trigger_task.o(.data)
    g_canPhotoStateFlag                      0x2000016d   Data           1  trigger_task.o(.data)
    g_ds18b20Temp                            0x2000016e   Data           2  trigger_task.o(.data)
    phototime                                0x20000170   Data           4  trigger_task.o(.data)
    phototimeadd                             0x20000174   Data           4  trigger_task.o(.data)
    uxHighWaterMarktrigger                   0x20000178   Data           4  trigger_task.o(.data)
    g_oledStateFlag                          0x2000017c   Data           4  u2rece_task.o(.data)
    g_tim5CatchNum                           0x20000180   Data           2  u2rece_task.o(.data)
    g_capture_FinishAndStartPhotoFlag        0x20000182   Data           1  u2rece_task.o(.data)
    uxHighWaterMarku2rece                    0x20000184   Data           4  u2rece_task.o(.data)
    g_camPowerFlagTable                      0x20000188   Data           6  u2rece_task.o(.data)
    g_camLoseFlagTable                       0x2000018e   Data           6  u2rece_task.o(.data)
    g_theTurelostNumTable                    0x20000194   Data           6  u2rece_task.o(.data)
    g_camRtkFlagTable                        0x2000019a   Data           6  u2rece_task.o(.data)
    g_readingFlag                            0x200001a0   Data           1  u2rece_task.o(.data)
    g_setModelFlag                           0x200001a1   Data           1  u2rece_task.o(.data)
    g_signalOrAutoModelFlag                  0x200001a2   Data           1  u2rece_task.o(.data)
    g_currentRowNum                          0x200001a3   Data           1  u2rece_task.o(.data)
    g_camTaskCanTakeOverFlag                 0x200001a4   Data           1  u2rece_task.o(.data)
    g_offOrOnTureStateFlag                   0x200001a8   Data           4  u2rece_task.o(.data)
    g_temperatureDelayLastFlag               0x200001ac   Data           1  u2rece_task.o(.data)
    g_ppsRtkHealthNum                        0x200001ad   Data           1  u2rece_task.o(.data)
    uxHighWaterMarku2send                    0x200001b0   Data           4  u2send_task.o(.data)
    g_fanDs18b20Flag                         0x200001b4   Data           1  fan_task.o(.data)
    uxHighWaterMarkfan                       0x200001b8   Data           4  fan_task.o(.data)
    g_fanTurePhotoEnFlag                     0x200001bc   Data           1  fan_task.o(.data)
    readbuf                                  0x200001bd   Data           8  cocoguojia_24c02.o(.data)
    Hzk                                      0x200001ca   Data         448  cocoguojia_oled.o(.data)
    BMP3                                     0x2000038a   Data         128  cocoguojia_oled.o(.data)
    Hzk2                                     0x2000040a   Data        2176  cocoguojia_oled.o(.data)
    TransferError                            0x20000c9c   Data           1  cocoguojia_sdio.o(.data)
    g_sdioFac_ms                             0x20000c9e   Data           2  cocoguojia_sdio.o(.data)
    StopCondition                            0x20000ca8   Data           4  cocoguojia_sdio.o(.data)
    TransferEnd                              0x20000cac   Data           4  cocoguojia_sdio.o(.data)
    pxCurrentTCB                             0x200010d4   Data           4  tasks.o(.data)
    SystemCoreClock                          0x20001134   Data           4  system_stm32f10x.o(.data)
    AHBPrescTable                            0x20001138   Data          16  system_stm32f10x.o(.data)
    xinhaoTable                              0x2000115c   Data          10  application.o(.bss)
    bj_timer                                 0x20001166   Data          39  application.o(.bss)
    x_gpsRawDataMsg                          0x20002208   Data          68  test_msg_push.o(.bss)
    utc_time                                 0x2000224c   Data          39  test_positioning.o(.bss)
    writesdpos                               0x20002284   Data         285  test_positioning.o(.bss)
    g_photoPicNum                            0x200023a2   Data          12  u2rece_task.o(.bss)
    SDCardInfo                               0x20003028   Data          88  cocoguojia_sdio.o(.bss)
    SDIO_InitStructure                       0x20003080   Data          24  cocoguojia_sdio.o(.bss)
    SDIO_CmdInitStructure                    0x20003098   Data          20  cocoguojia_sdio.o(.bss)
    SDIO_DataInitStructure                   0x200030ac   Data          24  cocoguojia_sdio.o(.bss)
    xQueueRegistry                           0x2000325c   Data          64  queue.o(.bss)
    __initial_sp                             0x2000cf90   Data           0  startup_stm32f10x_hd.o(STACK)



==============================================================================

Memory Map of the image

  Image Entry point : 0x08035131

  Load Region LR_IROM1 (Base: 0x08035000, Size: 0x000127b4, Max: 0x00045000, ABSOLUTE, COMPRESSED[0x00011fa4])

    Execution Region ER_IROM1 (Exec base: 0x08035000, Load base: 0x08035000, Size: 0x00011658, Max: 0x00045000, ABSOLUTE)

    Exec Addr    Load Addr    Size         Type   Attr      Idx    E Section Name        Object

    0x08035000   0x08035000   0x00000130   Data   RO            3    RESET               startup_stm32f10x_hd.o
    0x08035130   0x08035130   0x00000000   Code   RO         1589  * .ARM.Collect$$$$00000000  mc_w.l(entry.o)
    0x08035130   0x08035130   0x00000004   Code   RO         1902    .ARM.Collect$$$$00000001  mc_w.l(entry2.o)
    0x08035134   0x08035134   0x00000004   Code   RO         1905    .ARM.Collect$$$$00000004  mc_w.l(entry5.o)
    0x08035138   0x08035138   0x00000000   Code   RO         1907    .ARM.Collect$$$$00000008  mc_w.l(entry7b.o)
    0x08035138   0x08035138   0x00000000   Code   RO         1909    .ARM.Collect$$$$0000000A  mc_w.l(entry8b.o)
    0x08035138   0x08035138   0x00000008   Code   RO         1910    .ARM.Collect$$$$0000000B  mc_w.l(entry9a.o)
    0x08035140   0x08035140   0x00000000   Code   RO         1912    .ARM.Collect$$$$0000000D  mc_w.l(entry10a.o)
    0x08035140   0x08035140   0x00000000   Code   RO         1914    .ARM.Collect$$$$0000000F  mc_w.l(entry11a.o)
    0x08035140   0x08035140   0x00000004   Code   RO         1903    .ARM.Collect$$$$00002712  mc_w.l(entry2.o)
    0x08035144   0x08035144   0x00000096   Code   RO         1339    .emb_text           port.o
    0x080351da   0x080351da   0x00000002   PAD
    0x080351dc   0x080351dc   0x00000024   Code   RO            4    .text               startup_stm32f10x_hd.o
    0x08035200   0x08035200   0x00000624   Code   RO           10    .text               application.o
    0x08035824   0x08035824   0x000000f8   Code   RO          377    .text               main.o
    0x0803591c   0x0803591c   0x00000020   Code   RO          407    .text               stm32f10x_it.o
    0x0803593c   0x0803593c   0x000004cc   Code   RO          432    .text               test_app_func.o
    0x08035e08   0x08035e08   0x00000078   Code   RO          466    .text               test_msg_push.o
    0x08035e80   0x08035e80   0x000007e4   Code   RO          481    .text               test_payload_cam_emu.o
    0x08036664   0x08036664   0x00000354   Code   RO          501    .text               test_payload_gimbal_emu.o
    0x080369b8   0x080369b8   0x0000005c   Code   RO          521    .text               test_osdk_func.o
    0x08036a14   0x08036a14   0x000002fc   Code   RO          539    .text               test_positioning.o
    0x08036d10   0x08036d10   0x00000002   Code   RO          567    .text               sys.o
    0x08036d12   0x08036d12   0x00000002   PAD
    0x08036d14   0x08036d14   0x000000c4   Code   RO          579    .text               pps.o
    0x08036dd8   0x08036dd8   0x000000b8   Code   RO          597    .text               hotshoe.o
    0x08036e90   0x08036e90   0x00000104   Code   RO          611    .text               bsp.o
    0x08036f94   0x08036f94   0x00000544   Code   RO          630    .text               cam_task.o
    0x080374d8   0x080374d8   0x000000e8   Code   RO          645    .text               key_task.o
    0x080375c0   0x080375c0   0x0000017c   Code   RO          657    .text               oled_task.o
    0x0803773c   0x0803773c   0x000001d0   Code   RO          673    .text               rgb_task.o
    0x0803790c   0x0803790c   0x000004cc   Code   RO          692    .text               runinit_task.o
    0x08037dd8   0x08037dd8   0x00000328   Code   RO          709    .text               trigger_task.o
    0x08038100   0x08038100   0x00000164   Code   RO          732    .text               u2rece_task.o
    0x08038264   0x08038264   0x00000228   Code   RO          773    .text               u2send_task.o
    0x0803848c   0x0803848c   0x000000c0   Code   RO          790    .text               fan_task.o
    0x0803854c   0x0803854c   0x00000314   Code   RO          810    .text               cocoguojia_24c02.o
    0x08038860   0x08038860   0x000003c0   Code   RO          825    .text               cocoguojia_ds18b20.o
    0x08038c20   0x08038c20   0x00000048   Code   RO          837    .text               cocoguojia_init.o
    0x08038c68   0x08038c68   0x00001220   Code   RO          849    .text               cocoguojia_oled.o
    0x08039e88   0x08039e88   0x00000048   Code   RO          870    .text               cocoguojia_rgbled.o
    0x08039ed0   0x08039ed0   0x000000c8   Code   RO          882    .text               cocoguojia_tim1pwm.o
    0x08039f98   0x08039f98   0x00000558   Code   RO          894    .text               cocoguojia_usart.o
    0x0803a4f0   0x0803a4f0   0x000000d8   Code   RO          919    .text               cocoguojia_usart_ringbuffer.o
    0x0803a5c8   0x0803a5c8   0x000013c4   Code   RO          954    .text               cocoguojia_sdio.o
    0x0803b98c   0x0803b98c   0x000002f8   Code   RO          973    .text               psdk_upper.o
    0x0803bc84   0x0803bc84   0x0000046c   Code   RO          989    .text               psdk_app_func.o
    0x0803c0f0   0x0803c0f0   0x00000128   Code   RO         1005    .text               psdk_msg_subcribe.o
    0x0803c218   0x0803c218   0x000005b4   Code   RO         1020    .text               psdk_payload_camera.o
    0x0803c7cc   0x0803c7cc   0x000001a0   Code   RO         1036    .text               psdk_payload_gimbal.o
    0x0803c96c   0x0803c96c   0x000000d8   Code   RO         1052    .text               psdk_osdk_func.o
    0x0803ca44   0x0803ca44   0x0000006c   Code   RO         1067    .text               psdk_positioning.o
    0x0803cab0   0x0803cab0   0x00000dc8   Code   RO         1079    .text               psdk_aes.o
    0x0803d878   0x0803d878   0x000000d8   Code   RO         1093    .text               psdk_crc.o
    0x0803d950   0x0803d950   0x000008c4   Code   RO         1108    .text               psdk_md5.o
    0x0803e214   0x0803e214   0x000006e8   Code   RO         1132    .text               psdk_proto.o
    0x0803e8fc   0x0803e8fc   0x00000054   Code   RO         1146    .text               psdk_debug.o
    0x0803e950   0x0803e950   0x000000c4   Code   RO         1159    .text               psdk_proto_parse.o
    0x0803ea14   0x0803ea14   0x00000120   Code   RO         1171    .text               psdk_arch_sys.o
    0x0803eb34   0x0803eb34   0x00000888   Code   RO         1183    .text               cmsis_os.o
    0x0803f3bc   0x0803f3bc   0x0000034c   Code   RO         1226    .text               event_groups.o
    0x0803f708   0x0803f708   0x00000088   Code   RO         1260    .text               list.o
    0x0803f790   0x0803f790   0x000009b8   Code   RO         1272    .text               queue.o
    0x08040148   0x08040148   0x0000139c   Code   RO         1287    .text               tasks.o
    0x080414e4   0x080414e4   0x000001d8   Code   RO         1312    .text               heap_4.o
    0x080416bc   0x080416bc   0x000001c4   Code   RO         1340    .text               port.o
    0x08041880   0x08041880   0x00000174   Code   RO         1369    .text               system_stm32f10x.o
    0x080419f4   0x080419f4   0x000000b8   Code   RO         1397    .text               misc.o
    0x08041aac   0x08041aac   0x000001e8   Code   RO         1421    .text               stm32f10x_dma.o
    0x08041c94   0x08041c94   0x000000ec   Code   RO         1433    .text               stm32f10x_exti.o
    0x08041d80   0x08041d80   0x00000298   Code   RO         1475    .text               stm32f10x_gpio.o
    0x08042018   0x08042018   0x000002f4   Code   RO         1487    .text               stm32f10x_rcc.o
    0x0804230c   0x0804230c   0x000001b0   Code   RO         1501    .text               stm32f10x_sdio.o
    0x080424bc   0x080424bc   0x00000c2a   Code   RO         1513    .text               stm32f10x_tim.o
    0x080430e6   0x080430e6   0x00000002   PAD
    0x080430e8   0x080430e8   0x0000039c   Code   RO         1525    .text               stm32f10x_usart.o
    0x08043484   0x08043484   0x00000062   Code   RO         1592    .text               mc_w.l(uldiv.o)
    0x080434e6   0x080434e6   0x00000002   PAD
    0x080434e8   0x080434e8   0x0000008c   Code   RO         1597    .text               mc_w.l(localtime_r.o)
    0x08043574   0x08043574   0x000000a8   Code   RO         1600    .text               mc_w.l(mktime.o)
    0x0804361c   0x0804361c   0x00000024   Code   RO         1603    .text               mc_w.l(memcpya.o)
    0x08043640   0x08043640   0x00000024   Code   RO         1605    .text               mc_w.l(memseta.o)
    0x08043664   0x08043664   0x00000018   Code   RO         1607    .text               mc_w.l(strncpy.o)
    0x0804367c   0x0804367c   0x0000000e   Code   RO         1609    .text               mc_w.l(strlen.o)
    0x0804368a   0x0804368a   0x0000001c   Code   RO         1611    .text               mc_w.l(strcmp.o)
    0x080436a6   0x080436a6   0x00000012   Code   RO         1613    .text               mc_w.l(strcpy.o)
    0x080436b8   0x080436b8   0x00000064   Code   RO         1880    .text               mf_w.l(fmul.o)
    0x0804371c   0x0804371c   0x0000014e   Code   RO         1882    .text               mf_w.l(dadd.o)
    0x0804386a   0x0804386a   0x000000e4   Code   RO         1884    .text               mf_w.l(dmul.o)
    0x0804394e   0x0804394e   0x000000de   Code   RO         1886    .text               mf_w.l(ddiv.o)
    0x08043a2c   0x08043a2c   0x00000022   Code   RO         1888    .text               mf_w.l(dflti.o)
    0x08043a4e   0x08043a4e   0x0000001a   Code   RO         1890    .text               mf_w.l(dfltui.o)
    0x08043a68   0x08043a68   0x00000032   Code   RO         1892    .text               mf_w.l(ffixi.o)
    0x08043a9a   0x08043a9a   0x0000003e   Code   RO         1894    .text               mf_w.l(dfixi.o)
    0x08043ad8   0x08043ad8   0x00000032   Code   RO         1896    .text               mf_w.l(dfixui.o)
    0x08043b0a   0x08043b0a   0x00000002   PAD
    0x08043b0c   0x08043b0c   0x00000030   Code   RO         1898    .text               mf_w.l(cdcmple.o)
    0x08043b3c   0x08043b3c   0x00000038   Code   RO         1900    .text               mf_w.l(d2f.o)
    0x08043b74   0x08043b74   0x0000002c   Code   RO         1919    .text               mc_w.l(uidiv.o)
    0x08043ba0   0x08043ba0   0x0000001e   Code   RO         1921    .text               mc_w.l(llshl.o)
    0x08043bbe   0x08043bbe   0x00000020   Code   RO         1923    .text               mc_w.l(llushr.o)
    0x08043bde   0x08043bde   0x00000024   Code   RO         1925    .text               mc_w.l(llsshr.o)
    0x08043c02   0x08043c02   0x00000000   Code   RO         1939    .text               mc_w.l(iusefp.o)
    0x08043c02   0x08043c02   0x0000006e   Code   RO         1940    .text               mf_w.l(fepilogue.o)
    0x08043c70   0x08043c70   0x000000ba   Code   RO         1942    .text               mf_w.l(depilogue.o)
    0x08043d2a   0x08043d2a   0x00000030   Code   RO         1944    .text               mf_w.l(dfixul.o)
    0x08043d5a   0x08043d5a   0x00000002   PAD
    0x08043d5c   0x08043d5c   0x00000030   Code   RO         1946    .text               mf_w.l(cdrcmple.o)
    0x08043d8c   0x08043d8c   0x00000024   Code   RO         1948    .text               mc_w.l(init.o)
    0x08043db0   0x08043db0   0x00000056   Code   RO         1992    .text               mc_w.l(__dczerorl2.o)
    0x08043e06   0x08043e06   0x00000002   PAD
    0x08043e08   0x08043e08   0x00000028   Code   RO         1852    i.__0sprintf        mc_w.l(printfa.o)
    0x08043e30   0x08043e30   0x0000002c   Code   RO         1855    i.__0vsnprintf      mc_w.l(printfa.o)
    0x08043e5c   0x08043e5c   0x0000000e   Code   RO         1986    i.__scatterload_copy  mc_w.l(handlers.o)
    0x08043e6a   0x08043e6a   0x00000002   Code   RO         1987    i.__scatterload_null  mc_w.l(handlers.o)
    0x08043e6c   0x08043e6c   0x0000000e   Code   RO         1988    i.__scatterload_zeroinit  mc_w.l(handlers.o)
    0x08043e7a   0x08043e7a   0x00000002   PAD
    0x08043e7c   0x08043e7c   0x00000184   Code   RO         1857    i._fp_digits        mc_w.l(printfa.o)
    0x08044000   0x08044000   0x000006dc   Code   RO         1858    i._printf_core      mc_w.l(printfa.o)
    0x080446dc   0x080446dc   0x00000024   Code   RO         1859    i._printf_post_padding  mc_w.l(printfa.o)
    0x08044700   0x08044700   0x0000002e   Code   RO         1860    i._printf_pre_padding  mc_w.l(printfa.o)
    0x0804472e   0x0804472e   0x00000016   Code   RO         1861    i._snputc           mc_w.l(printfa.o)
    0x08044744   0x08044744   0x0000000a   Code   RO         1862    i._sputc            mc_w.l(printfa.o)
    0x0804474e   0x0804474e   0x00000056   Data   RO           13    .constdata          application.o
    0x080447a4   0x080447a4   0x00000114   Data   RO          378    .constdata          main.o
    0x080448b8   0x080448b8   0x00000270   Data   RO          434    .constdata          test_app_func.o
    0x08044b28   0x08044b28   0x00000001   Data   RO          435    .constdata          test_app_func.o
    0x08044b29   0x08044b29   0x00000036   Data   RO          436    .constdata          test_app_func.o
    0x08044b5f   0x08044b5f   0x00000001   PAD
    0x08044b60   0x08044b60   0x00000030   Data   RO          468    .constdata          test_msg_push.o
    0x08044b90   0x08044b90   0x00000090   Data   RO          482    .constdata          test_payload_cam_emu.o
    0x08044c20   0x08044c20   0x0000017a   Data   RO          483    .constdata          test_payload_cam_emu.o
    0x08044d9a   0x08044d9a   0x00000002   PAD
    0x08044d9c   0x08044d9c   0x00000020   Data   RO          502    .constdata          test_payload_gimbal_emu.o
    0x08044dbc   0x08044dbc   0x000000b3   Data   RO          503    .constdata          test_payload_gimbal_emu.o
    0x08044e6f   0x08044e6f   0x00000001   PAD
    0x08044e70   0x08044e70   0x00000004   Data   RO          522    .constdata          test_osdk_func.o
    0x08044e74   0x08044e74   0x0000001f   Data   RO          523    .constdata          test_osdk_func.o
    0x08044e93   0x08044e93   0x00000035   Data   RO          541    .constdata          test_positioning.o
    0x08044ec8   0x08044ec8   0x0000000a   Data   RO          658    .constdata          oled_task.o
    0x08044ed2   0x08044ed2   0x00000009   Data   RO          674    .constdata          rgb_task.o
    0x08044edb   0x08044edb   0x0000000d   Data   RO          693    .constdata          runinit_task.o
    0x08044ee8   0x08044ee8   0x0000000d   Data   RO          710    .constdata          trigger_task.o
    0x08044ef5   0x08044ef5   0x0000000c   Data   RO          734    .constdata          u2rece_task.o
    0x08044f01   0x08044f01   0x0000000c   Data   RO          774    .constdata          u2send_task.o
    0x08044f0d   0x08044f0d   0x00000009   Data   RO          791    .constdata          fan_task.o
    0x08044f16   0x08044f16   0x000005f0   Data   RO          851    .constdata          cocoguojia_oled.o
    0x08045506   0x08045506   0x00000002   PAD
    0x08045508   0x08045508   0x00000030   Data   RO          975    .constdata          psdk_upper.o
    0x08045538   0x08045538   0x00000071   Data   RO          990    .constdata          psdk_app_func.o
    0x080455a9   0x080455a9   0x00000003   PAD
    0x080455ac   0x080455ac   0x00000060   Data   RO         1007    .constdata          psdk_msg_subcribe.o
    0x0804560c   0x0804560c   0x00000108   Data   RO         1022    .constdata          psdk_payload_camera.o
    0x08045714   0x08045714   0x00000048   Data   RO         1038    .constdata          psdk_payload_gimbal.o
    0x0804575c   0x0804575c   0x00000008   Data   RO         1053    .constdata          psdk_osdk_func.o
    0x08045764   0x08045764   0x0000083c   Data   RO         1080    .constdata          psdk_aes.o
    0x08045fa0   0x08045fa0   0x00000300   Data   RO         1094    .constdata          psdk_crc.o
    0x080462a0   0x080462a0   0x0000002f   Data   RO         1133    .constdata          psdk_proto.o
    0x080462cf   0x080462cf   0x00000017   Data   RO         1147    .constdata          psdk_debug.o
    0x080462e6   0x080462e6   0x0000000c   Data   RO         1598    .constdata          mc_w.l(localtime_r.o)
    0x080462f2   0x080462f2   0x0000000c   Data   RO         1601    .constdata          mc_w.l(mktime.o)
    0x080462fe   0x080462fe   0x00000002   PAD
    0x08046300   0x08046300   0x000000b0   Data   RO           14    .conststring        application.o
    0x080463b0   0x080463b0   0x000000b7   Data   RO          379    .conststring        main.o
    0x08046467   0x08046467   0x00000001   PAD
    0x08046468   0x08046468   0x000000da   Data   RO          437    .conststring        test_app_func.o
    0x08046542   0x08046542   0x00000002   PAD
    0x08046544   0x08046544   0x000000a0   Data   RO          991    .conststring        psdk_app_func.o
    0x080465e4   0x080465e4   0x00000052   Data   RO         1134    .conststring        psdk_proto.o
    0x08046636   0x08046636   0x00000002   PAD
    0x08046638   0x08046638   0x00000020   Data   RO         1984    Region$$Table       anon$$obj.o


    Execution Region RW_IRAM1 (Exec base: 0x20000000, Load base: 0x08046658, Size: 0x0000cf90, Max: 0x00010000, ABSOLUTE, COMPRESSED[0x0000094c])

    Exec Addr    Load Addr    Size         Type   Attr      Idx    E Section Name        Object

    0x20000000   COMPRESSED   0x0000002b   Data   RW           15    .data               application.o
    0x2000002b   COMPRESSED   0x00000001   PAD
    0x2000002c   COMPRESSED   0x00000040   Data   RW          380    .data               main.o
    0x2000006c   COMPRESSED   0x0000006c   Data   RW          438    .data               test_app_func.o
    0x200000d8   COMPRESSED   0x00000050   Data   RW          484    .data               test_payload_cam_emu.o
    0x20000128   COMPRESSED   0x00000016   Data   RW          504    .data               test_payload_gimbal_emu.o
    0x2000013e   COMPRESSED   0x00000002   PAD
    0x20000140   COMPRESSED   0x00000008   Data   RW          543    .data               test_positioning.o
    0x20000148   COMPRESSED   0x00000001   Data   RW          544    .data               test_positioning.o
    0x20000149   COMPRESSED   0x00000003   PAD
    0x2000014c   COMPRESSED   0x0000000c   Data   RW          580    .data               pps.o
    0x20000158   COMPRESSED   0x00000004   Data   RW          598    .data               hotshoe.o
    0x2000015c   COMPRESSED   0x00000004   Data   RW          659    .data               oled_task.o
    0x20000160   COMPRESSED   0x00000008   Data   RW          675    .data               rgb_task.o
    0x20000168   COMPRESSED   0x00000004   Data   RW          695    .data               runinit_task.o
    0x2000016c   COMPRESSED   0x00000010   Data   RW          711    .data               trigger_task.o
    0x2000017c   COMPRESSED   0x00000004   Data   RW          737    .data               u2rece_task.o
    0x20000180   COMPRESSED   0x00000002   Data   RW          740    .data               u2rece_task.o
    0x20000182   COMPRESSED   0x00000001   Data   RW          741    .data               u2rece_task.o
    0x20000183   COMPRESSED   0x00000001   PAD
    0x20000184   COMPRESSED   0x00000016   Data   RW          742    .data               u2rece_task.o
    0x2000019a   COMPRESSED   0x00000006   Data   RW          743    .data               u2rece_task.o
    0x200001a0   COMPRESSED   0x00000001   Data   RW          744    .data               u2rece_task.o
    0x200001a1   COMPRESSED   0x00000001   Data   RW          746    .data               u2rece_task.o
    0x200001a2   COMPRESSED   0x00000001   Data   RW          747    .data               u2rece_task.o
    0x200001a3   COMPRESSED   0x00000001   Data   RW          750    .data               u2rece_task.o
    0x200001a4   COMPRESSED   0x00000001   Data   RW          751    .data               u2rece_task.o
    0x200001a5   COMPRESSED   0x00000003   PAD
    0x200001a8   COMPRESSED   0x00000004   Data   RW          752    .data               u2rece_task.o
    0x200001ac   COMPRESSED   0x00000001   Data   RW          753    .data               u2rece_task.o
    0x200001ad   COMPRESSED   0x00000001   Data   RW          754    .data               u2rece_task.o
    0x200001ae   COMPRESSED   0x00000002   PAD
    0x200001b0   COMPRESSED   0x00000004   Data   RW          775    .data               u2send_task.o
    0x200001b4   COMPRESSED   0x00000008   Data   RW          792    .data               fan_task.o
    0x200001bc   COMPRESSED   0x00000001   Data   RW          793    .data               fan_task.o
    0x200001bd   COMPRESSED   0x00000008   Data   RW          811    .data               cocoguojia_24c02.o
    0x200001c5   COMPRESSED   0x00000ac5   Data   RW          852    .data               cocoguojia_oled.o
    0x20000c8a   COMPRESSED   0x00000002   PAD
    0x20000c8c   COMPRESSED   0x00000010   Data   RW          896    .data               cocoguojia_usart.o
    0x20000c9c   COMPRESSED   0x00000014   Data   RW          956    .data               cocoguojia_sdio.o
    0x20000cb0   COMPRESSED   0x00000004   Data   RW          976    .data               psdk_upper.o
    0x20000cb4   COMPRESSED   0x00000018   Data   RW          992    .data               psdk_app_func.o
    0x20000ccc   COMPRESSED   0x00000001   Data   RW         1023    .data               psdk_payload_camera.o
    0x20000ccd   COMPRESSED   0x00000001   Data   RW         1039    .data               psdk_payload_gimbal.o
    0x20000cce   COMPRESSED   0x00000002   PAD
    0x20000cd0   COMPRESSED   0x00000004   Data   RW         1054    .data               psdk_osdk_func.o
    0x20000cd4   COMPRESSED   0x00000400   Data   RW         1095    .data               psdk_crc.o
    0x200010d4   COMPRESSED   0x0000003c   Data   RW         1289    .data               tasks.o
    0x20001110   COMPRESSED   0x00000018   Data   RW         1314    .data               heap_4.o
    0x20001128   COMPRESSED   0x0000000c   Data   RW         1341    .data               port.o
    0x20001134   COMPRESSED   0x00000014   Data   RW         1370    .data               system_stm32f10x.o
    0x20001148   COMPRESSED   0x00000014   Data   RW         1488    .data               stm32f10x_rcc.o
    0x2000115c        -       0x00000cac   Zero   RW           11    .bss                application.o
    0x20001e08        -       0x00000400   Zero   RW          433    .bss                test_app_func.o
    0x20002208        -       0x00000044   Zero   RW          467    .bss                test_msg_push.o
    0x2000224c        -       0x00000155   Zero   RW          540    .bss                test_positioning.o
    0x200023a1   COMPRESSED   0x00000001   PAD
    0x200023a2        -       0x0000000c   Zero   RW          733    .bss                u2rece_task.o
    0x200023ae   COMPRESSED   0x00000002   PAD
    0x200023b0        -       0x00000c48   Zero   RW          895    .bss                cocoguojia_usart.o
    0x20002ff8        -       0x000000cc   Zero   RW          955    .bss                cocoguojia_sdio.o
    0x200030c4        -       0x000000b5   Zero   RW          974    .bss                psdk_upper.o
    0x20003179   COMPRESSED   0x00000003   PAD
    0x2000317c        -       0x00000030   Zero   RW         1006    .bss                psdk_msg_subcribe.o
    0x200031ac        -       0x00000090   Zero   RW         1021    .bss                psdk_payload_camera.o
    0x2000323c        -       0x00000020   Zero   RW         1037    .bss                psdk_payload_gimbal.o
    0x2000325c        -       0x00000040   Zero   RW         1273    .bss                queue.o
    0x2000329c        -       0x000000f0   Zero   RW         1288    .bss                tasks.o
    0x2000338c        -       0x00009800   Zero   RW         1313    .bss                heap_4.o
    0x2000cb8c   COMPRESSED   0x00000004   PAD
    0x2000cb90        -       0x00000400   Zero   RW            1    STACK               startup_stm32f10x_hd.o


==============================================================================

Image component sizes


      Code (inc. data)   RO Data    RW Data    ZI Data      Debug   Object Name

      1572        424        262         43       3244     340424   application.o
       260         24          0          0          0       4135   bsp.o
      1348         30          0          0          0       2131   cam_task.o
      2184         10          0          0          0      26196   cmsis_os.o
       788         14          0          8          0       4874   cocoguojia_24c02.o
       960         18          0          0          0       3267   cocoguojia_ds18b20.o
        72          8          0          0          0        808   cocoguojia_init.o
      4640        512       1520       2757          0      11286   cocoguojia_oled.o
        72         10          0          0          0        592   cocoguojia_rgbled.o
      5060        104          0         20        204      25669   cocoguojia_sdio.o
       200          8          0          0          0       1043   cocoguojia_tim1pwm.o
      1368         66          0         16       3144       9328   cocoguojia_usart.o
       216          0          0          0          0       2321   cocoguojia_usart_ringbuffer.o
       844          4          0          0          0      15442   event_groups.o
       192         66          9          9          0       1102   fan_task.o
       472         10          0         24      38912       6416   heap_4.o
       184         10          0          4          0       1948   hotshoe.o
       232         12          0          0          0        787   key_task.o
       136          0          0          0          0       1946   list.o
       248         16        459         64          0       9318   main.o
       184         12          0          0          0       2029   misc.o
       380         58         10          4          0       1214   oled_task.o
       602         32          0         12          0       8155   port.o
       196         10          0         12          0       1605   pps.o
      3528         56       2108          0          0       6443   psdk_aes.o
      1132         20        273         24          0       7521   psdk_app_func.o
       288         36          0          0          0       3085   psdk_arch_sys.o
       216         48        768       1024          0       2355   psdk_crc.o
        84         66         23          0          0       1073   psdk_debug.o
      2244        262          0          0          0       6126   psdk_md5.o
       296         10         96          0         48       5164   psdk_msg_subcribe.o
       216         10          8          4          0       2456   psdk_osdk_func.o
      1460         18        264          1        144      12118   psdk_payload_camera.o
       416         12         72          1         32       4694   psdk_payload_gimbal.o
       108          0          0          0          0       1305   psdk_positioning.o
      1768        288        129          0          0       7360   psdk_proto.o
       196          0          0          0          0       2051   psdk_proto_parse.o
       760         12         48          4        181       6231   psdk_upper.o
      2488          8          0          0         64      17105   queue.o
       464         92          9          8          0       1434   rgb_task.o
      1228        108         13          4          0       2615   runinit_task.o
        36          8        304          0       1024        872   startup_stm32f10x_hd.o
       488         10          0          0          0       4894   stm32f10x_dma.o
       236         10          0          0          0       2515   stm32f10x_exti.o
       664         36          0          0          0       6313   stm32f10x_gpio.o
        32          0          0          0          0       1175   stm32f10x_it.o
       756         32          0         20          0       9480   stm32f10x_rcc.o
       432         20          0          0          0       7388   stm32f10x_sdio.o
      3114         84          0          0          0      25208   stm32f10x_tim.o
       924         20          0          0          0       9272   stm32f10x_usart.o
         2          0          0          0          0        435   sys.o
       372         34          0         20          0       2019   system_stm32f10x.o
      5020        104          0         60        240      27840   tasks.o
      1228        608        897        108       1024       3671   test_app_func.o
       120          4         48          0         68       3216   test_msg_push.o
        92         50         35          0          0       1456   test_osdk_func.o
      2020        646        522         80          0      11207   test_payload_cam_emu.o
       852        326        211         22          0       4128   test_payload_gimbal_emu.o
       764         88         53          9        341       5175   test_positioning.o
       808        104         13         16          0       2092   trigger_task.o
       356         66         12         46         12       3257   u2rece_task.o
       552        144         12          4          0       1714   u2send_task.o

    ----------------------------------------------------------------------
     58176       4898       8224       4444      48692     704499   Object Totals
         0          0         32          0          0          0   (incl. Generated)
         6          0         14         16         10          0   (incl. Padding)

    ----------------------------------------------------------------------

      Code (inc. data)   RO Data    RW Data    ZI Data      Debug   Library Member Name

        86          0          0          0          0          0   __dczerorl2.o
         0          0          0          0          0          0   entry.o
         0          0          0          0          0          0   entry10a.o
         0          0          0          0          0          0   entry11a.o
         8          4          0          0          0          0   entry2.o
         4          0          0          0          0          0   entry5.o
         0          0          0          0          0          0   entry7b.o
         0          0          0          0          0          0   entry8b.o
         8          4          0          0          0          0   entry9a.o
        30          0          0          0          0          0   handlers.o
        36          8          0          0          0         68   init.o
         0          0          0          0          0          0   iusefp.o
        30          0          0          0          0         68   llshl.o
        36          0          0          0          0         68   llsshr.o
        32          0          0          0          0         68   llushr.o
       140          6         12          0          0         76   localtime_r.o
        36          0          0          0          0         68   memcpya.o
        36          0          0          0          0        108   memseta.o
       168         18         12          0          0         80   mktime.o
      2342         90          0          0          0        668   printfa.o
        28          0          0          0          0         76   strcmp.o
        18          0          0          0          0         68   strcpy.o
        14          0          0          0          0         68   strlen.o
        24          0          0          0          0         76   strncpy.o
        44          0          0          0          0         80   uidiv.o
        98          0          0          0          0         92   uldiv.o
        48          0          0          0          0         68   cdcmple.o
        48          0          0          0          0         68   cdrcmple.o
        56          0          0          0          0         88   d2f.o
       334          0          0          0          0        148   dadd.o
       222          0          0          0          0        100   ddiv.o
       186          0          0          0          0        176   depilogue.o
        62          0          0          0          0         80   dfixi.o
        50          0          0          0          0         76   dfixui.o
        48          0          0          0          0         68   dfixul.o
        34          0          0          0          0         76   dflti.o
        26          0          0          0          0         76   dfltui.o
       228          0          0          0          0         96   dmul.o
       110          0          0          0          0        168   fepilogue.o
        50          0          0          0          0         68   ffixi.o
       100          0          0          0          0         76   fmul.o

    ----------------------------------------------------------------------
      4830        130         26          0          0       3164   Library Totals
        10          0          2          0          0          0   (incl. Padding)

    ----------------------------------------------------------------------

      Code (inc. data)   RO Data    RW Data    ZI Data      Debug   Library Name

      3218        130         24          0          0       1732   mc_w.l
      1602          0          0          0          0       1432   mf_w.l

    ----------------------------------------------------------------------
      4830        130         26          0          0       3164   Library Totals

    ----------------------------------------------------------------------

==============================================================================


      Code (inc. data)   RO Data    RW Data    ZI Data      Debug   

     63006       5028       8250       4444      48692     700199   Grand Totals
     63006       5028       8250       2380      48692     700199   ELF Image Totals (compressed)
     63006       5028       8250       2380          0          0   ROM Totals

==============================================================================

    Total RO  Size (Code + RO Data)                71256 (  69.59kB)
    Total RW  Size (RW Data + ZI Data)             53136 (  51.89kB)
    Total ROM Size (Code + RO Data + RW Data)      73636 (  71.91kB)

==============================================================================

